  Determining projects to restore...
  Restored D:\source\SkyCMS\Cosmos.BlobService\Cosmos.BlobService.csproj (in 598 ms).
  Restored D:\source\SkyCMS\Cosmos.ConnectionStrings\Cosmos.DynamicConfig.csproj (in 597 ms).
  Restored D:\source\SkyCMS\Publisher\Sky.Publisher.csproj (in 607 ms).
  Restored D:\source\SkyCMS\Cosmos.EmailServices\Cosmos.EmailServices.csproj (in 604 ms).
  Restored D:\source\SkyCMS\Cosmos.MicrosoftGraph\Cosmos.MicrosoftGraph.csproj (in 597 ms).
  Restored D:\source\SkyCMS\Sky.Shared.Razor\Sky.Shared.Razor.csproj (in 606 ms).
  Restored D:\source\SkyCMS\AspNetCore.Identity.FlexDb.Tests\AspNetCore.Identity.FlexDb.Tests.csproj (in 602 ms).
  Restored D:\source\SkyCMS\AspNetCore.Identity.FlexDb\AspNetCore.Identity.FlexDb.csproj (in 597 ms).
  Restored D:\source\SkyCMS\Common.Tests\Cosmos.Common.Tests.csproj (in 606 ms).
  Restored D:\source\SkyCMS\Common\Cosmos.Common.csproj (in 604 ms).
  Restored D:\source\SkyCMS\Sky.Cms.Api.Shared\Sky.Cms.Api.Shared.csproj (in 606 ms).
  Restored D:\source\SkyCMS\Tests\Sky.Tests.csproj (in 608 ms).
  Restored D:\source\SkyCMS\Sky.TestSetup\Sky.TestSetup.csproj (in 606 ms).
  Restored D:\source\SkyCMS\Editor\Sky.Editor.csproj (in 646 ms).
D:\source\SkyCMS\Cosmos.MicrosoftGraph\Settings.cs(36,23): warning SA1011: Closing square bracket should be followed by a space. (https://github.com/DotNetAnalyzers/StyleCopAnalyzers/blob/master/documentation/SA1011.md) [D:\source\SkyCMS\Cosmos.MicrosoftGraph\Cosmos.MicrosoftGraph.csproj]
  Cosmos.MicrosoftGraph -> D:\source\SkyCMS\Cosmos.MicrosoftGraph\bin\Debug\net10.0\Cosmos.MicrosoftGraph.dll
  AspNetCore.Identity.FlexDb -> D:\source\SkyCMS\AspNetCore.Identity.FlexDb\bin\Debug\net10.0\AspNetCore.Identity.FlexDb.dll
C:\Program Files\dotnet\sdk\10.0.201\NuGet.Build.Tasks.Pack.targets(222,5): warning NU5104: A stable release of a package should not have a prerelease dependency. Either modify the version spec of dependency "Microsoft.Graph.Beta [5.78.0-preview, )" or update the version field in the nuspec. [D:\source\SkyCMS\Cosmos.MicrosoftGraph\Cosmos.MicrosoftGraph.csproj]
  Successfully created package 'D:\source\SkyCMS\Cosmos.MicrosoftGraph\bin\Debug\Cosmos.MicrosoftGraph.12.0.1.nupkg'.
  Successfully created package 'D:\source\SkyCMS\AspNetCore.Identity.FlexDb\bin\Debug\AspNetCore.Identity.FlexDb.12.0.1.nupkg'.
  Successfully created package 'D:\source\SkyCMS\AspNetCore.Identity.FlexDb\bin\Debug\AspNetCore.Identity.FlexDb.12.0.1.snupkg'.
D:\source\SkyCMS\Cosmos.ConnectionStrings\DynamicConfigurationProvider.cs(72,16): warning CS8618: Non-nullable field '_logger' must contain a non-null value when exiting constructor. Consider adding the 'required' modifier or declaring the field as nullable. [D:\source\SkyCMS\Cosmos.ConnectionStrings\Cosmos.DynamicConfig.csproj]
  Cosmos.DynamicConfig -> D:\source\SkyCMS\Cosmos.ConnectionStrings\bin\Debug\net10.0\Cosmos.DynamicConfig.dll
  The package Cosmos.DynamicConfig.12.0.1 is missing a readme. Go to https://aka.ms/nuget/authoring-best-practices/readme to learn why package readmes are important.
  Successfully created package 'D:\source\SkyCMS\Cosmos.ConnectionStrings\bin\Debug\Cosmos.DynamicConfig.12.0.1.nupkg'.
D:\source\SkyCMS\AspNetCore.Identity.FlexDb.Tests\EnvironmentValidator.cs(109,30): warning CS8632: The annotation for nullable reference types should only be used in code within a '#nullable' annotations context. [D:\source\SkyCMS\AspNetCore.Identity.FlexDb.Tests\AspNetCore.Identity.FlexDb.Tests.csproj]
D:\source\SkyCMS\AspNetCore.Identity.FlexDb.Tests\UserManagerInterOperabilityTests.cs(41,105): warning CS8632: The annotation for nullable reference types should only be used in code within a '#nullable' annotations context. [D:\source\SkyCMS\AspNetCore.Identity.FlexDb.Tests\AspNetCore.Identity.FlexDb.Tests.csproj]
D:\source\SkyCMS\AspNetCore.Identity.FlexDb.Tests\TestUtilities.cs(175,34): warning CS8632: The annotation for nullable reference types should only be used in code within a '#nullable' annotations context. [D:\source\SkyCMS\AspNetCore.Identity.FlexDb.Tests\AspNetCore.Identity.FlexDb.Tests.csproj]
D:\source\SkyCMS\AspNetCore.Identity.FlexDb.Tests\Stores\CosmosUserStoreTests.cs(269,13): warning MSTEST0032: Review or remove the assertion as its condition is known to be always true (https://learn.microsoft.com/dotnet/core/testing/mstest-analyzers/mstest0032) [D:\source\SkyCMS\AspNetCore.Identity.FlexDb.Tests\AspNetCore.Identity.FlexDb.Tests.csproj]
D:\source\SkyCMS\AspNetCore.Identity.FlexDb.Tests\Stores\CosmosUserStoreTests.cs(277,13): warning MSTEST0032: Review or remove the assertion as its condition is known to be always true (https://learn.microsoft.com/dotnet/core/testing/mstest-analyzers/mstest0032) [D:\source\SkyCMS\AspNetCore.Identity.FlexDb.Tests\AspNetCore.Identity.FlexDb.Tests.csproj]
D:\source\SkyCMS\AspNetCore.Identity.FlexDb.Tests\Stores\CosmosUserStoreTests.cs(242,13): warning MSTEST0032: Review or remove the assertion as its condition is known to be always true (https://learn.microsoft.com/dotnet/core/testing/mstest-analyzers/mstest0032) [D:\source\SkyCMS\AspNetCore.Identity.FlexDb.Tests\AspNetCore.Identity.FlexDb.Tests.csproj]
D:\source\SkyCMS\AspNetCore.Identity.FlexDb.Tests\Stores\CosmosUserStoreTests.cs(252,13): warning MSTEST0032: Review or remove the assertion as its condition is known to be always true (https://learn.microsoft.com/dotnet/core/testing/mstest-analyzers/mstest0032) [D:\source\SkyCMS\AspNetCore.Identity.FlexDb.Tests\AspNetCore.Identity.FlexDb.Tests.csproj]
  AspNetCore.Identity.FlexDb.Tests -> D:\source\SkyCMS\AspNetCore.Identity.FlexDb.Tests\bin\Debug\net10.0\AspNetCore.Identity.FlexDb.Tests.dll
D:\source\SkyCMS\Cosmos.BlobService\StorageConstants.cs(78,25): warning SA1202: 'public' members should come before 'internal' members (https://github.com/DotNetAnalyzers/StyleCopAnalyzers/blob/master/documentation/SA1202.md) [D:\source\SkyCMS\Cosmos.BlobService\Cosmos.BlobService.csproj]
D:\source\SkyCMS\Cosmos.BlobService\StorageConstants.cs(78,25): warning SA1310: Field 'ConnectionStringKey_Storage' should not contain an underscore (https://github.com/DotNetAnalyzers/StyleCopAnalyzers/blob/master/documentation/SA1310.md) [D:\source\SkyCMS\Cosmos.BlobService\Cosmos.BlobService.csproj]
D:\source\SkyCMS\Cosmos.BlobService\StorageConstants.cs(83,25): warning SA1310: Field 'ConnectionStringKey_AzureBlob' should not contain an underscore (https://github.com/DotNetAnalyzers/StyleCopAnalyzers/blob/master/documentation/SA1310.md) [D:\source\SkyCMS\Cosmos.BlobService\Cosmos.BlobService.csproj]
D:\source\SkyCMS\Cosmos.BlobService\StorageConstants.cs(88,25): warning SA1310: Field 'ConnectionStringKey_DataProtection' should not contain an underscore (https://github.com/DotNetAnalyzers/StyleCopAnalyzers/blob/master/documentation/SA1310.md) [D:\source\SkyCMS\Cosmos.BlobService\Cosmos.BlobService.csproj]
D:\source\SkyCMS\Cosmos.BlobService\Drivers\AzureStorage.cs(58,13): warning SA1642: Constructor summary documentation should begin with standard text (https://github.com/DotNetAnalyzers/StyleCopAnalyzers/blob/master/documentation/SA1642.md) [D:\source\SkyCMS\Cosmos.BlobService\Cosmos.BlobService.csproj]
D:\source\SkyCMS\Cosmos.BlobService\FileStorageContext.cs(172,9): warning SA1124: Do not use regions (https://github.com/DotNetAnalyzers/StyleCopAnalyzers/blob/master/documentation/SA1124.md) [D:\source\SkyCMS\Cosmos.BlobService\Cosmos.BlobService.csproj]
D:\source\SkyCMS\Cosmos.BlobService\Drivers\AzureStorage.cs(998,13): warning RCS1075: Avoid empty catch clause that catches System.Exception (https://josefpihrt.github.io/docs/roslynator/analyzers/RCS1075) [D:\source\SkyCMS\Cosmos.BlobService\Cosmos.BlobService.csproj]
  Cosmos.BlobService -> D:\source\SkyCMS\Cosmos.BlobService\bin\Debug\net10.0\Cosmos.BlobService.dll
  Successfully created package 'D:\source\SkyCMS\Cosmos.BlobService\bin\Debug\Cosmos.BlobService.12.0.1.nupkg'.
  Successfully created package 'D:\source\SkyCMS\Cosmos.BlobService\bin\Debug\Cosmos.BlobService.12.0.1.symbols.nupkg'.
D:\source\SkyCMS\Common\Services\Configurations\SiteSettings.cs(58,18): warning CS8632: The annotation for nullable reference types should only be used in code within a '#nullable' annotations context. [D:\source\SkyCMS\Common\Cosmos.Common.csproj::TargetFramework=net10.0]
D:\source\SkyCMS\Common\Services\Configurations\StorageConfig.cs(29,21): warning CS0618: 'AzureStorageConfig' is obsolete: 'This class is unused and superseded by Cosmos.BlobService configuration. It will be removed in a future version.' [D:\source\SkyCMS\Common\Cosmos.Common.csproj::TargetFramework=net10.0]
D:\source\SkyCMS\Common\Features\Articles\EditorQueries\GetArticleByArticleNumberQuery.cs(16,70): warning CS8632: The annotation for nullable reference types should only be used in code within a '#nullable' annotations context. [D:\source\SkyCMS\Common\Cosmos.Common.csproj::TargetFramework=net10.0]
D:\source\SkyCMS\Common\Features\Blogs\EditorQueries\GetBlogPostNavigationQuery.cs(65,38): warning CS8632: The annotation for nullable reference types should only be used in code within a '#nullable' annotations context. [D:\source\SkyCMS\Common\Cosmos.Common.csproj::TargetFramework=net10.0]
D:\source\SkyCMS\Common\Features\Blogs\EditorQueries\GetBlogPostNavigationQuery.cs(71,38): warning CS8632: The annotation for nullable reference types should only be used in code within a '#nullable' annotations context. [D:\source\SkyCMS\Common\Cosmos.Common.csproj::TargetFramework=net10.0]
D:\source\SkyCMS\Common\Features\Articles\Shared\BlogNavigationService.cs(36,43): warning CS8632: The annotation for nullable reference types should only be used in code within a '#nullable' annotations context. [D:\source\SkyCMS\Common\Cosmos.Common.csproj::TargetFramework=net10.0]
D:\source\SkyCMS\Common\Features\Articles\Shared\BlogNavigationService.cs(36,74): warning CS8632: The annotation for nullable reference types should only be used in code within a '#nullable' annotations context. [D:\source\SkyCMS\Common\Cosmos.Common.csproj::TargetFramework=net10.0]
D:\source\SkyCMS\Common\Features\Articles\Shared\BlogNavigationService.cs(55,65): warning CS8632: The annotation for nullable reference types should only be used in code within a '#nullable' annotations context. [D:\source\SkyCMS\Common\Cosmos.Common.csproj::TargetFramework=net10.0]
D:\source\SkyCMS\Common\Data\ApplicationDbContext.cs(74,22): warning CS8632: The annotation for nullable reference types should only be used in code within a '#nullable' annotations context. [D:\source\SkyCMS\Common\Cosmos.Common.csproj::TargetFramework=net10.0]
D:\source\SkyCMS\Common\Features\Layouts\Queries\CheckDefaultLayoutExistsQueryHandler.cs(26,96): warning CS8632: The annotation for nullable reference types should only be used in code within a '#nullable' annotations context. [D:\source\SkyCMS\Common\Cosmos.Common.csproj::TargetFramework=net10.0]
D:\source\SkyCMS\Common\Features\Articles\Shared\IBlogNavigationService.cs(32,30): warning CS8632: The annotation for nullable reference types should only be used in code within a '#nullable' annotations context. [D:\source\SkyCMS\Common\Cosmos.Common.csproj::TargetFramework=net10.0]
D:\source\SkyCMS\Common\Features\Articles\Shared\IBlogNavigationService.cs(32,61): warning CS8632: The annotation for nullable reference types should only be used in code within a '#nullable' annotations context. [D:\source\SkyCMS\Common\Cosmos.Common.csproj::TargetFramework=net10.0]
D:\source\SkyCMS\Common\Features\Articles\Shared\IBlogNavigationService.cs(44,52): warning CS8632: The annotation for nullable reference types should only be used in code within a '#nullable' annotations context. [D:\source\SkyCMS\Common\Cosmos.Common.csproj::TargetFramework=net10.0]
D:\source\SkyCMS\Common\Features\Shared\Mediator.cs(34,72): warning CS8632: The annotation for nullable reference types should only be used in code within a '#nullable' annotations context. [D:\source\SkyCMS\Common\Cosmos.Common.csproj::TargetFramework=net10.0]
D:\source\SkyCMS\Common\Features\Articles\Shared\IPublishedPageQueryService.cs(41,26): warning CS8632: The annotation for nullable reference types should only be used in code within a '#nullable' annotations context. [D:\source\SkyCMS\Common\Cosmos.Common.csproj::TargetFramework=net10.0]
D:\source\SkyCMS\Common\Features\Articles\Shared\IPublishedPageQueryService.cs(58,26): warning CS8632: The annotation for nullable reference types should only be used in code within a '#nullable' annotations context. [D:\source\SkyCMS\Common\Cosmos.Common.csproj::TargetFramework=net10.0]
D:\source\SkyCMS\Common\Features\Blogs\Queries\GetBlogPostNavigationQueryResult.cs(27,38): warning CS8632: The annotation for nullable reference types should only be used in code within a '#nullable' annotations context. [D:\source\SkyCMS\Common\Cosmos.Common.csproj::TargetFramework=net10.0]
D:\source\SkyCMS\Common\Features\Blogs\Queries\GetBlogPostNavigationQueryResult.cs(33,38): warning CS8632: The annotation for nullable reference types should only be used in code within a '#nullable' annotations context. [D:\source\SkyCMS\Common\Cosmos.Common.csproj::TargetFramework=net10.0]
D:\source\SkyCMS\Common\Features\Sitemap\Queries\GetSitemapQueryHandler.cs(26,82): warning CS8632: The annotation for nullable reference types should only be used in code within a '#nullable' annotations context. [D:\source\SkyCMS\Common\Cosmos.Common.csproj::TargetFramework=net10.0]
D:\source\SkyCMS\Common\Features\Layouts\Queries\CheckDefaultLayoutExistsQueryHandler.cs(29,34): warning CS8632: The annotation for nullable reference types should only be used in code within a '#nullable' annotations context. [D:\source\SkyCMS\Common\Cosmos.Common.csproj::TargetFramework=net10.0]
D:\source\SkyCMS\Common\Services\Email\EmailSettings.cs(26,18): warning CS8632: The annotation for nullable reference types should only be used in code within a '#nullable' annotations context. [D:\source\SkyCMS\Common\Cosmos.Common.csproj::TargetFramework=net10.0]
D:\source\SkyCMS\Common\Services\Email\EmailSettings.cs(31,18): warning CS8632: The annotation for nullable reference types should only be used in code within a '#nullable' annotations context. [D:\source\SkyCMS\Common\Cosmos.Common.csproj::TargetFramework=net10.0]
D:\source\SkyCMS\Common\Features\Articles\EditorQueries\GetArticleByArticleNumberQueryHandler.cs(25,116): warning CS8632: The annotation for nullable reference types should only be used in code within a '#nullable' annotations context. [D:\source\SkyCMS\Common\Cosmos.Common.csproj::TargetFramework=net10.0]
D:\source\SkyCMS\Common\Services\Email\EmailSettings.cs(36,18): warning CS8632: The annotation for nullable reference types should only be used in code within a '#nullable' annotations context. [D:\source\SkyCMS\Common\Cosmos.Common.csproj::TargetFramework=net10.0]
D:\source\SkyCMS\Common\Features\Articles\Shared\PublishedPageQueryService.cs(51,39): warning CS8632: The annotation for nullable reference types should only be used in code within a '#nullable' annotations context. [D:\source\SkyCMS\Common\Cosmos.Common.csproj::TargetFramework=net10.0]
D:\source\SkyCMS\Common\Services\Email\EmailSettings.cs(46,18): warning CS8632: The annotation for nullable reference types should only be used in code within a '#nullable' annotations context. [D:\source\SkyCMS\Common\Cosmos.Common.csproj::TargetFramework=net10.0]
D:\source\SkyCMS\Common\Services\Email\EmailSettings.cs(51,18): warning CS8632: The annotation for nullable reference types should only be used in code within a '#nullable' annotations context. [D:\source\SkyCMS\Common\Cosmos.Common.csproj::TargetFramework=net10.0]
D:\source\SkyCMS\Common\Services\Email\EmailSettings.cs(56,18): warning CS8632: The annotation for nullable reference types should only be used in code within a '#nullable' annotations context. [D:\source\SkyCMS\Common\Cosmos.Common.csproj::TargetFramework=net10.0]
D:\source\SkyCMS\Common\Features\Articles\Shared\PublishedPageQueryService.cs(138,39): warning CS8632: The annotation for nullable reference types should only be used in code within a '#nullable' annotations context. [D:\source\SkyCMS\Common\Cosmos.Common.csproj::TargetFramework=net10.0]
D:\source\SkyCMS\Common\Features\Layouts\Queries\GetDefaultLayoutQueryHandler.cs(28,17): warning CS8632: The annotation for nullable reference types should only be used in code within a '#nullable' annotations context. [D:\source\SkyCMS\Common\Cosmos.Common.csproj::TargetFramework=net10.0]
D:\source\SkyCMS\Common\Features\Articles\EditorQueries\GetArticleByArticleNumberQueryHandler.cs(53,39): warning CS8632: The annotation for nullable reference types should only be used in code within a '#nullable' annotations context. [D:\source\SkyCMS\Common\Cosmos.Common.csproj::TargetFramework=net10.0]
D:\source\SkyCMS\Common\Features\Blogs\Queries\GetBlogPostQueryHandler.cs(45,49): warning CS8632: The annotation for nullable reference types should only be used in code within a '#nullable' annotations context. [D:\source\SkyCMS\Common\Cosmos.Common.csproj::TargetFramework=net10.0]
D:\source\SkyCMS\Common\Features\Articles\EditorQueries\GetArticleByIdQuery.cs(17,59): warning CS8632: The annotation for nullable reference types should only be used in code within a '#nullable' annotations context. [D:\source\SkyCMS\Common\Cosmos.Common.csproj::TargetFramework=net10.0]
D:\source\SkyCMS\Common\Features\Sitemap\Queries\GetSitemapQueryHandler.cs(29,34): warning CS8632: The annotation for nullable reference types should only be used in code within a '#nullable' annotations context. [D:\source\SkyCMS\Common\Cosmos.Common.csproj::TargetFramework=net10.0]
D:\source\SkyCMS\Common\Features\Layouts\Queries\GetDefaultLayoutQueryHandler.cs(31,34): warning CS8632: The annotation for nullable reference types should only be used in code within a '#nullable' annotations context. [D:\source\SkyCMS\Common\Cosmos.Common.csproj::TargetFramework=net10.0]
D:\source\SkyCMS\Common\Features\Layouts\Queries\GetLayoutByIdQuery.cs(19,64): warning CS8632: The annotation for nullable reference types should only be used in code within a '#nullable' annotations context. [D:\source\SkyCMS\Common\Cosmos.Common.csproj::TargetFramework=net10.0]
D:\source\SkyCMS\Common\Features\Articles\EditorQueries\GetArticleByIdQueryHandler.cs(25,94): warning CS8632: The annotation for nullable reference types should only be used in code within a '#nullable' annotations context. [D:\source\SkyCMS\Common\Cosmos.Common.csproj::TargetFramework=net10.0]
D:\source\SkyCMS\Common\Features\Layouts\Queries\GetLayoutByIdQueryHandler.cs(24,149): warning CS8632: The annotation for nullable reference types should only be used in code within a '#nullable' annotations context. [D:\source\SkyCMS\Common\Cosmos.Common.csproj::TargetFramework=net10.0]
D:\source\SkyCMS\Common\Features\Articles\EditorQueries\GetArticleByUrlQuery.cs(16,60): warning CS8632: The annotation for nullable reference types should only be used in code within a '#nullable' annotations context. [D:\source\SkyCMS\Common\Cosmos.Common.csproj::TargetFramework=net10.0]
D:\source\SkyCMS\Common\Features\Articles\EditorQueries\GetArticleByUrlQueryHandler.cs(26,96): warning CS8632: The annotation for nullable reference types should only be used in code within a '#nullable' annotations context. [D:\source\SkyCMS\Common\Cosmos.Common.csproj::TargetFramework=net10.0]
D:\source\SkyCMS\Common\Features\Articles\EditorQueries\GetArticleByIdQueryHandler.cs(54,39): warning CS8632: The annotation for nullable reference types should only be used in code within a '#nullable' annotations context. [D:\source\SkyCMS\Common\Cosmos.Common.csproj::TargetFramework=net10.0]
D:\source\SkyCMS\Common\Features\Layouts\Queries\GetLayoutByIdQueryHandler.cs(24,85): warning CS8632: The annotation for nullable reference types should only be used in code within a '#nullable' annotations context. [D:\source\SkyCMS\Common\Cosmos.Common.csproj::TargetFramework=net10.0]
D:\source\SkyCMS\Common\Features\Blogs\Queries\GetBlogPostQueryResult.cs(81,34): warning CS8632: The annotation for nullable reference types should only be used in code within a '#nullable' annotations context. [D:\source\SkyCMS\Common\Cosmos.Common.csproj::TargetFramework=net10.0]
D:\source\SkyCMS\Common\Features\Articles\EditorQueries\GetArticleCatalogEntryQuery.cs(17,63): warning CS8632: The annotation for nullable reference types should only be used in code within a '#nullable' annotations context. [D:\source\SkyCMS\Common\Cosmos.Common.csproj::TargetFramework=net10.0]
D:\source\SkyCMS\Common\Features\Articles\EditorQueries\GetArticleCatalogEntryQueryHandler.cs(22,106): warning CS8632: The annotation for nullable reference types should only be used in code within a '#nullable' annotations context. [D:\source\SkyCMS\Common\Cosmos.Common.csproj::TargetFramework=net10.0]
D:\source\SkyCMS\Common\Features\Articles\EditorQueries\GetArticleByUrlQueryHandler.cs(54,39): warning CS8632: The annotation for nullable reference types should only be used in code within a '#nullable' annotations context. [D:\source\SkyCMS\Common\Cosmos.Common.csproj::TargetFramework=net10.0]
D:\source\SkyCMS\Common\Services\PublishedBlog\IPublishedBlogService.cs(44,27): warning CS8632: The annotation for nullable reference types should only be used in code within a '#nullable' annotations context. [D:\source\SkyCMS\Common\Cosmos.Common.csproj::TargetFramework=net10.0]
D:\source\SkyCMS\Common\Services\PublishedBlog\IPublishedBlogService.cs(57,27): warning CS8632: The annotation for nullable reference types should only be used in code within a '#nullable' annotations context. [D:\source\SkyCMS\Common\Cosmos.Common.csproj::TargetFramework=net10.0]
D:\source\SkyCMS\Common\Features\Layouts\Queries\GetLayoutByIdQueryHandler.cs(30,29): warning CS8632: The annotation for nullable reference types should only be used in code within a '#nullable' annotations context. [D:\source\SkyCMS\Common\Cosmos.Common.csproj::TargetFramework=net10.0]
D:\source\SkyCMS\Common\Features\Articles\EditorQueries\GetArticleCatalogEntryQueryHandler.cs(39,35): warning CS8632: The annotation for nullable reference types should only be used in code within a '#nullable' annotations context. [D:\source\SkyCMS\Common\Cosmos.Common.csproj::TargetFramework=net10.0]
D:\source\SkyCMS\Common\Services\PublishedBlog\IPublishedBlogService.cs(104,27): warning CS8632: The annotation for nullable reference types should only be used in code within a '#nullable' annotations context. [D:\source\SkyCMS\Common\Cosmos.Common.csproj::TargetFramework=net10.0]
D:\source\SkyCMS\Common\Services\PublishedBlog\IPublishedBlogService.cs(120,27): warning CS8632: The annotation for nullable reference types should only be used in code within a '#nullable' annotations context. [D:\source\SkyCMS\Common\Cosmos.Common.csproj::TargetFramework=net10.0]
D:\source\SkyCMS\Common\Features\Blogs\Queries\GetBlogPostQueryResult.cs(93,28): warning CS8632: The annotation for nullable reference types should only be used in code within a '#nullable' annotations context. [D:\source\SkyCMS\Common\Cosmos.Common.csproj::TargetFramework=net10.0]
D:\source\SkyCMS\Common\Features\Blogs\Queries\GetBlogPostQueryResult.cs(98,28): warning CS8632: The annotation for nullable reference types should only be used in code within a '#nullable' annotations context. [D:\source\SkyCMS\Common\Cosmos.Common.csproj::TargetFramework=net10.0]
D:\source\SkyCMS\Common\Features\Articles\EditorQueries\GetArticleCatalogEntryQueryHandler.cs(25,34): warning CS8632: The annotation for nullable reference types should only be used in code within a '#nullable' annotations context. [D:\source\SkyCMS\Common\Cosmos.Common.csproj::TargetFramework=net10.0]
D:\source\SkyCMS\Common\Features\Articles\EditorQueries\GetArticleCatalogEntryQueryHandler.cs(32,91): warning CS8632: The annotation for nullable reference types should only be used in code within a '#nullable' annotations context. [D:\source\SkyCMS\Common\Cosmos.Common.csproj::TargetFramework=net10.0]
D:\source\SkyCMS\Common\Features\Articles\Queries\GetPublishedPageByUrlQueryHandler.cs(19,108): warning CS8632: The annotation for nullable reference types should only be used in code within a '#nullable' annotations context. [D:\source\SkyCMS\Common\Cosmos.Common.csproj::TargetFramework=net10.0]
D:\source\SkyCMS\Common\Features\Articles\Queries\GetPublishedPageByUrlQuery.cs(17,66): warning CS8632: The annotation for nullable reference types should only be used in code within a '#nullable' annotations context. [D:\source\SkyCMS\Common\Cosmos.Common.csproj::TargetFramework=net10.0]
D:\source\SkyCMS\Common\Features\Layouts\Queries\GetLayoutByIdQueryHandler.cs(27,34): warning CS8632: The annotation for nullable reference types should only be used in code within a '#nullable' annotations context. [D:\source\SkyCMS\Common\Cosmos.Common.csproj::TargetFramework=net10.0]
D:\source\SkyCMS\Common\Services\PublishedBlog\PublishedBlogService.cs(40,40): warning CS8632: The annotation for nullable reference types should only be used in code within a '#nullable' annotations context. [D:\source\SkyCMS\Common\Cosmos.Common.csproj::TargetFramework=net10.0]
D:\source\SkyCMS\Common\Features\Articles\Queries\GetPublishedPageHeaderByUrlQuery.cs(16,72): warning CS8632: The annotation for nullable reference types should only be used in code within a '#nullable' annotations context. [D:\source\SkyCMS\Common\Cosmos.Common.csproj::TargetFramework=net10.0]
D:\source\SkyCMS\Common\Features\Articles\EditorQueries\GetArticleRedirectsQueryHandler.cs(29,34): warning CS8632: The annotation for nullable reference types should only be used in code within a '#nullable' annotations context. [D:\source\SkyCMS\Common\Cosmos.Common.csproj::TargetFramework=net10.0]
D:\source\SkyCMS\Common\Features\Articles\Queries\GetPublishedPageByUrlQueryHandler.cs(33,33): warning CS8632: The annotation for nullable reference types should only be used in code within a '#nullable' annotations context. [D:\source\SkyCMS\Common\Cosmos.Common.csproj::TargetFramework=net10.0]
D:\source\SkyCMS\Common\Services\PublishedBlog\PublishedBlogService.cs(61,40): warning CS8632: The annotation for nullable reference types should only be used in code within a '#nullable' annotations context. [D:\source\SkyCMS\Common\Cosmos.Common.csproj::TargetFramework=net10.0]
D:\source\SkyCMS\Common\Features\Articles\EditorQueries\GetArticleRedirectsQueryHandler.cs(36,88): warning CS8632: The annotation for nullable reference types should only be used in code within a '#nullable' annotations context. [D:\source\SkyCMS\Common\Cosmos.Common.csproj::TargetFramework=net10.0]
D:\source\SkyCMS\Common\Services\PublishedBlog\PublishedBlogService.cs(134,40): warning CS8632: The annotation for nullable reference types should only be used in code within a '#nullable' annotations context. [D:\source\SkyCMS\Common\Cosmos.Common.csproj::TargetFramework=net10.0]
D:\source\SkyCMS\Common\Features\Articles\Queries\GetPublishedPageHeaderByUrlQueryHandler.cs(19,120): warning CS8632: The annotation for nullable reference types should only be used in code within a '#nullable' annotations context. [D:\source\SkyCMS\Common\Cosmos.Common.csproj::TargetFramework=net10.0]
D:\source\SkyCMS\Common\Services\PublishedBlog\PublishedBlogService.cs(157,40): warning CS8632: The annotation for nullable reference types should only be used in code within a '#nullable' annotations context. [D:\source\SkyCMS\Common\Cosmos.Common.csproj::TargetFramework=net10.0]
D:\source\SkyCMS\Common\Features\Articles\EditorQueries\GetLastPublishedDateQueryHandler.cs(26,34): warning CS8632: The annotation for nullable reference types should only be used in code within a '#nullable' annotations context. [D:\source\SkyCMS\Common\Cosmos.Common.csproj::TargetFramework=net10.0]
D:\source\SkyCMS\Common\Features\Articles\EditorQueries\GetLastPublishedDateQueryHandler.cs(33,89): warning CS8632: The annotation for nullable reference types should only be used in code within a '#nullable' annotations context. [D:\source\SkyCMS\Common\Cosmos.Common.csproj::TargetFramework=net10.0]
D:\source\SkyCMS\Common\Features\Articles\Queries\GetPublishedPageHeaderByUrlQueryHandler.cs(33,33): warning CS8632: The annotation for nullable reference types should only be used in code within a '#nullable' annotations context. [D:\source\SkyCMS\Common\Cosmos.Common.csproj::TargetFramework=net10.0]
D:\source\SkyCMS\Common\Features\Blogs\Queries\GetBlogStreamQueryHandler.cs(44,51): warning CS8632: The annotation for nullable reference types should only be used in code within a '#nullable' annotations context. [D:\source\SkyCMS\Common\Cosmos.Common.csproj::TargetFramework=net10.0]
D:\source\SkyCMS\Common\Features\Blogs\Queries\GetBlogStreamQueryResult.cs(62,31): warning CS8632: The annotation for nullable reference types should only be used in code within a '#nullable' annotations context. [D:\source\SkyCMS\Common\Cosmos.Common.csproj::TargetFramework=net10.0]
D:\source\SkyCMS\Common\Data\Logic\LayoutHelper.cs(125,40): warning CS8632: The annotation for nullable reference types should only be used in code within a '#nullable' annotations context. [D:\source\SkyCMS\Common\Cosmos.Common.csproj::TargetFramework=net10.0]
D:\source\SkyCMS\Common\Data\ApplicationDbContext.cs(29,55): warning CS8632: The annotation for nullable reference types should only be used in code within a '#nullable' annotations context. [D:\source\SkyCMS\Common\Cosmos.Common.csproj::TargetFramework=net10.0]
D:\source\SkyCMS\Common\Data\ApplicationDbContext.cs(48,42): warning CS8632: The annotation for nullable reference types should only be used in code within a '#nullable' annotations context. [D:\source\SkyCMS\Common\Cosmos.Common.csproj::TargetFramework=net10.0]
D:\source\SkyCMS\Common\Services\Configurations\StorageConfig.cs(23,37): warning CS0618: 'AzureStorageConfig' is obsolete: 'This class is unused and superseded by Cosmos.BlobService configuration. It will be removed in a future version.' [D:\source\SkyCMS\Common\Cosmos.Common.csproj::TargetFramework=net10.0]
D:\source\SkyCMS\Common\Features\Layouts\Queries\GetLayoutByIdQueryHandler.cs(45,47): warning CS8632: The annotation for nullable reference types should only be used in code within a '#nullable' annotations context. [D:\source\SkyCMS\Common\Cosmos.Common.csproj::TargetFramework=net10.0]
D:\source\SkyCMS\Common\Features\Articles\Shared\PublishedPageQueryService.cs(68,71): warning CS8632: The annotation for nullable reference types should only be used in code within a '#nullable' annotations context. [D:\source\SkyCMS\Common\Cosmos.Common.csproj::TargetFramework=net10.0]
D:\source\SkyCMS\Common\Features\Blogs\Queries\GetBlogStreamQueryHandler.cs(63,79): warning CS8632: The annotation for nullable reference types should only be used in code within a '#nullable' annotations context. [D:\source\SkyCMS\Common\Cosmos.Common.csproj::TargetFramework=net10.0]
D:\source\SkyCMS\Common\Features\Articles\EditorQueries\GetArticleRedirectsQueryHandler.cs(52,89): warning CS8632: The annotation for nullable reference types should only be used in code within a '#nullable' annotations context. [D:\source\SkyCMS\Common\Cosmos.Common.csproj::TargetFramework=net10.0]
D:\source\SkyCMS\Common\Features\Blogs\EditorQueries\GetBlogPostNavigationQueryHandler.cs(61,87): warning CS8632: The annotation for nullable reference types should only be used in code within a '#nullable' annotations context. [D:\source\SkyCMS\Common\Cosmos.Common.csproj::TargetFramework=net10.0]
D:\source\SkyCMS\Common\Features\Articles\EditorQueries\GetArticleCatalogEntryQueryHandler.cs(46,67): warning CS8632: The annotation for nullable reference types should only be used in code within a '#nullable' annotations context. [D:\source\SkyCMS\Common\Cosmos.Common.csproj::TargetFramework=net10.0]
D:\source\SkyCMS\Common\Features\Layouts\Queries\GetDefaultLayoutQueryHandler.cs(41,85): warning CS8632: The annotation for nullable reference types should only be used in code within a '#nullable' annotations context. [D:\source\SkyCMS\Common\Cosmos.Common.csproj::TargetFramework=net10.0]
D:\source\SkyCMS\Common\Features\Blogs\Queries\GetBlogPostQueryHandler.cs(64,77): warning CS8632: The annotation for nullable reference types should only be used in code within a '#nullable' annotations context. [D:\source\SkyCMS\Common\Cosmos.Common.csproj::TargetFramework=net10.0]
D:\source\SkyCMS\Common\Features\Blogs\Queries\GetBlogPostNavigationQueryHandler.cs(61,87): warning CS8632: The annotation for nullable reference types should only be used in code within a '#nullable' annotations context. [D:\source\SkyCMS\Common\Cosmos.Common.csproj::TargetFramework=net10.0]
D:\source\SkyCMS\Common\Data\ApplicationDbContext.cs(480,88): warning CS8632: The annotation for nullable reference types should only be used in code within a '#nullable' annotations context. [D:\source\SkyCMS\Common\Cosmos.Common.csproj::TargetFramework=net10.0]
D:\source\SkyCMS\Common\Data\ApplicationDbContext.cs(481,111): warning CS8632: The annotation for nullable reference types should only be used in code within a '#nullable' annotations context. [D:\source\SkyCMS\Common\Cosmos.Common.csproj::TargetFramework=net10.0]
D:\source\SkyCMS\Common\Services\BlogPublishing\BlogStreamRenderingService.cs(34,47): warning SA1309: Field '_db' should not begin with an underscore (https://github.com/DotNetAnalyzers/StyleCopAnalyzers/blob/master/documentation/SA1309.md) [D:\source\SkyCMS\Common\Cosmos.Common.csproj::TargetFramework=net10.0]
D:\source\SkyCMS\Common\Features\Shared\CommandResult.cs(8,1): warning SA1200: Using directive should appear within a namespace declaration (https://github.com/DotNetAnalyzers/StyleCopAnalyzers/blob/master/documentation/SA1200.md) [D:\source\SkyCMS\Common\Cosmos.Common.csproj::TargetFramework=net10.0]
D:\source\SkyCMS\Common\Data\ApplicationDbContext.cs(481,117): warning SA1009: Closing parenthesis should be followed by a space. (https://github.com/DotNetAnalyzers/StyleCopAnalyzers/blob/master/documentation/SA1009.md) [D:\source\SkyCMS\Common\Cosmos.Common.csproj::TargetFramework=net10.0]
D:\source\SkyCMS\Common\Services\CryptoJsDecryption.cs(19,18): warning RCS1102: Make class static (https://josefpihrt.github.io/docs/roslynator/analyzers/RCS1102) [D:\source\SkyCMS\Common\Cosmos.Common.csproj::TargetFramework=net10.0]
D:\source\SkyCMS\Common\Services\CryptoJsDecryption.cs(23,27): warning SA1300: Element 'iv' should begin with an uppercase letter (https://github.com/DotNetAnalyzers/StyleCopAnalyzers/blob/master/documentation/SA1300.md) [D:\source\SkyCMS\Common\Cosmos.Common.csproj::TargetFramework=net10.0]
D:\source\SkyCMS\Common\Services\CryptoJsDecryption.cs(25,27): warning SA1300: Element 'ct' should begin with an uppercase letter (https://github.com/DotNetAnalyzers/StyleCopAnalyzers/blob/master/documentation/SA1300.md) [D:\source\SkyCMS\Common\Cosmos.Common.csproj::TargetFramework=net10.0]
D:\source\SkyCMS\Common\Services\CryptoJsDecryption.cs(34,30): warning SA1201: A method should not follow a class (https://github.com/DotNetAnalyzers/StyleCopAnalyzers/blob/master/documentation/SA1201.md) [D:\source\SkyCMS\Common\Cosmos.Common.csproj::TargetFramework=net10.0]
D:\source\SkyCMS\Common\PubControllerBase.cs(224,72): warning SA1204: Static members should appear before non-static members (https://github.com/DotNetAnalyzers/StyleCopAnalyzers/blob/master/documentation/SA1204.md) [D:\source\SkyCMS\Common\Cosmos.Common.csproj::TargetFramework=net10.0]
D:\source\SkyCMS\Common\Models\DateTimeUtcKindAttribute.cs(16,18): warning RCS1203: Use AttributeUsageAttribute (https://josefpihrt.github.io/docs/roslynator/analyzers/RCS1203) [D:\source\SkyCMS\Common\Cosmos.Common.csproj::TargetFramework=net10.0]
D:\source\SkyCMS\Common\Services\PublishedBlog\PublishedBlogService.cs(28,47): warning SA1309: Field '_dbContext' should not begin with an underscore (https://github.com/DotNetAnalyzers/StyleCopAnalyzers/blob/master/documentation/SA1309.md) [D:\source\SkyCMS\Common\Cosmos.Common.csproj::TargetFramework=net10.0]
D:\source\SkyCMS\Common\Models\LoremIpsum.cs(38,29): warning SA1203: Constant fields should appear before non-constant fields (https://github.com/DotNetAnalyzers/StyleCopAnalyzers/blob/master/documentation/SA1203.md) [D:\source\SkyCMS\Common\Cosmos.Common.csproj::TargetFramework=net10.0]
D:\source\SkyCMS\Common\Models\RedirectUrlAttribute.cs(15,18): warning RCS1203: Use AttributeUsageAttribute (https://josefpihrt.github.io/docs/roslynator/analyzers/RCS1203) [D:\source\SkyCMS\Common\Cosmos.Common.csproj::TargetFramework=net10.0]
D:\source\SkyCMS\Common\Data\SQlite\SQLiteUtils.cs(17,18): warning RCS1102: Make class static (https://josefpihrt.github.io/docs/roslynator/analyzers/RCS1102) [D:\source\SkyCMS\Common\Cosmos.Common.csproj::TargetFramework=net10.0]
D:\source\SkyCMS\Common\Data\ApplicationDbContext.cs(29,57): warning SA1309: Field '_configurationProvider' should not begin with an underscore (https://github.com/DotNetAnalyzers/StyleCopAnalyzers/blob/master/documentation/SA1309.md) [D:\source\SkyCMS\Common\Cosmos.Common.csproj::TargetFramework=net10.0]
D:\source\SkyCMS\Common\Features\Layouts\Queries\GetDefaultLayoutQuery.cs(18,47): warning SA1313: Parameter 'CacheDuration' should begin with lower-case letter (https://github.com/DotNetAnalyzers/StyleCopAnalyzers/blob/master/documentation/SA1313.md) [D:\source\SkyCMS\Common\Cosmos.Common.csproj::TargetFramework=net10.0]
D:\source\SkyCMS\Common\Features\Articles\EditorQueries\GetArticleByArticleNumberQueryHandler.cs(37,19): warning SA1611: The documentation for parameter 'mediator' is missing (https://github.com/DotNetAnalyzers/StyleCopAnalyzers/blob/master/documentation/SA1611.md) [D:\source\SkyCMS\Common\Cosmos.Common.csproj::TargetFramework=net10.0]
D:\source\SkyCMS\Common\HomeControllerBase.cs(183,22): warning RCS1155: Use StringComparison when comparing strings (https://josefpihrt.github.io/docs/roslynator/analyzers/RCS1155) [D:\source\SkyCMS\Common\Cosmos.Common.csproj::TargetFramework=net10.0]
D:\source\SkyCMS\Common\Features\Layouts\Queries\GetLayoutByIdQuery.cs(19,39): warning SA1313: Parameter 'LayoutId' should begin with lower-case letter (https://github.com/DotNetAnalyzers/StyleCopAnalyzers/blob/master/documentation/SA1313.md) [D:\source\SkyCMS\Common\Cosmos.Common.csproj::TargetFramework=net10.0]
D:\source\SkyCMS\Common\Features\Articles\Queries\GetArticlesForUserQuery.cs(20,55): warning SA1313: Parameter 'User' should begin with lower-case letter (https://github.com/DotNetAnalyzers/StyleCopAnalyzers/blob/master/documentation/SA1313.md) [D:\source\SkyCMS\Common\Cosmos.Common.csproj::TargetFramework=net10.0]
D:\source\SkyCMS\Common\Features\Articles\Queries\AuthorizeUserForArticleQuery.cs(20,21): warning SA1313: Parameter 'User' should begin with lower-case letter (https://github.com/DotNetAnalyzers/StyleCopAnalyzers/blob/master/documentation/SA1313.md) [D:\source\SkyCMS\Common\Cosmos.Common.csproj::TargetFramework=net10.0]
D:\source\SkyCMS\Common\Features\Articles\Queries\AuthorizeUserForArticleQuery.cs(21,9): warning SA1313: Parameter 'ArticleNumber' should begin with lower-case letter (https://github.com/DotNetAnalyzers/StyleCopAnalyzers/blob/master/documentation/SA1313.md) [D:\source\SkyCMS\Common\Cosmos.Common.csproj::TargetFramework=net10.0]
D:\source\SkyCMS\Common\Features\Articles\Queries\GetArticleFolderContentsQuery.cs(22,9): warning SA1313: Parameter 'ArticleNumber' should begin with lower-case letter (https://github.com/DotNetAnalyzers/StyleCopAnalyzers/blob/master/documentation/SA1313.md) [D:\source\SkyCMS\Common\Cosmos.Common.csproj::TargetFramework=net10.0]
D:\source\SkyCMS\Common\Features\Articles\Queries\GetArticleFolderContentsQuery.cs(23,12): warning SA1313: Parameter 'Path' should begin with lower-case letter (https://github.com/DotNetAnalyzers/StyleCopAnalyzers/blob/master/documentation/SA1313.md) [D:\source\SkyCMS\Common\Cosmos.Common.csproj::TargetFramework=net10.0]
D:\source\SkyCMS\Common\Features\Articles\EditorQueries\GetArticleByUrlQueryHandler.cs(38,19): warning SA1611: The documentation for parameter 'mediator' is missing (https://github.com/DotNetAnalyzers/StyleCopAnalyzers/blob/master/documentation/SA1611.md) [D:\source\SkyCMS\Common\Cosmos.Common.csproj::TargetFramework=net10.0]
D:\source\SkyCMS\Common\Features\Articles\Queries\BuildArticleViewModelQuery.cs(22,13): warning SA1313: Parameter 'Article' should begin with lower-case letter (https://github.com/DotNetAnalyzers/StyleCopAnalyzers/blob/master/documentation/SA1313.md) [D:\source\SkyCMS\Common\Cosmos.Common.csproj::TargetFramework=net10.0]
D:\source\SkyCMS\Common\Features\Articles\Queries\BuildArticleViewModelQuery.cs(23,12): warning SA1313: Parameter 'LanguageCode' should begin with lower-case letter (https://github.com/DotNetAnalyzers/StyleCopAnalyzers/blob/master/documentation/SA1313.md) [D:\source\SkyCMS\Common\Cosmos.Common.csproj::TargetFramework=net10.0]
D:\source\SkyCMS\Common\Features\Articles\Queries\BuildArticleViewModelQuery.cs(24,10): warning SA1313: Parameter 'IncludeLayout' should begin with lower-case letter (https://github.com/DotNetAnalyzers/StyleCopAnalyzers/blob/master/documentation/SA1313.md) [D:\source\SkyCMS\Common\Cosmos.Common.csproj::TargetFramework=net10.0]
D:\source\SkyCMS\Common\Features\Shared\CommandResult.cs(89,16): warning SA1206: The 'static' modifier should appear before 'new' (https://github.com/DotNetAnalyzers/StyleCopAnalyzers/blob/master/documentation/SA1206.md) [D:\source\SkyCMS\Common\Cosmos.Common.csproj::TargetFramework=net10.0]
D:\source\SkyCMS\Common\Features\Shared\CommandResult.cs(97,16): warning SA1206: The 'static' modifier should appear before 'new' (https://github.com/DotNetAnalyzers/StyleCopAnalyzers/blob/master/documentation/SA1206.md) [D:\source\SkyCMS\Common\Cosmos.Common.csproj::TargetFramework=net10.0]
D:\source\SkyCMS\Common\Services\ContactManagementService.cs(33,47): warning SA1642: Constructor summary documentation should begin with standard text (https://github.com/DotNetAnalyzers/StyleCopAnalyzers/blob/master/documentation/SA1642.md) [D:\source\SkyCMS\Common\Cosmos.Common.csproj::TargetFramework=net10.0]
D:\source\SkyCMS\Common\Features\Articles\Queries\BuildPublishedPageViewModelQuery.cs(24,19): warning SA1313: Parameter 'PublishedPage' should begin with lower-case letter (https://github.com/DotNetAnalyzers/StyleCopAnalyzers/blob/master/documentation/SA1313.md) [D:\source\SkyCMS\Common\Cosmos.Common.csproj::TargetFramework=net10.0]
D:\source\SkyCMS\Common\Features\Articles\Queries\BuildPublishedPageViewModelQuery.cs(25,12): warning SA1313: Parameter 'LanguageCode' should begin with lower-case letter (https://github.com/DotNetAnalyzers/StyleCopAnalyzers/blob/master/documentation/SA1313.md) [D:\source\SkyCMS\Common\Cosmos.Common.csproj::TargetFramework=net10.0]
D:\source\SkyCMS\Common\Features\Articles\Queries\BuildPublishedPageViewModelQuery.cs(26,15): warning SA1313: Parameter 'LayoutCacheDuration' should begin with lower-case letter (https://github.com/DotNetAnalyzers/StyleCopAnalyzers/blob/master/documentation/SA1313.md) [D:\source\SkyCMS\Common\Cosmos.Common.csproj::TargetFramework=net10.0]
D:\source\SkyCMS\Common\Features\Articles\Queries\BuildPublishedPageViewModelQuery.cs(27,10): warning SA1313: Parameter 'IncludeLayout' should begin with lower-case letter (https://github.com/DotNetAnalyzers/StyleCopAnalyzers/blob/master/documentation/SA1313.md) [D:\source\SkyCMS\Common\Cosmos.Common.csproj::TargetFramework=net10.0]
D:\source\SkyCMS\Common\Services\ContactManagementService.cs(63,77): warning RCS1155: Use StringComparison when comparing strings (https://josefpihrt.github.io/docs/roslynator/analyzers/RCS1155) [D:\source\SkyCMS\Common\Cosmos.Common.csproj::TargetFramework=net10.0]
D:\source\SkyCMS\Common\Features\Articles\Queries\AuthorizeUserForArticleQuery.cs(21,22): warning SA1009: Closing parenthesis should not be followed by a space. (https://github.com/DotNetAnalyzers/StyleCopAnalyzers/blob/master/documentation/SA1009.md) [D:\source\SkyCMS\Common\Cosmos.Common.csproj::TargetFramework=net10.0]
D:\source\SkyCMS\Common\Features\Articles\Queries\AuthorizeUserForArticleQueryHandler.cs(25,81): warning SA1009: Closing parenthesis should not be followed by a space. (https://github.com/DotNetAnalyzers/StyleCopAnalyzers/blob/master/documentation/SA1009.md) [D:\source\SkyCMS\Common\Cosmos.Common.csproj::TargetFramework=net10.0]
D:\source\SkyCMS\Common\Features\Articles\Queries\BuildArticleViewModelQuery.cs(24,30): warning SA1009: Closing parenthesis should not be followed by a space. (https://github.com/DotNetAnalyzers/StyleCopAnalyzers/blob/master/documentation/SA1009.md) [D:\source\SkyCMS\Common\Cosmos.Common.csproj::TargetFramework=net10.0]
D:\source\SkyCMS\Common\Features\Articles\Queries\BuildArticleViewModelQueryHandler.cs(22,89): warning SA1009: Closing parenthesis should not be followed by a space. (https://github.com/DotNetAnalyzers/StyleCopAnalyzers/blob/master/documentation/SA1009.md) [D:\source\SkyCMS\Common\Cosmos.Common.csproj::TargetFramework=net10.0]
D:\source\SkyCMS\Common\Features\Articles\Queries\BuildPublishedPageViewModelQuery.cs(27,30): warning SA1009: Closing parenthesis should not be followed by a space. (https://github.com/DotNetAnalyzers/StyleCopAnalyzers/blob/master/documentation/SA1009.md) [D:\source\SkyCMS\Common\Cosmos.Common.csproj::TargetFramework=net10.0]
D:\source\SkyCMS\Common\Features\Articles\Queries\BuildPublishedPageViewModelQueryHandler.cs(22,95): warning SA1009: Closing parenthesis should not be followed by a space. (https://github.com/DotNetAnalyzers/StyleCopAnalyzers/blob/master/documentation/SA1009.md) [D:\source\SkyCMS\Common\Cosmos.Common.csproj::TargetFramework=net10.0]
D:\source\SkyCMS\Common\Features\Articles\Queries\GetArticleFolderContentsQuery.cs(23,21): warning SA1009: Closing parenthesis should not be followed by a space. (https://github.com/DotNetAnalyzers/StyleCopAnalyzers/blob/master/documentation/SA1009.md) [D:\source\SkyCMS\Common\Cosmos.Common.csproj::TargetFramework=net10.0]
D:\source\SkyCMS\Common\Features\Articles\Queries\GetArticleFolderContentsQueryHandler.cs(21,81): warning SA1009: Closing parenthesis should not be followed by a space. (https://github.com/DotNetAnalyzers/StyleCopAnalyzers/blob/master/documentation/SA1009.md) [D:\source\SkyCMS\Common\Cosmos.Common.csproj::TargetFramework=net10.0]
D:\source\SkyCMS\Common\Features\Articles\Queries\GetArticlesForUserQuery.cs(20,59): warning SA1009: Closing parenthesis should not be followed by a space. (https://github.com/DotNetAnalyzers/StyleCopAnalyzers/blob/master/documentation/SA1009.md) [D:\source\SkyCMS\Common\Cosmos.Common.csproj::TargetFramework=net10.0]
D:\source\SkyCMS\Common\Features\Articles\Queries\GetArticlesForUserQueryHandler.cs(25,76): warning SA1009: Closing parenthesis should not be followed by a space. (https://github.com/DotNetAnalyzers/StyleCopAnalyzers/blob/master/documentation/SA1009.md) [D:\source\SkyCMS\Common\Cosmos.Common.csproj::TargetFramework=net10.0]
D:\source\SkyCMS\Common\Features\Blogs\EditorQueries\GetBlogPostNavigationQuery.cs(54,18): warning SA1402: File may only contain a single type (https://github.com/DotNetAnalyzers/StyleCopAnalyzers/blob/master/documentation/SA1402.md) [D:\source\SkyCMS\Common\Cosmos.Common.csproj::TargetFramework=net10.0]
D:\source\SkyCMS\Common\Features\Blogs\EditorQueries\GetBlogPostNavigationQuery.cs(95,18): warning SA1402: File may only contain a single type (https://github.com/DotNetAnalyzers/StyleCopAnalyzers/blob/master/documentation/SA1402.md) [D:\source\SkyCMS\Common\Cosmos.Common.csproj::TargetFramework=net10.0]
D:\source\SkyCMS\Common\Features\Blogs\Queries\BlogPostLink.cs(1,4): warning SA1638: File header file name documentation should match file name. (https://github.com/DotNetAnalyzers/StyleCopAnalyzers/blob/master/documentation/SA1638.md) [D:\source\SkyCMS\Common\Cosmos.Common.csproj::TargetFramework=net10.0]
D:\source\SkyCMS\Common\Features\Blogs\Queries\BlogPostNavigationItem.cs(1,4): warning SA1638: File header file name documentation should match file name. (https://github.com/DotNetAnalyzers/StyleCopAnalyzers/blob/master/documentation/SA1638.md) [D:\source\SkyCMS\Common\Cosmos.Common.csproj::TargetFramework=net10.0]
D:\source\SkyCMS\Common\Features\Blogs\Queries\BlogPostPreview.cs(1,4): warning SA1638: File header file name documentation should match file name. (https://github.com/DotNetAnalyzers/StyleCopAnalyzers/blob/master/documentation/SA1638.md) [D:\source\SkyCMS\Common\Cosmos.Common.csproj::TargetFramework=net10.0]
D:\source\SkyCMS\Common\Features\Blogs\Queries\GetBlogPostNavigationQueryResult.cs(1,4): warning SA1638: File header file name documentation should match file name. (https://github.com/DotNetAnalyzers/StyleCopAnalyzers/blob/master/documentation/SA1638.md) [D:\source\SkyCMS\Common\Cosmos.Common.csproj::TargetFramework=net10.0]
D:\source\SkyCMS\Common\Features\Blogs\Queries\GetBlogPostQueryResult.cs(88,18): warning SA1402: File may only contain a single type (https://github.com/DotNetAnalyzers/StyleCopAnalyzers/blob/master/documentation/SA1402.md) [D:\source\SkyCMS\Common\Cosmos.Common.csproj::TargetFramework=net10.0]
D:\source\SkyCMS\Common\Features\Layouts\Queries\CheckDefaultLayoutExistsQueryHandler.cs(26,116): warning SA1009: Closing parenthesis should not be followed by a space. (https://github.com/DotNetAnalyzers/StyleCopAnalyzers/blob/master/documentation/SA1009.md) [D:\source\SkyCMS\Common\Cosmos.Common.csproj::TargetFramework=net10.0]
D:\source\SkyCMS\Common\Features\Layouts\Queries\GetDefaultLayoutQuery.cs(18,67): warning SA1009: Closing parenthesis should not be followed by a space. (https://github.com/DotNetAnalyzers/StyleCopAnalyzers/blob/master/documentation/SA1009.md) [D:\source\SkyCMS\Common\Cosmos.Common.csproj::TargetFramework=net10.0]
D:\source\SkyCMS\Common\Features\Layouts\Queries\GetDefaultLayoutQueryHandler.cs(28,37): warning SA1009: Closing parenthesis should not be followed by a space. (https://github.com/DotNetAnalyzers/StyleCopAnalyzers/blob/master/documentation/SA1009.md) [D:\source\SkyCMS\Common\Cosmos.Common.csproj::TargetFramework=net10.0]
D:\source\SkyCMS\Common\Features\Layouts\Queries\GetLayoutByIdQuery.cs(19,47): warning SA1009: Closing parenthesis should not be followed by a space. (https://github.com/DotNetAnalyzers/StyleCopAnalyzers/blob/master/documentation/SA1009.md) [D:\source\SkyCMS\Common\Cosmos.Common.csproj::TargetFramework=net10.0]
D:\source\SkyCMS\Common\Features\Layouts\Queries\GetLayoutByIdQueryHandler.cs(24,105): warning SA1009: Closing parenthesis should not be followed by a space. (https://github.com/DotNetAnalyzers/StyleCopAnalyzers/blob/master/documentation/SA1009.md) [D:\source\SkyCMS\Common\Cosmos.Common.csproj::TargetFramework=net10.0]
D:\source\SkyCMS\Common\Features\Shared\Unit.cs(1,4): warning SA1636: The file header copyright text should match the copyright text from the settings. (https://github.com/DotNetAnalyzers/StyleCopAnalyzers/blob/master/documentation/SA1636.md) [D:\source\SkyCMS\Common\Cosmos.Common.csproj::TargetFramework=net10.0]
D:\source\SkyCMS\Common\Features\Sitemap\Queries\GetSitemapQueryHandler.cs(26,102): warning SA1009: Closing parenthesis should not be followed by a space. (https://github.com/DotNetAnalyzers/StyleCopAnalyzers/blob/master/documentation/SA1009.md) [D:\source\SkyCMS\Common\Cosmos.Common.csproj::TargetFramework=net10.0]
  Cosmos.Common -> D:\source\SkyCMS\Common\bin\Debug\net10.0\Cosmos.Common.dll
  Successfully created package 'D:\source\SkyCMS\Common\bin\Debug\Cosmos.Common.12.0.1.nupkg'.
D:\source\SkyCMS\Sky.Shared.Razor\Views\Shared\_AuthorInfoPartial.cshtml(27,48): warning CS8600: Converting null literal or possible null value to non-nullable type. [D:\source\SkyCMS\Sky.Shared.Razor\Sky.Shared.Razor.csproj]
D:\source\SkyCMS\Sky.Shared.Razor\Views\Shared\_AuthorInfoPartial.cshtml(42,30): warning CS8600: Converting null literal or possible null value to non-nullable type. [D:\source\SkyCMS\Sky.Shared.Razor\Sky.Shared.Razor.csproj]
  Sky.Shared.Razor -> D:\source\SkyCMS\Sky.Shared.Razor\bin\Debug\net10.0\Sky.Shared.Razor.dll
  Sky.TestSetup -> D:\source\SkyCMS\Sky.TestSetup\bin\Debug\net10.0\Sky.TestSetup.dll
  Cosmos.EmailServices -> D:\source\SkyCMS\Cosmos.EmailServices\bin\Debug\net10.0\Cosmos.EmailServices.dll
D:\source\SkyCMS\Common.Tests\Utilities\ArticleLogicUtilitiesTests.cs(26,26): warning CS8600: Converting null literal or possible null value to non-nullable type. [D:\source\SkyCMS\Common.Tests\Cosmos.Common.Tests.csproj]
D:\source\SkyCMS\Common.Tests\Features\Layouts\Queries\CheckDefaultLayoutExistsQueryHandlerTests.cs(150,27): warning CS8602: Dereference of a possibly null reference. [D:\source\SkyCMS\Common.Tests\Cosmos.Common.Tests.csproj]
D:\source\SkyCMS\Common.Tests\Utilities\ArticleLogicUtilitiesTests.cs(467,27): warning CS8618: Non-nullable property 'Name' must contain a non-null value when exiting constructor. Consider adding the 'required' modifier or declaring the property as nullable. [D:\source\SkyCMS\Common.Tests\Cosmos.Common.Tests.csproj]
D:\source\SkyCMS\Common.Tests\Utilities\ArticleLogicUtilitiesTests.cs(470,29): warning CS8618: Non-nullable property 'Tags' must contain a non-null value when exiting constructor. Consider adding the 'required' modifier or declaring the property as nullable. [D:\source\SkyCMS\Common.Tests\Cosmos.Common.Tests.csproj]
D:\source\SkyCMS\Common.Tests\Features\Layouts\Queries\GetDefaultLayoutQueryHandlerTests.cs(186,27): warning CS8602: Dereference of a possibly null reference. [D:\source\SkyCMS\Common.Tests\Cosmos.Common.Tests.csproj]
D:\source\SkyCMS\Common.Tests\Services\OneTimeTokenProviderTests.cs(217,51): warning CS8602: Dereference of a possibly null reference. [D:\source\SkyCMS\Common.Tests\Cosmos.Common.Tests.csproj]
D:\source\SkyCMS\Common.Tests\Services\OneTimeTokenProviderTests.cs(219,21): warning CS8620: Argument of type 'Func<It.IsAnyType, Exception, string>' cannot be used for parameter 'formatter' of type 'Func<It.IsAnyType, Exception?, string>' in 'void ILogger.Log<IsAnyType>(LogLevel logLevel, EventId eventId, IsAnyType state, Exception? exception, Func<IsAnyType, Exception?, string> formatter)' due to differences in the nullability of reference types. [D:\source\SkyCMS\Common.Tests\Cosmos.Common.Tests.csproj]
D:\source\SkyCMS\Common.Tests\Services\OneTimeTokenProviderTests.cs(243,27): warning CS8602: Dereference of a possibly null reference. [D:\source\SkyCMS\Common.Tests\Cosmos.Common.Tests.csproj]
D:\source\SkyCMS\Common.Tests\Services\CryptoJsDecryptionTests.cs(43,32): warning CS8600: Converting null literal or possible null value to non-nullable type. [D:\source\SkyCMS\Common.Tests\Cosmos.Common.Tests.csproj]
D:\source\SkyCMS\Common.Tests\Services\CryptoJsDecryptionTests.cs(226,36): warning CS8600: Converting null literal or possible null value to non-nullable type. [D:\source\SkyCMS\Common.Tests\Cosmos.Common.Tests.csproj]
D:\source\SkyCMS\Common.Tests\Services\OneTimeTokenProviderTests.cs(398,59): warning CS8625: Cannot convert null literal to non-nullable reference type. [D:\source\SkyCMS\Common.Tests\Cosmos.Common.Tests.csproj]
D:\source\SkyCMS\Common.Tests\Services\OneTimeTokenProviderTests.cs(586,51): warning CS8602: Dereference of a possibly null reference. [D:\source\SkyCMS\Common.Tests\Cosmos.Common.Tests.csproj]
D:\source\SkyCMS\Common.Tests\Services\OneTimeTokenProviderTests.cs(588,21): warning CS8620: Argument of type 'Func<It.IsAnyType, Exception, string>' cannot be used for parameter 'formatter' of type 'Func<It.IsAnyType, Exception?, string>' in 'void ILogger.Log<IsAnyType>(LogLevel logLevel, EventId eventId, IsAnyType state, Exception? exception, Func<IsAnyType, Exception?, string> formatter)' due to differences in the nullability of reference types. [D:\source\SkyCMS\Common.Tests\Cosmos.Common.Tests.csproj]
D:\source\SkyCMS\Common.Tests\Services\OneTimeTokenProviderTests.cs(615,51): warning CS8602: Dereference of a possibly null reference. [D:\source\SkyCMS\Common.Tests\Cosmos.Common.Tests.csproj]
D:\source\SkyCMS\Common.Tests\Services\OneTimeTokenProviderTests.cs(617,21): warning CS8620: Argument of type 'Func<It.IsAnyType, Exception, string>' cannot be used for parameter 'formatter' of type 'Func<It.IsAnyType, Exception?, string>' in 'void ILogger.Log<IsAnyType>(LogLevel logLevel, EventId eventId, IsAnyType state, Exception? exception, Func<IsAnyType, Exception?, string> formatter)' due to differences in the nullability of reference types. [D:\source\SkyCMS\Common.Tests\Cosmos.Common.Tests.csproj]
D:\source\SkyCMS\Common.Tests\Services\OneTimeTokenProviderTests.cs(646,51): warning CS8602: Dereference of a possibly null reference. [D:\source\SkyCMS\Common.Tests\Cosmos.Common.Tests.csproj]
D:\source\SkyCMS\Common.Tests\Services\OneTimeTokenProviderTests.cs(648,21): warning CS8620: Argument of type 'Func<It.IsAnyType, Exception, string>' cannot be used for parameter 'formatter' of type 'Func<It.IsAnyType, Exception?, string>' in 'void ILogger.Log<IsAnyType>(LogLevel logLevel, EventId eventId, IsAnyType state, Exception? exception, Func<IsAnyType, Exception?, string> formatter)' due to differences in the nullability of reference types. [D:\source\SkyCMS\Common.Tests\Cosmos.Common.Tests.csproj]
D:\source\SkyCMS\Common.Tests\Services\OneTimeTokenProviderTests.cs(673,51): warning CS8602: Dereference of a possibly null reference. [D:\source\SkyCMS\Common.Tests\Cosmos.Common.Tests.csproj]
D:\source\SkyCMS\Common.Tests\Services\OneTimeTokenProviderTests.cs(675,21): warning CS8620: Argument of type 'Func<It.IsAnyType, Exception, string>' cannot be used for parameter 'formatter' of type 'Func<It.IsAnyType, Exception?, string>' in 'void ILogger.Log<IsAnyType>(LogLevel logLevel, EventId eventId, IsAnyType state, Exception? exception, Func<IsAnyType, Exception?, string> formatter)' due to differences in the nullability of reference types. [D:\source\SkyCMS\Common.Tests\Cosmos.Common.Tests.csproj]
D:\source\SkyCMS\Common.Tests\Services\OneTimeTokenProviderTests.cs(711,51): warning CS8602: Dereference of a possibly null reference. [D:\source\SkyCMS\Common.Tests\Cosmos.Common.Tests.csproj]
D:\source\SkyCMS\Common.Tests\Services\OneTimeTokenProviderTests.cs(713,21): warning CS8620: Argument of type 'Func<It.IsAnyType, Exception, string>' cannot be used for parameter 'formatter' of type 'Func<It.IsAnyType, Exception?, string>' in 'void ILogger.Log<IsAnyType>(LogLevel logLevel, EventId eventId, IsAnyType state, Exception? exception, Func<IsAnyType, Exception?, string> formatter)' due to differences in the nullability of reference types. [D:\source\SkyCMS\Common.Tests\Cosmos.Common.Tests.csproj]
D:\source\SkyCMS\Common.Tests\DateTimeOffsetToUtcDateTimeTicksConverterTests.cs(74,13): warning MSTEST0032: Review or remove the assertion as its condition is known to be always true (https://learn.microsoft.com/dotnet/core/testing/mstest-analyzers/mstest0032) [D:\source\SkyCMS\Common.Tests\Cosmos.Common.Tests.csproj]
D:\source\SkyCMS\Common.Tests\Services\CryptoJsDecryptionTests.cs(379,17): warning MSTEST0032: Review or remove the assertion as its condition is known to be always true (https://learn.microsoft.com/dotnet/core/testing/mstest-analyzers/mstest0032) [D:\source\SkyCMS\Common.Tests\Cosmos.Common.Tests.csproj]
D:\source\SkyCMS\Common.Tests\Services\CryptoJsDecryptionTests.cs(526,17): warning MSTEST0032: Review or remove the assertion as its condition is known to be always true (https://learn.microsoft.com/dotnet/core/testing/mstest-analyzers/mstest0032) [D:\source\SkyCMS\Common.Tests\Cosmos.Common.Tests.csproj]
  Cosmos.Common.Tests -> D:\source\SkyCMS\Common.Tests\bin\Debug\net10.0\Cosmos.Common.Tests.dll
  Successfully created package 'D:\source\SkyCMS\Cosmos.EmailServices\bin\Debug\Cosmos.EmailServices.12.0.1.nupkg'.
  Successfully created package 'D:\source\SkyCMS\Cosmos.EmailServices\bin\Debug\Cosmos.EmailServices.12.0.1.symbols.nupkg'.
D:\source\SkyCMS\Sky.Cms.Api.Shared\Models\ContactFormResponse.cs(23,23): warning CS8618: Non-nullable property 'Message' must contain a non-null value when exiting constructor. Consider adding the 'required' modifier or declaring the property as nullable. [D:\source\SkyCMS\Sky.Cms.Api.Shared\Sky.Cms.Api.Shared.csproj]
D:\source\SkyCMS\Sky.Cms.Api.Shared\Models\ContactFormResponse.cs(28,23): warning CS8618: Non-nullable property 'Error' must contain a non-null value when exiting constructor. Consider adding the 'required' modifier or declaring the property as nullable. [D:\source\SkyCMS\Sky.Cms.Api.Shared\Sky.Cms.Api.Shared.csproj]
D:\source\SkyCMS\Sky.Cms.Api.Shared\Models\CaptchaValidationRequest.cs(18,23): warning CS8618: Non-nullable property 'Token' must contain a non-null value when exiting constructor. Consider adding the 'required' modifier or declaring the property as nullable. [D:\source\SkyCMS\Sky.Cms.Api.Shared\Sky.Cms.Api.Shared.csproj]
D:\source\SkyCMS\Sky.Cms.Api.Shared\Models\CaptchaValidationRequest.cs(23,23): warning CS8618: Non-nullable property 'RemoteIp' must contain a non-null value when exiting constructor. Consider adding the 'required' modifier or declaring the property as nullable. [D:\source\SkyCMS\Sky.Cms.Api.Shared\Sky.Cms.Api.Shared.csproj]
D:\source\SkyCMS\Sky.Cms.Api.Shared\Models\ContactFormRequest.cs(22,23): warning CS8618: Non-nullable property 'Name' must contain a non-null value when exiting constructor. Consider adding the 'required' modifier or declaring the property as nullable. [D:\source\SkyCMS\Sky.Cms.Api.Shared\Sky.Cms.Api.Shared.csproj]
D:\source\SkyCMS\Sky.Cms.Api.Shared\Models\ContactFormRequest.cs(30,23): warning CS8618: Non-nullable property 'Email' must contain a non-null value when exiting constructor. Consider adding the 'required' modifier or declaring the property as nullable. [D:\source\SkyCMS\Sky.Cms.Api.Shared\Sky.Cms.Api.Shared.csproj]
D:\source\SkyCMS\Sky.Cms.Api.Shared\Models\ContactFormRequest.cs(37,23): warning CS8618: Non-nullable property 'Message' must contain a non-null value when exiting constructor. Consider adding the 'required' modifier or declaring the property as nullable. [D:\source\SkyCMS\Sky.Cms.Api.Shared\Sky.Cms.Api.Shared.csproj]
D:\source\SkyCMS\Sky.Cms.Api.Shared\Features\ContactForm\ValidateCaptcha\ValidateCaptchaHandler.cs(54,70): warning CS8604: Possible null reference argument for parameter 'remoteIpAddress' in 'Task<bool> ValidateCaptchaHandler.ValidateTurnstileAsync(string token, string remoteIpAddress, CancellationToken cancellationToken)'. [D:\source\SkyCMS\Sky.Cms.Api.Shared\Sky.Cms.Api.Shared.csproj]
D:\source\SkyCMS\Sky.Cms.Api.Shared\Features\ContactForm\ValidateCaptcha\ValidateCaptchaHandler.cs(55,70): warning CS8604: Possible null reference argument for parameter 'remoteIpAddress' in 'Task<bool> ValidateCaptchaHandler.ValidateReCaptchaAsync(string token, string remoteIpAddress, CancellationToken cancellationToken)'. [D:\source\SkyCMS\Sky.Cms.Api.Shared\Sky.Cms.Api.Shared.csproj]
D:\source\SkyCMS\Sky.Cms.Api.Shared\Controllers\ContactApiController.cs(186,29): warning CS8601: Possible null reference assignment. [D:\source\SkyCMS\Sky.Cms.Api.Shared\Sky.Cms.Api.Shared.csproj]
  Sky.Cms.Api.Shared -> D:\source\SkyCMS\Sky.Cms.Api.Shared\bin\Debug\net10.0\Sky.Cms.Api.Shared.dll
D:\source\SkyCMS\Publisher\Controllers\StaticProxyController.cs(260,25): warning SA1204: Static members should appear before non-static members (https://github.com/DotNetAnalyzers/StyleCopAnalyzers/blob/master/documentation/SA1204.md) [D:\source\SkyCMS\Publisher\Sky.Publisher.csproj]
  Sky.Publisher -> D:\source\SkyCMS\Publisher\bin\Debug\net10.0\Sky.Publisher.dll
D:\source\SkyCMS\Editor\Controllers\BaseController.cs(156,36): warning CS8632: The annotation for nullable reference types should only be used in code within a '#nullable' annotations context. [D:\source\SkyCMS\Editor\Sky.Editor.csproj]
D:\source\SkyCMS\Editor\Controllers\CopilotController.cs(426,60): warning CS8632: The annotation for nullable reference types should only be used in code within a '#nullable' annotations context. [D:\source\SkyCMS\Editor\Sky.Editor.csproj]
D:\source\SkyCMS\Editor\Controllers\CopilotController.cs(426,26): warning CS8632: The annotation for nullable reference types should only be used in code within a '#nullable' annotations context. [D:\source\SkyCMS\Editor\Sky.Editor.csproj]
D:\source\SkyCMS\Editor\Controllers\CopilotController.cs(440,47): warning CS8632: The annotation for nullable reference types should only be used in code within a '#nullable' annotations context. [D:\source\SkyCMS\Editor\Sky.Editor.csproj]
D:\source\SkyCMS\Editor\Controllers\CopilotController.cs(450,46): warning CS8632: The annotation for nullable reference types should only be used in code within a '#nullable' annotations context. [D:\source\SkyCMS\Editor\Sky.Editor.csproj]
D:\source\SkyCMS\Editor\Controllers\BaseController.cs(179,34): warning CS8632: The annotation for nullable reference types should only be used in code within a '#nullable' annotations context. [D:\source\SkyCMS\Editor\Sky.Editor.csproj]
D:\source\SkyCMS\Editor\Controllers\BaseController.cs(268,32): warning CS8632: The annotation for nullable reference types should only be used in code within a '#nullable' annotations context. [D:\source\SkyCMS\Editor\Sky.Editor.csproj]
D:\source\SkyCMS\Editor\Controllers\BaseController.cs(399,93): warning CS8632: The annotation for nullable reference types should only be used in code within a '#nullable' annotations context. [D:\source\SkyCMS\Editor\Sky.Editor.csproj]
D:\source\SkyCMS\Editor\Controllers\CopilotController.cs(475,22): warning CS8632: The annotation for nullable reference types should only be used in code within a '#nullable' annotations context. [D:\source\SkyCMS\Editor\Sky.Editor.csproj]
D:\source\SkyCMS\Editor\Controllers\CopilotController.cs(480,22): warning CS8632: The annotation for nullable reference types should only be used in code within a '#nullable' annotations context. [D:\source\SkyCMS\Editor\Sky.Editor.csproj]
D:\source\SkyCMS\Editor\Controllers\CopilotController.cs(485,22): warning CS8632: The annotation for nullable reference types should only be used in code within a '#nullable' annotations context. [D:\source\SkyCMS\Editor\Sky.Editor.csproj]
D:\source\SkyCMS\Editor\Controllers\CopilotController.cs(490,22): warning CS8632: The annotation for nullable reference types should only be used in code within a '#nullable' annotations context. [D:\source\SkyCMS\Editor\Sky.Editor.csproj]
D:\source\SkyCMS\Editor\Controllers\CopilotController.cs(501,22): warning CS8632: The annotation for nullable reference types should only be used in code within a '#nullable' annotations context. [D:\source\SkyCMS\Editor\Sky.Editor.csproj]
D:\source\SkyCMS\Editor\Controllers\CopilotController.cs(517,22): warning CS8632: The annotation for nullable reference types should only be used in code within a '#nullable' annotations context. [D:\source\SkyCMS\Editor\Sky.Editor.csproj]
D:\source\SkyCMS\Editor\Controllers\CopilotController.cs(522,22): warning CS8632: The annotation for nullable reference types should only be used in code within a '#nullable' annotations context. [D:\source\SkyCMS\Editor\Sky.Editor.csproj]
D:\source\SkyCMS\Editor\Controllers\CopilotController.cs(532,22): warning CS8632: The annotation for nullable reference types should only be used in code within a '#nullable' annotations context. [D:\source\SkyCMS\Editor\Sky.Editor.csproj]
D:\source\SkyCMS\Editor\Controllers\CopilotController.cs(537,22): warning CS8632: The annotation for nullable reference types should only be used in code within a '#nullable' annotations context. [D:\source\SkyCMS\Editor\Sky.Editor.csproj]
D:\source\SkyCMS\Editor\Controllers\CopilotController.cs(542,22): warning CS8632: The annotation for nullable reference types should only be used in code within a '#nullable' annotations context. [D:\source\SkyCMS\Editor\Sky.Editor.csproj]
D:\source\SkyCMS\Editor\Controllers\CopilotController.cs(547,22): warning CS8632: The annotation for nullable reference types should only be used in code within a '#nullable' annotations context. [D:\source\SkyCMS\Editor\Sky.Editor.csproj]
D:\source\SkyCMS\Editor\Controllers\CopilotController.cs(552,22): warning CS8632: The annotation for nullable reference types should only be used in code within a '#nullable' annotations context. [D:\source\SkyCMS\Editor\Sky.Editor.csproj]
D:\source\SkyCMS\Editor\Controllers\CopilotController.cs(557,22): warning CS8632: The annotation for nullable reference types should only be used in code within a '#nullable' annotations context. [D:\source\SkyCMS\Editor\Sky.Editor.csproj]
D:\source\SkyCMS\Editor\Controllers\CopilotController.cs(573,22): warning CS8632: The annotation for nullable reference types should only be used in code within a '#nullable' annotations context. [D:\source\SkyCMS\Editor\Sky.Editor.csproj]
D:\source\SkyCMS\Editor\Controllers\CopilotController.cs(578,22): warning CS8632: The annotation for nullable reference types should only be used in code within a '#nullable' annotations context. [D:\source\SkyCMS\Editor\Sky.Editor.csproj]
D:\source\SkyCMS\Editor\Controllers\CopilotController.cs(594,22): warning CS8632: The annotation for nullable reference types should only be used in code within a '#nullable' annotations context. [D:\source\SkyCMS\Editor\Sky.Editor.csproj]
D:\source\SkyCMS\Editor\Controllers\CopilotController.cs(620,22): warning CS8632: The annotation for nullable reference types should only be used in code within a '#nullable' annotations context. [D:\source\SkyCMS\Editor\Sky.Editor.csproj]
D:\source\SkyCMS\Editor\Controllers\CopilotController.cs(646,36): warning CS8632: The annotation for nullable reference types should only be used in code within a '#nullable' annotations context. [D:\source\SkyCMS\Editor\Sky.Editor.csproj]
D:\source\SkyCMS\Editor\Controllers\CopilotController.cs(651,35): warning CS8632: The annotation for nullable reference types should only be used in code within a '#nullable' annotations context. [D:\source\SkyCMS\Editor\Sky.Editor.csproj]
D:\source\SkyCMS\Editor\Middleware\SetupCompletionFilter.cs(45,34): warning CS8632: The annotation for nullable reference types should only be used in code within a '#nullable' annotations context. [D:\source\SkyCMS\Editor\Sky.Editor.csproj]
D:\source\SkyCMS\Editor\Features\Blogs\CreatePost\CreateBlogPostCommand.cs(41,22): warning CS8632: The annotation for nullable reference types should only be used in code within a '#nullable' annotations context. [D:\source\SkyCMS\Editor\Sky.Editor.csproj]
D:\source\SkyCMS\Editor\Features\Blogs\CreatePost\CreateBlogPostCommand.cs(47,22): warning CS8632: The annotation for nullable reference types should only be used in code within a '#nullable' annotations context. [D:\source\SkyCMS\Editor\Sky.Editor.csproj]
D:\source\SkyCMS\Editor\Controllers\EditorController.cs(1059,112): warning CS8632: The annotation for nullable reference types should only be used in code within a '#nullable' annotations context. [D:\source\SkyCMS\Editor\Sky.Editor.csproj]
D:\source\SkyCMS\Editor\Controllers\EditorController.cs(1820,41): warning CS8632: The annotation for nullable reference types should only be used in code within a '#nullable' annotations context. [D:\source\SkyCMS\Editor\Sky.Editor.csproj]
D:\source\SkyCMS\Editor\Controllers\EditorController.cs(1844,36): warning CS8632: The annotation for nullable reference types should only be used in code within a '#nullable' annotations context. [D:\source\SkyCMS\Editor\Sky.Editor.csproj]
D:\source\SkyCMS\Editor\Controllers\EditorController.cs(1887,44): warning CS8632: The annotation for nullable reference types should only be used in code within a '#nullable' annotations context. [D:\source\SkyCMS\Editor\Sky.Editor.csproj]
D:\source\SkyCMS\Editor\Controllers\EditorController.cs(1900,40): warning CS8632: The annotation for nullable reference types should only be used in code within a '#nullable' annotations context. [D:\source\SkyCMS\Editor\Sky.Editor.csproj]
D:\source\SkyCMS\Editor\Features\Articles\Create\CreateArticleCommand.cs(49,22): warning CS8632: The annotation for nullable reference types should only be used in code within a '#nullable' annotations context. [D:\source\SkyCMS\Editor\Sky.Editor.csproj]
D:\source\SkyCMS\Editor\Features\Articles\Create\CreateArticleCommand.cs(54,22): warning CS8632: The annotation for nullable reference types should only be used in code within a '#nullable' annotations context. [D:\source\SkyCMS\Editor\Sky.Editor.csproj]
D:\source\SkyCMS\Editor\Controllers\EditorController.cs(1937,30): warning CS8632: The annotation for nullable reference types should only be used in code within a '#nullable' annotations context. [D:\source\SkyCMS\Editor\Sky.Editor.csproj]
D:\source\SkyCMS\Editor\Features\Articles\Create\CreateArticleCommand.cs(59,22): warning CS8632: The annotation for nullable reference types should only be used in code within a '#nullable' annotations context. [D:\source\SkyCMS\Editor\Sky.Editor.csproj]
D:\source\SkyCMS\Editor\Features\Articles\Create\CreateArticleCommand.cs(64,22): warning CS8632: The annotation for nullable reference types should only be used in code within a '#nullable' annotations context. [D:\source\SkyCMS\Editor\Sky.Editor.csproj]
D:\source\SkyCMS\Editor\Controllers\EditorController.cs(1963,30): warning CS8632: The annotation for nullable reference types should only be used in code within a '#nullable' annotations context. [D:\source\SkyCMS\Editor\Sky.Editor.csproj]
D:\source\SkyCMS\Editor\Models\DesignerResult.cs(23,22): warning CS8632: The annotation for nullable reference types should only be used in code within a '#nullable' annotations context. [D:\source\SkyCMS\Editor\Sky.Editor.csproj]
D:\source\SkyCMS\Editor\Controllers\EditorController.cs(1975,30): warning CS8632: The annotation for nullable reference types should only be used in code within a '#nullable' annotations context. [D:\source\SkyCMS\Editor\Sky.Editor.csproj]
D:\source\SkyCMS\Editor\Features\Articles\Create\CreateArticleCommand.cs(79,22): warning CS8632: The annotation for nullable reference types should only be used in code within a '#nullable' annotations context. [D:\source\SkyCMS\Editor\Sky.Editor.csproj]
D:\source\SkyCMS\Editor\Features\Articles\Create\CreateArticleCommand.cs(84,22): warning CS8632: The annotation for nullable reference types should only be used in code within a '#nullable' annotations context. [D:\source\SkyCMS\Editor\Sky.Editor.csproj]
D:\source\SkyCMS\Editor\Features\Articles\Create\CreateArticleCommand.cs(89,22): warning CS8632: The annotation for nullable reference types should only be used in code within a '#nullable' annotations context. [D:\source\SkyCMS\Editor\Sky.Editor.csproj]
D:\source\SkyCMS\Editor\Controllers\EditorController.cs(2006,30): warning CS8632: The annotation for nullable reference types should only be used in code within a '#nullable' annotations context. [D:\source\SkyCMS\Editor\Sky.Editor.csproj]
D:\source\SkyCMS\Editor\Controllers\EditorController.cs(2050,30): warning CS8632: The annotation for nullable reference types should only be used in code within a '#nullable' annotations context. [D:\source\SkyCMS\Editor\Sky.Editor.csproj]
D:\source\SkyCMS\Editor\Controllers\EditorController.cs(2105,23): warning CS8632: The annotation for nullable reference types should only be used in code within a '#nullable' annotations context. [D:\source\SkyCMS\Editor\Sky.Editor.csproj]
D:\source\SkyCMS\Editor\Features\Blogs\UpdatePost\UpdateBlogPostCommand.cs(41,22): warning CS8632: The annotation for nullable reference types should only be used in code within a '#nullable' annotations context. [D:\source\SkyCMS\Editor\Sky.Editor.csproj]
D:\source\SkyCMS\Editor\Features\Blogs\UpdatePost\UpdateBlogPostCommand.cs(47,22): warning CS8632: The annotation for nullable reference types should only be used in code within a '#nullable' annotations context. [D:\source\SkyCMS\Editor\Sky.Editor.csproj]
D:\source\SkyCMS\Editor\Controllers\TemplatesController.cs(819,74): warning CS8632: The annotation for nullable reference types should only be used in code within a '#nullable' annotations context. [D:\source\SkyCMS\Editor\Sky.Editor.csproj]
D:\source\SkyCMS\Editor\Controllers\TemplatesController.cs(876,112): warning CS8632: The annotation for nullable reference types should only be used in code within a '#nullable' annotations context. [D:\source\SkyCMS\Editor\Sky.Editor.csproj]
D:\source\SkyCMS\Editor\Features\Shared\MultiTenantMediator.cs(51,55): warning CS8632: The annotation for nullable reference types should only be used in code within a '#nullable' annotations context. [D:\source\SkyCMS\Editor\Sky.Editor.csproj]
D:\source\SkyCMS\Editor\Features\Shared\MultiTenantMediator.cs(65,42): warning CS8632: The annotation for nullable reference types should only be used in code within a '#nullable' annotations context. [D:\source\SkyCMS\Editor\Sky.Editor.csproj]
D:\source\SkyCMS\Editor\Services\Layout\ILayoutFamilyService.cs(31,39): warning CS8632: The annotation for nullable reference types should only be used in code within a '#nullable' annotations context. [D:\source\SkyCMS\Editor\Sky.Editor.csproj]
D:\source\SkyCMS\Editor\Services\Layout\ILayoutFamilyService.cs(38,39): warning CS8632: The annotation for nullable reference types should only be used in code within a '#nullable' annotations context. [D:\source\SkyCMS\Editor\Sky.Editor.csproj]
D:\source\SkyCMS\Editor\Services\Layout\ILayoutFamilyService.cs(51,30): warning CS8632: The annotation for nullable reference types should only be used in code within a '#nullable' annotations context. [D:\source\SkyCMS\Editor\Sky.Editor.csproj]
D:\source\SkyCMS\Editor\Services\Layout\ILayoutFamilyService.cs(59,87): warning CS8632: The annotation for nullable reference types should only be used in code within a '#nullable' annotations context. [D:\source\SkyCMS\Editor\Sky.Editor.csproj]
D:\source\SkyCMS\Editor\Services\Email\TenantAwareEmailSender.cs(64,116): warning CS8632: The annotation for nullable reference types should only be used in code within a '#nullable' annotations context. [D:\source\SkyCMS\Editor\Sky.Editor.csproj]
D:\source\SkyCMS\Editor\Services\Layout\LayoutFamilyInfo.cs(36,41): warning CS8632: The annotation for nullable reference types should only be used in code within a '#nullable' annotations context. [D:\source\SkyCMS\Editor\Sky.Editor.csproj]
D:\source\SkyCMS\Editor\Services\Layout\LayoutFamilyInfo.cs(41,41): warning CS8632: The annotation for nullable reference types should only be used in code within a '#nullable' annotations context. [D:\source\SkyCMS\Editor\Sky.Editor.csproj]
D:\source\SkyCMS\Editor\Services\Layout\LayoutFamilyService.cs(58,52): warning CS8632: The annotation for nullable reference types should only be used in code within a '#nullable' annotations context. [D:\source\SkyCMS\Editor\Sky.Editor.csproj]
D:\source\SkyCMS\Editor\Services\Layout\LayoutFamilyService.cs(75,52): warning CS8632: The annotation for nullable reference types should only be used in code within a '#nullable' annotations context. [D:\source\SkyCMS\Editor\Sky.Editor.csproj]
D:\source\SkyCMS\Editor\Services\Layout\LayoutFamilyService.cs(111,43): warning CS8632: The annotation for nullable reference types should only be used in code within a '#nullable' annotations context. [D:\source\SkyCMS\Editor\Sky.Editor.csproj]
D:\source\SkyCMS\Editor\Services\Layout\LayoutFamilyService.cs(142,100): warning CS8632: The annotation for nullable reference types should only be used in code within a '#nullable' annotations context. [D:\source\SkyCMS\Editor\Sky.Editor.csproj]
D:\source\SkyCMS\Editor\Services\Migrations\MigrationSummary.cs(47,22): warning CS8632: The annotation for nullable reference types should only be used in code within a '#nullable' annotations context. [D:\source\SkyCMS\Editor\Sky.Editor.csproj]
D:\source\SkyCMS\Editor\Services\Migrations\MigrationSummary.cs(52,25): warning CS8632: The annotation for nullable reference types should only be used in code within a '#nullable' annotations context. [D:\source\SkyCMS\Editor\Sky.Editor.csproj]
D:\source\SkyCMS\Editor\Services\Migrations\MigrationSummary.cs(111,22): warning CS8632: The annotation for nullable reference types should only be used in code within a '#nullable' annotations context. [D:\source\SkyCMS\Editor\Sky.Editor.csproj]
D:\source\SkyCMS\Editor\Services\Templates\ITemplateContext.cs(34,38): warning CS8632: The annotation for nullable reference types should only be used in code within a '#nullable' annotations context. [D:\source\SkyCMS\Editor\Sky.Editor.csproj]
D:\source\SkyCMS\Editor\Services\Templates\ITemplateService.cs(175,101): warning CS8632: The annotation for nullable reference types should only be used in code within a '#nullable' annotations context. [D:\source\SkyCMS\Editor\Sky.Editor.csproj]
D:\source\SkyCMS\Editor\Services\Templates\ITemplateService.cs(207,96): warning CS8632: The annotation for nullable reference types should only be used in code within a '#nullable' annotations context. [D:\source\SkyCMS\Editor\Sky.Editor.csproj]
D:\source\SkyCMS\Editor\Services\Templates\TemplateContext.cs(35,45): warning CS8632: The annotation for nullable reference types should only be used in code within a '#nullable' annotations context. [D:\source\SkyCMS\Editor\Sky.Editor.csproj]
D:\source\SkyCMS\Editor\Services\Templates\TemplateContext.cs(25,42): warning CS8632: The annotation for nullable reference types should only be used in code within a '#nullable' annotations context. [D:\source\SkyCMS\Editor\Sky.Editor.csproj]
D:\source\SkyCMS\Editor\Services\Templates\TemplateService.cs(557,23): warning CS8632: The annotation for nullable reference types should only be used in code within a '#nullable' annotations context. [D:\source\SkyCMS\Editor\Sky.Editor.csproj]
D:\source\SkyCMS\Editor\Services\Templates\TemplateService.cs(741,114): warning CS8632: The annotation for nullable reference types should only be used in code within a '#nullable' annotations context. [D:\source\SkyCMS\Editor\Sky.Editor.csproj]
D:\source\SkyCMS\Editor\Services\Templates\TemplateService.cs(896,109): warning CS8632: The annotation for nullable reference types should only be used in code within a '#nullable' annotations context. [D:\source\SkyCMS\Editor\Sky.Editor.csproj]
D:\source\SkyCMS\Editor\Controllers\DocsImportController.cs(311,15): warning CS0618: 'ArticleEditLogic.DeleteArticle(int)' is obsolete: 'Use TrashArticle instead. This method will be removed in version 3.0.' [D:\source\SkyCMS\Editor\Sky.Editor.csproj]
D:\source\SkyCMS\Editor\Domain\Events\DomainEventDispatcher.cs(271,27): warning CS8632: The annotation for nullable reference types should only be used in code within a '#nullable' annotations context. [D:\source\SkyCMS\Editor\Sky.Editor.csproj]
D:\source\SkyCMS\Editor\Domain\Events\DomainEventDispatcher.cs(331,31): warning CS8632: The annotation for nullable reference types should only be used in code within a '#nullable' annotations context. [D:\source\SkyCMS\Editor\Sky.Editor.csproj]
D:\source\SkyCMS\Editor\Program.cs(145,21): warning CS8632: The annotation for nullable reference types should only be used in code within a '#nullable' annotations context. [D:\source\SkyCMS\Editor\Sky.Editor.csproj]
D:\source\SkyCMS\Editor\Program.cs(743,1): warning CS0618: 'ServiceCollectionExtensions.UseCosmosCmsDataProtection(IApplicationBuilder)' is obsolete: 'Per-request data protection discriminator mutation is not supported. This method is now a no-op and will be removed in a future version.' [D:\source\SkyCMS\Editor\Sky.Editor.csproj]
D:\source\SkyCMS\Editor\Features\Articles\Save\SaveArticleHandler.cs(92,20): warning CS8632: The annotation for nullable reference types should only be used in code within a '#nullable' annotations context. [D:\source\SkyCMS\Editor\Sky.Editor.csproj]
D:\source\SkyCMS\Editor\Features\Blogs\DeleteStream\DeleteBlogStreamHandler.cs(118,31): warning CS0618: 'ArticleEditLogic.DeleteArticle(int)' is obsolete: 'Use TrashArticle instead. This method will be removed in version 3.0.' [D:\source\SkyCMS\Editor\Sky.Editor.csproj]
D:\source\SkyCMS\Editor\Features\Blogs\DeleteStream\DeleteBlogStreamHandler.cs(145,23): warning CS0618: 'ArticleEditLogic.DeleteArticle(int)' is obsolete: 'Use TrashArticle instead. This method will be removed in version 3.0.' [D:\source\SkyCMS\Editor\Sky.Editor.csproj]
D:\source\SkyCMS\Editor\Data\Logic\ArticleEditLogic.cs(635,13): warning CS0618: 'IStorageContext.DeleteFile(string)' is obsolete: 'Use DeleteFileAsync instead to avoid blocking. This method will be removed in a future version.' [D:\source\SkyCMS\Editor\Sky.Editor.csproj]
D:\source\SkyCMS\Editor\Features\Articles\Delete\DeleteArticleHandler.cs(138,13): warning CS0618: 'IStorageContext.DeleteFile(string)' is obsolete: 'Use DeleteFileAsync instead to avoid blocking. This method will be removed in a future version.' [D:\source\SkyCMS\Editor\Sky.Editor.csproj]
D:\source\SkyCMS\Editor\Services\Publishing\PublishingService.cs(872,21): warning CS0618: 'IStorageContext.DeleteFile(string)' is obsolete: 'Use DeleteFileAsync instead to avoid blocking. This method will be removed in a future version.' [D:\source\SkyCMS\Editor\Sky.Editor.csproj]
D:\source\SkyCMS\Editor\Controllers\FileManagerController.cs(1281,21): warning CS0618: 'IStorageContext.DeleteFile(string)' is obsolete: 'Use DeleteFileAsync instead to avoid blocking. This method will be removed in a future version.' [D:\source\SkyCMS\Editor\Sky.Editor.csproj]
D:\source\SkyCMS\Editor\Services\StaticFiles\StaticFileService.cs(135,21): warning CS0618: 'IStorageContext.DeleteFile(string)' is obsolete: 'Use DeleteFileAsync instead to avoid blocking. This method will be removed in a future version.' [D:\source\SkyCMS\Editor\Sky.Editor.csproj]
D:\source\SkyCMS\Editor\Controllers\EditorController.cs(1090,26): warning CS8632: The annotation for nullable reference types should only be used in code within a '#nullable' annotations context. [D:\source\SkyCMS\Editor\Sky.Editor.csproj]
D:\source\SkyCMS\Editor\Controllers\EditorController.cs(1606,19): warning CS0618: 'ArticleEditLogic.DeleteArticle(int)' is obsolete: 'Use TrashArticle instead. This method will be removed in version 3.0.' [D:\source\SkyCMS\Editor\Sky.Editor.csproj]
D:\source\SkyCMS\Editor\Controllers\FileManagerController.cs(250,20): warning CS1571: XML comment has a duplicate param tag for 'isNewSession' [D:\source\SkyCMS\Editor\Sky.Editor.csproj]
D:\source\SkyCMS\Editor\Controllers\FileManagerController.cs(253,155): warning CS1573: Parameter 'pageSize' has no matching param tag in the XML comment for 'FileManagerController.Index(string, bool?, string, string, int, int, bool, bool, bool)' (but other parameters do) [D:\source\SkyCMS\Editor\Sky.Editor.csproj]
D:\source\SkyCMS\Editor\Data\Logic\ArticleEditLogic.cs(331,9): warning CS1587: XML comment is not placed on a valid language element [D:\source\SkyCMS\Editor\Sky.Editor.csproj]
D:\source\SkyCMS\Editor\Data\Logic\ArticleEditLogic.cs(318,9): warning CS1587: XML comment is not placed on a valid language element [D:\source\SkyCMS\Editor\Sky.Editor.csproj]
D:\source\SkyCMS\Editor\Data\Logic\ArticleEditLogic.cs(306,9): warning CS1587: XML comment is not placed on a valid language element [D:\source\SkyCMS\Editor\Sky.Editor.csproj]
D:\source\SkyCMS\Editor\Data\Logic\ArticleEditLogic.cs(272,9): warning CS1587: XML comment is not placed on a valid language element [D:\source\SkyCMS\Editor\Sky.Editor.csproj]
D:\source\SkyCMS\Editor\Data\Logic\ArticleEditLogic.cs(250,9): warning CS1587: XML comment is not placed on a valid language element [D:\source\SkyCMS\Editor\Sky.Editor.csproj]
D:\source\SkyCMS\Editor\Data\Logic\ArticleEditLogic.cs(151,9): warning CS1587: XML comment is not placed on a valid language element [D:\source\SkyCMS\Editor\Sky.Editor.csproj]
D:\source\SkyCMS\Editor\Data\Logic\ArticleEditLogic.cs(139,9): warning CS1587: XML comment is not placed on a valid language element [D:\source\SkyCMS\Editor\Sky.Editor.csproj]
D:\source\SkyCMS\Editor\Data\Logic\ArticleEditLogic.cs(400,9): warning CS1587: XML comment is not placed on a valid language element [D:\source\SkyCMS\Editor\Sky.Editor.csproj]
D:\source\SkyCMS\Editor\Data\Logic\ArticleEditLogic.cs(385,9): warning CS1587: XML comment is not placed on a valid language element [D:\source\SkyCMS\Editor\Sky.Editor.csproj]
D:\source\SkyCMS\Editor\Features\Articles\Clone\CloneArticleHandler.cs(64,60): warning CS1591: Missing XML comment for publicly visible type or member 'CloneArticleHandler.HandleAsync(CloneArticleCommand, CancellationToken)' [D:\source\SkyCMS\Editor\Sky.Editor.csproj]
D:\source\SkyCMS\Editor\Features\Articles\Create\CreateArticleValidator.cs(11,45): warning CS1591: Missing XML comment for publicly visible type or member 'CreateArticleValidator.Validate(CreateArticleCommand)' [D:\source\SkyCMS\Editor\Sky.Editor.csproj]
D:\source\SkyCMS\Editor\Features\Templates\Get\GetTemplateQueryHandler.cs(28,27): warning CS1574: XML comment has cref attribute 'AsNoTracking' that could not be resolved [D:\source\SkyCMS\Editor\Sky.Editor.csproj]
D:\source\SkyCMS\Editor\Models\Class.cs(3,18): warning CS1591: Missing XML comment for publicly visible type or member 'Class' [D:\source\SkyCMS\Editor\Sky.Editor.csproj]
D:\source\SkyCMS\Editor\Services\BlogPublishing\IBlogPublishingService.cs(57,130): warning CS1574: XML comment has cref attribute 'BlogPost' that could not be resolved [D:\source\SkyCMS\Editor\Sky.Editor.csproj]
D:\source\SkyCMS\Editor\Services\Layout\ILayoutMigrationService.cs(50,30): warning CS1574: XML comment has cref attribute 'ArgumentException' that could not be resolved [D:\source\SkyCMS\Editor\Sky.Editor.csproj]
D:\source\SkyCMS\Editor\Services\Publishing\PublishingService.cs(114,171): warning CS1574: XML comment has cref attribute 'GenerateBlogStreamHtml(Article)' that could not be resolved [D:\source\SkyCMS\Editor\Sky.Editor.csproj]
D:\source\SkyCMS\Editor\Services\Publishing\PublishingService.cs(121,24): warning CS1574: XML comment has cref attribute 'GenerateBlogStreamHtml(Article)' that could not be resolved [D:\source\SkyCMS\Editor\Sky.Editor.csproj]
D:\source\SkyCMS\Editor\Services\StaticFiles\IStaticFileService.cs(51,41): warning CS1574: XML comment has cref attribute 'StaticWebPages' that could not be resolved [D:\source\SkyCMS\Editor\Sky.Editor.csproj]
D:\source\SkyCMS\Editor\Services\StaticFiles\IStaticFileService.cs(72,41): warning CS1574: XML comment has cref attribute 'StaticWebPages' that could not be resolved [D:\source\SkyCMS\Editor\Sky.Editor.csproj]
D:\source\SkyCMS\Editor\Services\TableOfContents\ITocService.cs(46,43): warning CS1574: XML comment has cref attribute 'StaticWebPages' that could not be resolved [D:\source\SkyCMS\Editor\Sky.Editor.csproj]
D:\source\SkyCMS\Editor\Services\Titles\TitleChangeService.cs(575,89): warning CS1573: Parameter 'urlChanges' has no matching param tag in the XML comment for 'TitleChangeService.CreateRedirectsAsync(List<UrlChange>, string)' (but other parameters do) [D:\source\SkyCMS\Editor\Sky.Editor.csproj]
D:\source\SkyCMS\Editor\Areas\Identity\Pages\Account\AccessDenied.cshtml.cs(15,18): warning SA1649: File name should match first type name. (https://github.com/DotNetAnalyzers/StyleCopAnalyzers/blob/master/documentation/SA1649.md) [D:\source\SkyCMS\Editor\Sky.Editor.csproj]
D:\source\SkyCMS\Editor\Areas\Identity\Pages\Account\ConfirmEmail.cshtml.cs(28,18): warning SA1649: File name should match first type name. (https://github.com/DotNetAnalyzers/StyleCopAnalyzers/blob/master/documentation/SA1649.md) [D:\source\SkyCMS\Editor\Sky.Editor.csproj]
D:\source\SkyCMS\Editor\Areas\Identity\Pages\Account\ConfirmEmailChange.cshtml.cs(22,18): warning SA1649: File name should match first type name. (https://github.com/DotNetAnalyzers/StyleCopAnalyzers/blob/master/documentation/SA1649.md) [D:\source\SkyCMS\Editor\Sky.Editor.csproj]
D:\source\SkyCMS\Editor\Areas\Identity\Pages\Account\ExternalLogin.cshtml.cs(32,18): warning SA1649: File name should match first type name. (https://github.com/DotNetAnalyzers/StyleCopAnalyzers/blob/master/documentation/SA1649.md) [D:\source\SkyCMS\Editor\Sky.Editor.csproj]
D:\source\SkyCMS\Editor\Areas\Identity\Pages\Account\ForgotPassword.cshtml.cs(32,18): warning SA1649: File name should match first type name. (https://github.com/DotNetAnalyzers/StyleCopAnalyzers/blob/master/documentation/SA1649.md) [D:\source\SkyCMS\Editor\Sky.Editor.csproj]
D:\source\SkyCMS\Editor\Areas\Identity\Pages\Account\Lockout.cshtml.cs(17,18): warning SA1649: File name should match first type name. (https://github.com/DotNetAnalyzers/StyleCopAnalyzers/blob/master/documentation/SA1649.md) [D:\source\SkyCMS\Editor\Sky.Editor.csproj]
D:\source\SkyCMS\Editor\Areas\Identity\Pages\Account\Login.cshtml.cs(36,18): warning SA1649: File name should match first type name. (https://github.com/DotNetAnalyzers/StyleCopAnalyzers/blob/master/documentation/SA1649.md) [D:\source\SkyCMS\Editor\Sky.Editor.csproj]
D:\source\SkyCMS\Editor\Areas\Identity\Pages\Account\LoginWith2fa.cshtml.cs(24,18): warning SA1649: File name should match first type name. (https://github.com/DotNetAnalyzers/StyleCopAnalyzers/blob/master/documentation/SA1649.md) [D:\source\SkyCMS\Editor\Sky.Editor.csproj]
D:\source\SkyCMS\Editor\Areas\Identity\Pages\Account\LoginWithRecoveryCode.cshtml.cs(23,18): warning SA1649: File name should match first type name. (https://github.com/DotNetAnalyzers/StyleCopAnalyzers/blob/master/documentation/SA1649.md) [D:\source\SkyCMS\Editor\Sky.Editor.csproj]
D:\source\SkyCMS\Editor\Areas\Identity\Pages\Account\Logout.cshtml.cs(21,18): warning SA1649: File name should match first type name. (https://github.com/DotNetAnalyzers/StyleCopAnalyzers/blob/master/documentation/SA1649.md) [D:\source\SkyCMS\Editor\Sky.Editor.csproj]
D:\source\SkyCMS\Editor\Areas\Identity\Pages\Account\LogoutReady.cshtml.cs(15,18): warning SA1649: File name should match first type name. (https://github.com/DotNetAnalyzers/StyleCopAnalyzers/blob/master/documentation/SA1649.md) [D:\source\SkyCMS\Editor\Sky.Editor.csproj]
D:\source\SkyCMS\Editor\Areas\Identity\Pages\Account\Manage\ChangePassword.cshtml.cs(20,18): warning SA1649: File name should match first type name. (https://github.com/DotNetAnalyzers/StyleCopAnalyzers/blob/master/documentation/SA1649.md) [D:\source\SkyCMS\Editor\Sky.Editor.csproj]
D:\source\SkyCMS\Editor\Areas\Identity\Pages\Account\Manage\DeletePersonalData.cshtml.cs(21,18): warning SA1649: File name should match first type name. (https://github.com/DotNetAnalyzers/StyleCopAnalyzers/blob/master/documentation/SA1649.md) [D:\source\SkyCMS\Editor\Sky.Editor.csproj]
D:\source\SkyCMS\Editor\Areas\Identity\Pages\Account\Manage\Disable2fa.cshtml.cs(20,18): warning SA1649: File name should match first type name. (https://github.com/DotNetAnalyzers/StyleCopAnalyzers/blob/master/documentation/SA1649.md) [D:\source\SkyCMS\Editor\Sky.Editor.csproj]
D:\source\SkyCMS\Editor\Areas\Identity\Pages\Account\Manage\DownloadPersonalData.cshtml.cs(23,18): warning SA1649: File name should match first type name. (https://github.com/DotNetAnalyzers/StyleCopAnalyzers/blob/master/documentation/SA1649.md) [D:\source\SkyCMS\Editor\Sky.Editor.csproj]
D:\source\SkyCMS\Editor\Areas\Identity\Pages\Account\Manage\Email.cshtml.cs(23,18): warning SA1649: File name should match first type name. (https://github.com/DotNetAnalyzers/StyleCopAnalyzers/blob/master/documentation/SA1649.md) [D:\source\SkyCMS\Editor\Sky.Editor.csproj]
D:\source\SkyCMS\Editor\Models\EditorField.cs(44,17): warning SA1201: A enum should not follow a class (https://github.com/DotNetAnalyzers/StyleCopAnalyzers/blob/master/documentation/SA1201.md) [D:\source\SkyCMS\Editor\Sky.Editor.csproj]
D:\source\SkyCMS\Editor\Areas\Identity\Pages\Account\Manage\EnableAuthenticator.cshtml.cs(23,18): warning SA1649: File name should match first type name. (https://github.com/DotNetAnalyzers/StyleCopAnalyzers/blob/master/documentation/SA1649.md) [D:\source\SkyCMS\Editor\Sky.Editor.csproj]
D:\source\SkyCMS\Editor\Models\StatusIndexViewModel.cs(57,17): warning SA1201: A enum should not follow a class (https://github.com/DotNetAnalyzers/StyleCopAnalyzers/blob/master/documentation/SA1201.md) [D:\source\SkyCMS\Editor\Sky.Editor.csproj]
D:\source\SkyCMS\Editor\Areas\Identity\Pages\Account\Manage\ExternalLogins.cshtml.cs(22,18): warning SA1649: File name should match first type name. (https://github.com/DotNetAnalyzers/StyleCopAnalyzers/blob/master/documentation/SA1649.md) [D:\source\SkyCMS\Editor\Sky.Editor.csproj]
D:\source\SkyCMS\Editor\Areas\Identity\Pages\Account\Manage\GenerateRecoveryCodes.cshtml.cs(21,18): warning SA1649: File name should match first type name. (https://github.com/DotNetAnalyzers/StyleCopAnalyzers/blob/master/documentation/SA1649.md) [D:\source\SkyCMS\Editor\Sky.Editor.csproj]
D:\source\SkyCMS\Editor\Areas\Identity\Pages\Account\Manage\Index.cshtml.cs(19,18): warning SA1649: File name should match first type name. (https://github.com/DotNetAnalyzers/StyleCopAnalyzers/blob/master/documentation/SA1649.md) [D:\source\SkyCMS\Editor\Sky.Editor.csproj]
D:\source\SkyCMS\Editor\Hubs\ChatHub.cs(195,27): warning SA1202: 'public' members should come before 'private' members (https://github.com/DotNetAnalyzers/StyleCopAnalyzers/blob/master/documentation/SA1202.md) [D:\source\SkyCMS\Editor\Sky.Editor.csproj]
CSC : warning SA1516: Elements should be separated by blank line (https://github.com/DotNetAnalyzers/StyleCopAnalyzers/blob/master/documentation/SA1516.md) [D:\source\SkyCMS\Editor\Sky.Editor.csproj]
D:\source\SkyCMS\Editor\Areas\Identity\Pages\Account\Manage\PersonalData.cshtml.cs(19,18): warning SA1649: File name should match first type name. (https://github.com/DotNetAnalyzers/StyleCopAnalyzers/blob/master/documentation/SA1649.md) [D:\source\SkyCMS\Editor\Sky.Editor.csproj]
D:\source\SkyCMS\Editor\Areas\Identity\Pages\Account\Manage\ResetAuthenticator.cshtml.cs(19,18): warning SA1649: File name should match first type name. (https://github.com/DotNetAnalyzers/StyleCopAnalyzers/blob/master/documentation/SA1649.md) [D:\source\SkyCMS\Editor\Sky.Editor.csproj]
D:\source\SkyCMS\Editor\Areas\Identity\Pages\Account\Manage\SetPassword.cshtml.cs(19,18): warning SA1649: File name should match first type name. (https://github.com/DotNetAnalyzers/StyleCopAnalyzers/blob/master/documentation/SA1649.md) [D:\source\SkyCMS\Editor\Sky.Editor.csproj]
D:\source\SkyCMS\Editor\Areas\Identity\Pages\Account\Manage\ShowRecoveryCodes.cshtml.cs(16,18): warning SA1649: File name should match first type name. (https://github.com/DotNetAnalyzers/StyleCopAnalyzers/blob/master/documentation/SA1649.md) [D:\source\SkyCMS\Editor\Sky.Editor.csproj]
D:\source\SkyCMS\Editor\Areas\Identity\Pages\Account\Manage\TwoFactorAuthentication.cshtml.cs(19,18): warning SA1649: File name should match first type name. (https://github.com/DotNetAnalyzers/StyleCopAnalyzers/blob/master/documentation/SA1649.md) [D:\source\SkyCMS\Editor\Sky.Editor.csproj]
D:\source\SkyCMS\Editor\Areas\Identity\Pages\Account\Register.cshtml.cs(37,18): warning SA1649: File name should match first type name. (https://github.com/DotNetAnalyzers/StyleCopAnalyzers/blob/master/documentation/SA1649.md) [D:\source\SkyCMS\Editor\Sky.Editor.csproj]
D:\source\SkyCMS\Editor\Data\Logic\LayoutUtilities.cs(100,23): warning SA1201: A property should not follow a method (https://github.com/DotNetAnalyzers/StyleCopAnalyzers/blob/master/documentation/SA1201.md) [D:\source\SkyCMS\Editor\Sky.Editor.csproj]
D:\source\SkyCMS\Editor\Data\Logic\LayoutUtilities.cs(80,39): warning SA1202: 'public' members should come before 'private' members (https://github.com/DotNetAnalyzers/StyleCopAnalyzers/blob/master/documentation/SA1202.md) [D:\source\SkyCMS\Editor\Sky.Editor.csproj]
D:\source\SkyCMS\Editor\Services\MultiDatabaseManagementUtilities.cs(41,16): warning SA1201: A constructor should not follow a property (https://github.com/DotNetAnalyzers/StyleCopAnalyzers/blob/master/documentation/SA1201.md) [D:\source\SkyCMS\Editor\Sky.Editor.csproj]
D:\source\SkyCMS\Editor\Areas\Setup\Pages\Complete.cshtml.cs(35,30): warning SA1203: Constant fields should appear before non-constant fields (https://github.com/DotNetAnalyzers/StyleCopAnalyzers/blob/master/documentation/SA1203.md) [D:\source\SkyCMS\Editor\Sky.Editor.csproj]
D:\source\SkyCMS\Editor\Areas\Setup\Pages\Complete.cshtml.cs(35,30): warning SA1310: Field 'SETUP_CACHE_KEY_PREFIX' should not contain an underscore (https://github.com/DotNetAnalyzers/StyleCopAnalyzers/blob/master/documentation/SA1310.md) [D:\source\SkyCMS\Editor\Sky.Editor.csproj]
D:\source\SkyCMS\Editor\Areas\Setup\Pages\Complete.cshtml.cs(36,30): warning SA1310: Field 'HEADER_ORIGIN_HOSTNAME' should not contain an underscore (https://github.com/DotNetAnalyzers/StyleCopAnalyzers/blob/master/documentation/SA1310.md) [D:\source\SkyCMS\Editor\Sky.Editor.csproj]
D:\source\SkyCMS\Editor\Areas\Identity\Pages\Account\RegisterConfirmation.cshtml.cs(21,18): warning SA1649: File name should match first type name. (https://github.com/DotNetAnalyzers/StyleCopAnalyzers/blob/master/documentation/SA1649.md) [D:\source\SkyCMS\Editor\Sky.Editor.csproj]
D:\source\SkyCMS\Editor\Areas\Identity\Pages\Account\ResendEmailConfirmation.cshtml.cs(31,18): warning SA1649: File name should match first type name. (https://github.com/DotNetAnalyzers/StyleCopAnalyzers/blob/master/documentation/SA1649.md) [D:\source\SkyCMS\Editor\Sky.Editor.csproj]
D:\source\SkyCMS\Editor\Areas\Identity\Pages\Account\ResetPassword.cshtml.cs(32,18): warning SA1649: File name should match first type name. (https://github.com/DotNetAnalyzers/StyleCopAnalyzers/blob/master/documentation/SA1649.md) [D:\source\SkyCMS\Editor\Sky.Editor.csproj]
D:\source\SkyCMS\Editor\Controllers\ContactsController.cs(338,34): warning SA1300: Element 'data' should begin with an uppercase letter (https://github.com/DotNetAnalyzers/StyleCopAnalyzers/blob/master/documentation/SA1300.md) [D:\source\SkyCMS\Editor\Sky.Editor.csproj]
D:\source\SkyCMS\Editor\Middleware\TenantSetupMiddleware.cs(71,25): warning SA1204: Static members should appear before non-static members (https://github.com/DotNetAnalyzers/StyleCopAnalyzers/blob/master/documentation/SA1204.md) [D:\source\SkyCMS\Editor\Sky.Editor.csproj]
D:\source\SkyCMS\Editor\Models\BulkUserCreatedResult.cs(18,13): warning SA1648: inheritdoc should be used with inheriting class (https://github.com/DotNetAnalyzers/StyleCopAnalyzers/blob/master/documentation/SA1648.md) [D:\source\SkyCMS\Editor\Sky.Editor.csproj]
D:\source\SkyCMS\Editor\Models\BulkUserCreatedResult.cs(21,13): warning SA1648: inheritdoc should be used with inheriting class (https://github.com/DotNetAnalyzers/StyleCopAnalyzers/blob/master/documentation/SA1648.md) [D:\source\SkyCMS\Editor\Sky.Editor.csproj]
D:\source\SkyCMS\Editor\Models\BulkUserCreatedResult.cs(24,13): warning SA1648: inheritdoc should be used with inheriting class (https://github.com/DotNetAnalyzers/StyleCopAnalyzers/blob/master/documentation/SA1648.md) [D:\source\SkyCMS\Editor\Sky.Editor.csproj]
D:\source\SkyCMS\Editor\Areas\Setup\Pages\Step1_Storage.cshtml.cs(309,42): warning SA1202: 'public' members should come before 'private' members (https://github.com/DotNetAnalyzers/StyleCopAnalyzers/blob/master/documentation/SA1202.md) [D:\source\SkyCMS\Editor\Sky.Editor.csproj]
D:\source\SkyCMS\Editor\Middleware\SetupCompletionFilter.cs(30,26): warning SA1310: Field 'SETUP_CACHE_KEY_PREFIX' should not contain an underscore (https://github.com/DotNetAnalyzers/StyleCopAnalyzers/blob/master/documentation/SA1310.md) [D:\source\SkyCMS\Editor\Sky.Editor.csproj]
D:\source\SkyCMS\Editor\Middleware\SetupCompletionFilter.cs(31,26): warning SA1310: Field 'HEADER_ORIGIN_HOSTNAME' should not contain an underscore (https://github.com/DotNetAnalyzers/StyleCopAnalyzers/blob/master/documentation/SA1310.md) [D:\source\SkyCMS\Editor\Sky.Editor.csproj]
D:\source\SkyCMS\Editor\Controllers\DeploymentController.cs(60,24): warning SA1203: Constant fields should appear before non-constant fields (https://github.com/DotNetAnalyzers/StyleCopAnalyzers/blob/master/documentation/SA1203.md) [D:\source\SkyCMS\Editor\Sky.Editor.csproj]
D:\source\SkyCMS\Editor\Controllers\DeploymentController.cs(434,27): warning SA1204: Static members should appear before non-static members (https://github.com/DotNetAnalyzers/StyleCopAnalyzers/blob/master/documentation/SA1204.md) [D:\source\SkyCMS\Editor\Sky.Editor.csproj]
D:\source\SkyCMS\Editor\Middleware\SetupMiddlewareExtensions.cs(23,26): warning SA1310: Field 'SETUP_CACHE_KEY_PREFIX' should not contain an underscore (https://github.com/DotNetAnalyzers/StyleCopAnalyzers/blob/master/documentation/SA1310.md) [D:\source\SkyCMS\Editor\Sky.Editor.csproj]
D:\source\SkyCMS\Editor\Middleware\SetupMiddlewareExtensions.cs(24,26): warning SA1310: Field 'HEADER_ORIGIN_HOSTNAME' should not contain an underscore (https://github.com/DotNetAnalyzers/StyleCopAnalyzers/blob/master/documentation/SA1310.md) [D:\source\SkyCMS\Editor\Sky.Editor.csproj]
D:\source\SkyCMS\Editor\Data\MigrationHelper.cs(548,22): warning SA1201: A enum should not follow a method (https://github.com/DotNetAnalyzers/StyleCopAnalyzers/blob/master/documentation/SA1201.md) [D:\source\SkyCMS\Editor\Sky.Editor.csproj]
D:\source\SkyCMS\Editor\Services\Diagnostics\ConfigurationValidator.cs(532,17): warning SA1201: A enum should not follow a class (https://github.com/DotNetAnalyzers/StyleCopAnalyzers/blob/master/documentation/SA1201.md) [D:\source\SkyCMS\Editor\Sky.Editor.csproj]
D:\source\SkyCMS\Editor\Areas\Setup\Pages\Step2_AdminAccount.cshtml.cs(63,21): warning SA1202: 'public' members should come before 'private' members (https://github.com/DotNetAnalyzers/StyleCopAnalyzers/blob/master/documentation/SA1202.md) [D:\source\SkyCMS\Editor\Sky.Editor.csproj]
D:\source\SkyCMS\Editor\Areas\Identity\Pages\Account\ResetPasswordConfirmation.cshtml.cs(17,18): warning SA1649: File name should match first type name. (https://github.com/DotNetAnalyzers/StyleCopAnalyzers/blob/master/documentation/SA1649.md) [D:\source\SkyCMS\Editor\Sky.Editor.csproj]
D:\source\SkyCMS\Editor\Areas\Identity\Pages\Error.cshtml.cs(20,18): warning SA1649: File name should match first type name. (https://github.com/DotNetAnalyzers/StyleCopAnalyzers/blob/master/documentation/SA1649.md) [D:\source\SkyCMS\Editor\Sky.Editor.csproj]
D:\source\SkyCMS\Editor\Areas\Setup\Pages\Complete.cshtml.cs(25,18): warning SA1649: File name should match first type name. (https://github.com/DotNetAnalyzers/StyleCopAnalyzers/blob/master/documentation/SA1649.md) [D:\source\SkyCMS\Editor\Sky.Editor.csproj]
D:\source\SkyCMS\Editor\Areas\Setup\Pages\Index.cshtml.cs(24,18): warning SA1649: File name should match first type name. (https://github.com/DotNetAnalyzers/StyleCopAnalyzers/blob/master/documentation/SA1649.md) [D:\source\SkyCMS\Editor\Sky.Editor.csproj]
D:\source\SkyCMS\Editor\Domain\Events\IDomainEventHandler.cs(17,53): warning SA1127: Generic type constraints should be on their own line (https://github.com/DotNetAnalyzers/StyleCopAnalyzers/blob/master/documentation/SA1127.md) [D:\source\SkyCMS\Editor\Sky.Editor.csproj]
D:\source\SkyCMS\Editor\Areas\Setup\Pages\Step2_AdminAccount.cshtml.cs(80,28): warning SA1116: The parameters should begin on the line after the declaration, whenever the parameter span across multiple lines (https://github.com/DotNetAnalyzers/StyleCopAnalyzers/blob/master/documentation/SA1116.md) [D:\source\SkyCMS\Editor\Sky.Editor.csproj]
D:\source\SkyCMS\Editor\Controllers\BaseController.cs(198,52): warning SA1202: 'protected' members should come before 'private' members (https://github.com/DotNetAnalyzers/StyleCopAnalyzers/blob/master/documentation/SA1202.md) [D:\source\SkyCMS\Editor\Sky.Editor.csproj]
D:\source\SkyCMS\Editor\Controllers\BaseController.cs(237,42): warning SA1202: 'public' members should come before 'protected' members (https://github.com/DotNetAnalyzers/StyleCopAnalyzers/blob/master/documentation/SA1202.md) [D:\source\SkyCMS\Editor\Sky.Editor.csproj]
D:\source\SkyCMS\Editor\Controllers\BaseController.cs(333,33): warning SA1204: Static members should appear before non-static members (https://github.com/DotNetAnalyzers/StyleCopAnalyzers/blob/master/documentation/SA1204.md) [D:\source\SkyCMS\Editor\Sky.Editor.csproj]
D:\source\SkyCMS\Editor\Data\Logic\ArticleEditLogic.cs(355,35): warning SA1202: 'public' members should come before 'private' members (https://github.com/DotNetAnalyzers/StyleCopAnalyzers/blob/master/documentation/SA1202.md) [D:\source\SkyCMS\Editor\Sky.Editor.csproj]
D:\source\SkyCMS\Editor\Models\Class.cs(3,18): warning SA1600: Elements should be documented (https://github.com/DotNetAnalyzers/StyleCopAnalyzers/blob/master/documentation/SA1600.md) [D:\source\SkyCMS\Editor\Sky.Editor.csproj]
D:\source\SkyCMS\Editor\Models\EditImagePostViewModel.cs(18,23): warning SA1300: Element 'name' should begin with an uppercase letter (https://github.com/DotNetAnalyzers/StyleCopAnalyzers/blob/master/documentation/SA1300.md) [D:\source\SkyCMS\Editor\Sky.Editor.csproj]
D:\source\SkyCMS\Editor\Models\EditImagePostViewModel.cs(28,23): warning SA1300: Element 'extension' should begin with an uppercase letter (https://github.com/DotNetAnalyzers/StyleCopAnalyzers/blob/master/documentation/SA1300.md) [D:\source\SkyCMS\Editor\Sky.Editor.csproj]
D:\source\SkyCMS\Editor\Models\EditImagePostViewModel.cs(23,23): warning SA1300: Element 'fullName' should begin with an uppercase letter (https://github.com/DotNetAnalyzers/StyleCopAnalyzers/blob/master/documentation/SA1300.md) [D:\source\SkyCMS\Editor\Sky.Editor.csproj]
D:\source\SkyCMS\Editor\Models\EditImagePostViewModel.cs(33,23): warning SA1300: Element 'mimeType' should begin with an uppercase letter (https://github.com/DotNetAnalyzers/StyleCopAnalyzers/blob/master/documentation/SA1300.md) [D:\source\SkyCMS\Editor\Sky.Editor.csproj]
D:\source\SkyCMS\Editor\Models\EditImagePostViewModel.cs(38,23): warning SA1300: Element 'imageBase64' should begin with an uppercase letter (https://github.com/DotNetAnalyzers/StyleCopAnalyzers/blob/master/documentation/SA1300.md) [D:\source\SkyCMS\Editor\Sky.Editor.csproj]
D:\source\SkyCMS\Editor\Models\EditImagePostViewModel.cs(43,24): warning SA1300: Element 'quantity' should begin with an uppercase letter (https://github.com/DotNetAnalyzers/StyleCopAnalyzers/blob/master/documentation/SA1300.md) [D:\source\SkyCMS\Editor\Sky.Editor.csproj]
D:\source\SkyCMS\Editor\Models\EditImagePostViewModel.cs(48,23): warning SA1300: Element 'width' should begin with an uppercase letter (https://github.com/DotNetAnalyzers/StyleCopAnalyzers/blob/master/documentation/SA1300.md) [D:\source\SkyCMS\Editor\Sky.Editor.csproj]
D:\source\SkyCMS\Editor\Models\EditImagePostViewModel.cs(53,23): warning SA1300: Element 'height' should begin with an uppercase letter (https://github.com/DotNetAnalyzers/StyleCopAnalyzers/blob/master/documentation/SA1300.md) [D:\source\SkyCMS\Editor\Sky.Editor.csproj]
D:\source\SkyCMS\Editor\Models\EditImagePostViewModel.cs(58,23): warning SA1300: Element 'folder' should begin with an uppercase letter (https://github.com/DotNetAnalyzers/StyleCopAnalyzers/blob/master/documentation/SA1300.md) [D:\source\SkyCMS\Editor\Sky.Editor.csproj]
D:\source\SkyCMS\Editor\Areas\Setup\Pages\Step3_Publisher.cshtml.cs(273,27): warning SA1624: Because the property only contains a visible get accessor, the documentation summary text should begin with 'Gets'. (https://github.com/DotNetAnalyzers/StyleCopAnalyzers/blob/master/documentation/SA1624.md) [D:\source\SkyCMS\Editor\Sky.Editor.csproj]
D:\source\SkyCMS\Editor\Areas\Setup\Pages\Step3_Publisher.cshtml.cs(278,27): warning SA1624: Because the property only contains a visible get accessor, the documentation summary text should begin with 'Gets'. (https://github.com/DotNetAnalyzers/StyleCopAnalyzers/blob/master/documentation/SA1624.md) [D:\source\SkyCMS\Editor\Sky.Editor.csproj]
D:\source\SkyCMS\Editor\Areas\Setup\Pages\Step3_Publisher.cshtml.cs(283,27): warning SA1624: Because the property only contains a visible get accessor, the documentation summary text should begin with 'Gets'. (https://github.com/DotNetAnalyzers/StyleCopAnalyzers/blob/master/documentation/SA1624.md) [D:\source\SkyCMS\Editor\Sky.Editor.csproj]
D:\source\SkyCMS\Editor\Models\BlogStreamViewModel.cs(146,20): warning SA1133: Each attribute should be placed in its own set of square brackets. (https://github.com/DotNetAnalyzers/StyleCopAnalyzers/blob/master/documentation/SA1133.md) [D:\source\SkyCMS\Editor\Sky.Editor.csproj]
D:\source\SkyCMS\Editor\Models\FileUploadResult.cs(18,21): warning SA1300: Element 'uploaded' should begin with an uppercase letter (https://github.com/DotNetAnalyzers/StyleCopAnalyzers/blob/master/documentation/SA1300.md) [D:\source\SkyCMS\Editor\Sky.Editor.csproj]
D:\source\SkyCMS\Editor\Models\FileUploadResult.cs(23,23): warning SA1300: Element 'fileUid' should begin with an uppercase letter (https://github.com/DotNetAnalyzers/StyleCopAnalyzers/blob/master/documentation/SA1300.md) [D:\source\SkyCMS\Editor\Sky.Editor.csproj]
D:\source\SkyCMS\Editor\Models\DesignerResult.cs(18,21): warning SA1300: Element 'success' should begin with an uppercase letter (https://github.com/DotNetAnalyzers/StyleCopAnalyzers/blob/master/documentation/SA1300.md) [D:\source\SkyCMS\Editor\Sky.Editor.csproj]
D:\source\SkyCMS\Editor\Models\DesignerResult.cs(23,24): warning SA1300: Element 'message' should begin with an uppercase letter (https://github.com/DotNetAnalyzers/StyleCopAnalyzers/blob/master/documentation/SA1300.md) [D:\source\SkyCMS\Editor\Sky.Editor.csproj]
D:\source\SkyCMS\Editor\Areas\Identity\Pages\Account\Manage\ChangePassword.cshtml.cs(130,17): warning SA1117: The parameters should all be placed on the same line or each parameter should be placed on its own line. (https://github.com/DotNetAnalyzers/StyleCopAnalyzers/blob/master/documentation/SA1117.md) [D:\source\SkyCMS\Editor\Sky.Editor.csproj]
D:\source\SkyCMS\Editor\Services\ThumbnailCreator.cs(23,81): warning CA1416: This call site is reachable on all platforms. 'ImageFormat' is only supported on: 'windows' 6.1 and later. (https://learn.microsoft.com/dotnet/fundamentals/code-analysis/quality-rules/ca1416) [D:\source\SkyCMS\Editor\Sky.Editor.csproj]
D:\source\SkyCMS\Editor\Services\ThumbnailCreator.cs(27,29): warning CA1416: This call site is reachable on all platforms. 'ImageFormat.Jpeg' is only supported on: 'windows' 6.1 and later. (https://learn.microsoft.com/dotnet/fundamentals/code-analysis/quality-rules/ca1416) [D:\source\SkyCMS\Editor\Sky.Editor.csproj]
D:\source\SkyCMS\Editor\Services\ThumbnailCreator.cs(26,28): warning CA1416: This call site is reachable on all platforms. 'ImageFormat.Gif' is only supported on: 'windows' 6.1 and later. (https://learn.microsoft.com/dotnet/fundamentals/code-analysis/quality-rules/ca1416) [D:\source\SkyCMS\Editor\Sky.Editor.csproj]
D:\source\SkyCMS\Editor\Services\ThumbnailCreator.cs(25,28): warning CA1416: This call site is reachable on all platforms. 'ImageFormat.Png' is only supported on: 'windows' 6.1 and later. (https://learn.microsoft.com/dotnet/fundamentals/code-analysis/quality-rules/ca1416) [D:\source\SkyCMS\Editor\Sky.Editor.csproj]
D:\source\SkyCMS\Editor\Services\ThumbnailCreator.cs(25,13): warning CA1416: This call site is reachable on all platforms. 'ImageFormat' is only supported on: 'windows' 6.1 and later. (https://learn.microsoft.com/dotnet/fundamentals/code-analysis/quality-rules/ca1416) [D:\source\SkyCMS\Editor\Sky.Editor.csproj]
D:\source\SkyCMS\Editor\Services\ThumbnailCreator.cs(27,13): warning CA1416: This call site is reachable on all platforms. 'ImageFormat' is only supported on: 'windows' 6.1 and later. (https://learn.microsoft.com/dotnet/fundamentals/code-analysis/quality-rules/ca1416) [D:\source\SkyCMS\Editor\Sky.Editor.csproj]
D:\source\SkyCMS\Editor\Services\ThumbnailCreator.cs(26,13): warning CA1416: This call site is reachable on all platforms. 'ImageFormat' is only supported on: 'windows' 6.1 and later. (https://learn.microsoft.com/dotnet/fundamentals/code-analysis/quality-rules/ca1416) [D:\source\SkyCMS\Editor\Sky.Editor.csproj]
D:\source\SkyCMS\Editor\Models\GrapesJs\page.cs(45,18): warning SA1300: Element 'page' should begin with an uppercase letter (https://github.com/DotNetAnalyzers/StyleCopAnalyzers/blob/master/documentation/SA1300.md) [D:\source\SkyCMS\Editor\Sky.Editor.csproj]
D:\source\SkyCMS\Editor\Models\GrapesJs\page.cs(67,23): warning SA1300: Element 'component' should begin with an uppercase letter (https://github.com/DotNetAnalyzers/StyleCopAnalyzers/blob/master/documentation/SA1300.md) [D:\source\SkyCMS\Editor\Sky.Editor.csproj]
D:\source\SkyCMS\Editor\Models\GrapesJs\page.cs(16,18): warning SA1300: Element 'project' should begin with an uppercase letter (https://github.com/DotNetAnalyzers/StyleCopAnalyzers/blob/master/documentation/SA1300.md) [D:\source\SkyCMS\Editor\Sky.Editor.csproj]
D:\source\SkyCMS\Editor\Controllers\LayoutImportConstants.cs(18,29): warning SA1310: Field 'COSMOS_HEAD_START' should not contain an underscore (https://github.com/DotNetAnalyzers/StyleCopAnalyzers/blob/master/documentation/SA1310.md) [D:\source\SkyCMS\Editor\Sky.Editor.csproj]
D:\source\SkyCMS\Editor\Services\BlogPublishing\BlogPublishingService.cs(72,22): warning SA1300: Element 'userId' should begin with an uppercase letter (https://github.com/DotNetAnalyzers/StyleCopAnalyzers/blob/master/documentation/SA1300.md) [D:\source\SkyCMS\Editor\Sky.Editor.csproj]
D:\source\SkyCMS\Editor\Controllers\LayoutImportConstants.cs(23,29): warning SA1310: Field 'COSMOS_HEAD_END' should not contain an underscore (https://github.com/DotNetAnalyzers/StyleCopAnalyzers/blob/master/documentation/SA1310.md) [D:\source\SkyCMS\Editor\Sky.Editor.csproj]
D:\source\SkyCMS\Editor\Areas\Setup\Pages\Step3_Publisher.cshtml.cs(1,4): warning SA1638: File header file name documentation should match file name. (https://github.com/DotNetAnalyzers/StyleCopAnalyzers/blob/master/documentation/SA1638.md) [D:\source\SkyCMS\Editor\Sky.Editor.csproj]
D:\source\SkyCMS\Editor\Controllers\LayoutImportConstants.cs(28,29): warning SA1310: Field 'COSMOS_BODY_HEADER_START' should not contain an underscore (https://github.com/DotNetAnalyzers/StyleCopAnalyzers/blob/master/documentation/SA1310.md) [D:\source\SkyCMS\Editor\Sky.Editor.csproj]
D:\source\SkyCMS\Editor\Controllers\LayoutImportConstants.cs(33,29): warning SA1310: Field 'COSMOS_BODY_HEADER_END' should not contain an underscore (https://github.com/DotNetAnalyzers/StyleCopAnalyzers/blob/master/documentation/SA1310.md) [D:\source\SkyCMS\Editor\Sky.Editor.csproj]
D:\source\SkyCMS\Editor\Controllers\LayoutImportConstants.cs(43,29): warning SA1310: Field 'COSMOS_BODY_FOOTER_END' should not contain an underscore (https://github.com/DotNetAnalyzers/StyleCopAnalyzers/blob/master/documentation/SA1310.md) [D:\source\SkyCMS\Editor\Sky.Editor.csproj]
D:\source\SkyCMS\Editor\Controllers\LayoutImportConstants.cs(38,29): warning SA1310: Field 'COSMOS_BODY_FOOTER_START' should not contain an underscore (https://github.com/DotNetAnalyzers/StyleCopAnalyzers/blob/master/documentation/SA1310.md) [D:\source\SkyCMS\Editor\Sky.Editor.csproj]
D:\source\SkyCMS\Editor\Features\Articles\Create\CreateArticleHandler.cs(237,31): warning SA1204: Static members should appear before non-static members (https://github.com/DotNetAnalyzers/StyleCopAnalyzers/blob/master/documentation/SA1204.md) [D:\source\SkyCMS\Editor\Sky.Editor.csproj]
D:\source\SkyCMS\Editor\Controllers\HomeController.cs(434,31): warning SA1204: Static members should appear before non-static members (https://github.com/DotNetAnalyzers/StyleCopAnalyzers/blob/master/documentation/SA1204.md) [D:\source\SkyCMS\Editor\Sky.Editor.csproj]
D:\source\SkyCMS\Editor\Models\GrapesJs\page.cs(38,27): warning SA1300: Element 'pages' should begin with an uppercase letter (https://github.com/DotNetAnalyzers/StyleCopAnalyzers/blob/master/documentation/SA1300.md) [D:\source\SkyCMS\Editor\Sky.Editor.csproj]
D:\source\SkyCMS\Editor\Areas\Setup\Pages\Step5_Cdn.cshtml.cs(1,4): warning SA1638: File header file name documentation should match file name. (https://github.com/DotNetAnalyzers/StyleCopAnalyzers/blob/master/documentation/SA1638.md) [D:\source\SkyCMS\Editor\Sky.Editor.csproj]
D:\source\SkyCMS\Editor\Controllers\PageImportConstants.cs(18,29): warning SA1310: Field 'COSMOS_HEAD_START' should not contain an underscore (https://github.com/DotNetAnalyzers/StyleCopAnalyzers/blob/master/documentation/SA1310.md) [D:\source\SkyCMS\Editor\Sky.Editor.csproj]
D:\source\SkyCMS\Editor\Controllers\PageImportConstants.cs(23,29): warning SA1310: Field 'COSMOS_HEAD_END' should not contain an underscore (https://github.com/DotNetAnalyzers/StyleCopAnalyzers/blob/master/documentation/SA1310.md) [D:\source\SkyCMS\Editor\Sky.Editor.csproj]
D:\source\SkyCMS\Editor\Controllers\PageImportConstants.cs(28,29): warning SA1310: Field 'COSMOS_HEAD_SCRIPTS_START' should not contain an underscore (https://github.com/DotNetAnalyzers/StyleCopAnalyzers/blob/master/documentation/SA1310.md) [D:\source\SkyCMS\Editor\Sky.Editor.csproj]
D:\source\SkyCMS\Editor\Controllers\PageImportConstants.cs(33,29): warning SA1310: Field 'COSMOS_HEAD_SCRIPTS_END' should not contain an underscore (https://github.com/DotNetAnalyzers/StyleCopAnalyzers/blob/master/documentation/SA1310.md) [D:\source\SkyCMS\Editor\Sky.Editor.csproj]
D:\source\SkyCMS\Editor\Controllers\PageImportConstants.cs(38,29): warning SA1310: Field 'COSMOS_BODY_HEADER_START' should not contain an underscore (https://github.com/DotNetAnalyzers/StyleCopAnalyzers/blob/master/documentation/SA1310.md) [D:\source\SkyCMS\Editor\Sky.Editor.csproj]
D:\source\SkyCMS\Editor\Controllers\PageImportConstants.cs(43,29): warning SA1310: Field 'COSMOS_BODY_HEADER_END' should not contain an underscore (https://github.com/DotNetAnalyzers/StyleCopAnalyzers/blob/master/documentation/SA1310.md) [D:\source\SkyCMS\Editor\Sky.Editor.csproj]
D:\source\SkyCMS\Editor\Controllers\PageImportConstants.cs(48,29): warning SA1310: Field 'COSMOS_BODY_FOOTER_START' should not contain an underscore (https://github.com/DotNetAnalyzers/StyleCopAnalyzers/blob/master/documentation/SA1310.md) [D:\source\SkyCMS\Editor\Sky.Editor.csproj]
D:\source\SkyCMS\Editor\Controllers\PageImportConstants.cs(53,29): warning SA1310: Field 'COSMOS_BODY_FOOTER_END' should not contain an underscore (https://github.com/DotNetAnalyzers/StyleCopAnalyzers/blob/master/documentation/SA1310.md) [D:\source\SkyCMS\Editor\Sky.Editor.csproj]
D:\source\SkyCMS\Editor\Controllers\PageImportConstants.cs(58,29): warning SA1310: Field 'COSMOS_GOOGLE_TRANSLATE_START' should not contain an underscore (https://github.com/DotNetAnalyzers/StyleCopAnalyzers/blob/master/documentation/SA1310.md) [D:\source\SkyCMS\Editor\Sky.Editor.csproj]
D:\source\SkyCMS\Editor\Controllers\PageImportConstants.cs(63,29): warning SA1310: Field 'COSMOS_GOOGLE_TRANSLATE_END' should not contain an underscore (https://github.com/DotNetAnalyzers/StyleCopAnalyzers/blob/master/documentation/SA1310.md) [D:\source\SkyCMS\Editor\Sky.Editor.csproj]
D:\source\SkyCMS\Editor\Controllers\PageImportConstants.cs(68,29): warning SA1310: Field 'COSMOS_BODY_END_SCRIPTS_START' should not contain an underscore (https://github.com/DotNetAnalyzers/StyleCopAnalyzers/blob/master/documentation/SA1310.md) [D:\source\SkyCMS\Editor\Sky.Editor.csproj]
D:\source\SkyCMS\Editor\Controllers\PageImportConstants.cs(73,29): warning SA1310: Field 'COSMOS_BODY_END_SCRIPTS_END' should not contain an underscore (https://github.com/DotNetAnalyzers/StyleCopAnalyzers/blob/master/documentation/SA1310.md) [D:\source\SkyCMS\Editor\Sky.Editor.csproj]
D:\source\SkyCMS\Editor\Areas\Setup\Pages\Summary.cshtml.cs(25,18): warning SA1649: File name should match first type name. (https://github.com/DotNetAnalyzers/StyleCopAnalyzers/blob/master/documentation/SA1649.md) [D:\source\SkyCMS\Editor\Sky.Editor.csproj]
D:\source\SkyCMS\Editor\Areas\Setup\Pages\Summary.cshtml.cs(239,18): warning SA1402: File may only contain a single type (https://github.com/DotNetAnalyzers/StyleCopAnalyzers/blob/master/documentation/SA1402.md) [D:\source\SkyCMS\Editor\Sky.Editor.csproj]
D:\source\SkyCMS\Editor\Areas\Setup\Pages\Summary.cshtml.cs(270,18): warning SA1402: File may only contain a single type (https://github.com/DotNetAnalyzers/StyleCopAnalyzers/blob/master/documentation/SA1402.md) [D:\source\SkyCMS\Editor\Sky.Editor.csproj]
D:\source\SkyCMS\Editor\Areas\Identity\Pages\Account\Manage\Email.cshtml.cs(98,42): warning SA1202: 'public' members should come before 'private' members (https://github.com/DotNetAnalyzers/StyleCopAnalyzers/blob/master/documentation/SA1202.md) [D:\source\SkyCMS\Editor\Sky.Editor.csproj]
D:\source\SkyCMS\Editor\Areas\Identity\Pages\Account\Manage\Email.cshtml.cs(27,12): warning RCS1139: Add summary element to documentation comment (https://josefpihrt.github.io/docs/roslynator/analyzers/RCS1139) [D:\source\SkyCMS\Editor\Sky.Editor.csproj]
D:\source\SkyCMS\Editor\Areas\Identity\Pages\Account\Manage\Email.cshtml.cs(27,9): warning SA1626: Single-line comments should not use documentation style slashes (https://github.com/DotNetAnalyzers/StyleCopAnalyzers/blob/master/documentation/SA1626.md) [D:\source\SkyCMS\Editor\Sky.Editor.csproj]
D:\source\SkyCMS\Editor\Areas\Identity\Pages\Account\Manage\Email.cshtml.cs(28,9): warning SA1626: Single-line comments should not use documentation style slashes (https://github.com/DotNetAnalyzers/StyleCopAnalyzers/blob/master/documentation/SA1626.md) [D:\source\SkyCMS\Editor\Sky.Editor.csproj]
D:\source\SkyCMS\Editor\Models\UserCreatedViewModel.cs(51,15): warning SA1411: Attribute constructor should not use unnecessary parenthesis (https://github.com/DotNetAnalyzers/StyleCopAnalyzers/blob/master/documentation/SA1411.md) [D:\source\SkyCMS\Editor\Sky.Editor.csproj]
D:\source\SkyCMS\Editor\Controllers\LayoutsController.cs(861,31): warning SA1204: Static members should appear before non-static members (https://github.com/DotNetAnalyzers/StyleCopAnalyzers/blob/master/documentation/SA1204.md) [D:\source\SkyCMS\Editor\Sky.Editor.csproj]
D:\source\SkyCMS\Editor\Controllers\LayoutsController.cs(960,43): warning SA1204: Static members should appear before non-static members (https://github.com/DotNetAnalyzers/StyleCopAnalyzers/blob/master/documentation/SA1204.md) [D:\source\SkyCMS\Editor\Sky.Editor.csproj]
D:\source\SkyCMS\Editor\Controllers\LayoutsController.cs(1214,31): warning SA1204: Static members should appear before non-static members (https://github.com/DotNetAnalyzers/StyleCopAnalyzers/blob/master/documentation/SA1204.md) [D:\source\SkyCMS\Editor\Sky.Editor.csproj]
D:\source\SkyCMS\Editor\Controllers\EditorController.cs(2170,42): warning SA1202: 'public' members should come before 'private' members (https://github.com/DotNetAnalyzers/StyleCopAnalyzers/blob/master/documentation/SA1202.md) [D:\source\SkyCMS\Editor\Sky.Editor.csproj]
D:\source\SkyCMS\Editor\Areas\Setup\Pages\Tenant\Admin.cshtml.cs(19,18): warning SA1649: File name should match first type name. (https://github.com/DotNetAnalyzers/StyleCopAnalyzers/blob/master/documentation/SA1649.md) [D:\source\SkyCMS\Editor\Sky.Editor.csproj]
D:\source\SkyCMS\Editor\Areas\Setup\Pages\Tenant\Complete.cshtml.cs(18,18): warning SA1649: File name should match first type name. (https://github.com/DotNetAnalyzers/StyleCopAnalyzers/blob/master/documentation/SA1649.md) [D:\source\SkyCMS\Editor\Sky.Editor.csproj]
D:\source\SkyCMS\Editor\Services\CDN\AllOrNoneRequiredAttribute.cs(15,18): warning RCS1203: Use AttributeUsageAttribute (https://josefpihrt.github.io/docs/roslynator/analyzers/RCS1203) [D:\source\SkyCMS\Editor\Sky.Editor.csproj]
D:\source\SkyCMS\Editor\Models\UserCreateViewModel.cs(35,15): warning SA1411: Attribute constructor should not use unnecessary parenthesis (https://github.com/DotNetAnalyzers/StyleCopAnalyzers/blob/master/documentation/SA1411.md) [D:\source\SkyCMS\Editor\Sky.Editor.csproj]
D:\source\SkyCMS\Editor\Areas\Setup\Pages\Tenant\Index.cshtml.cs(18,18): warning SA1649: File name should match first type name. (https://github.com/DotNetAnalyzers/StyleCopAnalyzers/blob/master/documentation/SA1649.md) [D:\source\SkyCMS\Editor\Sky.Editor.csproj]
D:\source\SkyCMS\Editor\Authorization\RequireSetupOrAdminAttribute.cs(90,18): warning SA1402: File may only contain a single type (https://github.com/DotNetAnalyzers/StyleCopAnalyzers/blob/master/documentation/SA1402.md) [D:\source\SkyCMS\Editor\Sky.Editor.csproj]
D:\source\SkyCMS\Editor\Authorization\RequireSetupOrAdminAttribute.cs(122,18): warning SA1402: File may only contain a single type (https://github.com/DotNetAnalyzers/StyleCopAnalyzers/blob/master/documentation/SA1402.md) [D:\source\SkyCMS\Editor\Sky.Editor.csproj]
D:\source\SkyCMS\Editor\Areas\Identity\Pages\Account\Manage\EnableAuthenticator.cshtml.cs(197,17): warning SA1117: The parameters should all be placed on the same line or each parameter should be placed on its own line. (https://github.com/DotNetAnalyzers/StyleCopAnalyzers/blob/master/documentation/SA1117.md) [D:\source\SkyCMS\Editor\Sky.Editor.csproj]
D:\source\SkyCMS\Editor\Features\Articles\Save\SaveArticleHandler.cs(282,41): warning SA1204: Static members should appear before non-static members (https://github.com/DotNetAnalyzers/StyleCopAnalyzers/blob/master/documentation/SA1204.md) [D:\source\SkyCMS\Editor\Sky.Editor.csproj]
D:\source\SkyCMS\Editor\Controllers\UsersController.cs(575,42): warning SA1202: 'public' members should come before 'private' members (https://github.com/DotNetAnalyzers/StyleCopAnalyzers/blob/master/documentation/SA1202.md) [D:\source\SkyCMS\Editor\Sky.Editor.csproj]
D:\source\SkyCMS\Editor\Controllers\UsersController.cs(659,42): warning SA1202: 'public' members should come before 'private' members (https://github.com/DotNetAnalyzers/StyleCopAnalyzers/blob/master/documentation/SA1202.md) [D:\source\SkyCMS\Editor\Sky.Editor.csproj]
D:\source\SkyCMS\Editor\Areas\Identity\Pages\Account\Manage\Index.cshtml.cs(77,42): warning SA1202: 'public' members should come before 'private' members (https://github.com/DotNetAnalyzers/StyleCopAnalyzers/blob/master/documentation/SA1202.md) [D:\source\SkyCMS\Editor\Sky.Editor.csproj]
D:\source\SkyCMS\Editor\Services\Html\ArticleHtmlService.cs(88,23): warning SA1202: 'public' members should come before 'private' members (https://github.com/DotNetAnalyzers/StyleCopAnalyzers/blob/master/documentation/SA1202.md) [D:\source\SkyCMS\Editor\Sky.Editor.csproj]
D:\source\SkyCMS\Editor\Services\Migrations\Core\IMigration.cs(91,17): warning SA1201: A enum should not follow a class (https://github.com/DotNetAnalyzers/StyleCopAnalyzers/blob/master/documentation/SA1201.md) [D:\source\SkyCMS\Editor\Sky.Editor.csproj]
D:\source\SkyCMS\Editor\Areas\Identity\Pages\Account\Manage\SetPassword.cshtml.cs(116,17): warning SA1117: The parameters should all be placed on the same line or each parameter should be placed on its own line. (https://github.com/DotNetAnalyzers/StyleCopAnalyzers/blob/master/documentation/SA1117.md) [D:\source\SkyCMS\Editor\Sky.Editor.csproj]
D:\source\SkyCMS\Editor\Services\Layouts\LayoutImportService.cs(30,30): warning SA1310: Field 'CATALOG_CACHE_KEY' should not contain an underscore (https://github.com/DotNetAnalyzers/StyleCopAnalyzers/blob/master/documentation/SA1310.md) [D:\source\SkyCMS\Editor\Sky.Editor.csproj]
D:\source\SkyCMS\Editor\Services\CDN\FastlyCdnDriver.cs(181,27): warning SA1300: Element 'status' should begin with an uppercase letter (https://github.com/DotNetAnalyzers/StyleCopAnalyzers/blob/master/documentation/SA1300.md) [D:\source\SkyCMS\Editor\Sky.Editor.csproj]
D:\source\SkyCMS\Editor\Services\CDN\FastlyCdnDriver.cs(183,27): warning SA1300: Element 'id' should begin with an uppercase letter (https://github.com/DotNetAnalyzers/StyleCopAnalyzers/blob/master/documentation/SA1300.md) [D:\source\SkyCMS\Editor\Sky.Editor.csproj]
D:\source\SkyCMS\Editor\Services\CDN\FastlyCdnDriver.cs(191,27): warning SA1300: Element 'status' should begin with an uppercase letter (https://github.com/DotNetAnalyzers/StyleCopAnalyzers/blob/master/documentation/SA1300.md) [D:\source\SkyCMS\Editor\Sky.Editor.csproj]
D:\source\SkyCMS\Editor\Services\Migrations\MigrationService.cs(252,30): warning SA1202: 'internal' members should come before 'private' members (https://github.com/DotNetAnalyzers/StyleCopAnalyzers/blob/master/documentation/SA1202.md) [D:\source\SkyCMS\Editor\Sky.Editor.csproj]
D:\source\SkyCMS\Editor\Services\Migrations\MigrationService.cs(493,29): warning SA1204: Static members should appear before non-static members (https://github.com/DotNetAnalyzers/StyleCopAnalyzers/blob/master/documentation/SA1204.md) [D:\source\SkyCMS\Editor\Sky.Editor.csproj]
D:\source\SkyCMS\Editor\Services\Publishing\StorageParallelismHelper.cs(190,22): warning SA1201: A enum should not follow a method (https://github.com/DotNetAnalyzers/StyleCopAnalyzers/blob/master/documentation/SA1201.md) [D:\source\SkyCMS\Editor\Sky.Editor.csproj]
D:\source\SkyCMS\Editor\Services\Titles\UrlChange.cs(29,16): warning SA1206: The 'required' modifier should appear before 'public' (https://github.com/DotNetAnalyzers/StyleCopAnalyzers/blob/master/documentation/SA1206.md) [D:\source\SkyCMS\Editor\Sky.Editor.csproj]
D:\source\SkyCMS\Editor\Services\Titles\UrlChange.cs(39,16): warning SA1206: The 'required' modifier should appear before 'public' (https://github.com/DotNetAnalyzers/StyleCopAnalyzers/blob/master/documentation/SA1206.md) [D:\source\SkyCMS\Editor\Sky.Editor.csproj]
D:\source\SkyCMS\Editor\Services\Titles\UrlChange.cs(44,16): warning SA1206: The 'required' modifier should appear before 'public' (https://github.com/DotNetAnalyzers/StyleCopAnalyzers/blob/master/documentation/SA1206.md) [D:\source\SkyCMS\Editor\Sky.Editor.csproj]
D:\source\SkyCMS\Editor\Services\Titles\UrlChange.cs(24,16): warning SA1206: The 'required' modifier should appear before 'public' (https://github.com/DotNetAnalyzers/StyleCopAnalyzers/blob/master/documentation/SA1206.md) [D:\source\SkyCMS\Editor\Sky.Editor.csproj]
D:\source\SkyCMS\Editor\Services\Publishing\PublishingService.cs(106,33): warning SA1201: A field should not follow a constructor (https://github.com/DotNetAnalyzers/StyleCopAnalyzers/blob/master/documentation/SA1201.md) [D:\source\SkyCMS\Editor\Sky.Editor.csproj]
D:\source\SkyCMS\Editor\Services\Publishing\PublishingService.cs(209,44): warning SA1202: 'public' members should come before 'private' members (https://github.com/DotNetAnalyzers/StyleCopAnalyzers/blob/master/documentation/SA1202.md) [D:\source\SkyCMS\Editor\Sky.Editor.csproj]
D:\source\SkyCMS\Editor\Services\Publishing\PublishingService.cs(688,27): warning SA1202: 'public' members should come before 'private' members (https://github.com/DotNetAnalyzers/StyleCopAnalyzers/blob/master/documentation/SA1202.md) [D:\source\SkyCMS\Editor\Sky.Editor.csproj]
D:\source\SkyCMS\Editor\Services\Publishing\PublishingService.cs(675,29): warning SA1204: Static members should appear before non-static members (https://github.com/DotNetAnalyzers/StyleCopAnalyzers/blob/master/documentation/SA1204.md) [D:\source\SkyCMS\Editor\Sky.Editor.csproj]
D:\source\SkyCMS\Editor\Services\Publishing\PublishingService.cs(108,22): warning SA1300: Element 'userId' should begin with an uppercase letter (https://github.com/DotNetAnalyzers/StyleCopAnalyzers/blob/master/documentation/SA1300.md) [D:\source\SkyCMS\Editor\Sky.Editor.csproj]
D:\source\SkyCMS\Editor\Services\Templates\TemplateService.cs(606,54): warning SA1202: 'public' members should come before 'private' members (https://github.com/DotNetAnalyzers/StyleCopAnalyzers/blob/master/documentation/SA1202.md) [D:\source\SkyCMS\Editor\Sky.Editor.csproj]
D:\source\SkyCMS\Editor\Services\Setup\SetupService.cs(823,27): warning SA1202: 'public' members should come before 'private' members (https://github.com/DotNetAnalyzers/StyleCopAnalyzers/blob/master/documentation/SA1202.md) [D:\source\SkyCMS\Editor\Sky.Editor.csproj]
D:\source\SkyCMS\Editor\Services\Setup\SetupService.cs(950,27): warning SA1202: 'public' members should come before 'private' members (https://github.com/DotNetAnalyzers/StyleCopAnalyzers/blob/master/documentation/SA1202.md) [D:\source\SkyCMS\Editor\Sky.Editor.csproj]
D:\source\SkyCMS\Editor\Services\Setup\SetupService.cs(1211,27): warning SA1202: 'public' members should come before 'private' members (https://github.com/DotNetAnalyzers/StyleCopAnalyzers/blob/master/documentation/SA1202.md) [D:\source\SkyCMS\Editor\Sky.Editor.csproj]
D:\source\SkyCMS\Editor\Services\ViewRenderingService.cs(60,34): warning SA1116: The parameters should begin on the line after the declaration, whenever the parameter span across multiple lines (https://github.com/DotNetAnalyzers/StyleCopAnalyzers/blob/master/documentation/SA1116.md) [D:\source\SkyCMS\Editor\Sky.Editor.csproj]
D:\source\SkyCMS\Editor\Services\ViewRenderingService.cs(34,13): warning SA1614: Element parameter documentation should have text (https://github.com/DotNetAnalyzers/StyleCopAnalyzers/blob/master/documentation/SA1614.md) [D:\source\SkyCMS\Editor\Sky.Editor.csproj]
D:\source\SkyCMS\Editor\Services\ViewRenderingService.cs(35,13): warning SA1614: Element parameter documentation should have text (https://github.com/DotNetAnalyzers/StyleCopAnalyzers/blob/master/documentation/SA1614.md) [D:\source\SkyCMS\Editor\Sky.Editor.csproj]
D:\source\SkyCMS\Editor\Services\MultiDatabaseManagementUtilities.cs(107,31): warning SA1116: The parameters should begin on the line after the declaration, whenever the parameter span across multiple lines (https://github.com/DotNetAnalyzers/StyleCopAnalyzers/blob/master/documentation/SA1116.md) [D:\source\SkyCMS\Editor\Sky.Editor.csproj]
D:\source\SkyCMS\Editor\Services\MultiDatabaseManagementUtilities.cs(123,39): warning SA1116: The parameters should begin on the line after the declaration, whenever the parameter span across multiple lines (https://github.com/DotNetAnalyzers/StyleCopAnalyzers/blob/master/documentation/SA1116.md) [D:\source\SkyCMS\Editor\Sky.Editor.csproj]
D:\source\SkyCMS\Editor\Services\MultiDatabaseManagementUtilities.cs(143,43): warning SA1116: The parameters should begin on the line after the declaration, whenever the parameter span across multiple lines (https://github.com/DotNetAnalyzers/StyleCopAnalyzers/blob/master/documentation/SA1116.md) [D:\source\SkyCMS\Editor\Sky.Editor.csproj]
D:\source\SkyCMS\Editor\Services\MultiDatabaseManagementUtilities.cs(108,37): warning SA1117: The parameters should all be placed on the same line or each parameter should be placed on its own line. (https://github.com/DotNetAnalyzers/StyleCopAnalyzers/blob/master/documentation/SA1117.md) [D:\source\SkyCMS\Editor\Sky.Editor.csproj]
D:\source\SkyCMS\Editor\Services\MultiDatabaseManagementUtilities.cs(124,45): warning SA1117: The parameters should all be placed on the same line or each parameter should be placed on its own line. (https://github.com/DotNetAnalyzers/StyleCopAnalyzers/blob/master/documentation/SA1117.md) [D:\source\SkyCMS\Editor\Sky.Editor.csproj]
D:\source\SkyCMS\Editor\Services\MultiDatabaseManagementUtilities.cs(144,45): warning SA1117: The parameters should all be placed on the same line or each parameter should be placed on its own line. (https://github.com/DotNetAnalyzers/StyleCopAnalyzers/blob/master/documentation/SA1117.md) [D:\source\SkyCMS\Editor\Sky.Editor.csproj]
D:\source\SkyCMS\Editor\Data\Logic\LayoutUtilities.cs(232,28): warning SA1618: The documentation for type parameter 'T' is missing (https://github.com/DotNetAnalyzers/StyleCopAnalyzers/blob/master/documentation/SA1618.md) [D:\source\SkyCMS\Editor\Sky.Editor.csproj]
D:\source\SkyCMS\Editor\Services\ThumbnailCreator.cs(50,32): warning CA1416: This call site is reachable on all platforms. 'Image.FromStream(Stream)' is only supported on: 'windows' 6.1 and later. (https://learn.microsoft.com/dotnet/fundamentals/code-analysis/quality-rules/ca1416) [D:\source\SkyCMS\Editor\Sky.Editor.csproj]
D:\source\SkyCMS\Editor\Services\ThumbnailCreator.cs(66,25): warning CA1416: This call site is reachable on all platforms. 'Image.Save(Stream, ImageFormat)' is only supported on: 'windows' 6.1 and later. (https://learn.microsoft.com/dotnet/fundamentals/code-analysis/quality-rules/ca1416) [D:\source\SkyCMS\Editor\Sky.Editor.csproj]
D:\source\SkyCMS\Editor\Services\ThumbnailCreator.cs(66,54): warning CA1416: This call site is reachable on all platforms. 'ImageFormat' is only supported on: 'windows' 6.1 and later. (https://learn.microsoft.com/dotnet/fundamentals/code-analysis/quality-rules/ca1416) [D:\source\SkyCMS\Editor\Sky.Editor.csproj]
D:\source\SkyCMS\Editor\Services\ThumbnailCreator.cs(55,29): warning CA1416: This call site is reachable on all platforms. 'Image.Width' is only supported on: 'windows' 6.1 and later. (https://learn.microsoft.com/dotnet/fundamentals/code-analysis/quality-rules/ca1416) [D:\source\SkyCMS\Editor\Sky.Editor.csproj]
D:\source\SkyCMS\Editor\Services\ThumbnailCreator.cs(60,40): warning CA1416: This call site is reachable on all platforms. 'Bitmap' is only supported on: 'windows' 6.1 and later. (https://learn.microsoft.com/dotnet/fundamentals/code-analysis/quality-rules/ca1416) [D:\source\SkyCMS\Editor\Sky.Editor.csproj]
D:\source\SkyCMS\Editor\Services\ThumbnailCreator.cs(54,30): warning CA1416: This call site is reachable on all platforms. 'Image.Height' is only supported on: 'windows' 6.1 and later. (https://learn.microsoft.com/dotnet/fundamentals/code-analysis/quality-rules/ca1416) [D:\source\SkyCMS\Editor\Sky.Editor.csproj]
D:\source\SkyCMS\Editor\Services\ThumbnailCreator.cs(87,21): warning CA1416: This call site is reachable on all platforms. 'Image.Save(Stream, ImageFormat)' is only supported on: 'windows' 6.1 and later. (https://learn.microsoft.com/dotnet/fundamentals/code-analysis/quality-rules/ca1416) [D:\source\SkyCMS\Editor\Sky.Editor.csproj]
D:\source\SkyCMS\Editor\Services\ThumbnailCreator.cs(88,45): warning CA1416: This call site is reachable on all platforms. 'ImageFormat' is only supported on: 'windows' 6.1 and later. (https://learn.microsoft.com/dotnet/fundamentals/code-analysis/quality-rules/ca1416) [D:\source\SkyCMS\Editor\Sky.Editor.csproj]
D:\source\SkyCMS\Editor\Services\ThumbnailCreator.cs(83,32): warning CA1416: This call site is reachable on all platforms. 'Image.FromStream(Stream)' is only supported on: 'windows' 6.1 and later. (https://learn.microsoft.com/dotnet/fundamentals/code-analysis/quality-rules/ca1416) [D:\source\SkyCMS\Editor\Sky.Editor.csproj]
D:\source\SkyCMS\Editor\Hubs\ChatHub.cs(59,13): warning SA1614: Element parameter documentation should have text (https://github.com/DotNetAnalyzers/StyleCopAnalyzers/blob/master/documentation/SA1614.md) [D:\source\SkyCMS\Editor\Sky.Editor.csproj]
D:\source\SkyCMS\Editor\Hubs\ChatHub.cs(60,13): warning SA1614: Element parameter documentation should have text (https://github.com/DotNetAnalyzers/StyleCopAnalyzers/blob/master/documentation/SA1614.md) [D:\source\SkyCMS\Editor\Sky.Editor.csproj]
D:\source\SkyCMS\Editor\Hubs\ChatHub.cs(54,9): warning SA1124: Do not use regions (https://github.com/DotNetAnalyzers/StyleCopAnalyzers/blob/master/documentation/SA1124.md) [D:\source\SkyCMS\Editor\Sky.Editor.csproj]
D:\source\SkyCMS\Editor\Hubs\ChatHub.cs(71,13): warning SA1614: Element parameter documentation should have text (https://github.com/DotNetAnalyzers/StyleCopAnalyzers/blob/master/documentation/SA1614.md) [D:\source\SkyCMS\Editor\Sky.Editor.csproj]
D:\source\SkyCMS\Editor\Hubs\ChatHub.cs(82,13): warning SA1614: Element parameter documentation should have text (https://github.com/DotNetAnalyzers/StyleCopAnalyzers/blob/master/documentation/SA1614.md) [D:\source\SkyCMS\Editor\Sky.Editor.csproj]
D:\source\SkyCMS\Editor\Hubs\ChatHub.cs(98,13): warning SA1614: Element parameter documentation should have text (https://github.com/DotNetAnalyzers/StyleCopAnalyzers/blob/master/documentation/SA1614.md) [D:\source\SkyCMS\Editor\Sky.Editor.csproj]
D:\source\SkyCMS\Editor\Hubs\ChatHub.cs(92,9): warning SA1124: Do not use regions (https://github.com/DotNetAnalyzers/StyleCopAnalyzers/blob/master/documentation/SA1124.md) [D:\source\SkyCMS\Editor\Sky.Editor.csproj]
D:\source\SkyCMS\Editor\Services\ThumbnailCreator.cs(102,17): warning CA1416: This call site is reachable on all platforms. 'Graphics.InterpolationMode' is only supported on: 'windows' 6.1 and later. (https://learn.microsoft.com/dotnet/fundamentals/code-analysis/quality-rules/ca1416) [D:\source\SkyCMS\Editor\Sky.Editor.csproj]
D:\source\SkyCMS\Editor\Services\ThumbnailCreator.cs(104,50): warning CA1416: This call site is reachable on all platforms. 'Image.Width' is only supported on: 'windows' 6.1 and later. (https://learn.microsoft.com/dotnet/fundamentals/code-analysis/quality-rules/ca1416) [D:\source\SkyCMS\Editor\Sky.Editor.csproj]
D:\source\SkyCMS\Editor\Services\ThumbnailCreator.cs(104,69): warning CA1416: This call site is reachable on all platforms. 'Image.Height' is only supported on: 'windows' 6.1 and later. (https://learn.microsoft.com/dotnet/fundamentals/code-analysis/quality-rules/ca1416) [D:\source\SkyCMS\Editor\Sky.Editor.csproj]
D:\source\SkyCMS\Editor\Services\ThumbnailCreator.cs(101,17): warning CA1416: This call site is reachable on all platforms. 'Graphics.PixelOffsetMode' is only supported on: 'windows' 6.1 and later. (https://learn.microsoft.com/dotnet/fundamentals/code-analysis/quality-rules/ca1416) [D:\source\SkyCMS\Editor\Sky.Editor.csproj]
D:\source\SkyCMS\Editor\Services\ThumbnailCreator.cs(96,35): warning CA1416: This call site is reachable on all platforms. 'Graphics.FromImage(Image)' is only supported on: 'windows' 6.1 and later. (https://learn.microsoft.com/dotnet/fundamentals/code-analysis/quality-rules/ca1416) [D:\source\SkyCMS\Editor\Sky.Editor.csproj]
D:\source\SkyCMS\Editor\Services\ThumbnailCreator.cs(100,42): warning CA1416: This call site is reachable on all platforms. 'SmoothingMode.AntiAlias' is only supported on: 'windows' 6.1 and later. (https://learn.microsoft.com/dotnet/fundamentals/code-analysis/quality-rules/ca1416) [D:\source\SkyCMS\Editor\Sky.Editor.csproj]
D:\source\SkyCMS\Editor\Services\ThumbnailCreator.cs(98,44): warning CA1416: This call site is reachable on all platforms. 'CompositingMode.SourceCopy' is only supported on: 'windows' 6.1 and later. (https://learn.microsoft.com/dotnet/fundamentals/code-analysis/quality-rules/ca1416) [D:\source\SkyCMS\Editor\Sky.Editor.csproj]
D:\source\SkyCMS\Editor\Services\ThumbnailCreator.cs(99,17): warning CA1416: This call site is reachable on all platforms. 'Graphics.CompositingQuality' is only supported on: 'windows' 6.1 and later. (https://learn.microsoft.com/dotnet/fundamentals/code-analysis/quality-rules/ca1416) [D:\source\SkyCMS\Editor\Sky.Editor.csproj]
D:\source\SkyCMS\Editor\Services\ThumbnailCreator.cs(101,44): warning CA1416: This call site is reachable on all platforms. 'PixelOffsetMode.HighQuality' is only supported on: 'windows' 6.1 and later. (https://learn.microsoft.com/dotnet/fundamentals/code-analysis/quality-rules/ca1416) [D:\source\SkyCMS\Editor\Sky.Editor.csproj]
D:\source\SkyCMS\Editor\Services\ThumbnailCreator.cs(100,17): warning CA1416: This call site is reachable on all platforms. 'Graphics.SmoothingMode' is only supported on: 'windows' 6.1 and later. (https://learn.microsoft.com/dotnet/fundamentals/code-analysis/quality-rules/ca1416) [D:\source\SkyCMS\Editor\Sky.Editor.csproj]
D:\source\SkyCMS\Editor\Services\ThumbnailCreator.cs(102,46): warning CA1416: This call site is reachable on all platforms. 'InterpolationMode.HighQualityBicubic' is only supported on: 'windows' 6.1 and later. (https://learn.microsoft.com/dotnet/fundamentals/code-analysis/quality-rules/ca1416) [D:\source\SkyCMS\Editor\Sky.Editor.csproj]
D:\source\SkyCMS\Editor\Services\ThumbnailCreator.cs(99,47): warning CA1416: This call site is reachable on all platforms. 'CompositingQuality.HighQuality' is only supported on: 'windows' 6.1 and later. (https://learn.microsoft.com/dotnet/fundamentals/code-analysis/quality-rules/ca1416) [D:\source\SkyCMS\Editor\Sky.Editor.csproj]
D:\source\SkyCMS\Editor\Services\ThumbnailCreator.cs(98,17): warning CA1416: This call site is reachable on all platforms. 'Graphics.CompositingMode' is only supported on: 'windows' 6.1 and later. (https://learn.microsoft.com/dotnet/fundamentals/code-analysis/quality-rules/ca1416) [D:\source\SkyCMS\Editor\Sky.Editor.csproj]
D:\source\SkyCMS\Editor\Services\ThumbnailCreator.cs(104,17): warning CA1416: This call site is reachable on all platforms. 'Graphics.DrawImage(Image, int, int, int, int)' is only supported on: 'windows' 6.1 and later. (https://learn.microsoft.com/dotnet/fundamentals/code-analysis/quality-rules/ca1416) [D:\source\SkyCMS\Editor\Sky.Editor.csproj]
D:\source\SkyCMS\Editor\Hubs\ChatHub.cs(110,13): warning SA1614: Element parameter documentation should have text (https://github.com/DotNetAnalyzers/StyleCopAnalyzers/blob/master/documentation/SA1614.md) [D:\source\SkyCMS\Editor\Sky.Editor.csproj]
D:\source\SkyCMS\Editor\Hubs\ChatHub.cs(111,13): warning SA1614: Element parameter documentation should have text (https://github.com/DotNetAnalyzers/StyleCopAnalyzers/blob/master/documentation/SA1614.md) [D:\source\SkyCMS\Editor\Sky.Editor.csproj]
D:\source\SkyCMS\Editor\Areas\Identity\Pages\Account\RegisterConfirmation.cshtml.cs(56,13): warning SA1614: Element parameter documentation should have text (https://github.com/DotNetAnalyzers/StyleCopAnalyzers/blob/master/documentation/SA1614.md) [D:\source\SkyCMS\Editor\Sky.Editor.csproj]
D:\source\SkyCMS\Editor\Areas\Identity\Pages\Account\RegisterConfirmation.cshtml.cs(57,13): warning SA1614: Element parameter documentation should have text (https://github.com/DotNetAnalyzers/StyleCopAnalyzers/blob/master/documentation/SA1614.md) [D:\source\SkyCMS\Editor\Sky.Editor.csproj]
D:\source\SkyCMS\Editor\Domain\Events\IDomainEventHandler.cs(23,9): warning SA1615: Element return value should be documented (https://github.com/DotNetAnalyzers/StyleCopAnalyzers/blob/master/documentation/SA1615.md) [D:\source\SkyCMS\Editor\Sky.Editor.csproj]
D:\source\SkyCMS\Editor\Domain\Events\IDomainEventHandler.cs(34,9): warning SA1615: Element return value should be documented (https://github.com/DotNetAnalyzers/StyleCopAnalyzers/blob/master/documentation/SA1615.md) [D:\source\SkyCMS\Editor\Sky.Editor.csproj]
D:\source\SkyCMS\Editor\Hubs\ChatHub.cs(123,13): warning SA1614: Element parameter documentation should have text (https://github.com/DotNetAnalyzers/StyleCopAnalyzers/blob/master/documentation/SA1614.md) [D:\source\SkyCMS\Editor\Sky.Editor.csproj]
D:\source\SkyCMS\Editor\Hubs\ChatHub.cs(124,13): warning SA1614: Element parameter documentation should have text (https://github.com/DotNetAnalyzers/StyleCopAnalyzers/blob/master/documentation/SA1614.md) [D:\source\SkyCMS\Editor\Sky.Editor.csproj]
D:\source\SkyCMS\Editor\Hubs\ChatHub.cs(136,13): warning SA1614: Element parameter documentation should have text (https://github.com/DotNetAnalyzers/StyleCopAnalyzers/blob/master/documentation/SA1614.md) [D:\source\SkyCMS\Editor\Sky.Editor.csproj]
D:\source\SkyCMS\Editor\Hubs\ChatHub.cs(137,13): warning SA1614: Element parameter documentation should have text (https://github.com/DotNetAnalyzers/StyleCopAnalyzers/blob/master/documentation/SA1614.md) [D:\source\SkyCMS\Editor\Sky.Editor.csproj]
D:\source\SkyCMS\Editor\Domain\Events\Handlers\TitleChangedEventHandler.cs(58,35): warning SA1116: The parameters should begin on the line after the declaration, whenever the parameter span across multiple lines (https://github.com/DotNetAnalyzers/StyleCopAnalyzers/blob/master/documentation/SA1116.md) [D:\source\SkyCMS\Editor\Sky.Editor.csproj]
D:\source\SkyCMS\Editor\Domain\Events\Handlers\TitleChangedEventHandler.cs(59,39): warning SA1117: The parameters should all be placed on the same line or each parameter should be placed on its own line. (https://github.com/DotNetAnalyzers/StyleCopAnalyzers/blob/master/documentation/SA1117.md) [D:\source\SkyCMS\Editor\Sky.Editor.csproj]
D:\source\SkyCMS\Editor\Services\Titles\TitleChangeService.cs(341,21): warning RCS1155: Use StringComparison when comparing strings (https://josefpihrt.github.io/docs/roslynator/analyzers/RCS1155) [D:\source\SkyCMS\Editor\Sky.Editor.csproj]
D:\source\SkyCMS\Editor\Services\Titles\TitleChangeService.cs(344,21): warning RCS1155: Use StringComparison when comparing strings (https://josefpihrt.github.io/docs/roslynator/analyzers/RCS1155) [D:\source\SkyCMS\Editor\Sky.Editor.csproj]
D:\source\SkyCMS\Editor\Boot\MultiTenant.cs(212,47): warning SA1116: The parameters should begin on the line after the declaration, whenever the parameter span across multiple lines (https://github.com/DotNetAnalyzers/StyleCopAnalyzers/blob/master/documentation/SA1116.md) [D:\source\SkyCMS\Editor\Sky.Editor.csproj]
D:\source\SkyCMS\Editor\Boot\MultiTenant.cs(213,55): warning SA1117: The parameters should all be placed on the same line or each parameter should be placed on its own line. (https://github.com/DotNetAnalyzers/StyleCopAnalyzers/blob/master/documentation/SA1117.md) [D:\source\SkyCMS\Editor\Sky.Editor.csproj]
D:\source\SkyCMS\Editor\Services\ThumbnailCreator.cs(140,47): warning SA1407: Arithmetic expressions should declare precedence (https://github.com/DotNetAnalyzers/StyleCopAnalyzers/blob/master/documentation/SA1407.md) [D:\source\SkyCMS\Editor\Sky.Editor.csproj]
D:\source\SkyCMS\Editor\Services\ThumbnailCreator.cs(146,47): warning SA1407: Arithmetic expressions should declare precedence (https://github.com/DotNetAnalyzers/StyleCopAnalyzers/blob/master/documentation/SA1407.md) [D:\source\SkyCMS\Editor\Sky.Editor.csproj]
D:\source\SkyCMS\Editor\Services\ThumbnailCreator.cs(169,31): warning SA1116: The parameters should begin on the line after the declaration, whenever the parameter span across multiple lines (https://github.com/DotNetAnalyzers/StyleCopAnalyzers/blob/master/documentation/SA1116.md) [D:\source\SkyCMS\Editor\Sky.Editor.csproj]
D:\source\SkyCMS\Editor\Services\ThumbnailCreator.cs(174,13): warning CA1416: This call site is reachable on all platforms. 'Graphics.Dispose()' is only supported on: 'windows' 6.1 and later. (https://learn.microsoft.com/dotnet/fundamentals/code-analysis/quality-rules/ca1416) [D:\source\SkyCMS\Editor\Sky.Editor.csproj]
D:\source\SkyCMS\Editor\Services\ThumbnailCreator.cs(169,13): warning CA1416: This call site is reachable on all platforms. 'Graphics.DrawImage(Image, Rectangle, Rectangle, GraphicsUnit)' is only supported on: 'windows' 6.1 and later. (https://learn.microsoft.com/dotnet/fundamentals/code-analysis/quality-rules/ca1416) [D:\source\SkyCMS\Editor\Sky.Editor.csproj]
D:\source\SkyCMS\Editor\Services\ThumbnailCreator.cs(110,31): warning CA1416: This call site is reachable on all platforms. 'Image.Width' is only supported on: 'windows' 6.1 and later. (https://learn.microsoft.com/dotnet/fundamentals/code-analysis/quality-rules/ca1416) [D:\source\SkyCMS\Editor\Sky.Editor.csproj]
D:\source\SkyCMS\Editor\Services\ThumbnailCreator.cs(165,13): warning CA1416: This call site is reachable on all platforms. 'Graphics.InterpolationMode' is only supported on: 'windows' 6.1 and later. (https://learn.microsoft.com/dotnet/fundamentals/code-analysis/quality-rules/ca1416) [D:\source\SkyCMS\Editor\Sky.Editor.csproj]
D:\source\SkyCMS\Editor\Services\ThumbnailCreator.cs(166,13): warning CA1416: This call site is reachable on all platforms. 'Graphics.CompositingQuality' is only supported on: 'windows' 6.1 and later. (https://learn.microsoft.com/dotnet/fundamentals/code-analysis/quality-rules/ca1416) [D:\source\SkyCMS\Editor\Sky.Editor.csproj]
D:\source\SkyCMS\Editor\Services\ThumbnailCreator.cs(166,42): warning CA1416: This call site is reachable on all platforms. 'CompositingQuality.HighQuality' is only supported on: 'windows' 6.1 and later. (https://learn.microsoft.com/dotnet/fundamentals/code-analysis/quality-rules/ca1416) [D:\source\SkyCMS\Editor\Sky.Editor.csproj]
D:\source\SkyCMS\Editor\Services\ThumbnailCreator.cs(164,13): warning CA1416: This call site is reachable on all platforms. 'Graphics.Clear(Color)' is only supported on: 'windows' 6.1 and later. (https://learn.microsoft.com/dotnet/fundamentals/code-analysis/quality-rules/ca1416) [D:\source\SkyCMS\Editor\Sky.Editor.csproj]
D:\source\SkyCMS\Editor\Services\ThumbnailCreator.cs(161,17): warning CA1416: This call site is reachable on all platforms. 'PixelFormat.Format32bppRgb' is only supported on: 'windows' 6.1 and later. (https://learn.microsoft.com/dotnet/fundamentals/code-analysis/quality-rules/ca1416) [D:\source\SkyCMS\Editor\Sky.Editor.csproj]
D:\source\SkyCMS\Editor\Services\ThumbnailCreator.cs(158,27): warning CA1416: This call site is reachable on all platforms. 'Bitmap' is only supported on: 'windows' 6.1 and later. (https://learn.microsoft.com/dotnet/fundamentals/code-analysis/quality-rules/ca1416) [D:\source\SkyCMS\Editor\Sky.Editor.csproj]
D:\source\SkyCMS\Editor\Services\ThumbnailCreator.cs(167,13): warning CA1416: This call site is reachable on all platforms. 'Graphics.SmoothingMode' is only supported on: 'windows' 6.1 and later. (https://learn.microsoft.com/dotnet/fundamentals/code-analysis/quality-rules/ca1416) [D:\source\SkyCMS\Editor\Sky.Editor.csproj]
D:\source\SkyCMS\Editor\Services\ThumbnailCreator.cs(163,27): warning CA1416: This call site is reachable on all platforms. 'Graphics.FromImage(Image)' is only supported on: 'windows' 6.1 and later. (https://learn.microsoft.com/dotnet/fundamentals/code-analysis/quality-rules/ca1416) [D:\source\SkyCMS\Editor\Sky.Editor.csproj]
D:\source\SkyCMS\Editor\Services\ThumbnailCreator.cs(165,41): warning CA1416: This call site is reachable on all platforms. 'InterpolationMode.HighQualityBicubic' is only supported on: 'windows' 6.1 and later. (https://learn.microsoft.com/dotnet/fundamentals/code-analysis/quality-rules/ca1416) [D:\source\SkyCMS\Editor\Sky.Editor.csproj]
D:\source\SkyCMS\Editor\Services\ThumbnailCreator.cs(172,17): warning CA1416: This call site is reachable on all platforms. 'GraphicsUnit.Pixel' is only supported on: 'windows' 6.1 and later. (https://learn.microsoft.com/dotnet/fundamentals/code-analysis/quality-rules/ca1416) [D:\source\SkyCMS\Editor\Sky.Editor.csproj]
D:\source\SkyCMS\Editor\Services\ThumbnailCreator.cs(167,37): warning CA1416: This call site is reachable on all platforms. 'SmoothingMode.AntiAlias' is only supported on: 'windows' 6.1 and later. (https://learn.microsoft.com/dotnet/fundamentals/code-analysis/quality-rules/ca1416) [D:\source\SkyCMS\Editor\Sky.Editor.csproj]
D:\source\SkyCMS\Editor\Services\ThumbnailCreator.cs(111,32): warning CA1416: This call site is reachable on all platforms. 'Image.Height' is only supported on: 'windows' 6.1 and later. (https://learn.microsoft.com/dotnet/fundamentals/code-analysis/quality-rules/ca1416) [D:\source\SkyCMS\Editor\Sky.Editor.csproj]
D:\source\SkyCMS\Editor\Hubs\ChatHub.cs(207,13): warning SA1614: Element parameter documentation should have text (https://github.com/DotNetAnalyzers/StyleCopAnalyzers/blob/master/documentation/SA1614.md) [D:\source\SkyCMS\Editor\Sky.Editor.csproj]
D:\source\SkyCMS\Editor\Services\ImageResizer.cs(21,13): warning SA1614: Element parameter documentation should have text (https://github.com/DotNetAnalyzers/StyleCopAnalyzers/blob/master/documentation/SA1614.md) [D:\source\SkyCMS\Editor\Sky.Editor.csproj]
D:\source\SkyCMS\Editor\Services\ImageResizer.cs(22,13): warning SA1614: Element parameter documentation should have text (https://github.com/DotNetAnalyzers/StyleCopAnalyzers/blob/master/documentation/SA1614.md) [D:\source\SkyCMS\Editor\Sky.Editor.csproj]
D:\source\SkyCMS\Editor\Services\ImageResizer.cs(23,13): warning SA1616: Element return value documentation should have text (https://github.com/DotNetAnalyzers/StyleCopAnalyzers/blob/master/documentation/SA1616.md) [D:\source\SkyCMS\Editor\Sky.Editor.csproj]
D:\source\SkyCMS\Editor\Services\HtmlUtilities.cs(21,13): warning SA1614: Element parameter documentation should have text (https://github.com/DotNetAnalyzers/StyleCopAnalyzers/blob/master/documentation/SA1614.md) [D:\source\SkyCMS\Editor\Sky.Editor.csproj]
D:\source\SkyCMS\Editor\Services\HtmlUtilities.cs(22,13): warning SA1616: Element return value documentation should have text (https://github.com/DotNetAnalyzers/StyleCopAnalyzers/blob/master/documentation/SA1616.md) [D:\source\SkyCMS\Editor\Sky.Editor.csproj]
D:\source\SkyCMS\Editor\Models\GridPagerPartialViewModel.cs(21,13): warning SA1614: Element parameter documentation should have text (https://github.com/DotNetAnalyzers/StyleCopAnalyzers/blob/master/documentation/SA1614.md) [D:\source\SkyCMS\Editor\Sky.Editor.csproj]
D:\source\SkyCMS\Editor\Models\GridPagerPartialViewModel.cs(22,13): warning SA1614: Element parameter documentation should have text (https://github.com/DotNetAnalyzers/StyleCopAnalyzers/blob/master/documentation/SA1614.md) [D:\source\SkyCMS\Editor\Sky.Editor.csproj]
D:\source\SkyCMS\Editor\Models\GridPagerPartialViewModel.cs(23,13): warning SA1614: Element parameter documentation should have text (https://github.com/DotNetAnalyzers/StyleCopAnalyzers/blob/master/documentation/SA1614.md) [D:\source\SkyCMS\Editor\Sky.Editor.csproj]
D:\source\SkyCMS\Editor\Models\GridPagerPartialViewModel.cs(24,13): warning SA1614: Element parameter documentation should have text (https://github.com/DotNetAnalyzers/StyleCopAnalyzers/blob/master/documentation/SA1614.md) [D:\source\SkyCMS\Editor\Sky.Editor.csproj]
D:\source\SkyCMS\Editor\Models\GridPagerPartialViewModel.cs(25,13): warning SA1614: Element parameter documentation should have text (https://github.com/DotNetAnalyzers/StyleCopAnalyzers/blob/master/documentation/SA1614.md) [D:\source\SkyCMS\Editor\Sky.Editor.csproj]
D:\source\SkyCMS\Editor\Models\GridPagerPartialViewModel.cs(26,13): warning SA1614: Element parameter documentation should have text (https://github.com/DotNetAnalyzers/StyleCopAnalyzers/blob/master/documentation/SA1614.md) [D:\source\SkyCMS\Editor\Sky.Editor.csproj]
D:\source\SkyCMS\Editor\Models\GridPagerPartialViewModel.cs(27,13): warning SA1614: Element parameter documentation should have text (https://github.com/DotNetAnalyzers/StyleCopAnalyzers/blob/master/documentation/SA1614.md) [D:\source\SkyCMS\Editor\Sky.Editor.csproj]
D:\source\SkyCMS\Editor\Models\GridPagerPartialViewModel.cs(28,13): warning SA1614: Element parameter documentation should have text (https://github.com/DotNetAnalyzers/StyleCopAnalyzers/blob/master/documentation/SA1614.md) [D:\source\SkyCMS\Editor\Sky.Editor.csproj]
D:\source\SkyCMS\Editor\Models\GridPagerPartialViewModel.cs(29,13): warning SA1614: Element parameter documentation should have text (https://github.com/DotNetAnalyzers/StyleCopAnalyzers/blob/master/documentation/SA1614.md) [D:\source\SkyCMS\Editor\Sky.Editor.csproj]
D:\source\SkyCMS\Editor\Hubs\ChatHub.cs(255,13): warning SA1614: Element parameter documentation should have text (https://github.com/DotNetAnalyzers/StyleCopAnalyzers/blob/master/documentation/SA1614.md) [D:\source\SkyCMS\Editor\Sky.Editor.csproj]
D:\source\SkyCMS\Editor\Controllers\DeploymentController.cs(145,35): warning SA1116: The parameters should begin on the line after the declaration, whenever the parameter span across multiple lines (https://github.com/DotNetAnalyzers/StyleCopAnalyzers/blob/master/documentation/SA1116.md) [D:\source\SkyCMS\Editor\Sky.Editor.csproj]
D:\source\SkyCMS\Editor\Controllers\DeploymentController.cs(146,32): warning SA1117: The parameters should all be placed on the same line or each parameter should be placed on its own line. (https://github.com/DotNetAnalyzers/StyleCopAnalyzers/blob/master/documentation/SA1117.md) [D:\source\SkyCMS\Editor\Sky.Editor.csproj]
D:\source\SkyCMS\Editor\Hubs\ChatHub.cs(288,13): warning SA1614: Element parameter documentation should have text (https://github.com/DotNetAnalyzers/StyleCopAnalyzers/blob/master/documentation/SA1614.md) [D:\source\SkyCMS\Editor\Sky.Editor.csproj]
D:\source\SkyCMS\Editor\Areas\Identity\Pages\Account\Manage\TwoFactorAuthentication.cshtml.cs(31,13): warning SA1614: Element parameter documentation should have text (https://github.com/DotNetAnalyzers/StyleCopAnalyzers/blob/master/documentation/SA1614.md) [D:\source\SkyCMS\Editor\Sky.Editor.csproj]
D:\source\SkyCMS\Editor\Areas\Identity\Pages\Account\Manage\TwoFactorAuthentication.cshtml.cs(32,13): warning SA1614: Element parameter documentation should have text (https://github.com/DotNetAnalyzers/StyleCopAnalyzers/blob/master/documentation/SA1614.md) [D:\source\SkyCMS\Editor\Sky.Editor.csproj]
D:\source\SkyCMS\Editor\Areas\Identity\Pages\Account\Manage\TwoFactorAuthentication.cshtml.cs(33,13): warning SA1614: Element parameter documentation should have text (https://github.com/DotNetAnalyzers/StyleCopAnalyzers/blob/master/documentation/SA1614.md) [D:\source\SkyCMS\Editor\Sky.Editor.csproj]
D:\source\SkyCMS\Editor\Controllers\ContactsController.cs(270,21): warning SA1117: The parameters should all be placed on the same line or each parameter should be placed on its own line. (https://github.com/DotNetAnalyzers/StyleCopAnalyzers/blob/master/documentation/SA1117.md) [D:\source\SkyCMS\Editor\Sky.Editor.csproj]
D:\source\SkyCMS\Editor\Extensions\LayoutQueryExtensions.cs(21,81): warning SA1611: The documentation for parameter 'query' is missing (https://github.com/DotNetAnalyzers/StyleCopAnalyzers/blob/master/documentation/SA1611.md) [D:\source\SkyCMS\Editor\Sky.Editor.csproj]
D:\source\SkyCMS\Editor\Extensions\LayoutQueryExtensions.cs(21,92): warning SA1611: The documentation for parameter 'layoutNumber' is missing (https://github.com/DotNetAnalyzers/StyleCopAnalyzers/blob/master/documentation/SA1611.md) [D:\source\SkyCMS\Editor\Sky.Editor.csproj]
D:\source\SkyCMS\Editor\Extensions\LayoutQueryExtensions.cs(21,23): warning SA1615: Element return value should be documented (https://github.com/DotNetAnalyzers/StyleCopAnalyzers/blob/master/documentation/SA1615.md) [D:\source\SkyCMS\Editor\Sky.Editor.csproj]
D:\source\SkyCMS\Editor\Controllers\UsersController.cs(484,71): warning SA1116: The parameters should begin on the line after the declaration, whenever the parameter span across multiple lines (https://github.com/DotNetAnalyzers/StyleCopAnalyzers/blob/master/documentation/SA1116.md) [D:\source\SkyCMS\Editor\Sky.Editor.csproj]
D:\source\SkyCMS\Editor\Areas\Identity\Pages\Account\Manage\ShowRecoveryCodes.cshtml.cs(33,13): warning SA1616: Element return value documentation should have text (https://github.com/DotNetAnalyzers/StyleCopAnalyzers/blob/master/documentation/SA1616.md) [D:\source\SkyCMS\Editor\Sky.Editor.csproj]
D:\source\SkyCMS\Editor\Extensions\LayoutQueryExtensions.cs(29,81): warning SA1611: The documentation for parameter 'query' is missing (https://github.com/DotNetAnalyzers/StyleCopAnalyzers/blob/master/documentation/SA1611.md) [D:\source\SkyCMS\Editor\Sky.Editor.csproj]
D:\source\SkyCMS\Editor\Extensions\LayoutQueryExtensions.cs(29,23): warning SA1615: Element return value should be documented (https://github.com/DotNetAnalyzers/StyleCopAnalyzers/blob/master/documentation/SA1615.md) [D:\source\SkyCMS\Editor\Sky.Editor.csproj]
D:\source\SkyCMS\Editor\Areas\Identity\Pages\Account\Manage\SetPassword.cshtml.cs(28,13): warning SA1614: Element parameter documentation should have text (https://github.com/DotNetAnalyzers/StyleCopAnalyzers/blob/master/documentation/SA1614.md) [D:\source\SkyCMS\Editor\Sky.Editor.csproj]
D:\source\SkyCMS\Editor\Areas\Identity\Pages\Account\Manage\SetPassword.cshtml.cs(29,13): warning SA1614: Element parameter documentation should have text (https://github.com/DotNetAnalyzers/StyleCopAnalyzers/blob/master/documentation/SA1614.md) [D:\source\SkyCMS\Editor\Sky.Editor.csproj]
D:\source\SkyCMS\Editor\Services\HtmlUtilities.cs(45,13): warning SA1614: Element parameter documentation should have text (https://github.com/DotNetAnalyzers/StyleCopAnalyzers/blob/master/documentation/SA1614.md) [D:\source\SkyCMS\Editor\Sky.Editor.csproj]
D:\source\SkyCMS\Editor\Services\HtmlUtilities.cs(46,13): warning SA1614: Element parameter documentation should have text (https://github.com/DotNetAnalyzers/StyleCopAnalyzers/blob/master/documentation/SA1614.md) [D:\source\SkyCMS\Editor\Sky.Editor.csproj]
D:\source\SkyCMS\Editor\Services\HtmlUtilities.cs(47,13): warning SA1614: Element parameter documentation should have text (https://github.com/DotNetAnalyzers/StyleCopAnalyzers/blob/master/documentation/SA1614.md) [D:\source\SkyCMS\Editor\Sky.Editor.csproj]
D:\source\SkyCMS\Editor\Services\HtmlUtilities.cs(48,13): warning SA1616: Element return value documentation should have text (https://github.com/DotNetAnalyzers/StyleCopAnalyzers/blob/master/documentation/SA1616.md) [D:\source\SkyCMS\Editor\Sky.Editor.csproj]
D:\source\SkyCMS\Editor\Services\HtmlUtilities.cs(49,13): warning SA1627: The documentation text within the \'exception\' tag should not be empty. (https://github.com/DotNetAnalyzers/StyleCopAnalyzers/blob/master/documentation/SA1627.md) [D:\source\SkyCMS\Editor\Sky.Editor.csproj]
D:\source\SkyCMS\Editor\Extensions\LayoutQueryExtensions.cs(39,76): warning SA1611: The documentation for parameter 'query' is missing (https://github.com/DotNetAnalyzers/StyleCopAnalyzers/blob/master/documentation/SA1611.md) [D:\source\SkyCMS\Editor\Sky.Editor.csproj]
D:\source\SkyCMS\Editor\Extensions\LayoutQueryExtensions.cs(39,23): warning SA1615: Element return value should be documented (https://github.com/DotNetAnalyzers/StyleCopAnalyzers/blob/master/documentation/SA1615.md) [D:\source\SkyCMS\Editor\Sky.Editor.csproj]
D:\source\SkyCMS\Editor\Domain\Events\DomainEventDispatcher.cs(139,22): warning SA1615: Element return value should be documented (https://github.com/DotNetAnalyzers/StyleCopAnalyzers/blob/master/documentation/SA1615.md) [D:\source\SkyCMS\Editor\Sky.Editor.csproj]
D:\source\SkyCMS\Editor\Extensions\LayoutQueryExtensions.cs(47,73): warning SA1611: The documentation for parameter 'query' is missing (https://github.com/DotNetAnalyzers/StyleCopAnalyzers/blob/master/documentation/SA1611.md) [D:\source\SkyCMS\Editor\Sky.Editor.csproj]
D:\source\SkyCMS\Editor\Extensions\LayoutQueryExtensions.cs(47,23): warning SA1615: Element return value should be documented (https://github.com/DotNetAnalyzers/StyleCopAnalyzers/blob/master/documentation/SA1615.md) [D:\source\SkyCMS\Editor\Sky.Editor.csproj]
D:\source\SkyCMS\Editor\Extensions\LayoutQueryExtensions.cs(55,90): warning SA1611: The documentation for parameter 'query' is missing (https://github.com/DotNetAnalyzers/StyleCopAnalyzers/blob/master/documentation/SA1611.md) [D:\source\SkyCMS\Editor\Sky.Editor.csproj]
D:\source\SkyCMS\Editor\Extensions\LayoutQueryExtensions.cs(55,23): warning SA1615: Element return value should be documented (https://github.com/DotNetAnalyzers/StyleCopAnalyzers/blob/master/documentation/SA1615.md) [D:\source\SkyCMS\Editor\Sky.Editor.csproj]
D:\source\SkyCMS\Editor\Domain\Events\DomainEventDispatcher.cs(217,22): warning SA1615: Element return value should be documented (https://github.com/DotNetAnalyzers/StyleCopAnalyzers/blob/master/documentation/SA1615.md) [D:\source\SkyCMS\Editor\Sky.Editor.csproj]
D:\source\SkyCMS\Editor\Areas\Identity\Pages\Account\Manage\ResetAuthenticator.cshtml.cs(29,13): warning SA1614: Element parameter documentation should have text (https://github.com/DotNetAnalyzers/StyleCopAnalyzers/blob/master/documentation/SA1614.md) [D:\source\SkyCMS\Editor\Sky.Editor.csproj]
D:\source\SkyCMS\Editor\Areas\Identity\Pages\Account\Manage\ResetAuthenticator.cshtml.cs(30,13): warning SA1614: Element parameter documentation should have text (https://github.com/DotNetAnalyzers/StyleCopAnalyzers/blob/master/documentation/SA1614.md) [D:\source\SkyCMS\Editor\Sky.Editor.csproj]
D:\source\SkyCMS\Editor\Areas\Identity\Pages\Account\Manage\ResetAuthenticator.cshtml.cs(31,13): warning SA1614: Element parameter documentation should have text (https://github.com/DotNetAnalyzers/StyleCopAnalyzers/blob/master/documentation/SA1614.md) [D:\source\SkyCMS\Editor\Sky.Editor.csproj]
D:\source\SkyCMS\Editor\Controllers\UsersController.cs(635,13): warning SA1614: Element parameter documentation should have text (https://github.com/DotNetAnalyzers/StyleCopAnalyzers/blob/master/documentation/SA1614.md) [D:\source\SkyCMS\Editor\Sky.Editor.csproj]
D:\source\SkyCMS\Editor\Extensions\LayoutQueryExtensions.cs(63,80): warning SA1611: The documentation for parameter 'query' is missing (https://github.com/DotNetAnalyzers/StyleCopAnalyzers/blob/master/documentation/SA1611.md) [D:\source\SkyCMS\Editor\Sky.Editor.csproj]
D:\source\SkyCMS\Editor\Extensions\LayoutQueryExtensions.cs(63,23): warning SA1615: Element return value should be documented (https://github.com/DotNetAnalyzers/StyleCopAnalyzers/blob/master/documentation/SA1615.md) [D:\source\SkyCMS\Editor\Sky.Editor.csproj]
D:\source\SkyCMS\Editor\Extensions\LayoutQueryExtensions.cs(71,83): warning SA1611: The documentation for parameter 'query' is missing (https://github.com/DotNetAnalyzers/StyleCopAnalyzers/blob/master/documentation/SA1611.md) [D:\source\SkyCMS\Editor\Sky.Editor.csproj]
D:\source\SkyCMS\Editor\Extensions\LayoutQueryExtensions.cs(71,23): warning SA1615: Element return value should be documented (https://github.com/DotNetAnalyzers/StyleCopAnalyzers/blob/master/documentation/SA1615.md) [D:\source\SkyCMS\Editor\Sky.Editor.csproj]
D:\source\SkyCMS\Editor\Middleware\TenantSetupMiddleware.cs(76,91): warning SA1611: The documentation for parameter 'builder' is missing (https://github.com/DotNetAnalyzers/StyleCopAnalyzers/blob/master/documentation/SA1611.md) [D:\source\SkyCMS\Editor\Sky.Editor.csproj]
D:\source\SkyCMS\Editor\Middleware\TenantSetupMiddleware.cs(76,23): warning SA1615: Element return value should be documented (https://github.com/DotNetAnalyzers/StyleCopAnalyzers/blob/master/documentation/SA1615.md) [D:\source\SkyCMS\Editor\Sky.Editor.csproj]
D:\source\SkyCMS\Editor\Middleware\TenantSetupMiddleware.cs(26,54): warning SA1611: The documentation for parameter 'next' is missing (https://github.com/DotNetAnalyzers/StyleCopAnalyzers/blob/master/documentation/SA1611.md) [D:\source\SkyCMS\Editor\Sky.Editor.csproj]
D:\source\SkyCMS\Editor\Areas\Identity\Pages\Account\Manage\PersonalData.cshtml.cs(28,13): warning SA1614: Element parameter documentation should have text (https://github.com/DotNetAnalyzers/StyleCopAnalyzers/blob/master/documentation/SA1614.md) [D:\source\SkyCMS\Editor\Sky.Editor.csproj]
D:\source\SkyCMS\Editor\Areas\Identity\Pages\Account\Manage\PersonalData.cshtml.cs(29,13): warning SA1614: Element parameter documentation should have text (https://github.com/DotNetAnalyzers/StyleCopAnalyzers/blob/master/documentation/SA1614.md) [D:\source\SkyCMS\Editor\Sky.Editor.csproj]
D:\source\SkyCMS\Editor\Controllers\UsersController.cs(674,42): warning RCS1155: Use StringComparison when comparing strings (https://josefpihrt.github.io/docs/roslynator/analyzers/RCS1155) [D:\source\SkyCMS\Editor\Sky.Editor.csproj]
D:\source\SkyCMS\Editor\Controllers\UsersController.cs(659,58): warning SA1611: The documentation for parameter 'text' is missing (https://github.com/DotNetAnalyzers/StyleCopAnalyzers/blob/master/documentation/SA1611.md) [D:\source\SkyCMS\Editor\Sky.Editor.csproj]
D:\source\SkyCMS\Editor\Middleware\TenantSetupMiddleware.cs(34,51): warning SA1611: The documentation for parameter 'context' is missing (https://github.com/DotNetAnalyzers/StyleCopAnalyzers/blob/master/documentation/SA1611.md) [D:\source\SkyCMS\Editor\Sky.Editor.csproj]
D:\source\SkyCMS\Editor\Areas\Identity\Pages\Account\Manage\ManageNavPages.cs(62,13): warning SA1614: Element parameter documentation should have text (https://github.com/DotNetAnalyzers/StyleCopAnalyzers/blob/master/documentation/SA1614.md) [D:\source\SkyCMS\Editor\Sky.Editor.csproj]
D:\source\SkyCMS\Editor\Areas\Identity\Pages\Account\Manage\ManageNavPages.cs(63,13): warning SA1616: Element return value documentation should have text (https://github.com/DotNetAnalyzers/StyleCopAnalyzers/blob/master/documentation/SA1616.md) [D:\source\SkyCMS\Editor\Sky.Editor.csproj]
D:\source\SkyCMS\Editor\Middleware\TenantSetupMiddleware.cs(34,22): warning SA1615: Element return value should be documented (https://github.com/DotNetAnalyzers/StyleCopAnalyzers/blob/master/documentation/SA1615.md) [D:\source\SkyCMS\Editor\Sky.Editor.csproj]
D:\source\SkyCMS\Editor\Areas\Identity\Pages\Account\Manage\ManageNavPages.cs(72,13): warning SA1614: Element parameter documentation should have text (https://github.com/DotNetAnalyzers/StyleCopAnalyzers/blob/master/documentation/SA1614.md) [D:\source\SkyCMS\Editor\Sky.Editor.csproj]
D:\source\SkyCMS\Editor\Areas\Identity\Pages\Account\Manage\ManageNavPages.cs(73,13): warning SA1616: Element return value documentation should have text (https://github.com/DotNetAnalyzers/StyleCopAnalyzers/blob/master/documentation/SA1616.md) [D:\source\SkyCMS\Editor\Sky.Editor.csproj]
D:\source\SkyCMS\Editor\Controllers\RolesController.cs(222,42): warning RCS1155: Use StringComparison when comparing strings (https://josefpihrt.github.io/docs/roslynator/analyzers/RCS1155) [D:\source\SkyCMS\Editor\Sky.Editor.csproj]
D:\source\SkyCMS\Editor\Areas\Identity\Pages\Account\Manage\ManageNavPages.cs(82,13): warning SA1614: Element parameter documentation should have text (https://github.com/DotNetAnalyzers/StyleCopAnalyzers/blob/master/documentation/SA1614.md) [D:\source\SkyCMS\Editor\Sky.Editor.csproj]
D:\source\SkyCMS\Editor\Areas\Identity\Pages\Account\Manage\ManageNavPages.cs(83,13): warning SA1616: Element return value documentation should have text (https://github.com/DotNetAnalyzers/StyleCopAnalyzers/blob/master/documentation/SA1616.md) [D:\source\SkyCMS\Editor\Sky.Editor.csproj]
D:\source\SkyCMS\Editor\Areas\Identity\Pages\Account\Manage\ManageNavPages.cs(92,13): warning SA1614: Element parameter documentation should have text (https://github.com/DotNetAnalyzers/StyleCopAnalyzers/blob/master/documentation/SA1614.md) [D:\source\SkyCMS\Editor\Sky.Editor.csproj]
D:\source\SkyCMS\Editor\Areas\Identity\Pages\Account\Manage\ManageNavPages.cs(93,13): warning SA1616: Element return value documentation should have text (https://github.com/DotNetAnalyzers/StyleCopAnalyzers/blob/master/documentation/SA1616.md) [D:\source\SkyCMS\Editor\Sky.Editor.csproj]
D:\source\SkyCMS\Editor\Areas\Identity\Pages\Account\Manage\ManageNavPages.cs(112,13): warning SA1614: Element parameter documentation should have text (https://github.com/DotNetAnalyzers/StyleCopAnalyzers/blob/master/documentation/SA1614.md) [D:\source\SkyCMS\Editor\Sky.Editor.csproj]
D:\source\SkyCMS\Editor\Areas\Identity\Pages\Account\Manage\ManageNavPages.cs(113,13): warning SA1616: Element return value documentation should have text (https://github.com/DotNetAnalyzers/StyleCopAnalyzers/blob/master/documentation/SA1616.md) [D:\source\SkyCMS\Editor\Sky.Editor.csproj]
D:\source\SkyCMS\Editor\Areas\Identity\Pages\Account\Manage\ManageNavPages.cs(122,13): warning SA1614: Element parameter documentation should have text (https://github.com/DotNetAnalyzers/StyleCopAnalyzers/blob/master/documentation/SA1614.md) [D:\source\SkyCMS\Editor\Sky.Editor.csproj]
D:\source\SkyCMS\Editor\Areas\Identity\Pages\Account\Manage\ManageNavPages.cs(123,13): warning SA1616: Element return value documentation should have text (https://github.com/DotNetAnalyzers/StyleCopAnalyzers/blob/master/documentation/SA1616.md) [D:\source\SkyCMS\Editor\Sky.Editor.csproj]
D:\source\SkyCMS\Editor\Areas\Identity\Pages\Account\Manage\ManageNavPages.cs(132,13): warning SA1614: Element parameter documentation should have text (https://github.com/DotNetAnalyzers/StyleCopAnalyzers/blob/master/documentation/SA1614.md) [D:\source\SkyCMS\Editor\Sky.Editor.csproj]
D:\source\SkyCMS\Editor\Areas\Identity\Pages\Account\Manage\ManageNavPages.cs(133,13): warning SA1616: Element return value documentation should have text (https://github.com/DotNetAnalyzers/StyleCopAnalyzers/blob/master/documentation/SA1616.md) [D:\source\SkyCMS\Editor\Sky.Editor.csproj]
D:\source\SkyCMS\Editor\Features\Articles\Clone\CloneArticleHandler.cs(64,60): warning SA1600: Elements should be documented (https://github.com/DotNetAnalyzers/StyleCopAnalyzers/blob/master/documentation/SA1600.md) [D:\source\SkyCMS\Editor\Sky.Editor.csproj]
D:\source\SkyCMS\Editor\Controllers\UsersController.cs(714,73): warning SA1313: Parameter 'Id' should begin with lower-case letter (https://github.com/DotNetAnalyzers/StyleCopAnalyzers/blob/master/documentation/SA1313.md) [D:\source\SkyCMS\Editor\Sky.Editor.csproj]
D:\source\SkyCMS\Editor\Features\Articles\Clone\CloneArticleHandler.cs(131,37): warning SA1116: The parameters should begin on the line after the declaration, whenever the parameter span across multiple lines (https://github.com/DotNetAnalyzers/StyleCopAnalyzers/blob/master/documentation/SA1116.md) [D:\source\SkyCMS\Editor\Sky.Editor.csproj]
D:\source\SkyCMS\Editor\Areas\Identity\Pages\Account\Manage\Index.cshtml.cs(28,13): warning SA1614: Element parameter documentation should have text (https://github.com/DotNetAnalyzers/StyleCopAnalyzers/blob/master/documentation/SA1614.md) [D:\source\SkyCMS\Editor\Sky.Editor.csproj]
D:\source\SkyCMS\Editor\Areas\Identity\Pages\Account\Manage\Index.cshtml.cs(29,13): warning SA1614: Element parameter documentation should have text (https://github.com/DotNetAnalyzers/StyleCopAnalyzers/blob/master/documentation/SA1614.md) [D:\source\SkyCMS\Editor\Sky.Editor.csproj]
D:\source\SkyCMS\Editor\Areas\Identity\Pages\Account\Manage\Index.cshtml.cs(58,13): warning SA1614: Element parameter documentation should have text (https://github.com/DotNetAnalyzers/StyleCopAnalyzers/blob/master/documentation/SA1614.md) [D:\source\SkyCMS\Editor\Sky.Editor.csproj]
D:\source\SkyCMS\Editor\Features\Articles\CreateHomePage\CreateHomePageHandler.cs(37,34): warning SA1611: The documentation for parameter 'dbContext' is missing (https://github.com/DotNetAnalyzers/StyleCopAnalyzers/blob/master/documentation/SA1611.md) [D:\source\SkyCMS\Editor\Sky.Editor.csproj]
D:\source\SkyCMS\Editor\Features\Articles\CreateHomePage\CreateHomePageHandler.cs(38,26): warning SA1611: The documentation for parameter 'slugService' is missing (https://github.com/DotNetAnalyzers/StyleCopAnalyzers/blob/master/documentation/SA1611.md) [D:\source\SkyCMS\Editor\Sky.Editor.csproj]
D:\source\SkyCMS\Editor\Features\Articles\CreateHomePage\CreateHomePageHandler.cs(39,32): warning SA1611: The documentation for parameter 'publishingService' is missing (https://github.com/DotNetAnalyzers/StyleCopAnalyzers/blob/master/documentation/SA1611.md) [D:\source\SkyCMS\Editor\Sky.Editor.csproj]
D:\source\SkyCMS\Editor\Features\Articles\CreateHomePage\CreateHomePageHandler.cs(40,29): warning SA1611: The documentation for parameter 'catalogService' is missing (https://github.com/DotNetAnalyzers/StyleCopAnalyzers/blob/master/documentation/SA1611.md) [D:\source\SkyCMS\Editor\Sky.Editor.csproj]
D:\source\SkyCMS\Editor\Features\Articles\CreateHomePage\CreateHomePageHandler.cs(41,20): warning SA1611: The documentation for parameter 'clock' is missing (https://github.com/DotNetAnalyzers/StyleCopAnalyzers/blob/master/documentation/SA1611.md) [D:\source\SkyCMS\Editor\Sky.Editor.csproj]
D:\source\SkyCMS\Editor\Features\Articles\CreateHomePage\CreateHomePageHandler.cs(42,44): warning SA1611: The documentation for parameter 'logger' is missing (https://github.com/DotNetAnalyzers/StyleCopAnalyzers/blob/master/documentation/SA1611.md) [D:\source\SkyCMS\Editor\Sky.Editor.csproj]
D:\source\SkyCMS\Editor\Areas\Identity\Pages\Account\Manage\GenerateRecoveryCodes.cshtml.cs(30,13): warning SA1614: Element parameter documentation should have text (https://github.com/DotNetAnalyzers/StyleCopAnalyzers/blob/master/documentation/SA1614.md) [D:\source\SkyCMS\Editor\Sky.Editor.csproj]
D:\source\SkyCMS\Editor\Areas\Identity\Pages\Account\Manage\GenerateRecoveryCodes.cshtml.cs(31,13): warning SA1614: Element parameter documentation should have text (https://github.com/DotNetAnalyzers/StyleCopAnalyzers/blob/master/documentation/SA1614.md) [D:\source\SkyCMS\Editor\Sky.Editor.csproj]
D:\source\SkyCMS\Editor\Areas\Identity\Pages\Account\Manage\GenerateRecoveryCodes.cshtml.cs(56,13): warning SA1627: The documentation text within the \'exception\' tag should not be empty. (https://github.com/DotNetAnalyzers/StyleCopAnalyzers/blob/master/documentation/SA1627.md) [D:\source\SkyCMS\Editor\Sky.Editor.csproj]
D:\source\SkyCMS\Editor\Controllers\UsersController.cs(885,13): warning SA1616: Element return value documentation should have text (https://github.com/DotNetAnalyzers/StyleCopAnalyzers/blob/master/documentation/SA1616.md) [D:\source\SkyCMS\Editor\Sky.Editor.csproj]
D:\source\SkyCMS\Editor\Controllers\UsersController.cs(894,13): warning SA1616: Element return value documentation should have text (https://github.com/DotNetAnalyzers/StyleCopAnalyzers/blob/master/documentation/SA1616.md) [D:\source\SkyCMS\Editor\Sky.Editor.csproj]
D:\source\SkyCMS\Editor\Areas\Identity\Pages\Account\Manage\GenerateRecoveryCodes.cshtml.cs(80,13): warning SA1627: The documentation text within the \'exception\' tag should not be empty. (https://github.com/DotNetAnalyzers/StyleCopAnalyzers/blob/master/documentation/SA1627.md) [D:\source\SkyCMS\Editor\Sky.Editor.csproj]
D:\source\SkyCMS\Editor\Data\Logic\ArticleEditLogic.cs(142,26): warning RCS1263: Parameter 'articleNumber' could not be found (https://josefpihrt.github.io/docs/roslynator/analyzers/RCS1263) [D:\source\SkyCMS\Editor\Sky.Editor.csproj]
D:\source\SkyCMS\Editor\Data\Logic\ArticleEditLogic.cs(154,26): warning RCS1263: Parameter 'articleNumber' could not be found (https://josefpihrt.github.io/docs/roslynator/analyzers/RCS1263) [D:\source\SkyCMS\Editor\Sky.Editor.csproj]
D:\source\SkyCMS\Editor\Data\Logic\ArticleEditLogic.cs(155,26): warning RCS1263: Parameter 'versionNumber' could not be found (https://josefpihrt.github.io/docs/roslynator/analyzers/RCS1263) [D:\source\SkyCMS\Editor\Sky.Editor.csproj]
D:\source\SkyCMS\Editor\Data\Logic\ArticleEditLogic.cs(253,26): warning RCS1263: Parameter 'id' could not be found (https://josefpihrt.github.io/docs/roslynator/analyzers/RCS1263) [D:\source\SkyCMS\Editor\Sky.Editor.csproj]
D:\source\SkyCMS\Editor\Data\Logic\ArticleEditLogic.cs(254,26): warning RCS1263: Parameter 'userId' could not be found (https://josefpihrt.github.io/docs/roslynator/analyzers/RCS1263) [D:\source\SkyCMS\Editor\Sky.Editor.csproj]
D:\source\SkyCMS\Editor\Data\Logic\ArticleEditLogic.cs(275,26): warning RCS1263: Parameter 'urlPath' could not be found (https://josefpihrt.github.io/docs/roslynator/analyzers/RCS1263) [D:\source\SkyCMS\Editor\Sky.Editor.csproj]
D:\source\SkyCMS\Editor\Data\Logic\ArticleEditLogic.cs(276,26): warning RCS1263: Parameter 'controllerName' could not be found (https://josefpihrt.github.io/docs/roslynator/analyzers/RCS1263) [D:\source\SkyCMS\Editor\Sky.Editor.csproj]
D:\source\SkyCMS\Editor\Data\Logic\ArticleEditLogic.cs(277,26): warning RCS1263: Parameter 'userId' could not be found (https://josefpihrt.github.io/docs/roslynator/analyzers/RCS1263) [D:\source\SkyCMS\Editor\Sky.Editor.csproj]
D:\source\SkyCMS\Editor\Data\Logic\ArticleEditLogic.cs(309,26): warning RCS1263: Parameter 'urlPath' could not be found (https://josefpihrt.github.io/docs/roslynator/analyzers/RCS1263) [D:\source\SkyCMS\Editor\Sky.Editor.csproj]
D:\source\SkyCMS\Editor\Data\Logic\ArticleEditLogic.cs(321,26): warning RCS1263: Parameter 'urlPath' could not be found (https://josefpihrt.github.io/docs/roslynator/analyzers/RCS1263) [D:\source\SkyCMS\Editor\Sky.Editor.csproj]
D:\source\SkyCMS\Editor\Data\Logic\ArticleEditLogic.cs(322,26): warning RCS1263: Parameter 'publishedOnly' could not be found (https://josefpihrt.github.io/docs/roslynator/analyzers/RCS1263) [D:\source\SkyCMS\Editor\Sky.Editor.csproj]
D:\source\SkyCMS\Editor\Data\Logic\ArticleEditLogic.cs(355,66): warning SA1611: The documentation for parameter 'article' is missing (https://github.com/DotNetAnalyzers/StyleCopAnalyzers/blob/master/documentation/SA1611.md) [D:\source\SkyCMS\Editor\Sky.Editor.csproj]
D:\source\SkyCMS\Editor\Data\Logic\ArticleEditLogic.cs(355,94): warning SA1611: The documentation for parameter 'renderer' is missing (https://github.com/DotNetAnalyzers/StyleCopAnalyzers/blob/master/documentation/SA1611.md) [D:\source\SkyCMS\Editor\Sky.Editor.csproj]
D:\source\SkyCMS\Editor\Data\Logic\ArticleEditLogic.cs(142,26): warning SA1612: The parameter 'articleNumber' does not exist. (https://github.com/DotNetAnalyzers/StyleCopAnalyzers/blob/master/documentation/SA1612.md) [D:\source\SkyCMS\Editor\Sky.Editor.csproj]
D:\source\SkyCMS\Editor\Areas\Identity\Pages\Account\Manage\ExternalLogins.cshtml.cs(31,13): warning SA1614: Element parameter documentation should have text (https://github.com/DotNetAnalyzers/StyleCopAnalyzers/blob/master/documentation/SA1614.md) [D:\source\SkyCMS\Editor\Sky.Editor.csproj]
D:\source\SkyCMS\Editor\Areas\Identity\Pages\Account\Manage\ExternalLogins.cshtml.cs(32,13): warning SA1614: Element parameter documentation should have text (https://github.com/DotNetAnalyzers/StyleCopAnalyzers/blob/master/documentation/SA1614.md) [D:\source\SkyCMS\Editor\Sky.Editor.csproj]
D:\source\SkyCMS\Editor\Features\Articles\CreateVersion\CreateArticleVersionHandler.cs(31,34): warning SA1611: The documentation for parameter 'dbContext' is missing (https://github.com/DotNetAnalyzers/StyleCopAnalyzers/blob/master/documentation/SA1611.md) [D:\source\SkyCMS\Editor\Sky.Editor.csproj]
D:\source\SkyCMS\Editor\Features\Articles\CreateVersion\CreateArticleVersionHandler.cs(32,50): warning SA1611: The documentation for parameter 'logger' is missing (https://github.com/DotNetAnalyzers/StyleCopAnalyzers/blob/master/documentation/SA1611.md) [D:\source\SkyCMS\Editor\Sky.Editor.csproj]
D:\source\SkyCMS\Editor\Areas\Identity\Pages\Account\Manage\ExternalLogins.cshtml.cs(85,13): warning SA1614: Element parameter documentation should have text (https://github.com/DotNetAnalyzers/StyleCopAnalyzers/blob/master/documentation/SA1614.md) [D:\source\SkyCMS\Editor\Sky.Editor.csproj]
D:\source\SkyCMS\Editor\Areas\Identity\Pages\Account\Manage\ExternalLogins.cshtml.cs(86,13): warning SA1614: Element parameter documentation should have text (https://github.com/DotNetAnalyzers/StyleCopAnalyzers/blob/master/documentation/SA1614.md) [D:\source\SkyCMS\Editor\Sky.Editor.csproj]
D:\source\SkyCMS\Editor\Areas\Identity\Pages\Account\Manage\ExternalLogins.cshtml.cs(111,13): warning SA1614: Element parameter documentation should have text (https://github.com/DotNetAnalyzers/StyleCopAnalyzers/blob/master/documentation/SA1614.md) [D:\source\SkyCMS\Editor\Sky.Editor.csproj]
D:\source\SkyCMS\Editor\Areas\Identity\Pages\Account\Manage\ExternalLogins.cshtml.cs(122,21): warning SA1117: The parameters should all be placed on the same line or each parameter should be placed on its own line. (https://github.com/DotNetAnalyzers/StyleCopAnalyzers/blob/master/documentation/SA1117.md) [D:\source\SkyCMS\Editor\Sky.Editor.csproj]
D:\source\SkyCMS\Editor\Services\Templates\TemplateService.cs(142,43): warning SA1116: The parameters should begin on the line after the declaration, whenever the parameter span across multiple lines (https://github.com/DotNetAnalyzers/StyleCopAnalyzers/blob/master/documentation/SA1116.md) [D:\source\SkyCMS\Editor\Sky.Editor.csproj]
D:\source\SkyCMS\Editor\Services\Templates\TemplateService.cs(164,37): warning SA1116: The parameters should begin on the line after the declaration, whenever the parameter span across multiple lines (https://github.com/DotNetAnalyzers/StyleCopAnalyzers/blob/master/documentation/SA1116.md) [D:\source\SkyCMS\Editor\Sky.Editor.csproj]
D:\source\SkyCMS\Editor\Services\Templates\TemplateService.cs(143,39): warning SA1117: The parameters should all be placed on the same line or each parameter should be placed on its own line. (https://github.com/DotNetAnalyzers/StyleCopAnalyzers/blob/master/documentation/SA1117.md) [D:\source\SkyCMS\Editor\Sky.Editor.csproj]
D:\source\SkyCMS\Editor\Services\Templates\TemplateService.cs(174,39): warning SA1117: The parameters should all be placed on the same line or each parameter should be placed on its own line. (https://github.com/DotNetAnalyzers/StyleCopAnalyzers/blob/master/documentation/SA1117.md) [D:\source\SkyCMS\Editor\Sky.Editor.csproj]
D:\source\SkyCMS\Editor\Features\Articles\CreateVersion\CreateArticleVersionHandler.cs(41,117): warning SA1611: The documentation for parameter 'command' is missing (https://github.com/DotNetAnalyzers/StyleCopAnalyzers/blob/master/documentation/SA1611.md) [D:\source\SkyCMS\Editor\Sky.Editor.csproj]
D:\source\SkyCMS\Editor\Features\Articles\CreateVersion\CreateArticleVersionHandler.cs(41,144): warning SA1611: The documentation for parameter 'cancellationToken' is missing (https://github.com/DotNetAnalyzers/StyleCopAnalyzers/blob/master/documentation/SA1611.md) [D:\source\SkyCMS\Editor\Sky.Editor.csproj]
D:\source\SkyCMS\Editor\Features\Articles\CreateVersion\CreateArticleVersionHandler.cs(41,22): warning SA1615: Element return value should be documented (https://github.com/DotNetAnalyzers/StyleCopAnalyzers/blob/master/documentation/SA1615.md) [D:\source\SkyCMS\Editor\Sky.Editor.csproj]
D:\source\SkyCMS\Editor\Areas\Identity\Pages\Account\Manage\ExternalLogins.cshtml.cs(130,13): warning SA1627: The documentation text within the \'exception\' tag should not be empty. (https://github.com/DotNetAnalyzers/StyleCopAnalyzers/blob/master/documentation/SA1627.md) [D:\source\SkyCMS\Editor\Sky.Editor.csproj]
D:\source\SkyCMS\Editor\Areas\Identity\Pages\Account\Manage\ManageNavPages.cs(102,13): warning SA1614: Element parameter documentation should have text (https://github.com/DotNetAnalyzers/StyleCopAnalyzers/blob/master/documentation/SA1614.md) [D:\source\SkyCMS\Editor\Sky.Editor.csproj]
D:\source\SkyCMS\Editor\Areas\Identity\Pages\Account\Manage\ManageNavPages.cs(103,13): warning SA1616: Element return value documentation should have text (https://github.com/DotNetAnalyzers/StyleCopAnalyzers/blob/master/documentation/SA1616.md) [D:\source\SkyCMS\Editor\Sky.Editor.csproj]
D:\source\SkyCMS\Editor\Data\Logic\ArticleEditLogic.cs(425,29): warning RCS1155: Use StringComparison when comparing strings (https://josefpihrt.github.io/docs/roslynator/analyzers/RCS1155) [D:\source\SkyCMS\Editor\Sky.Editor.csproj]
D:\source\SkyCMS\Editor\Data\Logic\ArticleEditLogic.cs(403,26): warning RCS1263: Parameter 'article' could not be found (https://josefpihrt.github.io/docs/roslynator/analyzers/RCS1263) [D:\source\SkyCMS\Editor\Sky.Editor.csproj]
D:\source\SkyCMS\Editor\Areas\Identity\Pages\Account\Manage\ManageNavPages.cs(142,13): warning SA1614: Element parameter documentation should have text (https://github.com/DotNetAnalyzers/StyleCopAnalyzers/blob/master/documentation/SA1614.md) [D:\source\SkyCMS\Editor\Sky.Editor.csproj]
D:\source\SkyCMS\Editor\Areas\Identity\Pages\Account\Manage\ManageNavPages.cs(143,13): warning SA1614: Element parameter documentation should have text (https://github.com/DotNetAnalyzers/StyleCopAnalyzers/blob/master/documentation/SA1614.md) [D:\source\SkyCMS\Editor\Sky.Editor.csproj]
D:\source\SkyCMS\Editor\Areas\Identity\Pages\Account\Manage\ManageNavPages.cs(144,13): warning SA1616: Element return value documentation should have text (https://github.com/DotNetAnalyzers/StyleCopAnalyzers/blob/master/documentation/SA1616.md) [D:\source\SkyCMS\Editor\Sky.Editor.csproj]
D:\source\SkyCMS\Editor\Areas\Identity\Pages\Account\Manage\EnableAuthenticator.cshtml.cs(34,13): warning SA1614: Element parameter documentation should have text (https://github.com/DotNetAnalyzers/StyleCopAnalyzers/blob/master/documentation/SA1614.md) [D:\source\SkyCMS\Editor\Sky.Editor.csproj]
D:\source\SkyCMS\Editor\Areas\Identity\Pages\Account\Manage\EnableAuthenticator.cshtml.cs(35,13): warning SA1614: Element parameter documentation should have text (https://github.com/DotNetAnalyzers/StyleCopAnalyzers/blob/master/documentation/SA1614.md) [D:\source\SkyCMS\Editor\Sky.Editor.csproj]
D:\source\SkyCMS\Editor\Areas\Identity\Pages\Account\Manage\EnableAuthenticator.cshtml.cs(36,13): warning SA1614: Element parameter documentation should have text (https://github.com/DotNetAnalyzers/StyleCopAnalyzers/blob/master/documentation/SA1614.md) [D:\source\SkyCMS\Editor\Sky.Editor.csproj]
D:\source\SkyCMS\Editor\Areas\Identity\Pages\Account\ConfirmEmailChange.cshtml.cs(31,13): warning SA1614: Element parameter documentation should have text (https://github.com/DotNetAnalyzers/StyleCopAnalyzers/blob/master/documentation/SA1614.md) [D:\source\SkyCMS\Editor\Sky.Editor.csproj]
D:\source\SkyCMS\Editor\Areas\Identity\Pages\Account\ConfirmEmailChange.cshtml.cs(32,13): warning SA1614: Element parameter documentation should have text (https://github.com/DotNetAnalyzers/StyleCopAnalyzers/blob/master/documentation/SA1614.md) [D:\source\SkyCMS\Editor\Sky.Editor.csproj]
D:\source\SkyCMS\Editor\Features\Articles\Create\CreateArticleValidator.cs(11,45): warning SA1600: Elements should be documented (https://github.com/DotNetAnalyzers/StyleCopAnalyzers/blob/master/documentation/SA1600.md) [D:\source\SkyCMS\Editor\Sky.Editor.csproj]
D:\source\SkyCMS\Editor\Features\Articles\CreateHomePage\CreateHomePageHandler.cs(69,33): warning RCS1155: Use StringComparison when comparing strings (https://josefpihrt.github.io/docs/roslynator/analyzers/RCS1155) [D:\source\SkyCMS\Editor\Sky.Editor.csproj]
D:\source\SkyCMS\Editor\Controllers\BaseController.cs(183,17): warning SA1503: Braces should not be omitted (https://github.com/DotNetAnalyzers/StyleCopAnalyzers/blob/master/documentation/SA1503.md) [D:\source\SkyCMS\Editor\Sky.Editor.csproj]
D:\source\SkyCMS\Editor\Controllers\TemplatesController.cs(121,38): warning RCS1155: Use StringComparison when comparing strings (https://josefpihrt.github.io/docs/roslynator/analyzers/RCS1155) [D:\source\SkyCMS\Editor\Sky.Editor.csproj]
D:\source\SkyCMS\Editor\Controllers\TemplatesController.cs(121,91): warning RCS1155: Use StringComparison when comparing strings (https://josefpihrt.github.io/docs/roslynator/analyzers/RCS1155) [D:\source\SkyCMS\Editor\Sky.Editor.csproj]
D:\source\SkyCMS\Editor\Areas\Identity\Pages\Account\Manage\EnableAuthenticator.cshtml.cs(142,13): warning SA1614: Element parameter documentation should have text (https://github.com/DotNetAnalyzers/StyleCopAnalyzers/blob/master/documentation/SA1614.md) [D:\source\SkyCMS\Editor\Sky.Editor.csproj]
D:\source\SkyCMS\Editor\Data\MigrationHelper.cs(276,47): warning SA1116: The parameters should begin on the line after the declaration, whenever the parameter span across multiple lines (https://github.com/DotNetAnalyzers/StyleCopAnalyzers/blob/master/documentation/SA1116.md) [D:\source\SkyCMS\Editor\Sky.Editor.csproj]
D:\source\SkyCMS\Editor\Data\MigrationHelper.cs(301,47): warning SA1116: The parameters should begin on the line after the declaration, whenever the parameter span across multiple lines (https://github.com/DotNetAnalyzers/StyleCopAnalyzers/blob/master/documentation/SA1116.md) [D:\source\SkyCMS\Editor\Sky.Editor.csproj]
D:\source\SkyCMS\Editor\Data\MigrationHelper.cs(329,47): warning SA1116: The parameters should begin on the line after the declaration, whenever the parameter span across multiple lines (https://github.com/DotNetAnalyzers/StyleCopAnalyzers/blob/master/documentation/SA1116.md) [D:\source\SkyCMS\Editor\Sky.Editor.csproj]
D:\source\SkyCMS\Editor\Data\MigrationHelper.cs(277,55): warning SA1117: The parameters should all be placed on the same line or each parameter should be placed on its own line. (https://github.com/DotNetAnalyzers/StyleCopAnalyzers/blob/master/documentation/SA1117.md) [D:\source\SkyCMS\Editor\Sky.Editor.csproj]
D:\source\SkyCMS\Editor\Data\MigrationHelper.cs(330,60): warning SA1117: The parameters should all be placed on the same line or each parameter should be placed on its own line. (https://github.com/DotNetAnalyzers/StyleCopAnalyzers/blob/master/documentation/SA1117.md) [D:\source\SkyCMS\Editor\Sky.Editor.csproj]
D:\source\SkyCMS\Editor\Features\Templates\GetList\GetTemplateListQueryHandler.cs(80,54): warning RCS1155: Use StringComparison when comparing strings (https://josefpihrt.github.io/docs/roslynator/analyzers/RCS1155) [D:\source\SkyCMS\Editor\Sky.Editor.csproj]
D:\source\SkyCMS\Editor\Features\Templates\GetList\GetTemplateListQueryHandler.cs(81,53): warning RCS1155: Use StringComparison when comparing strings (https://josefpihrt.github.io/docs/roslynator/analyzers/RCS1155) [D:\source\SkyCMS\Editor\Sky.Editor.csproj]
D:\source\SkyCMS\Editor\Controllers\LayoutImportConstants.cs(1,4): warning SA1638: File header file name documentation should match file name. (https://github.com/DotNetAnalyzers/StyleCopAnalyzers/blob/master/documentation/SA1638.md) [D:\source\SkyCMS\Editor\Sky.Editor.csproj]
D:\source\SkyCMS\Editor\Areas\Identity\Pages\Account\Manage\Email.cshtml.cs(35,13): warning SA1614: Element parameter documentation should have text (https://github.com/DotNetAnalyzers/StyleCopAnalyzers/blob/master/documentation/SA1614.md) [D:\source\SkyCMS\Editor\Sky.Editor.csproj]
D:\source\SkyCMS\Editor\Areas\Identity\Pages\Account\Manage\Email.cshtml.cs(36,13): warning SA1614: Element parameter documentation should have text (https://github.com/DotNetAnalyzers/StyleCopAnalyzers/blob/master/documentation/SA1614.md) [D:\source\SkyCMS\Editor\Sky.Editor.csproj]
D:\source\SkyCMS\Editor\Areas\Identity\Pages\Account\Manage\Email.cshtml.cs(41,13): warning SA1115: The parameter should begin on the line after the previous parameter. (https://github.com/DotNetAnalyzers/StyleCopAnalyzers/blob/master/documentation/SA1115.md) [D:\source\SkyCMS\Editor\Sky.Editor.csproj]
D:\source\SkyCMS\Editor\Areas\Identity\Pages\Account\Manage\Email.cshtml.cs(79,13): warning SA1614: Element parameter documentation should have text (https://github.com/DotNetAnalyzers/StyleCopAnalyzers/blob/master/documentation/SA1614.md) [D:\source\SkyCMS\Editor\Sky.Editor.csproj]
D:\source\SkyCMS\Editor\Controllers\PageImportConstants.cs(1,4): warning SA1638: File header file name documentation should match file name. (https://github.com/DotNetAnalyzers/StyleCopAnalyzers/blob/master/documentation/SA1638.md) [D:\source\SkyCMS\Editor\Sky.Editor.csproj]
D:\source\SkyCMS\Editor\Features\Templates\GetEditable\GetEditablePageDesignVersionHandler.cs(35,34): warning SA1611: The documentation for parameter 'dbContext' is missing (https://github.com/DotNetAnalyzers/StyleCopAnalyzers/blob/master/documentation/SA1611.md) [D:\source\SkyCMS\Editor\Sky.Editor.csproj]
D:\source\SkyCMS\Editor\Features\Templates\GetEditable\GetEditablePageDesignVersionHandler.cs(36,33): warning SA1611: The documentation for parameter 'htmlService' is missing (https://github.com/DotNetAnalyzers/StyleCopAnalyzers/blob/master/documentation/SA1611.md) [D:\source\SkyCMS\Editor\Sky.Editor.csproj]
D:\source\SkyCMS\Editor\Features\Templates\GetEditable\GetEditablePageDesignVersionHandler.cs(37,20): warning SA1611: The documentation for parameter 'clock' is missing (https://github.com/DotNetAnalyzers/StyleCopAnalyzers/blob/master/documentation/SA1611.md) [D:\source\SkyCMS\Editor\Sky.Editor.csproj]
D:\source\SkyCMS\Editor\Features\Templates\GetEditable\GetEditablePageDesignVersionHandler.cs(38,58): warning SA1611: The documentation for parameter 'logger' is missing (https://github.com/DotNetAnalyzers/StyleCopAnalyzers/blob/master/documentation/SA1611.md) [D:\source\SkyCMS\Editor\Sky.Editor.csproj]
D:\source\SkyCMS\Editor\Features\Articles\Restore\RestoreArticleValidator.cs(27,61): warning SA1611: The documentation for parameter 'dbContext' is missing (https://github.com/DotNetAnalyzers/StyleCopAnalyzers/blob/master/documentation/SA1611.md) [D:\source\SkyCMS\Editor\Sky.Editor.csproj]
D:\source\SkyCMS\Editor\Features\Articles\Restore\RestoreArticleValidator.cs(35,76): warning SA1611: The documentation for parameter 'command' is missing (https://github.com/DotNetAnalyzers/StyleCopAnalyzers/blob/master/documentation/SA1611.md) [D:\source\SkyCMS\Editor\Sky.Editor.csproj]
D:\source\SkyCMS\Editor\Features\Articles\Restore\RestoreArticleValidator.cs(35,16): warning SA1615: Element return value should be documented (https://github.com/DotNetAnalyzers/StyleCopAnalyzers/blob/master/documentation/SA1615.md) [D:\source\SkyCMS\Editor\Sky.Editor.csproj]
D:\source\SkyCMS\Editor\Areas\Identity\Pages\Account\Manage\DownloadPersonalData.cshtml.cs(32,13): warning SA1614: Element parameter documentation should have text (https://github.com/DotNetAnalyzers/StyleCopAnalyzers/blob/master/documentation/SA1614.md) [D:\source\SkyCMS\Editor\Sky.Editor.csproj]
D:\source\SkyCMS\Editor\Areas\Identity\Pages\Account\Manage\DownloadPersonalData.cshtml.cs(33,13): warning SA1614: Element parameter documentation should have text (https://github.com/DotNetAnalyzers/StyleCopAnalyzers/blob/master/documentation/SA1614.md) [D:\source\SkyCMS\Editor\Sky.Editor.csproj]
D:\source\SkyCMS\Editor\Features\Articles\Restore\RestoreArticleValidator.cs(51,35): warning SA1611: The documentation for parameter 'command' is missing (https://github.com/DotNetAnalyzers/StyleCopAnalyzers/blob/master/documentation/SA1611.md) [D:\source\SkyCMS\Editor\Sky.Editor.csproj]
D:\source\SkyCMS\Editor\Features\Articles\Restore\RestoreArticleValidator.cs(52,31): warning SA1611: The documentation for parameter 'ct' is missing (https://github.com/DotNetAnalyzers/StyleCopAnalyzers/blob/master/documentation/SA1611.md) [D:\source\SkyCMS\Editor\Sky.Editor.csproj]
D:\source\SkyCMS\Editor\Features\Articles\Restore\RestoreArticleValidator.cs(50,22): warning SA1615: Element return value should be documented (https://github.com/DotNetAnalyzers/StyleCopAnalyzers/blob/master/documentation/SA1615.md) [D:\source\SkyCMS\Editor\Sky.Editor.csproj]
D:\source\SkyCMS\Editor\Features\Articles\Restore\RestoreArticleHandler.cs(32,34): warning SA1611: The documentation for parameter 'dbContext' is missing (https://github.com/DotNetAnalyzers/StyleCopAnalyzers/blob/master/documentation/SA1611.md) [D:\source\SkyCMS\Editor\Sky.Editor.csproj]
D:\source\SkyCMS\Editor\Features\Articles\Restore\RestoreArticleHandler.cs(33,26): warning SA1611: The documentation for parameter 'slugService' is missing (https://github.com/DotNetAnalyzers/StyleCopAnalyzers/blob/master/documentation/SA1611.md) [D:\source\SkyCMS\Editor\Sky.Editor.csproj]
D:\source\SkyCMS\Editor\Features\Articles\Restore\RestoreArticleHandler.cs(34,44): warning SA1611: The documentation for parameter 'logger' is missing (https://github.com/DotNetAnalyzers/StyleCopAnalyzers/blob/master/documentation/SA1611.md) [D:\source\SkyCMS\Editor\Sky.Editor.csproj]
D:\source\SkyCMS\Editor\Features\Articles\Delete\DeleteArticleValidator.cs(26,60): warning SA1611: The documentation for parameter 'dbContext' is missing (https://github.com/DotNetAnalyzers/StyleCopAnalyzers/blob/master/documentation/SA1611.md) [D:\source\SkyCMS\Editor\Sky.Editor.csproj]
D:\source\SkyCMS\Editor\Areas\Identity\Pages\Account\Manage\DownloadPersonalData.cshtml.cs(54,35): warning SA1116: The parameters should begin on the line after the declaration, whenever the parameter span across multiple lines (https://github.com/DotNetAnalyzers/StyleCopAnalyzers/blob/master/documentation/SA1116.md) [D:\source\SkyCMS\Editor\Sky.Editor.csproj]
D:\source\SkyCMS\Editor\Features\Articles\Delete\DeleteArticleValidator.cs(34,75): warning SA1611: The documentation for parameter 'command' is missing (https://github.com/DotNetAnalyzers/StyleCopAnalyzers/blob/master/documentation/SA1611.md) [D:\source\SkyCMS\Editor\Sky.Editor.csproj]
D:\source\SkyCMS\Editor\Features\Articles\Delete\DeleteArticleValidator.cs(34,16): warning SA1615: Element return value should be documented (https://github.com/DotNetAnalyzers/StyleCopAnalyzers/blob/master/documentation/SA1615.md) [D:\source\SkyCMS\Editor\Sky.Editor.csproj]
D:\source\SkyCMS\Editor\Features\Articles\Delete\DeleteArticleValidator.cs(50,34): warning SA1611: The documentation for parameter 'command' is missing (https://github.com/DotNetAnalyzers/StyleCopAnalyzers/blob/master/documentation/SA1611.md) [D:\source\SkyCMS\Editor\Sky.Editor.csproj]
D:\source\SkyCMS\Editor\Features\Articles\Delete\DeleteArticleValidator.cs(51,31): warning SA1611: The documentation for parameter 'ct' is missing (https://github.com/DotNetAnalyzers/StyleCopAnalyzers/blob/master/documentation/SA1611.md) [D:\source\SkyCMS\Editor\Sky.Editor.csproj]
D:\source\SkyCMS\Editor\Features\Articles\Delete\DeleteArticleValidator.cs(49,22): warning SA1615: Element return value should be documented (https://github.com/DotNetAnalyzers/StyleCopAnalyzers/blob/master/documentation/SA1615.md) [D:\source\SkyCMS\Editor\Sky.Editor.csproj]
D:\source\SkyCMS\Editor\Services\Templates\TemplateService.cs(494,57): warning SA1503: Braces should not be omitted (https://github.com/DotNetAnalyzers/StyleCopAnalyzers/blob/master/documentation/SA1503.md) [D:\source\SkyCMS\Editor\Sky.Editor.csproj]
D:\source\SkyCMS\Editor\Areas\Identity\Pages\Account\Manage\Disable2fa.cshtml.cs(29,13): warning SA1614: Element parameter documentation should have text (https://github.com/DotNetAnalyzers/StyleCopAnalyzers/blob/master/documentation/SA1614.md) [D:\source\SkyCMS\Editor\Sky.Editor.csproj]
D:\source\SkyCMS\Editor\Areas\Identity\Pages\Account\Manage\Disable2fa.cshtml.cs(30,13): warning SA1614: Element parameter documentation should have text (https://github.com/DotNetAnalyzers/StyleCopAnalyzers/blob/master/documentation/SA1614.md) [D:\source\SkyCMS\Editor\Sky.Editor.csproj]
D:\source\SkyCMS\Editor\Areas\Identity\Pages\Account\Manage\Disable2fa.cshtml.cs(49,13): warning SA1627: The documentation text within the \'exception\' tag should not be empty. (https://github.com/DotNetAnalyzers/StyleCopAnalyzers/blob/master/documentation/SA1627.md) [D:\source\SkyCMS\Editor\Sky.Editor.csproj]
D:\source\SkyCMS\Editor\Features\Articles\Publish\PublishArticleHandler.cs(35,34): warning SA1611: The documentation for parameter 'dbContext' is missing (https://github.com/DotNetAnalyzers/StyleCopAnalyzers/blob/master/documentation/SA1611.md) [D:\source\SkyCMS\Editor\Sky.Editor.csproj]
D:\source\SkyCMS\Editor\Features\Articles\Publish\PublishArticleHandler.cs(36,20): warning SA1611: The documentation for parameter 'clock' is missing (https://github.com/DotNetAnalyzers/StyleCopAnalyzers/blob/master/documentation/SA1611.md) [D:\source\SkyCMS\Editor\Sky.Editor.csproj]
D:\source\SkyCMS\Editor\Features\Articles\Publish\PublishArticleHandler.cs(37,32): warning SA1611: The documentation for parameter 'publishingService' is missing (https://github.com/DotNetAnalyzers/StyleCopAnalyzers/blob/master/documentation/SA1611.md) [D:\source\SkyCMS\Editor\Sky.Editor.csproj]
D:\source\SkyCMS\Editor\Features\Articles\Publish\PublishArticleHandler.cs(38,29): warning SA1611: The documentation for parameter 'catalogService' is missing (https://github.com/DotNetAnalyzers/StyleCopAnalyzers/blob/master/documentation/SA1611.md) [D:\source\SkyCMS\Editor\Sky.Editor.csproj]
D:\source\SkyCMS\Editor\Features\Articles\Publish\PublishArticleHandler.cs(39,44): warning SA1611: The documentation for parameter 'logger' is missing (https://github.com/DotNetAnalyzers/StyleCopAnalyzers/blob/master/documentation/SA1611.md) [D:\source\SkyCMS\Editor\Sky.Editor.csproj]
D:\source\SkyCMS\Editor\Features\Articles\Restore\RestoreArticleHandler.cs(44,82): warning SA1611: The documentation for parameter 'command' is missing (https://github.com/DotNetAnalyzers/StyleCopAnalyzers/blob/master/documentation/SA1611.md) [D:\source\SkyCMS\Editor\Sky.Editor.csproj]
D:\source\SkyCMS\Editor\Features\Articles\Restore\RestoreArticleHandler.cs(44,109): warning SA1611: The documentation for parameter 'cancellationToken' is missing (https://github.com/DotNetAnalyzers/StyleCopAnalyzers/blob/master/documentation/SA1611.md) [D:\source\SkyCMS\Editor\Sky.Editor.csproj]
D:\source\SkyCMS\Editor\Areas\Identity\Pages\Account\Manage\Disable2fa.cshtml.cs(71,13): warning SA1627: The documentation text within the \'exception\' tag should not be empty. (https://github.com/DotNetAnalyzers/StyleCopAnalyzers/blob/master/documentation/SA1627.md) [D:\source\SkyCMS\Editor\Sky.Editor.csproj]
D:\source\SkyCMS\Editor\Features\Articles\Restore\RestoreArticleHandler.cs(44,22): warning SA1615: Element return value should be documented (https://github.com/DotNetAnalyzers/StyleCopAnalyzers/blob/master/documentation/SA1615.md) [D:\source\SkyCMS\Editor\Sky.Editor.csproj]
D:\source\SkyCMS\Editor\Features\Articles\Publish\PublishArticleHandler.cs(51,105): warning SA1611: The documentation for parameter 'command' is missing (https://github.com/DotNetAnalyzers/StyleCopAnalyzers/blob/master/documentation/SA1611.md) [D:\source\SkyCMS\Editor\Sky.Editor.csproj]
D:\source\SkyCMS\Editor\Features\Articles\Publish\PublishArticleHandler.cs(51,132): warning SA1611: The documentation for parameter 'cancellationToken' is missing (https://github.com/DotNetAnalyzers/StyleCopAnalyzers/blob/master/documentation/SA1611.md) [D:\source\SkyCMS\Editor\Sky.Editor.csproj]
D:\source\SkyCMS\Editor\Features\Articles\Publish\PublishArticleHandler.cs(51,22): warning SA1615: Element return value should be documented (https://github.com/DotNetAnalyzers/StyleCopAnalyzers/blob/master/documentation/SA1615.md) [D:\source\SkyCMS\Editor\Sky.Editor.csproj]
D:\source\SkyCMS\Editor\Areas\Identity\Pages\Account\Manage\DeletePersonalData.cshtml.cs(31,13): warning SA1614: Element parameter documentation should have text (https://github.com/DotNetAnalyzers/StyleCopAnalyzers/blob/master/documentation/SA1614.md) [D:\source\SkyCMS\Editor\Sky.Editor.csproj]
D:\source\SkyCMS\Editor\Areas\Identity\Pages\Account\Manage\DeletePersonalData.cshtml.cs(32,13): warning SA1614: Element parameter documentation should have text (https://github.com/DotNetAnalyzers/StyleCopAnalyzers/blob/master/documentation/SA1614.md) [D:\source\SkyCMS\Editor\Sky.Editor.csproj]
D:\source\SkyCMS\Editor\Areas\Identity\Pages\Account\Manage\DeletePersonalData.cshtml.cs(33,13): warning SA1614: Element parameter documentation should have text (https://github.com/DotNetAnalyzers/StyleCopAnalyzers/blob/master/documentation/SA1614.md) [D:\source\SkyCMS\Editor\Sky.Editor.csproj]
D:\source\SkyCMS\Editor\Areas\Identity\Pages\Account\Manage\DeletePersonalData.cshtml.cs(75,13): warning SA1627: The documentation text within the \'exception\' tag should not be empty. (https://github.com/DotNetAnalyzers/StyleCopAnalyzers/blob/master/documentation/SA1627.md) [D:\source\SkyCMS\Editor\Sky.Editor.csproj]
D:\source\SkyCMS\Editor\Controllers\TemplatesController.cs(196,43): warning RCS1155: Use StringComparison when comparing strings (https://josefpihrt.github.io/docs/roslynator/analyzers/RCS1155) [D:\source\SkyCMS\Editor\Sky.Editor.csproj]
D:\source\SkyCMS\Editor\Controllers\EditorController.cs(284,85): warning RCS1155: Use StringComparison when comparing strings (https://josefpihrt.github.io/docs/roslynator/analyzers/RCS1155) [D:\source\SkyCMS\Editor\Sky.Editor.csproj]
D:\source\SkyCMS\Editor\Controllers\EditorController.cs(284,138): warning RCS1155: Use StringComparison when comparing strings (https://josefpihrt.github.io/docs/roslynator/analyzers/RCS1155) [D:\source\SkyCMS\Editor\Sky.Editor.csproj]
D:\source\SkyCMS\Editor\Areas\Identity\Pages\Account\LoginWithRecoveryCode.cshtml.cs(32,13): warning SA1614: Element parameter documentation should have text (https://github.com/DotNetAnalyzers/StyleCopAnalyzers/blob/master/documentation/SA1614.md) [D:\source\SkyCMS\Editor\Sky.Editor.csproj]
D:\source\SkyCMS\Editor\Areas\Identity\Pages\Account\LoginWithRecoveryCode.cshtml.cs(33,13): warning SA1614: Element parameter documentation should have text (https://github.com/DotNetAnalyzers/StyleCopAnalyzers/blob/master/documentation/SA1614.md) [D:\source\SkyCMS\Editor\Sky.Editor.csproj]
D:\source\SkyCMS\Editor\Areas\Identity\Pages\Account\LoginWithRecoveryCode.cshtml.cs(34,43): warning SA1116: The parameters should begin on the line after the declaration, whenever the parameter span across multiple lines (https://github.com/DotNetAnalyzers/StyleCopAnalyzers/blob/master/documentation/SA1116.md) [D:\source\SkyCMS\Editor\Sky.Editor.csproj]
D:\source\SkyCMS\Editor\Areas\Identity\Pages\Account\LoginWithRecoveryCode.cshtml.cs(55,13): warning SA1614: Element parameter documentation should have text (https://github.com/DotNetAnalyzers/StyleCopAnalyzers/blob/master/documentation/SA1614.md) [D:\source\SkyCMS\Editor\Sky.Editor.csproj]
D:\source\SkyCMS\Editor\Areas\Identity\Pages\Account\LoginWithRecoveryCode.cshtml.cs(57,13): warning SA1627: The documentation text within the \'exception\' tag should not be empty. (https://github.com/DotNetAnalyzers/StyleCopAnalyzers/blob/master/documentation/SA1627.md) [D:\source\SkyCMS\Editor\Sky.Editor.csproj]
D:\source\SkyCMS\Editor\Areas\Identity\Pages\Account\LoginWith2fa.cshtml.cs(36,13): warning SA1614: Element parameter documentation should have text (https://github.com/DotNetAnalyzers/StyleCopAnalyzers/blob/master/documentation/SA1614.md) [D:\source\SkyCMS\Editor\Sky.Editor.csproj]
D:\source\SkyCMS\Editor\Areas\Identity\Pages\Account\LoginWithRecoveryCode.cshtml.cs(75,13): warning SA1614: Element parameter documentation should have text (https://github.com/DotNetAnalyzers/StyleCopAnalyzers/blob/master/documentation/SA1614.md) [D:\source\SkyCMS\Editor\Sky.Editor.csproj]
D:\source\SkyCMS\Editor\Areas\Identity\Pages\Account\LoginWithRecoveryCode.cshtml.cs(77,13): warning SA1627: The documentation text within the \'exception\' tag should not be empty. (https://github.com/DotNetAnalyzers/StyleCopAnalyzers/blob/master/documentation/SA1627.md) [D:\source\SkyCMS\Editor\Sky.Editor.csproj]
D:\source\SkyCMS\Editor\Features\Articles\Publish\PublishArticleValidator.cs(57,35): warning SA1611: The documentation for parameter 'command' is missing (https://github.com/DotNetAnalyzers/StyleCopAnalyzers/blob/master/documentation/SA1611.md) [D:\source\SkyCMS\Editor\Sky.Editor.csproj]
D:\source\SkyCMS\Editor\Features\Articles\Publish\PublishArticleValidator.cs(58,31): warning SA1611: The documentation for parameter 'ct' is missing (https://github.com/DotNetAnalyzers/StyleCopAnalyzers/blob/master/documentation/SA1611.md) [D:\source\SkyCMS\Editor\Sky.Editor.csproj]
D:\source\SkyCMS\Editor\Features\Articles\Publish\PublishArticleValidator.cs(56,22): warning SA1615: Element return value should be documented (https://github.com/DotNetAnalyzers/StyleCopAnalyzers/blob/master/documentation/SA1615.md) [D:\source\SkyCMS\Editor\Sky.Editor.csproj]
D:\source\SkyCMS\Editor\Areas\Identity\Pages\Account\LoginWith2fa.cshtml.cs(63,13): warning SA1614: Element parameter documentation should have text (https://github.com/DotNetAnalyzers/StyleCopAnalyzers/blob/master/documentation/SA1614.md) [D:\source\SkyCMS\Editor\Sky.Editor.csproj]
D:\source\SkyCMS\Editor\Areas\Identity\Pages\Account\LoginWith2fa.cshtml.cs(64,13): warning SA1614: Element parameter documentation should have text (https://github.com/DotNetAnalyzers/StyleCopAnalyzers/blob/master/documentation/SA1614.md) [D:\source\SkyCMS\Editor\Sky.Editor.csproj]
D:\source\SkyCMS\Editor\Areas\Identity\Pages\Account\LoginWith2fa.cshtml.cs(66,13): warning SA1627: The documentation text within the \'exception\' tag should not be empty. (https://github.com/DotNetAnalyzers/StyleCopAnalyzers/blob/master/documentation/SA1627.md) [D:\source\SkyCMS\Editor\Sky.Editor.csproj]
D:\source\SkyCMS\Editor\Areas\Identity\Pages\Account\LoginWith2fa.cshtml.cs(86,13): warning SA1614: Element parameter documentation should have text (https://github.com/DotNetAnalyzers/StyleCopAnalyzers/blob/master/documentation/SA1614.md) [D:\source\SkyCMS\Editor\Sky.Editor.csproj]
D:\source\SkyCMS\Editor\Areas\Identity\Pages\Account\LoginWith2fa.cshtml.cs(87,13): warning SA1614: Element parameter documentation should have text (https://github.com/DotNetAnalyzers/StyleCopAnalyzers/blob/master/documentation/SA1614.md) [D:\source\SkyCMS\Editor\Sky.Editor.csproj]
D:\source\SkyCMS\Editor\Areas\Identity\Pages\Account\LoginWith2fa.cshtml.cs(89,13): warning SA1627: The documentation text within the \'exception\' tag should not be empty. (https://github.com/DotNetAnalyzers/StyleCopAnalyzers/blob/master/documentation/SA1627.md) [D:\source\SkyCMS\Editor\Sky.Editor.csproj]
D:\source\SkyCMS\Editor\Areas\Identity\Pages\Account\LoginWith2fa.cshtml.cs(109,21): warning SA1117: The parameters should all be placed on the same line or each parameter should be placed on its own line. (https://github.com/DotNetAnalyzers/StyleCopAnalyzers/blob/master/documentation/SA1117.md) [D:\source\SkyCMS\Editor\Sky.Editor.csproj]
D:\source\SkyCMS\Editor\Areas\Identity\Pages\Account\ExternalLogin.cshtml.cs(88,13): warning SA1616: Element return value documentation should have text (https://github.com/DotNetAnalyzers/StyleCopAnalyzers/blob/master/documentation/SA1616.md) [D:\source\SkyCMS\Editor\Sky.Editor.csproj]
D:\source\SkyCMS\Editor\Services\Templates\TemplateService.cs(857,44): warning SA1503: Braces should not be omitted (https://github.com/DotNetAnalyzers/StyleCopAnalyzers/blob/master/documentation/SA1503.md) [D:\source\SkyCMS\Editor\Sky.Editor.csproj]
D:\source\SkyCMS\Editor\Areas\Identity\Pages\Account\ExternalLogin.cshtml.cs(97,13): warning SA1614: Element parameter documentation should have text (https://github.com/DotNetAnalyzers/StyleCopAnalyzers/blob/master/documentation/SA1614.md) [D:\source\SkyCMS\Editor\Sky.Editor.csproj]
D:\source\SkyCMS\Editor\Areas\Identity\Pages\Account\ExternalLogin.cshtml.cs(98,13): warning SA1614: Element parameter documentation should have text (https://github.com/DotNetAnalyzers/StyleCopAnalyzers/blob/master/documentation/SA1614.md) [D:\source\SkyCMS\Editor\Sky.Editor.csproj]
D:\source\SkyCMS\Editor\Areas\Identity\Pages\Account\ExternalLogin.cshtml.cs(99,13): warning SA1616: Element return value documentation should have text (https://github.com/DotNetAnalyzers/StyleCopAnalyzers/blob/master/documentation/SA1616.md) [D:\source\SkyCMS\Editor\Sky.Editor.csproj]
D:\source\SkyCMS\Editor\Areas\Identity\Pages\Account\ExternalLogin.cshtml.cs(122,13): warning SA1614: Element parameter documentation should have text (https://github.com/DotNetAnalyzers/StyleCopAnalyzers/blob/master/documentation/SA1614.md) [D:\source\SkyCMS\Editor\Sky.Editor.csproj]
D:\source\SkyCMS\Editor\Areas\Identity\Pages\Account\ExternalLogin.cshtml.cs(123,13): warning SA1614: Element parameter documentation should have text (https://github.com/DotNetAnalyzers/StyleCopAnalyzers/blob/master/documentation/SA1614.md) [D:\source\SkyCMS\Editor\Sky.Editor.csproj]
D:\source\SkyCMS\Editor\Areas\Identity\Pages\Account\ExternalLogin.cshtml.cs(148,21): warning SA1117: The parameters should all be placed on the same line or each parameter should be placed on its own line. (https://github.com/DotNetAnalyzers/StyleCopAnalyzers/blob/master/documentation/SA1117.md) [D:\source\SkyCMS\Editor\Sky.Editor.csproj]
D:\source\SkyCMS\Editor\Controllers\TemplatesController.cs(377,54): warning SA1116: The parameters should begin on the line after the declaration, whenever the parameter span across multiple lines (https://github.com/DotNetAnalyzers/StyleCopAnalyzers/blob/master/documentation/SA1116.md) [D:\source\SkyCMS\Editor\Sky.Editor.csproj]
D:\source\SkyCMS\Editor\Controllers\TemplatesController.cs(396,50): warning SA1116: The parameters should begin on the line after the declaration, whenever the parameter span across multiple lines (https://github.com/DotNetAnalyzers/StyleCopAnalyzers/blob/master/documentation/SA1116.md) [D:\source\SkyCMS\Editor\Sky.Editor.csproj]
D:\source\SkyCMS\Editor\Areas\Identity\Pages\Account\ExternalLogin.cshtml.cs(187,13): warning SA1614: Element parameter documentation should have text (https://github.com/DotNetAnalyzers/StyleCopAnalyzers/blob/master/documentation/SA1614.md) [D:\source\SkyCMS\Editor\Sky.Editor.csproj]
D:\source\SkyCMS\Editor\Areas\Identity\Pages\Account\ExternalLogin.cshtml.cs(234,29): warning SA1117: The parameters should all be placed on the same line or each parameter should be placed on its own line. (https://github.com/DotNetAnalyzers/StyleCopAnalyzers/blob/master/documentation/SA1117.md) [D:\source\SkyCMS\Editor\Sky.Editor.csproj]
D:\source\SkyCMS\Editor\Areas\Setup\Pages\Step2_AdminAccount.cshtml.cs(140,35): warning SA1116: The parameters should begin on the line after the declaration, whenever the parameter span across multiple lines (https://github.com/DotNetAnalyzers/StyleCopAnalyzers/blob/master/documentation/SA1116.md) [D:\source\SkyCMS\Editor\Sky.Editor.csproj]
D:\source\SkyCMS\Editor\Areas\Setup\Pages\Step2_AdminAccount.cshtml.cs(160,45): warning SA1116: The parameters should begin on the line after the declaration, whenever the parameter span across multiple lines (https://github.com/DotNetAnalyzers/StyleCopAnalyzers/blob/master/documentation/SA1116.md) [D:\source\SkyCMS\Editor\Sky.Editor.csproj]
D:\source\SkyCMS\Editor\Areas\Setup\Pages\Step2_AdminAccount.cshtml.cs(141,26): warning SA1117: The parameters should all be placed on the same line or each parameter should be placed on its own line. (https://github.com/DotNetAnalyzers/StyleCopAnalyzers/blob/master/documentation/SA1117.md) [D:\source\SkyCMS\Editor\Sky.Editor.csproj]
D:\source\SkyCMS\Editor\Areas\Setup\Pages\Step2_AdminAccount.cshtml.cs(161,38): warning SA1117: The parameters should all be placed on the same line or each parameter should be placed on its own line. (https://github.com/DotNetAnalyzers/StyleCopAnalyzers/blob/master/documentation/SA1117.md) [D:\source\SkyCMS\Editor\Sky.Editor.csproj]
D:\source\SkyCMS\Editor\Controllers\FileManagerController.cs(227,134): warning RCS1155: Use StringComparison when comparing strings (https://josefpihrt.github.io/docs/roslynator/analyzers/RCS1155) [D:\source\SkyCMS\Editor\Sky.Editor.csproj]
D:\source\SkyCMS\Editor\Services\Migrations\Definitions\M002_AddIdentityPasskeys.cs(54,30): warning SA1117: The parameters should all be placed on the same line or each parameter should be placed on its own line. (https://github.com/DotNetAnalyzers/StyleCopAnalyzers/blob/master/documentation/SA1117.md) [D:\source\SkyCMS\Editor\Sky.Editor.csproj]
D:\source\SkyCMS\Editor\Services\Migrations\Definitions\M002_AddIdentityPasskeys.cs(80,30): warning SA1117: The parameters should all be placed on the same line or each parameter should be placed on its own line. (https://github.com/DotNetAnalyzers/StyleCopAnalyzers/blob/master/documentation/SA1117.md) [D:\source\SkyCMS\Editor\Sky.Editor.csproj]
D:\source\SkyCMS\Editor\Services\ReservedPaths\ReservedPaths.cs(41,54): warning RCS1155: Use StringComparison when comparing strings (https://josefpihrt.github.io/docs/roslynator/analyzers/RCS1155) [D:\source\SkyCMS\Editor\Sky.Editor.csproj]
D:\source\SkyCMS\Editor\Services\Migrations\Definitions\M002_AddIdentityPasskeys.cs(170,17): warning SA1118: The parameter spans multiple lines (https://github.com/DotNetAnalyzers/StyleCopAnalyzers/blob/master/documentation/SA1118.md) [D:\source\SkyCMS\Editor\Sky.Editor.csproj]
D:\source\SkyCMS\Editor\Services\Migrations\Definitions\M002_AddIdentityPasskeys.cs(199,21): warning SA1118: The parameter spans multiple lines (https://github.com/DotNetAnalyzers/StyleCopAnalyzers/blob/master/documentation/SA1118.md) [D:\source\SkyCMS\Editor\Sky.Editor.csproj]
D:\source\SkyCMS\Editor\Services\Migrations\Definitions\M002_AddIdentityPasskeys.cs(216,21): warning SA1118: The parameter spans multiple lines (https://github.com/DotNetAnalyzers/StyleCopAnalyzers/blob/master/documentation/SA1118.md) [D:\source\SkyCMS\Editor\Sky.Editor.csproj]
D:\source\SkyCMS\Editor\Services\Migrations\Definitions\M002_AddIdentityPasskeys.cs(227,21): warning SA1118: The parameter spans multiple lines (https://github.com/DotNetAnalyzers/StyleCopAnalyzers/blob/master/documentation/SA1118.md) [D:\source\SkyCMS\Editor\Sky.Editor.csproj]
D:\source\SkyCMS\Editor\Areas\Setup\Pages\Step1_Storage.cshtml.cs(148,35): warning SA1116: The parameters should begin on the line after the declaration, whenever the parameter span across multiple lines (https://github.com/DotNetAnalyzers/StyleCopAnalyzers/blob/master/documentation/SA1116.md) [D:\source\SkyCMS\Editor\Sky.Editor.csproj]
D:\source\SkyCMS\Editor\Areas\Setup\Pages\Step1_Storage.cshtml.cs(168,45): warning SA1116: The parameters should begin on the line after the declaration, whenever the parameter span across multiple lines (https://github.com/DotNetAnalyzers/StyleCopAnalyzers/blob/master/documentation/SA1116.md) [D:\source\SkyCMS\Editor\Sky.Editor.csproj]
D:\source\SkyCMS\Editor\Areas\Setup\Pages\Step1_Storage.cshtml.cs(149,26): warning SA1117: The parameters should all be placed on the same line or each parameter should be placed on its own line. (https://github.com/DotNetAnalyzers/StyleCopAnalyzers/blob/master/documentation/SA1117.md) [D:\source\SkyCMS\Editor\Sky.Editor.csproj]
D:\source\SkyCMS\Editor\Areas\Setup\Pages\Step1_Storage.cshtml.cs(169,38): warning SA1117: The parameters should all be placed on the same line or each parameter should be placed on its own line. (https://github.com/DotNetAnalyzers/StyleCopAnalyzers/blob/master/documentation/SA1117.md) [D:\source\SkyCMS\Editor\Sky.Editor.csproj]
D:\source\SkyCMS\Editor\Services\Migrations\Definitions\M001_AddLayoutNumber.cs(71,30): warning SA1117: The parameters should all be placed on the same line or each parameter should be placed on its own line. (https://github.com/DotNetAnalyzers/StyleCopAnalyzers/blob/master/documentation/SA1117.md) [D:\source\SkyCMS\Editor\Sky.Editor.csproj]
D:\source\SkyCMS\Editor\Services\Migrations\Definitions\M001_AddLayoutNumber.cs(97,30): warning SA1117: The parameters should all be placed on the same line or each parameter should be placed on its own line. (https://github.com/DotNetAnalyzers/StyleCopAnalyzers/blob/master/documentation/SA1117.md) [D:\source\SkyCMS\Editor\Sky.Editor.csproj]
D:\source\SkyCMS\Editor\Services\Migrations\Definitions\M001_AddLayoutNumber.cs(103,39): warning SA1116: The parameters should begin on the line after the declaration, whenever the parameter span across multiple lines (https://github.com/DotNetAnalyzers/StyleCopAnalyzers/blob/master/documentation/SA1116.md) [D:\source\SkyCMS\Editor\Sky.Editor.csproj]
D:\source\SkyCMS\Editor\Services\Migrations\Definitions\M001_AddLayoutNumber.cs(104,30): warning SA1117: The parameters should all be placed on the same line or each parameter should be placed on its own line. (https://github.com/DotNetAnalyzers/StyleCopAnalyzers/blob/master/documentation/SA1117.md) [D:\source\SkyCMS\Editor\Sky.Editor.csproj]
D:\source\SkyCMS\Editor\Controllers\FileManagerController.cs(253,155): warning SA1611: The documentation for parameter 'pageSize' is missing (https://github.com/DotNetAnalyzers/StyleCopAnalyzers/blob/master/documentation/SA1611.md) [D:\source\SkyCMS\Editor\Sky.Editor.csproj]
D:\source\SkyCMS\Editor\Controllers\FileManagerController.cs(247,26): warning SA1612: The parameter documentation for 'isNewSession' should be at position 9. (https://github.com/DotNetAnalyzers/StyleCopAnalyzers/blob/master/documentation/SA1612.md) [D:\source\SkyCMS\Editor\Sky.Editor.csproj]
D:\source\SkyCMS\Editor\Controllers\FileManagerController.cs(250,13): warning SA1625: Element documentation should not be copied and pasted (https://github.com/DotNetAnalyzers/StyleCopAnalyzers/blob/master/documentation/SA1625.md) [D:\source\SkyCMS\Editor\Sky.Editor.csproj]
D:\source\SkyCMS\Editor\Data\ApplicationDbContextFactory.cs(1,1): warning SA1633: The file header is missing or not located at the top of the file. (https://github.com/DotNetAnalyzers/StyleCopAnalyzers/blob/master/documentation/SA1633.md) [D:\source\SkyCMS\Editor\Sky.Editor.csproj]
D:\source\SkyCMS\Editor\Services\Migrations\MigrationService.cs(171,35): warning SA1116: The parameters should begin on the line after the declaration, whenever the parameter span across multiple lines (https://github.com/DotNetAnalyzers/StyleCopAnalyzers/blob/master/documentation/SA1116.md) [D:\source\SkyCMS\Editor\Sky.Editor.csproj]
D:\source\SkyCMS\Editor\Services\Migrations\MigrationService.cs(190,39): warning SA1116: The parameters should begin on the line after the declaration, whenever the parameter span across multiple lines (https://github.com/DotNetAnalyzers/StyleCopAnalyzers/blob/master/documentation/SA1116.md) [D:\source\SkyCMS\Editor\Sky.Editor.csproj]
D:\source\SkyCMS\Editor\Services\Migrations\MigrationService.cs(195,33): warning SA1116: The parameters should begin on the line after the declaration, whenever the parameter span across multiple lines (https://github.com/DotNetAnalyzers/StyleCopAnalyzers/blob/master/documentation/SA1116.md) [D:\source\SkyCMS\Editor\Sky.Editor.csproj]
D:\source\SkyCMS\Editor\Services\Migrations\MigrationService.cs(172,40): warning SA1117: The parameters should all be placed on the same line or each parameter should be placed on its own line. (https://github.com/DotNetAnalyzers/StyleCopAnalyzers/blob/master/documentation/SA1117.md) [D:\source\SkyCMS\Editor\Sky.Editor.csproj]
D:\source\SkyCMS\Editor\Services\Migrations\MigrationService.cs(197,44): warning SA1117: The parameters should all be placed on the same line or each parameter should be placed on its own line. (https://github.com/DotNetAnalyzers/StyleCopAnalyzers/blob/master/documentation/SA1117.md) [D:\source\SkyCMS\Editor\Sky.Editor.csproj]
D:\source\SkyCMS\Editor\Services\Publishing\PublishingService.cs(550,39): warning SA1116: The parameters should begin on the line after the declaration, whenever the parameter span across multiple lines (https://github.com/DotNetAnalyzers/StyleCopAnalyzers/blob/master/documentation/SA1116.md) [D:\source\SkyCMS\Editor\Sky.Editor.csproj]
D:\source\SkyCMS\Editor\Services\Publishing\PublishingService.cs(559,37): warning SA1116: The parameters should begin on the line after the declaration, whenever the parameter span across multiple lines (https://github.com/DotNetAnalyzers/StyleCopAnalyzers/blob/master/documentation/SA1116.md) [D:\source\SkyCMS\Editor\Sky.Editor.csproj]
D:\source\SkyCMS\Editor\Services\Publishing\PublishingService.cs(543,38): warning SA1117: The parameters should all be placed on the same line or each parameter should be placed on its own line. (https://github.com/DotNetAnalyzers/StyleCopAnalyzers/blob/master/documentation/SA1117.md) [D:\source\SkyCMS\Editor\Sky.Editor.csproj]
D:\source\SkyCMS\Editor\Services\Publishing\PublishingService.cs(552,34): warning SA1117: The parameters should all be placed on the same line or each parameter should be placed on its own line. (https://github.com/DotNetAnalyzers/StyleCopAnalyzers/blob/master/documentation/SA1117.md) [D:\source\SkyCMS\Editor\Sky.Editor.csproj]
D:\source\SkyCMS\Editor\Services\Publishing\PublishingService.cs(561,34): warning SA1117: The parameters should all be placed on the same line or each parameter should be placed on its own line. (https://github.com/DotNetAnalyzers/StyleCopAnalyzers/blob/master/documentation/SA1117.md) [D:\source\SkyCMS\Editor\Sky.Editor.csproj]
D:\source\SkyCMS\Editor\Services\Publishing\PublishingService.cs(579,48): warning SA1108: Block statements should not contain embedded comments (https://github.com/DotNetAnalyzers/StyleCopAnalyzers/blob/master/documentation/SA1108.md) [D:\source\SkyCMS\Editor\Sky.Editor.csproj]
D:\source\SkyCMS\Editor\Services\Setup\SetupService.cs(780,21): warning SA1503: Braces should not be omitted (https://github.com/DotNetAnalyzers/StyleCopAnalyzers/blob/master/documentation/SA1503.md) [D:\source\SkyCMS\Editor\Sky.Editor.csproj]
D:\source\SkyCMS\Editor\Services\Publishing\IPublishingService.cs(42,9): warning SA1614: Element parameter documentation should have text (https://github.com/DotNetAnalyzers/StyleCopAnalyzers/blob/master/documentation/SA1614.md) [D:\source\SkyCMS\Editor\Sky.Editor.csproj]
D:\source\SkyCMS\Editor\Services\Setup\SetupService.cs(1715,87): warning RCS1155: Use StringComparison when comparing strings (https://josefpihrt.github.io/docs/roslynator/analyzers/RCS1155) [D:\source\SkyCMS\Editor\Sky.Editor.csproj]
D:\source\SkyCMS\Editor\Areas\Setup\Pages\Step3_Publisher.cshtml.cs(178,35): warning SA1116: The parameters should begin on the line after the declaration, whenever the parameter span across multiple lines (https://github.com/DotNetAnalyzers/StyleCopAnalyzers/blob/master/documentation/SA1116.md) [D:\source\SkyCMS\Editor\Sky.Editor.csproj]
D:\source\SkyCMS\Editor\Areas\Setup\Pages\Step3_Publisher.cshtml.cs(198,45): warning SA1116: The parameters should begin on the line after the declaration, whenever the parameter span across multiple lines (https://github.com/DotNetAnalyzers/StyleCopAnalyzers/blob/master/documentation/SA1116.md) [D:\source\SkyCMS\Editor\Sky.Editor.csproj]
D:\source\SkyCMS\Editor\Areas\Setup\Pages\Step3_Publisher.cshtml.cs(179,26): warning SA1117: The parameters should all be placed on the same line or each parameter should be placed on its own line. (https://github.com/DotNetAnalyzers/StyleCopAnalyzers/blob/master/documentation/SA1117.md) [D:\source\SkyCMS\Editor\Sky.Editor.csproj]
D:\source\SkyCMS\Editor\Areas\Setup\Pages\Step3_Publisher.cshtml.cs(199,38): warning SA1117: The parameters should all be placed on the same line or each parameter should be placed on its own line. (https://github.com/DotNetAnalyzers/StyleCopAnalyzers/blob/master/documentation/SA1117.md) [D:\source\SkyCMS\Editor\Sky.Editor.csproj]
D:\source\SkyCMS\Editor\Data\Logic\LayoutUtilities.cs(285,18): warning SA1402: File may only contain a single type (https://github.com/DotNetAnalyzers/StyleCopAnalyzers/blob/master/documentation/SA1402.md) [D:\source\SkyCMS\Editor\Sky.Editor.csproj]
D:\source\SkyCMS\Editor\Data\Logic\LayoutUtilities.cs(316,18): warning SA1402: File may only contain a single type (https://github.com/DotNetAnalyzers/StyleCopAnalyzers/blob/master/documentation/SA1402.md) [D:\source\SkyCMS\Editor\Sky.Editor.csproj]
D:\source\SkyCMS\Editor\Data\Logic\LayoutUtilities.cs(343,18): warning SA1402: File may only contain a single type (https://github.com/DotNetAnalyzers/StyleCopAnalyzers/blob/master/documentation/SA1402.md) [D:\source\SkyCMS\Editor\Sky.Editor.csproj]
D:\source\SkyCMS\Editor\Data\Logic\LayoutUtilities.cs(354,18): warning SA1402: File may only contain a single type (https://github.com/DotNetAnalyzers/StyleCopAnalyzers/blob/master/documentation/SA1402.md) [D:\source\SkyCMS\Editor\Sky.Editor.csproj]
D:\source\SkyCMS\Editor\Areas\Setup\Pages\Step4_Email.cshtml.cs(276,35): warning SA1116: The parameters should begin on the line after the declaration, whenever the parameter span across multiple lines (https://github.com/DotNetAnalyzers/StyleCopAnalyzers/blob/master/documentation/SA1116.md) [D:\source\SkyCMS\Editor\Sky.Editor.csproj]
D:\source\SkyCMS\Editor\Areas\Setup\Pages\Step4_Email.cshtml.cs(277,26): warning SA1117: The parameters should all be placed on the same line or each parameter should be placed on its own line. (https://github.com/DotNetAnalyzers/StyleCopAnalyzers/blob/master/documentation/SA1117.md) [D:\source\SkyCMS\Editor\Sky.Editor.csproj]
D:\source\SkyCMS\Editor\Services\Setup\MultiTenantSetupService.cs(47,34): warning SA1611: The documentation for parameter 'applicationDbContext' is missing (https://github.com/DotNetAnalyzers/StyleCopAnalyzers/blob/master/documentation/SA1611.md) [D:\source\SkyCMS\Editor\Sky.Editor.csproj]
D:\source\SkyCMS\Editor\Services\Setup\MultiTenantSetupService.cs(48,36): warning SA1611: The documentation for parameter 'configDbContext' is missing (https://github.com/DotNetAnalyzers/StyleCopAnalyzers/blob/master/documentation/SA1611.md) [D:\source\SkyCMS\Editor\Sky.Editor.csproj]
D:\source\SkyCMS\Editor\Services\Setup\MultiTenantSetupService.cs(49,39): warning SA1611: The documentation for parameter 'userManager' is missing (https://github.com/DotNetAnalyzers/StyleCopAnalyzers/blob/master/documentation/SA1611.md) [D:\source\SkyCMS\Editor\Sky.Editor.csproj]
D:\source\SkyCMS\Editor\Services\Setup\MultiTenantSetupService.cs(50,39): warning SA1611: The documentation for parameter 'roleManager' is missing (https://github.com/DotNetAnalyzers/StyleCopAnalyzers/blob/master/documentation/SA1611.md) [D:\source\SkyCMS\Editor\Sky.Editor.csproj]
D:\source\SkyCMS\Editor\Services\Setup\MultiTenantSetupService.cs(51,34): warning SA1611: The documentation for parameter 'layoutImportService' is missing (https://github.com/DotNetAnalyzers/StyleCopAnalyzers/blob/master/documentation/SA1611.md) [D:\source\SkyCMS\Editor\Sky.Editor.csproj]
D:\source\SkyCMS\Editor\Services\Setup\MultiTenantSetupService.cs(52,30): warning SA1611: The documentation for parameter 'articleEditLogic' is missing (https://github.com/DotNetAnalyzers/StyleCopAnalyzers/blob/master/documentation/SA1611.md) [D:\source\SkyCMS\Editor\Sky.Editor.csproj]
D:\source\SkyCMS\Editor\Services\Setup\MultiTenantSetupService.cs(53,28): warning SA1611: The documentation for parameter 'mediator' is missing (https://github.com/DotNetAnalyzers/StyleCopAnalyzers/blob/master/documentation/SA1611.md) [D:\source\SkyCMS\Editor\Sky.Editor.csproj]
D:\source\SkyCMS\Editor\Services\Setup\MultiTenantSetupService.cs(54,28): warning SA1611: The documentation for parameter 'configuration' is missing (https://github.com/DotNetAnalyzers/StyleCopAnalyzers/blob/master/documentation/SA1611.md) [D:\source\SkyCMS\Editor\Sky.Editor.csproj]
D:\source\SkyCMS\Editor\Services\Setup\MultiTenantSetupService.cs(55,46): warning SA1611: The documentation for parameter 'logger' is missing (https://github.com/DotNetAnalyzers/StyleCopAnalyzers/blob/master/documentation/SA1611.md) [D:\source\SkyCMS\Editor\Sky.Editor.csproj]
D:\source\SkyCMS\Editor\Areas\Setup\Pages\Step5_Cdn.cshtml.cs(249,35): warning SA1116: The parameters should begin on the line after the declaration, whenever the parameter span across multiple lines (https://github.com/DotNetAnalyzers/StyleCopAnalyzers/blob/master/documentation/SA1116.md) [D:\source\SkyCMS\Editor\Sky.Editor.csproj]
D:\source\SkyCMS\Editor\Areas\Setup\Pages\Step5_Cdn.cshtml.cs(250,26): warning SA1117: The parameters should all be placed on the same line or each parameter should be placed on its own line. (https://github.com/DotNetAnalyzers/StyleCopAnalyzers/blob/master/documentation/SA1117.md) [D:\source\SkyCMS\Editor\Sky.Editor.csproj]
D:\source\SkyCMS\Editor\Areas\Setup\Pages\Step4_Email.cshtml.cs(181,35): warning SA1116: The parameters should begin on the line after the declaration, whenever the parameter span across multiple lines (https://github.com/DotNetAnalyzers/StyleCopAnalyzers/blob/master/documentation/SA1116.md) [D:\source\SkyCMS\Editor\Sky.Editor.csproj]
D:\source\SkyCMS\Editor\Areas\Setup\Pages\Step4_Email.cshtml.cs(182,32): warning SA1117: The parameters should all be placed on the same line or each parameter should be placed on its own line. (https://github.com/DotNetAnalyzers/StyleCopAnalyzers/blob/master/documentation/SA1117.md) [D:\source\SkyCMS\Editor\Sky.Editor.csproj]
D:\source\SkyCMS\Editor\Services\Setup\MultiTenantSetupService.cs(278,51): warning RCS1155: Use StringComparison when comparing strings (https://josefpihrt.github.io/docs/roslynator/analyzers/RCS1155) [D:\source\SkyCMS\Editor\Sky.Editor.csproj]
D:\source\SkyCMS\Editor\Areas\Setup\Pages\Tenant\Index.cshtml.cs(25,52): warning SA1611: The documentation for parameter 'setupService' is missing (https://github.com/DotNetAnalyzers/StyleCopAnalyzers/blob/master/documentation/SA1611.md) [D:\source\SkyCMS\Editor\Sky.Editor.csproj]
D:\source\SkyCMS\Editor\Areas\Setup\Pages\Tenant\Index.cshtml.cs(38,22): warning SA1615: Element return value should be documented (https://github.com/DotNetAnalyzers/StyleCopAnalyzers/blob/master/documentation/SA1615.md) [D:\source\SkyCMS\Editor\Sky.Editor.csproj]
D:\source\SkyCMS\Editor\Areas\Setup\Pages\Tenant\Complete.cshtml.cs(25,55): warning SA1611: The documentation for parameter 'setupService' is missing (https://github.com/DotNetAnalyzers/StyleCopAnalyzers/blob/master/documentation/SA1611.md) [D:\source\SkyCMS\Editor\Sky.Editor.csproj]
D:\source\SkyCMS\Editor\Areas\Setup\Pages\Tenant\Complete.cshtml.cs(48,22): warning SA1615: Element return value should be documented (https://github.com/DotNetAnalyzers/StyleCopAnalyzers/blob/master/documentation/SA1615.md) [D:\source\SkyCMS\Editor\Sky.Editor.csproj]
D:\source\SkyCMS\Editor\Areas\Setup\Pages\Tenant\Admin.cshtml.cs(26,52): warning SA1611: The documentation for parameter 'setupService' is missing (https://github.com/DotNetAnalyzers/StyleCopAnalyzers/blob/master/documentation/SA1611.md) [D:\source\SkyCMS\Editor\Sky.Editor.csproj]
D:\source\SkyCMS\Editor\Areas\Setup\Pages\Tenant\Admin.cshtml.cs(65,22): warning SA1615: Element return value should be documented (https://github.com/DotNetAnalyzers/StyleCopAnalyzers/blob/master/documentation/SA1615.md) [D:\source\SkyCMS\Editor\Sky.Editor.csproj]
D:\source\SkyCMS\Editor\Areas\Setup\Pages\Tenant\Admin.cshtml.cs(86,22): warning SA1615: Element return value should be documented (https://github.com/DotNetAnalyzers/StyleCopAnalyzers/blob/master/documentation/SA1615.md) [D:\source\SkyCMS\Editor\Sky.Editor.csproj]
D:\source\SkyCMS\Editor\Data\Migrations\Sqlite\20260105143022_InitialCreate_Sqlite.cs(1,1): warning SA1633: The file header is missing or not located at the top of the file. (https://github.com/DotNetAnalyzers/StyleCopAnalyzers/blob/master/documentation/SA1633.md) [D:\source\SkyCMS\Editor\Sky.Editor.csproj]
D:\source\SkyCMS\Editor\Controllers\EditorController.cs(1385,46): warning RCS1155: Use StringComparison when comparing strings (https://josefpihrt.github.io/docs/roslynator/analyzers/RCS1155) [D:\source\SkyCMS\Editor\Sky.Editor.csproj]
D:\source\SkyCMS\Editor\Controllers\EditorController.cs(1399,26): warning RCS1155: Use StringComparison when comparing strings (https://josefpihrt.github.io/docs/roslynator/analyzers/RCS1155) [D:\source\SkyCMS\Editor\Sky.Editor.csproj]
D:\source\SkyCMS\Editor\Controllers\EditorController.cs(1400,26): warning RCS1155: Use StringComparison when comparing strings (https://josefpihrt.github.io/docs/roslynator/analyzers/RCS1155) [D:\source\SkyCMS\Editor\Sky.Editor.csproj]
D:\source\SkyCMS\Editor\Controllers\EditorController.cs(1746,38): warning RCS1155: Use StringComparison when comparing strings (https://josefpihrt.github.io/docs/roslynator/analyzers/RCS1155) [D:\source\SkyCMS\Editor\Sky.Editor.csproj]
D:\source\SkyCMS\Editor\Controllers\EditorController.cs(1746,91): warning RCS1155: Use StringComparison when comparing strings (https://josefpihrt.github.io/docs/roslynator/analyzers/RCS1155) [D:\source\SkyCMS\Editor\Sky.Editor.csproj]
D:\source\SkyCMS\Editor\Controllers\EditorController.cs(1848,75): warning RCS1155: Use StringComparison when comparing strings (https://josefpihrt.github.io/docs/roslynator/analyzers/RCS1155) [D:\source\SkyCMS\Editor\Sky.Editor.csproj]
D:\source\SkyCMS\Editor\Controllers\EditorController.cs(1851,71): warning RCS1155: Use StringComparison when comparing strings (https://josefpihrt.github.io/docs/roslynator/analyzers/RCS1155) [D:\source\SkyCMS\Editor\Sky.Editor.csproj]
D:\source\SkyCMS\Editor\Data\Migrations\Sqlite\20260105185839_AddPageDesignVersionEntity_Sqlite.cs(1,1): warning SA1633: The file header is missing or not located at the top of the file. (https://github.com/DotNetAnalyzers/StyleCopAnalyzers/blob/master/documentation/SA1633.md) [D:\source\SkyCMS\Editor\Sky.Editor.csproj]
D:\source\SkyCMS\Editor\Data\Migrations\SqlServer\20260105143022_InitialCreate_SqlServer.cs(1,1): warning SA1633: The file header is missing or not located at the top of the file. (https://github.com/DotNetAnalyzers/StyleCopAnalyzers/blob/master/documentation/SA1633.md) [D:\source\SkyCMS\Editor\Sky.Editor.csproj]
D:\source\SkyCMS\Editor\Data\Migrations\SqlServer\20260105185745_AddPageDesignVersionEntity_SqlServer.cs(1,1): warning SA1633: The file header is missing or not located at the top of the file. (https://github.com/DotNetAnalyzers/StyleCopAnalyzers/blob/master/documentation/SA1633.md) [D:\source\SkyCMS\Editor\Sky.Editor.csproj]
D:\source\SkyCMS\Editor\Domain\Events\CacheDomainEvents.cs(15,25): warning SA1649: File name should match first type name. (https://github.com/DotNetAnalyzers/StyleCopAnalyzers/blob/master/documentation/SA1649.md) [D:\source\SkyCMS\Editor\Sky.Editor.csproj]
D:\source\SkyCMS\Editor\Domain\Events\CacheDomainEvents.cs(35,25): warning SA1402: File may only contain a single type (https://github.com/DotNetAnalyzers/StyleCopAnalyzers/blob/master/documentation/SA1402.md) [D:\source\SkyCMS\Editor\Sky.Editor.csproj]
D:\source\SkyCMS\Editor\Domain\Events\CacheDomainEvents.cs(55,25): warning SA1402: File may only contain a single type (https://github.com/DotNetAnalyzers/StyleCopAnalyzers/blob/master/documentation/SA1402.md) [D:\source\SkyCMS\Editor\Sky.Editor.csproj]
D:\source\SkyCMS\Editor\Domain\Events\CacheDomainEvents.cs(75,25): warning SA1402: File may only contain a single type (https://github.com/DotNetAnalyzers/StyleCopAnalyzers/blob/master/documentation/SA1402.md) [D:\source\SkyCMS\Editor\Sky.Editor.csproj]
D:\source\SkyCMS\Editor\Domain\Events\IDomainEvent.cs(42,25): warning SA1402: File may only contain a single type (https://github.com/DotNetAnalyzers/StyleCopAnalyzers/blob/master/documentation/SA1402.md) [D:\source\SkyCMS\Editor\Sky.Editor.csproj]
D:\source\SkyCMS\Editor\Domain\Events\IDomainEvent.cs(69,25): warning SA1402: File may only contain a single type (https://github.com/DotNetAnalyzers/StyleCopAnalyzers/blob/master/documentation/SA1402.md) [D:\source\SkyCMS\Editor\Sky.Editor.csproj]
D:\source\SkyCMS\Editor\Domain\Events\IDomainEvent.cs(103,25): warning SA1402: File may only contain a single type (https://github.com/DotNetAnalyzers/StyleCopAnalyzers/blob/master/documentation/SA1402.md) [D:\source\SkyCMS\Editor\Sky.Editor.csproj]
D:\source\SkyCMS\Editor\Domain\Events\IDomainEvent.cs(130,25): warning SA1402: File may only contain a single type (https://github.com/DotNetAnalyzers/StyleCopAnalyzers/blob/master/documentation/SA1402.md) [D:\source\SkyCMS\Editor\Sky.Editor.csproj]
D:\source\SkyCMS\Editor\Features\Articles\CreateHomePage\CreateHomePageCommand.cs(1,4): warning SA1636: The file header copyright text should match the copyright text from the settings. (https://github.com/DotNetAnalyzers/StyleCopAnalyzers/blob/master/documentation/SA1636.md) [D:\source\SkyCMS\Editor\Sky.Editor.csproj]
D:\source\SkyCMS\Editor\Features\Articles\CreateHomePage\CreateHomePageHandler.cs(1,4): warning SA1636: The file header copyright text should match the copyright text from the settings. (https://github.com/DotNetAnalyzers/StyleCopAnalyzers/blob/master/documentation/SA1636.md) [D:\source\SkyCMS\Editor\Sky.Editor.csproj]
D:\source\SkyCMS\Editor\Features\Articles\CreateVersion\CreateArticleVersionCommand.cs(1,4): warning SA1636: The file header copyright text should match the copyright text from the settings. (https://github.com/DotNetAnalyzers/StyleCopAnalyzers/blob/master/documentation/SA1636.md) [D:\source\SkyCMS\Editor\Sky.Editor.csproj]
D:\source\SkyCMS\Editor\Features\Articles\CreateVersion\CreateArticleVersionCommand.cs(32,18): warning SA1402: File may only contain a single type (https://github.com/DotNetAnalyzers/StyleCopAnalyzers/blob/master/documentation/SA1402.md) [D:\source\SkyCMS\Editor\Sky.Editor.csproj]
D:\source\SkyCMS\Editor\Features\Articles\CreateVersion\CreateArticleVersionHandler.cs(1,4): warning SA1636: The file header copyright text should match the copyright text from the settings. (https://github.com/DotNetAnalyzers/StyleCopAnalyzers/blob/master/documentation/SA1636.md) [D:\source\SkyCMS\Editor\Sky.Editor.csproj]
D:\source\SkyCMS\Editor\Features\Articles\Create\CreateArticleHandler.cs(1,1): warning SA1633: The file header is missing or not located at the top of the file. (https://github.com/DotNetAnalyzers/StyleCopAnalyzers/blob/master/documentation/SA1633.md) [D:\source\SkyCMS\Editor\Sky.Editor.csproj]
D:\source\SkyCMS\Editor\Features\Articles\Create\CreateArticleValidator.cs(1,1): warning SA1633: The file header is missing or not located at the top of the file. (https://github.com/DotNetAnalyzers/StyleCopAnalyzers/blob/master/documentation/SA1633.md) [D:\source\SkyCMS\Editor\Sky.Editor.csproj]
D:\source\SkyCMS\Editor\Features\Articles\Delete\DeleteArticleCommand.cs(1,4): warning SA1636: The file header copyright text should match the copyright text from the settings. (https://github.com/DotNetAnalyzers/StyleCopAnalyzers/blob/master/documentation/SA1636.md) [D:\source\SkyCMS\Editor\Sky.Editor.csproj]
D:\source\SkyCMS\Editor\Features\Articles\Delete\DeleteArticleHandler.cs(1,4): warning SA1636: The file header copyright text should match the copyright text from the settings. (https://github.com/DotNetAnalyzers/StyleCopAnalyzers/blob/master/documentation/SA1636.md) [D:\source\SkyCMS\Editor\Sky.Editor.csproj]
D:\source\SkyCMS\Editor\Features\Articles\Publish\PublishArticleCommand.cs(1,4): warning SA1636: The file header copyright text should match the copyright text from the settings. (https://github.com/DotNetAnalyzers/StyleCopAnalyzers/blob/master/documentation/SA1636.md) [D:\source\SkyCMS\Editor\Sky.Editor.csproj]
D:\source\SkyCMS\Editor\Features\Articles\Publish\PublishArticleCommand.cs(32,18): warning SA1402: File may only contain a single type (https://github.com/DotNetAnalyzers/StyleCopAnalyzers/blob/master/documentation/SA1402.md) [D:\source\SkyCMS\Editor\Sky.Editor.csproj]
D:\source\SkyCMS\Editor\Features\Articles\Publish\PublishArticleHandler.cs(1,4): warning SA1636: The file header copyright text should match the copyright text from the settings. (https://github.com/DotNetAnalyzers/StyleCopAnalyzers/blob/master/documentation/SA1636.md) [D:\source\SkyCMS\Editor\Sky.Editor.csproj]
D:\source\SkyCMS\Editor\Features\Articles\Restore\RestoreArticleCommand.cs(1,4): warning SA1636: The file header copyright text should match the copyright text from the settings. (https://github.com/DotNetAnalyzers/StyleCopAnalyzers/blob/master/documentation/SA1636.md) [D:\source\SkyCMS\Editor\Sky.Editor.csproj]
D:\source\SkyCMS\Editor\Features\Articles\Restore\RestoreArticleHandler.cs(1,4): warning SA1636: The file header copyright text should match the copyright text from the settings. (https://github.com/DotNetAnalyzers/StyleCopAnalyzers/blob/master/documentation/SA1636.md) [D:\source\SkyCMS\Editor\Sky.Editor.csproj]
D:\source\SkyCMS\Editor\Features\Articles\Trash\TrashArticleCommand.cs(1,4): warning SA1636: The file header copyright text should match the copyright text from the settings. (https://github.com/DotNetAnalyzers/StyleCopAnalyzers/blob/master/documentation/SA1636.md) [D:\source\SkyCMS\Editor\Sky.Editor.csproj]
D:\source\SkyCMS\Editor\Features\Articles\Trash\TrashArticleHandler.cs(1,4): warning SA1636: The file header copyright text should match the copyright text from the settings. (https://github.com/DotNetAnalyzers/StyleCopAnalyzers/blob/master/documentation/SA1636.md) [D:\source\SkyCMS\Editor\Sky.Editor.csproj]
D:\source\SkyCMS\Editor\Features\Articles\Trash\TrashArticleValidator.cs(1,4): warning SA1636: The file header copyright text should match the copyright text from the settings. (https://github.com/DotNetAnalyzers/StyleCopAnalyzers/blob/master/documentation/SA1636.md) [D:\source\SkyCMS\Editor\Sky.Editor.csproj]
D:\source\SkyCMS\Editor\Features\Blogs\CreatePost\CreateBlogPostCommand.cs(72,18): warning SA1402: File may only contain a single type (https://github.com/DotNetAnalyzers/StyleCopAnalyzers/blob/master/documentation/SA1402.md) [D:\source\SkyCMS\Editor\Sky.Editor.csproj]
D:\source\SkyCMS\Editor\Features\Blogs\DeletePost\DeleteBlogPostCommand.cs(39,18): warning SA1402: File may only contain a single type (https://github.com/DotNetAnalyzers/StyleCopAnalyzers/blob/master/documentation/SA1402.md) [D:\source\SkyCMS\Editor\Sky.Editor.csproj]
D:\source\SkyCMS\Editor\Features\Blogs\UpdatePost\UpdateBlogPostCommand.cs(66,18): warning SA1402: File may only contain a single type (https://github.com/DotNetAnalyzers/StyleCopAnalyzers/blob/master/documentation/SA1402.md) [D:\source\SkyCMS\Editor\Sky.Editor.csproj]
D:\source\SkyCMS\Editor\Features\Shared\MultiTenantMediator.cs(197,63): warning SA1009: Closing parenthesis should be followed by a space. (https://github.com/DotNetAnalyzers/StyleCopAnalyzers/blob/master/documentation/SA1009.md) [D:\source\SkyCMS\Editor\Sky.Editor.csproj]
D:\source\SkyCMS\Editor\Features\Templates\GetList\GetTemplateListQueryResult.cs(32,18): warning SA1402: File may only contain a single type (https://github.com/DotNetAnalyzers/StyleCopAnalyzers/blob/master/documentation/SA1402.md) [D:\source\SkyCMS\Editor\Sky.Editor.csproj]
D:\source\SkyCMS\Editor\Hubs\PublishingProgressHub.cs(1,4): warning SA1636: The file header copyright text should match the copyright text from the settings. (https://github.com/DotNetAnalyzers/StyleCopAnalyzers/blob/master/documentation/SA1636.md) [D:\source\SkyCMS\Editor\Sky.Editor.csproj]
D:\source\SkyCMS\Editor\Middleware\TenantSetupMiddleware.cs(71,25): warning SA1402: File may only contain a single type (https://github.com/DotNetAnalyzers/StyleCopAnalyzers/blob/master/documentation/SA1402.md) [D:\source\SkyCMS\Editor\Sky.Editor.csproj]
D:\source\SkyCMS\Editor\Models\BlogEntryListItem.cs(1,4): warning SA1638: File header file name documentation should match file name. (https://github.com/DotNetAnalyzers/StyleCopAnalyzers/blob/master/documentation/SA1638.md) [D:\source\SkyCMS\Editor\Sky.Editor.csproj]
D:\source\SkyCMS\Editor\Models\BlogStreamViewModel.cs(1,4): warning SA1638: File header file name documentation should match file name. (https://github.com/DotNetAnalyzers/StyleCopAnalyzers/blob/master/documentation/SA1638.md) [D:\source\SkyCMS\Editor\Sky.Editor.csproj]
D:\source\SkyCMS\Editor\Models\BlogStreamViewModel.cs(84,18): warning SA1402: File may only contain a single type (https://github.com/DotNetAnalyzers/StyleCopAnalyzers/blob/master/documentation/SA1402.md) [D:\source\SkyCMS\Editor\Sky.Editor.csproj]
D:\source\SkyCMS\Editor\Models\BlogStreamViewModel.cs(124,18): warning SA1402: File may only contain a single type (https://github.com/DotNetAnalyzers/StyleCopAnalyzers/blob/master/documentation/SA1402.md) [D:\source\SkyCMS\Editor\Sky.Editor.csproj]
D:\source\SkyCMS\Editor\Models\Class.cs(1,1): warning SA1633: The file header is missing or not located at the top of the file. (https://github.com/DotNetAnalyzers/StyleCopAnalyzers/blob/master/documentation/SA1633.md) [D:\source\SkyCMS\Editor\Sky.Editor.csproj]
D:\source\SkyCMS\Editor\Models\EditCodePostModel.cs(1,4): warning SA1638: File header file name documentation should match file name. (https://github.com/DotNetAnalyzers/StyleCopAnalyzers/blob/master/documentation/SA1638.md) [D:\source\SkyCMS\Editor\Sky.Editor.csproj]
D:\source\SkyCMS\Editor\Models\EditImagePostViewModel.cs(13,18): warning SA1649: File name should match first type name. (https://github.com/DotNetAnalyzers/StyleCopAnalyzers/blob/master/documentation/SA1649.md) [D:\source\SkyCMS\Editor\Sky.Editor.csproj]
D:\source\SkyCMS\Editor\Models\EditorResponse.cs(48,18): warning SA1402: File may only contain a single type (https://github.com/DotNetAnalyzers/StyleCopAnalyzers/blob/master/documentation/SA1402.md) [D:\source\SkyCMS\Editor\Sky.Editor.csproj]
D:\source\SkyCMS\Editor\Models\GrapesJs\page.cs(16,18): warning SA1649: File name should match first type name. (https://github.com/DotNetAnalyzers/StyleCopAnalyzers/blob/master/documentation/SA1649.md) [D:\source\SkyCMS\Editor\Sky.Editor.csproj]
D:\source\SkyCMS\Editor\Models\GrapesJs\page.cs(16,18): warning SA1402: File may only contain a single type (https://github.com/DotNetAnalyzers/StyleCopAnalyzers/blob/master/documentation/SA1402.md) [D:\source\SkyCMS\Editor\Sky.Editor.csproj]
D:\source\SkyCMS\Editor\Models\InstallDatabaseResultsModel.cs(13,18): warning SA1649: File name should match first type name. (https://github.com/DotNetAnalyzers/StyleCopAnalyzers/blob/master/documentation/SA1649.md) [D:\source\SkyCMS\Editor\Sky.Editor.csproj]
D:\source\SkyCMS\Editor\Models\SignalVerifyResultModel.cs(15,18): warning SA1649: File name should match first type name. (https://github.com/DotNetAnalyzers/StyleCopAnalyzers/blob/master/documentation/SA1649.md) [D:\source\SkyCMS\Editor\Sky.Editor.csproj]
D:\source\SkyCMS\Editor\Models\StatusIndexViewModel.cs(27,18): warning SA1402: File may only contain a single type (https://github.com/DotNetAnalyzers/StyleCopAnalyzers/blob/master/documentation/SA1402.md) [D:\source\SkyCMS\Editor\Sky.Editor.csproj]
D:\source\SkyCMS\Editor\Models\TestEmailMessageViewModel.cs(1,4): warning SA1638: File header file name documentation should match file name. (https://github.com/DotNetAnalyzers/StyleCopAnalyzers/blob/master/documentation/SA1638.md) [D:\source\SkyCMS\Editor\Sky.Editor.csproj]
D:\source\SkyCMS\Editor\Models\UsersInRoleViewModel.cs(44,18): warning SA1402: File may only contain a single type (https://github.com/DotNetAnalyzers/StyleCopAnalyzers/blob/master/documentation/SA1402.md) [D:\source\SkyCMS\Editor\Sky.Editor.csproj]
D:\source\SkyCMS\Editor\Pages\Diagnostics\Index.cshtml.cs(19,18): warning SA1649: File name should match first type name. (https://github.com/DotNetAnalyzers/StyleCopAnalyzers/blob/master/documentation/SA1649.md) [D:\source\SkyCMS\Editor\Sky.Editor.csproj]
D:\source\SkyCMS\Editor\Services\Diagnostics\ConfigurationValidator.cs(470,18): warning SA1402: File may only contain a single type (https://github.com/DotNetAnalyzers/StyleCopAnalyzers/blob/master/documentation/SA1402.md) [D:\source\SkyCMS\Editor\Sky.Editor.csproj]
D:\source\SkyCMS\Editor\Services\Diagnostics\ConfigurationValidator.cs(496,18): warning SA1402: File may only contain a single type (https://github.com/DotNetAnalyzers/StyleCopAnalyzers/blob/master/documentation/SA1402.md) [D:\source\SkyCMS\Editor\Sky.Editor.csproj]
D:\source\SkyCMS\Editor\Services\Email\DatabaseEmailConfigurationSource.cs(49,18): warning SA1402: File may only contain a single type (https://github.com/DotNetAnalyzers/StyleCopAnalyzers/blob/master/documentation/SA1402.md) [D:\source\SkyCMS\Editor\Sky.Editor.csproj]
D:\source\SkyCMS\Editor\Services\IMultiDatabaseManagementUtilities.cs(1,1): warning SA1633: The file header is missing or not located at the top of the file. (https://github.com/DotNetAnalyzers/StyleCopAnalyzers/blob/master/documentation/SA1633.md) [D:\source\SkyCMS\Editor\Sky.Editor.csproj]
D:\source\SkyCMS\Editor\Services\Layouts\LayoutTemplateService.cs(1,1): warning SA1633: The file header is missing or not located at the top of the file. (https://github.com/DotNetAnalyzers/StyleCopAnalyzers/blob/master/documentation/SA1633.md) [D:\source\SkyCMS\Editor\Sky.Editor.csproj]
D:\source\SkyCMS\Editor\Services\Layout\IntegrityCheckResult.cs(46,18): warning SA1402: File may only contain a single type (https://github.com/DotNetAnalyzers/StyleCopAnalyzers/blob/master/documentation/SA1402.md) [D:\source\SkyCMS\Editor\Sky.Editor.csproj]
D:\source\SkyCMS\Editor\Services\Layout\LayoutFamilyInfo.cs(1,4): warning SA1638: File header file name documentation should match file name. (https://github.com/DotNetAnalyzers/StyleCopAnalyzers/blob/master/documentation/SA1638.md) [D:\source\SkyCMS\Editor\Sky.Editor.csproj]
D:\source\SkyCMS\Editor\Services\Layout\LayoutFamilyInfo.cs(57,18): warning SA1402: File may only contain a single type (https://github.com/DotNetAnalyzers/StyleCopAnalyzers/blob/master/documentation/SA1402.md) [D:\source\SkyCMS\Editor\Sky.Editor.csproj]
D:\source\SkyCMS\Editor\Services\Layout\LayoutFamilyInfo.cs(83,18): warning SA1402: File may only contain a single type (https://github.com/DotNetAnalyzers/StyleCopAnalyzers/blob/master/documentation/SA1402.md) [D:\source\SkyCMS\Editor\Sky.Editor.csproj]
D:\source\SkyCMS\Editor\Services\Migrations\MigrationSummary.cs(91,18): warning SA1402: File may only contain a single type (https://github.com/DotNetAnalyzers/StyleCopAnalyzers/blob/master/documentation/SA1402.md) [D:\source\SkyCMS\Editor\Sky.Editor.csproj]
D:\source\SkyCMS\Editor\Services\Publishing\IPublishingProgressReporter.cs(1,1): warning SA1633: The file header is missing or not located at the top of the file. (https://github.com/DotNetAnalyzers/StyleCopAnalyzers/blob/master/documentation/SA1633.md) [D:\source\SkyCMS\Editor\Sky.Editor.csproj]
D:\source\SkyCMS\Editor\Services\ReservedPaths\IReservedPaths.cs(1,1): warning SA1633: The file header is missing or not located at the top of the file. (https://github.com/DotNetAnalyzers/StyleCopAnalyzers/blob/master/documentation/SA1633.md) [D:\source\SkyCMS\Editor\Sky.Editor.csproj]
D:\source\SkyCMS\Editor\Services\Scheduling\IArticleScheduler.cs(1,4): warning SA1638: File header file name documentation should match file name. (https://github.com/DotNetAnalyzers/StyleCopAnalyzers/blob/master/documentation/SA1638.md) [D:\source\SkyCMS\Editor\Sky.Editor.csproj]
D:\source\SkyCMS\Editor\Services\Scheduling\ITenantArticleLogicFactory.cs(1,1): warning SA1633: The file header is missing or not located at the top of the file. (https://github.com/DotNetAnalyzers/StyleCopAnalyzers/blob/master/documentation/SA1633.md) [D:\source\SkyCMS\Editor\Sky.Editor.csproj]
D:\source\SkyCMS\Editor\Services\Setup\ISetupCheckService.cs(1,4): warning SA1638: File header file name documentation should match file name. (https://github.com/DotNetAnalyzers/StyleCopAnalyzers/blob/master/documentation/SA1638.md) [D:\source\SkyCMS\Editor\Sky.Editor.csproj]
D:\source\SkyCMS\Editor\Services\Setup\SetupCheckService.cs(1,4): warning SA1638: File header file name documentation should match file name. (https://github.com/DotNetAnalyzers/StyleCopAnalyzers/blob/master/documentation/SA1638.md) [D:\source\SkyCMS\Editor\Sky.Editor.csproj]
D:\source\SkyCMS\Editor\Services\Templates\Models\ArticlePreviewItem.cs(1,4): warning SA1638: File header file name documentation should match file name. (https://github.com/DotNetAnalyzers/StyleCopAnalyzers/blob/master/documentation/SA1638.md) [D:\source\SkyCMS\Editor\Sky.Editor.csproj]
D:\source\SkyCMS\Editor\Services\Templates\Models\ArticlePublishResult.cs(1,4): warning SA1638: File header file name documentation should match file name. (https://github.com/DotNetAnalyzers/StyleCopAnalyzers/blob/master/documentation/SA1638.md) [D:\source\SkyCMS\Editor\Sky.Editor.csproj]
D:\source\SkyCMS\Editor\Services\Templates\Models\TemplateApplicationPreview.cs(1,4): warning SA1638: File header file name documentation should match file name. (https://github.com/DotNetAnalyzers/StyleCopAnalyzers/blob/master/documentation/SA1638.md) [D:\source\SkyCMS\Editor\Sky.Editor.csproj]
D:\source\SkyCMS\Editor\Services\Templates\Models\TemplateApplicationResult.cs(1,4): warning SA1638: File header file name documentation should match file name. (https://github.com/DotNetAnalyzers/StyleCopAnalyzers/blob/master/documentation/SA1638.md) [D:\source\SkyCMS\Editor\Sky.Editor.csproj]
D:\source\SkyCMS\Editor\Services\Templates\Models\TemplateBatchApplicationResult.cs(1,4): warning SA1638: File header file name documentation should match file name. (https://github.com/DotNetAnalyzers/StyleCopAnalyzers/blob/master/documentation/SA1638.md) [D:\source\SkyCMS\Editor\Sky.Editor.csproj]
D:\source\SkyCMS\Editor\Services\Templates\Models\TemplateBatchPublishResult.cs(1,4): warning SA1638: File header file name documentation should match file name. (https://github.com/DotNetAnalyzers/StyleCopAnalyzers/blob/master/documentation/SA1638.md) [D:\source\SkyCMS\Editor\Sky.Editor.csproj]
D:\source\SkyCMS\Editor\Services\ViewRenderingService.cs(29,22): warning SA1649: File name should match first type name. (https://github.com/DotNetAnalyzers/StyleCopAnalyzers/blob/master/documentation/SA1649.md) [D:\source\SkyCMS\Editor\Sky.Editor.csproj]
  Sky.Editor -> D:\source\SkyCMS\Editor\bin\Debug\net10.0\Sky.Editor.dll
D:\source\SkyCMS\Tests\Services\RateLimiting\ContactApiRateLimitingTests.cs(239,60): warning CS8632: The annotation for nullable reference types should only be used in code within a '#nullable' annotations context. [D:\source\SkyCMS\Tests\Sky.Tests.csproj]
D:\source\SkyCMS\Tests\Editor\Services\Email\EmailConfigurationServiceTests.cs(27,38): warning CS8632: The annotation for nullable reference types should only be used in code within a '#nullable' annotations context. [D:\source\SkyCMS\Tests\Sky.Tests.csproj]
D:\source\SkyCMS\Tests\Infrastructure\SkyCmsTestBase.cs(969,41): warning CS8625: Cannot convert null literal to non-nullable reference type. [D:\source\SkyCMS\Tests\Sky.Tests.csproj]
D:\source\SkyCMS\Tests\Infrastructure\SkyCmsTestBase.cs(970,40): warning CS8625: Cannot convert null literal to non-nullable reference type. [D:\source\SkyCMS\Tests\Sky.Tests.csproj]
D:\source\SkyCMS\Tests\DynamicConfig\SingleTenantConfigurationProviderExtendedTests.cs(26,78): warning CS8632: The annotation for nullable reference types should only be used in code within a '#nullable' annotations context. [D:\source\SkyCMS\Tests\Sky.Tests.csproj]
D:\source\SkyCMS\Tests\DynamicConfig\SingleTenantConfigurationProviderExtendedTests.cs(248,78): warning CS8632: The annotation for nullable reference types should only be used in code within a '#nullable' annotations context. [D:\source\SkyCMS\Tests\Sky.Tests.csproj]
D:\source\SkyCMS\Tests\DynamicConfig\SingleTenantConfigurationProviderExtendedTests.cs(282,49): warning CS8632: The annotation for nullable reference types should only be used in code within a '#nullable' annotations context. [D:\source\SkyCMS\Tests\Sky.Tests.csproj]
D:\source\SkyCMS\Tests\DynamicConfig\IPAddressRangeExtraTests.cs(90,92): warning CS8632: The annotation for nullable reference types should only be used in code within a '#nullable' annotations context. [D:\source\SkyCMS\Tests\Sky.Tests.csproj]
D:\source\SkyCMS\Tests\DynamicConfig\IPAddressRangeExtraTests.cs(125,92): warning CS8632: The annotation for nullable reference types should only be used in code within a '#nullable' annotations context. [D:\source\SkyCMS\Tests\Sky.Tests.csproj]
D:\source\SkyCMS\Tests\DynamicConfig\IPAddressRangeExtraTests.cs(155,92): warning CS8632: The annotation for nullable reference types should only be used in code within a '#nullable' annotations context. [D:\source\SkyCMS\Tests\Sky.Tests.csproj]
D:\source\SkyCMS\Tests\DynamicConfig\DynamicConfigurationProviderTests.cs(287,40): warning CS8620: Argument of type 'Dictionary<string, string>' cannot be used for parameter 'initialData' of type 'IEnumerable<KeyValuePair<string, string?>>' in 'IConfigurationBuilder MemoryConfigurationBuilderExtensions.AddInMemoryCollection(IConfigurationBuilder configurationBuilder, IEnumerable<KeyValuePair<string, string?>>? initialData)' due to differences in the nullability of reference types. [D:\source\SkyCMS\Tests\Sky.Tests.csproj]
D:\source\SkyCMS\Tests\DynamicConfig\DynamicConfigurationProviderRangeTests.cs(73,65): warning CS8632: The annotation for nullable reference types should only be used in code within a '#nullable' annotations context. [D:\source\SkyCMS\Tests\Sky.Tests.csproj]
D:\source\SkyCMS\Tests\DynamicConfig\DynamicConfigurationProviderRangeTests.cs(109,65): warning CS8632: The annotation for nullable reference types should only be used in code within a '#nullable' annotations context. [D:\source\SkyCMS\Tests\Sky.Tests.csproj]
D:\source\SkyCMS\Tests\DynamicConfig\DomainMiddlewareTests.cs(173,31): warning CS8600: Converting null literal or possible null value to non-nullable type. [D:\source\SkyCMS\Tests\Sky.Tests.csproj]
D:\source\SkyCMS\Tests\DynamicConfig\DomainMiddlewareTests.cs(185,21): warning CS8620: Argument of type 'Func<It.IsAnyType, Exception, string>' cannot be used for parameter 'formatter' of type 'Func<It.IsAnyType, Exception?, string>' in 'void ILogger.Log<IsAnyType>(LogLevel logLevel, EventId eventId, IsAnyType state, Exception? exception, Func<IsAnyType, Exception?, string> formatter)' due to differences in the nullability of reference types. [D:\source\SkyCMS\Tests\Sky.Tests.csproj]
D:\source\SkyCMS\Tests\DynamicConfig\DynamicConfigurationProviderConfigTests.cs(447,17): warning CS8602: Dereference of a possibly null reference. [D:\source\SkyCMS\Tests\Sky.Tests.csproj]
D:\source\SkyCMS\Tests\DynamicConfig\DynamicConfigurationProviderConfigTests.cs(547,82): warning CS8620: Argument of type 'Dictionary<string, string>' cannot be used for parameter 'initialData' of type 'IEnumerable<KeyValuePair<string, string?>>' in 'IConfigurationBuilder MemoryConfigurationBuilderExtensions.AddInMemoryCollection(IConfigurationBuilder configurationBuilder, IEnumerable<KeyValuePair<string, string?>>? initialData)' due to differences in the nullability of reference types. [D:\source\SkyCMS\Tests\Sky.Tests.csproj]
D:\source\SkyCMS\Tests\Editor\Services\Copilot\CopilotProxyOptionsServiceTests.cs(221,51): warning CS8632: The annotation for nullable reference types should only be used in code within a '#nullable' annotations context. [D:\source\SkyCMS\Tests\Sky.Tests.csproj]
D:\source\SkyCMS\Tests\Services\Publishing\PublishingServiceErrorHandlingTests.cs(146,21): warning CS8620: Argument of type 'Func<It.IsAnyType, Exception, string>' cannot be used for parameter 'formatter' of type 'Func<It.IsAnyType, Exception?, string>' in 'void ILogger.Log<IsAnyType>(LogLevel logLevel, EventId eventId, IsAnyType state, Exception? exception, Func<IsAnyType, Exception?, string> formatter)' due to differences in the nullability of reference types. [D:\source\SkyCMS\Tests\Sky.Tests.csproj]
D:\source\SkyCMS\Tests\Infrastructure\SkyCmsTestBase.cs(548,85): warning CS8631: The type 'Cosmos.Common.Features.Articles.EditorQueries.GetArticleByIdQuery' cannot be used as type parameter 'TQuery' in the generic type or method 'IQueryHandler<TQuery, TResult>'. Nullability of type argument 'Cosmos.Common.Features.Articles.EditorQueries.GetArticleByIdQuery' doesn't match constraint type 'Cosmos.Common.Features.Shared.IQuery<Cosmos.Common.Models.ArticleViewModel>'. [D:\source\SkyCMS\Tests\Sky.Tests.csproj]
D:\source\SkyCMS\Tests\Infrastructure\SkyCmsTestBase.cs(555,85): warning CS8631: The type 'Cosmos.Common.Features.Articles.EditorQueries.GetArticleByArticleNumberQuery' cannot be used as type parameter 'TQuery' in the generic type or method 'IQueryHandler<TQuery, TResult>'. Nullability of type argument 'Cosmos.Common.Features.Articles.EditorQueries.GetArticleByArticleNumberQuery' doesn't match constraint type 'Cosmos.Common.Features.Shared.IQuery<Cosmos.Common.Models.ArticleViewModel>'. [D:\source\SkyCMS\Tests\Sky.Tests.csproj]
D:\source\SkyCMS\Tests\Infrastructure\SkyCmsTestBase.cs(567,85): warning CS8631: The type 'Cosmos.Common.Features.Articles.EditorQueries.GetArticleCatalogEntryQuery' cannot be used as type parameter 'TQuery' in the generic type or method 'IQueryHandler<TQuery, TResult>'. Nullability of type argument 'Cosmos.Common.Features.Articles.EditorQueries.GetArticleCatalogEntryQuery' doesn't match constraint type 'Cosmos.Common.Features.Shared.IQuery<Cosmos.Common.Data.CatalogEntry>'. [D:\source\SkyCMS\Tests\Sky.Tests.csproj]
D:\source\SkyCMS\Tests\Infrastructure\SkyCmsTestBase.cs(210,40): warning CS8620: Argument of type 'Dictionary<string, string>' cannot be used for parameter 'initialData' of type 'IEnumerable<KeyValuePair<string, string?>>' in 'IConfigurationBuilder MemoryConfigurationBuilderExtensions.AddInMemoryCollection(IConfigurationBuilder configurationBuilder, IEnumerable<KeyValuePair<string, string?>>? initialData)' due to differences in the nullability of reference types. [D:\source\SkyCMS\Tests\Sky.Tests.csproj]
D:\source\SkyCMS\Tests\Infrastructure\SkyCmsTestBase.cs(274,31): warning CS8600: Converting null literal or possible null value to non-nullable type. [D:\source\SkyCMS\Tests\Sky.Tests.csproj]
D:\source\SkyCMS\Tests\Infrastructure\SkyCmsTestBase.cs(276,31): warning CS8600: Converting null literal or possible null value to non-nullable type. [D:\source\SkyCMS\Tests\Sky.Tests.csproj]
D:\source\SkyCMS\Tests\Infrastructure\SkyCmsTestBase.cs(549,17): warning CS8619: Nullability of reference types in value of type 'GetArticleByIdQueryHandler' doesn't match target type 'IQueryHandler<GetArticleByIdQuery, ArticleViewModel>'. [D:\source\SkyCMS\Tests\Sky.Tests.csproj]
D:\source\SkyCMS\Tests\Infrastructure\SkyCmsTestBase.cs(556,17): warning CS8619: Nullability of reference types in value of type 'GetArticleByArticleNumberQueryHandler' doesn't match target type 'IQueryHandler<GetArticleByArticleNumberQuery, ArticleViewModel>'. [D:\source\SkyCMS\Tests\Sky.Tests.csproj]
D:\source\SkyCMS\Tests\Infrastructure\SkyCmsTestBase.cs(568,17): warning CS8619: Nullability of reference types in value of type 'GetArticleCatalogEntryQueryHandler' doesn't match target type 'IQueryHandler<GetArticleCatalogEntryQuery, CatalogEntry>'. [D:\source\SkyCMS\Tests\Sky.Tests.csproj]
D:\source\SkyCMS\Tests\Services\Publishing\PublishingServiceErrorHandlingTests.cs(193,21): warning CS8620: Argument of type 'Func<It.IsAnyType, Exception, string>' cannot be used for parameter 'formatter' of type 'Func<It.IsAnyType, Exception?, string>' in 'void ILogger.Log<IsAnyType>(LogLevel logLevel, EventId eventId, IsAnyType state, Exception? exception, Func<IsAnyType, Exception?, string> formatter)' due to differences in the nullability of reference types. [D:\source\SkyCMS\Tests\Sky.Tests.csproj]
D:\source\SkyCMS\Tests\Infrastructure\SkyCmsTestBase.cs(1005,21): warning CS8604: Possible null reference argument for parameter 'sharedCache' in 'Task<TenantTestContext> SkyCmsTestBase.CreateTenantContextAsync(string tenantDomain, string sharedDatabaseName = null, IMemoryCache sharedCache = null)'. [D:\source\SkyCMS\Tests\Sky.Tests.csproj]
D:\source\SkyCMS\Tests\Services\Publishing\PublishingServiceErrorHandlingTests.cs(242,21): warning CS8620: Argument of type 'Func<It.IsAnyType, Exception, string>' cannot be used for parameter 'formatter' of type 'Func<It.IsAnyType, Exception?, string>' in 'void ILogger.Log<IsAnyType>(LogLevel logLevel, EventId eventId, IsAnyType state, Exception? exception, Func<IsAnyType, Exception?, string> formatter)' due to differences in the nullability of reference types. [D:\source\SkyCMS\Tests\Sky.Tests.csproj]
D:\source\SkyCMS\Tests\Editor\Services\Email\TenantAwareEmailSenderTests.cs(79,47): warning CS8602: Dereference of a possibly null reference. [D:\source\SkyCMS\Tests\Sky.Tests.csproj]
D:\source\SkyCMS\Tests\Editor\Services\Email\TenantAwareEmailSenderTests.cs(81,17): warning CS8620: Argument of type 'Func<It.IsAnyType, Exception, string>' cannot be used for parameter 'formatter' of type 'Func<It.IsAnyType, Exception?, string>' in 'void ILogger.Log<IsAnyType>(LogLevel logLevel, EventId eventId, IsAnyType state, Exception? exception, Func<IsAnyType, Exception?, string> formatter)' due to differences in the nullability of reference types. [D:\source\SkyCMS\Tests\Sky.Tests.csproj]
D:\source\SkyCMS\Tests\Infrastructure\SkyCmsTestBase.cs(70,40): warning CS8618: Non-nullable field 'Db' must contain a non-null value when exiting constructor. Consider adding the 'required' modifier or declaring the field as nullable. [D:\source\SkyCMS\Tests\Sky.Tests.csproj]
D:\source\SkyCMS\Tests\Services\Publishing\PublishingServiceTests_Extended.cs(420,27): warning CS8602: Dereference of a possibly null reference. [D:\source\SkyCMS\Tests\Sky.Tests.csproj]
D:\source\SkyCMS\Tests\Services\Publishing\PublishingServiceTests_Extended.cs(421,27): warning CS8602: Dereference of a possibly null reference. [D:\source\SkyCMS\Tests\Sky.Tests.csproj]
D:\source\SkyCMS\Tests\Services\Publishing\PublishingServiceTests_Extended.cs(422,30): warning CS8602: Dereference of a possibly null reference. [D:\source\SkyCMS\Tests\Sky.Tests.csproj]
D:\source\SkyCMS\Tests\Infrastructure\SkyCmsTestBase.cs(1060,17): warning CS8603: Possible null reference return. [D:\source\SkyCMS\Tests\Sky.Tests.csproj]
D:\source\SkyCMS\Tests\Services\Publishing\PublishingServiceErrorHandlingTests.cs(413,51): warning CS8602: Dereference of a possibly null reference. [D:\source\SkyCMS\Tests\Sky.Tests.csproj]
D:\source\SkyCMS\Tests\Services\Publishing\PublishingServiceErrorHandlingTests.cs(422,51): warning CS8602: Dereference of a possibly null reference. [D:\source\SkyCMS\Tests\Sky.Tests.csproj]
D:\source\SkyCMS\Tests\Services\Publishing\PublishingServiceErrorHandlingTests.cs(474,51): warning CS8602: Dereference of a possibly null reference. [D:\source\SkyCMS\Tests\Sky.Tests.csproj]
D:\source\SkyCMS\Tests\Services\Publishing\PublishingServiceErrorHandlingTests.cs(474,112): warning CS8602: Dereference of a possibly null reference. [D:\source\SkyCMS\Tests\Sky.Tests.csproj]
D:\source\SkyCMS\Tests\Services\Publishing\PublishingServiceErrorHandlingTests.cs(629,83): warning CS8600: Converting null literal or possible null value to non-nullable type. [D:\source\SkyCMS\Tests\Sky.Tests.csproj]
D:\source\SkyCMS\Tests\Services\Publishing\PublishingServiceErrorHandlingTests.cs(669,20): warning CS8605: Unboxing a possibly null value. [D:\source\SkyCMS\Tests\Sky.Tests.csproj]
D:\source\SkyCMS\Tests\Services\Publishing\PublishingServiceErrorHandlingTests.cs(680,20): warning CS8600: Converting null literal or possible null value to non-nullable type. [D:\source\SkyCMS\Tests\Sky.Tests.csproj]
D:\source\SkyCMS\Tests\Services\Publishing\PublishingServiceErrorHandlingTests.cs(680,20): warning CS8603: Possible null reference return. [D:\source\SkyCMS\Tests\Sky.Tests.csproj]
D:\source\SkyCMS\Tests\Services\Publishing\PublishingServiceErrorHandlingTests.cs(691,20): warning CS8600: Converting null literal or possible null value to non-nullable type. [D:\source\SkyCMS\Tests\Sky.Tests.csproj]
D:\source\SkyCMS\Tests\Services\Publishing\PublishingServiceErrorHandlingTests.cs(691,20): warning CS8603: Possible null reference return. [D:\source\SkyCMS\Tests\Sky.Tests.csproj]
D:\source\SkyCMS\Tests\Services\Publishing\PublishingServiceTests_Extended.cs(41,34): warning CS8618: Non-nullable field '_serviceProvider' must contain a non-null value when exiting constructor. Consider adding the 'required' modifier or declaring the field as nullable. [D:\source\SkyCMS\Tests\Sky.Tests.csproj]
D:\source\SkyCMS\Tests\Services\Publishing\PublishingServiceTests_Extended.cs(42,42): warning CS8618: Non-nullable field '_mockViewRenderService' must contain a non-null value when exiting constructor. Consider adding the 'required' modifier or declaring the field as nullable. [D:\source\SkyCMS\Tests\Sky.Tests.csproj]
D:\source\SkyCMS\Tests\Controllers\HomeControllerTests.cs(68,17): warning CS8625: Cannot convert null literal to non-nullable reference type. [D:\source\SkyCMS\Tests\Sky.Tests.csproj]
D:\source\SkyCMS\Tests\Controllers\HomeControllerTests.cs(69,17): warning CS8625: Cannot convert null literal to non-nullable reference type. [D:\source\SkyCMS\Tests\Sky.Tests.csproj]
D:\source\SkyCMS\Tests\Controllers\HomeControllerTests.cs(70,17): warning CS8625: Cannot convert null literal to non-nullable reference type. [D:\source\SkyCMS\Tests\Sky.Tests.csproj]
D:\source\SkyCMS\Tests\Controllers\HomeControllerTests.cs(71,17): warning CS8625: Cannot convert null literal to non-nullable reference type. [D:\source\SkyCMS\Tests\Sky.Tests.csproj]
D:\source\SkyCMS\Tests\Controllers\HomeControllerTests.cs(76,13): warning CS8620: Argument of type 'ISetup<IMediator, Task<ArticleViewModel>>' cannot be used for parameter 'mock' of type 'IReturns<IMediator, Task<ArticleViewModel?>>' in 'IReturnsResult<IMediator> GeneratedReturnsExtensions.ReturnsAsync<IQuery<ArticleViewModel>, CancellationToken, IMediator, ArticleViewModel?>(IReturns<IMediator, Task<ArticleViewModel?>> mock, Func<IQuery<ArticleViewModel>, CancellationToken, ArticleViewModel?> valueFunction)' due to differences in the nullability of reference types. [D:\source\SkyCMS\Tests\Sky.Tests.csproj]
D:\source\SkyCMS\Tests\Editor\Services\Email\TenantAwareEmailSenderTests.cs(341,47): warning CS8602: Dereference of a possibly null reference. [D:\source\SkyCMS\Tests\Sky.Tests.csproj]
D:\source\SkyCMS\Tests\Editor\Services\Email\TenantAwareEmailSenderTests.cs(343,17): warning CS8620: Argument of type 'Func<It.IsAnyType, Exception, string>' cannot be used for parameter 'formatter' of type 'Func<It.IsAnyType, Exception?, string>' in 'void ILogger.Log<IsAnyType>(LogLevel logLevel, EventId eventId, IsAnyType state, Exception? exception, Func<IsAnyType, Exception?, string> formatter)' due to differences in the nullability of reference types. [D:\source\SkyCMS\Tests\Sky.Tests.csproj]
D:\source\SkyCMS\Tests\Controllers\HomeControllerTests.cs(604,59): warning CS8604: Possible null reference argument for parameter 'user' in 'Task<bool> UserManager<IdentityUser>.IsInRoleAsync(IdentityUser user, string role)'. [D:\source\SkyCMS\Tests\Sky.Tests.csproj]
D:\source\SkyCMS\Tests\Controllers\HomeControllerTests.cs(628,62): warning CS8604: Possible null reference argument for parameter 'user' in 'Task<bool> UserManager<IdentityUser>.IsInRoleAsync(IdentityUser user, string role)'. [D:\source\SkyCMS\Tests\Sky.Tests.csproj]
D:\source\SkyCMS\Tests\Controllers\HomeControllerTests.cs(40,32): warning CS8618: Non-nullable field 'homeController' must contain a non-null value when exiting constructor. Consider adding the 'required' modifier or declaring the field as nullable. [D:\source\SkyCMS\Tests\Sky.Tests.csproj]
D:\source\SkyCMS\Tests\Editor\Services\Email\TenantAwareEmailSenderTests.cs(428,17): warning CS8620: Argument of type 'Func<It.IsAnyType, Exception, string>' cannot be used for parameter 'formatter' of type 'Func<It.IsAnyType, Exception?, string>' in 'void ILogger.Log<IsAnyType>(LogLevel logLevel, EventId eventId, IsAnyType state, Exception? exception, Func<IsAnyType, Exception?, string> formatter)' due to differences in the nullability of reference types. [D:\source\SkyCMS\Tests\Sky.Tests.csproj]
  Sky.Tests -> D:\source\SkyCMS\Tests\bin\Debug\net10.0\Sky.Tests.dll

Build succeeded.

D:\source\SkyCMS\Cosmos.MicrosoftGraph\Settings.cs(36,23): warning SA1011: Closing square bracket should be followed by a space. (https://github.com/DotNetAnalyzers/StyleCopAnalyzers/blob/master/documentation/SA1011.md) [D:\source\SkyCMS\Cosmos.MicrosoftGraph\Cosmos.MicrosoftGraph.csproj]
C:\Program Files\dotnet\sdk\10.0.201\NuGet.Build.Tasks.Pack.targets(222,5): warning NU5104: A stable release of a package should not have a prerelease dependency. Either modify the version spec of dependency "Microsoft.Graph.Beta [5.78.0-preview, )" or update the version field in the nuspec. [D:\source\SkyCMS\Cosmos.MicrosoftGraph\Cosmos.MicrosoftGraph.csproj]
D:\source\SkyCMS\Cosmos.ConnectionStrings\DynamicConfigurationProvider.cs(72,16): warning CS8618: Non-nullable field '_logger' must contain a non-null value when exiting constructor. Consider adding the 'required' modifier or declaring the field as nullable. [D:\source\SkyCMS\Cosmos.ConnectionStrings\Cosmos.DynamicConfig.csproj]
D:\source\SkyCMS\AspNetCore.Identity.FlexDb.Tests\EnvironmentValidator.cs(109,30): warning CS8632: The annotation for nullable reference types should only be used in code within a '#nullable' annotations context. [D:\source\SkyCMS\AspNetCore.Identity.FlexDb.Tests\AspNetCore.Identity.FlexDb.Tests.csproj]
D:\source\SkyCMS\AspNetCore.Identity.FlexDb.Tests\UserManagerInterOperabilityTests.cs(41,105): warning CS8632: The annotation for nullable reference types should only be used in code within a '#nullable' annotations context. [D:\source\SkyCMS\AspNetCore.Identity.FlexDb.Tests\AspNetCore.Identity.FlexDb.Tests.csproj]
D:\source\SkyCMS\AspNetCore.Identity.FlexDb.Tests\TestUtilities.cs(175,34): warning CS8632: The annotation for nullable reference types should only be used in code within a '#nullable' annotations context. [D:\source\SkyCMS\AspNetCore.Identity.FlexDb.Tests\AspNetCore.Identity.FlexDb.Tests.csproj]
D:\source\SkyCMS\AspNetCore.Identity.FlexDb.Tests\Stores\CosmosUserStoreTests.cs(269,13): warning MSTEST0032: Review or remove the assertion as its condition is known to be always true (https://learn.microsoft.com/dotnet/core/testing/mstest-analyzers/mstest0032) [D:\source\SkyCMS\AspNetCore.Identity.FlexDb.Tests\AspNetCore.Identity.FlexDb.Tests.csproj]
D:\source\SkyCMS\AspNetCore.Identity.FlexDb.Tests\Stores\CosmosUserStoreTests.cs(277,13): warning MSTEST0032: Review or remove the assertion as its condition is known to be always true (https://learn.microsoft.com/dotnet/core/testing/mstest-analyzers/mstest0032) [D:\source\SkyCMS\AspNetCore.Identity.FlexDb.Tests\AspNetCore.Identity.FlexDb.Tests.csproj]
D:\source\SkyCMS\AspNetCore.Identity.FlexDb.Tests\Stores\CosmosUserStoreTests.cs(242,13): warning MSTEST0032: Review or remove the assertion as its condition is known to be always true (https://learn.microsoft.com/dotnet/core/testing/mstest-analyzers/mstest0032) [D:\source\SkyCMS\AspNetCore.Identity.FlexDb.Tests\AspNetCore.Identity.FlexDb.Tests.csproj]
D:\source\SkyCMS\AspNetCore.Identity.FlexDb.Tests\Stores\CosmosUserStoreTests.cs(252,13): warning MSTEST0032: Review or remove the assertion as its condition is known to be always true (https://learn.microsoft.com/dotnet/core/testing/mstest-analyzers/mstest0032) [D:\source\SkyCMS\AspNetCore.Identity.FlexDb.Tests\AspNetCore.Identity.FlexDb.Tests.csproj]
D:\source\SkyCMS\Cosmos.BlobService\StorageConstants.cs(78,25): warning SA1202: 'public' members should come before 'internal' members (https://github.com/DotNetAnalyzers/StyleCopAnalyzers/blob/master/documentation/SA1202.md) [D:\source\SkyCMS\Cosmos.BlobService\Cosmos.BlobService.csproj]
D:\source\SkyCMS\Cosmos.BlobService\StorageConstants.cs(78,25): warning SA1310: Field 'ConnectionStringKey_Storage' should not contain an underscore (https://github.com/DotNetAnalyzers/StyleCopAnalyzers/blob/master/documentation/SA1310.md) [D:\source\SkyCMS\Cosmos.BlobService\Cosmos.BlobService.csproj]
D:\source\SkyCMS\Cosmos.BlobService\StorageConstants.cs(83,25): warning SA1310: Field 'ConnectionStringKey_AzureBlob' should not contain an underscore (https://github.com/DotNetAnalyzers/StyleCopAnalyzers/blob/master/documentation/SA1310.md) [D:\source\SkyCMS\Cosmos.BlobService\Cosmos.BlobService.csproj]
D:\source\SkyCMS\Cosmos.BlobService\StorageConstants.cs(88,25): warning SA1310: Field 'ConnectionStringKey_DataProtection' should not contain an underscore (https://github.com/DotNetAnalyzers/StyleCopAnalyzers/blob/master/documentation/SA1310.md) [D:\source\SkyCMS\Cosmos.BlobService\Cosmos.BlobService.csproj]
D:\source\SkyCMS\Cosmos.BlobService\Drivers\AzureStorage.cs(58,13): warning SA1642: Constructor summary documentation should begin with standard text (https://github.com/DotNetAnalyzers/StyleCopAnalyzers/blob/master/documentation/SA1642.md) [D:\source\SkyCMS\Cosmos.BlobService\Cosmos.BlobService.csproj]
D:\source\SkyCMS\Cosmos.BlobService\FileStorageContext.cs(172,9): warning SA1124: Do not use regions (https://github.com/DotNetAnalyzers/StyleCopAnalyzers/blob/master/documentation/SA1124.md) [D:\source\SkyCMS\Cosmos.BlobService\Cosmos.BlobService.csproj]
D:\source\SkyCMS\Cosmos.BlobService\Drivers\AzureStorage.cs(998,13): warning RCS1075: Avoid empty catch clause that catches System.Exception (https://josefpihrt.github.io/docs/roslynator/analyzers/RCS1075) [D:\source\SkyCMS\Cosmos.BlobService\Cosmos.BlobService.csproj]
D:\source\SkyCMS\Common\Services\Configurations\SiteSettings.cs(58,18): warning CS8632: The annotation for nullable reference types should only be used in code within a '#nullable' annotations context. [D:\source\SkyCMS\Common\Cosmos.Common.csproj::TargetFramework=net10.0]
D:\source\SkyCMS\Common\Services\Configurations\StorageConfig.cs(29,21): warning CS0618: 'AzureStorageConfig' is obsolete: 'This class is unused and superseded by Cosmos.BlobService configuration. It will be removed in a future version.' [D:\source\SkyCMS\Common\Cosmos.Common.csproj::TargetFramework=net10.0]
D:\source\SkyCMS\Common\Features\Articles\EditorQueries\GetArticleByArticleNumberQuery.cs(16,70): warning CS8632: The annotation for nullable reference types should only be used in code within a '#nullable' annotations context. [D:\source\SkyCMS\Common\Cosmos.Common.csproj::TargetFramework=net10.0]
D:\source\SkyCMS\Common\Features\Blogs\EditorQueries\GetBlogPostNavigationQuery.cs(65,38): warning CS8632: The annotation for nullable reference types should only be used in code within a '#nullable' annotations context. [D:\source\SkyCMS\Common\Cosmos.Common.csproj::TargetFramework=net10.0]
D:\source\SkyCMS\Common\Features\Blogs\EditorQueries\GetBlogPostNavigationQuery.cs(71,38): warning CS8632: The annotation for nullable reference types should only be used in code within a '#nullable' annotations context. [D:\source\SkyCMS\Common\Cosmos.Common.csproj::TargetFramework=net10.0]
D:\source\SkyCMS\Common\Features\Articles\Shared\BlogNavigationService.cs(36,43): warning CS8632: The annotation for nullable reference types should only be used in code within a '#nullable' annotations context. [D:\source\SkyCMS\Common\Cosmos.Common.csproj::TargetFramework=net10.0]
D:\source\SkyCMS\Common\Features\Articles\Shared\BlogNavigationService.cs(36,74): warning CS8632: The annotation for nullable reference types should only be used in code within a '#nullable' annotations context. [D:\source\SkyCMS\Common\Cosmos.Common.csproj::TargetFramework=net10.0]
D:\source\SkyCMS\Common\Features\Articles\Shared\BlogNavigationService.cs(55,65): warning CS8632: The annotation for nullable reference types should only be used in code within a '#nullable' annotations context. [D:\source\SkyCMS\Common\Cosmos.Common.csproj::TargetFramework=net10.0]
D:\source\SkyCMS\Common\Data\ApplicationDbContext.cs(74,22): warning CS8632: The annotation for nullable reference types should only be used in code within a '#nullable' annotations context. [D:\source\SkyCMS\Common\Cosmos.Common.csproj::TargetFramework=net10.0]
D:\source\SkyCMS\Common\Features\Layouts\Queries\CheckDefaultLayoutExistsQueryHandler.cs(26,96): warning CS8632: The annotation for nullable reference types should only be used in code within a '#nullable' annotations context. [D:\source\SkyCMS\Common\Cosmos.Common.csproj::TargetFramework=net10.0]
D:\source\SkyCMS\Common\Features\Articles\Shared\IBlogNavigationService.cs(32,30): warning CS8632: The annotation for nullable reference types should only be used in code within a '#nullable' annotations context. [D:\source\SkyCMS\Common\Cosmos.Common.csproj::TargetFramework=net10.0]
D:\source\SkyCMS\Common\Features\Articles\Shared\IBlogNavigationService.cs(32,61): warning CS8632: The annotation for nullable reference types should only be used in code within a '#nullable' annotations context. [D:\source\SkyCMS\Common\Cosmos.Common.csproj::TargetFramework=net10.0]
D:\source\SkyCMS\Common\Features\Articles\Shared\IBlogNavigationService.cs(44,52): warning CS8632: The annotation for nullable reference types should only be used in code within a '#nullable' annotations context. [D:\source\SkyCMS\Common\Cosmos.Common.csproj::TargetFramework=net10.0]
D:\source\SkyCMS\Common\Features\Shared\Mediator.cs(34,72): warning CS8632: The annotation for nullable reference types should only be used in code within a '#nullable' annotations context. [D:\source\SkyCMS\Common\Cosmos.Common.csproj::TargetFramework=net10.0]
D:\source\SkyCMS\Common\Features\Articles\Shared\IPublishedPageQueryService.cs(41,26): warning CS8632: The annotation for nullable reference types should only be used in code within a '#nullable' annotations context. [D:\source\SkyCMS\Common\Cosmos.Common.csproj::TargetFramework=net10.0]
D:\source\SkyCMS\Common\Features\Articles\Shared\IPublishedPageQueryService.cs(58,26): warning CS8632: The annotation for nullable reference types should only be used in code within a '#nullable' annotations context. [D:\source\SkyCMS\Common\Cosmos.Common.csproj::TargetFramework=net10.0]
D:\source\SkyCMS\Common\Features\Blogs\Queries\GetBlogPostNavigationQueryResult.cs(27,38): warning CS8632: The annotation for nullable reference types should only be used in code within a '#nullable' annotations context. [D:\source\SkyCMS\Common\Cosmos.Common.csproj::TargetFramework=net10.0]
D:\source\SkyCMS\Common\Features\Blogs\Queries\GetBlogPostNavigationQueryResult.cs(33,38): warning CS8632: The annotation for nullable reference types should only be used in code within a '#nullable' annotations context. [D:\source\SkyCMS\Common\Cosmos.Common.csproj::TargetFramework=net10.0]
D:\source\SkyCMS\Common\Features\Sitemap\Queries\GetSitemapQueryHandler.cs(26,82): warning CS8632: The annotation for nullable reference types should only be used in code within a '#nullable' annotations context. [D:\source\SkyCMS\Common\Cosmos.Common.csproj::TargetFramework=net10.0]
D:\source\SkyCMS\Common\Features\Layouts\Queries\CheckDefaultLayoutExistsQueryHandler.cs(29,34): warning CS8632: The annotation for nullable reference types should only be used in code within a '#nullable' annotations context. [D:\source\SkyCMS\Common\Cosmos.Common.csproj::TargetFramework=net10.0]
D:\source\SkyCMS\Common\Services\Email\EmailSettings.cs(26,18): warning CS8632: The annotation for nullable reference types should only be used in code within a '#nullable' annotations context. [D:\source\SkyCMS\Common\Cosmos.Common.csproj::TargetFramework=net10.0]
D:\source\SkyCMS\Common\Services\Email\EmailSettings.cs(31,18): warning CS8632: The annotation for nullable reference types should only be used in code within a '#nullable' annotations context. [D:\source\SkyCMS\Common\Cosmos.Common.csproj::TargetFramework=net10.0]
D:\source\SkyCMS\Common\Features\Articles\EditorQueries\GetArticleByArticleNumberQueryHandler.cs(25,116): warning CS8632: The annotation for nullable reference types should only be used in code within a '#nullable' annotations context. [D:\source\SkyCMS\Common\Cosmos.Common.csproj::TargetFramework=net10.0]
D:\source\SkyCMS\Common\Services\Email\EmailSettings.cs(36,18): warning CS8632: The annotation for nullable reference types should only be used in code within a '#nullable' annotations context. [D:\source\SkyCMS\Common\Cosmos.Common.csproj::TargetFramework=net10.0]
D:\source\SkyCMS\Common\Features\Articles\Shared\PublishedPageQueryService.cs(51,39): warning CS8632: The annotation for nullable reference types should only be used in code within a '#nullable' annotations context. [D:\source\SkyCMS\Common\Cosmos.Common.csproj::TargetFramework=net10.0]
D:\source\SkyCMS\Common\Services\Email\EmailSettings.cs(46,18): warning CS8632: The annotation for nullable reference types should only be used in code within a '#nullable' annotations context. [D:\source\SkyCMS\Common\Cosmos.Common.csproj::TargetFramework=net10.0]
D:\source\SkyCMS\Common\Services\Email\EmailSettings.cs(51,18): warning CS8632: The annotation for nullable reference types should only be used in code within a '#nullable' annotations context. [D:\source\SkyCMS\Common\Cosmos.Common.csproj::TargetFramework=net10.0]
D:\source\SkyCMS\Common\Services\Email\EmailSettings.cs(56,18): warning CS8632: The annotation for nullable reference types should only be used in code within a '#nullable' annotations context. [D:\source\SkyCMS\Common\Cosmos.Common.csproj::TargetFramework=net10.0]
D:\source\SkyCMS\Common\Features\Articles\Shared\PublishedPageQueryService.cs(138,39): warning CS8632: The annotation for nullable reference types should only be used in code within a '#nullable' annotations context. [D:\source\SkyCMS\Common\Cosmos.Common.csproj::TargetFramework=net10.0]
D:\source\SkyCMS\Common\Features\Layouts\Queries\GetDefaultLayoutQueryHandler.cs(28,17): warning CS8632: The annotation for nullable reference types should only be used in code within a '#nullable' annotations context. [D:\source\SkyCMS\Common\Cosmos.Common.csproj::TargetFramework=net10.0]
D:\source\SkyCMS\Common\Features\Articles\EditorQueries\GetArticleByArticleNumberQueryHandler.cs(53,39): warning CS8632: The annotation for nullable reference types should only be used in code within a '#nullable' annotations context. [D:\source\SkyCMS\Common\Cosmos.Common.csproj::TargetFramework=net10.0]
D:\source\SkyCMS\Common\Features\Blogs\Queries\GetBlogPostQueryHandler.cs(45,49): warning CS8632: The annotation for nullable reference types should only be used in code within a '#nullable' annotations context. [D:\source\SkyCMS\Common\Cosmos.Common.csproj::TargetFramework=net10.0]
D:\source\SkyCMS\Common\Features\Articles\EditorQueries\GetArticleByIdQuery.cs(17,59): warning CS8632: The annotation for nullable reference types should only be used in code within a '#nullable' annotations context. [D:\source\SkyCMS\Common\Cosmos.Common.csproj::TargetFramework=net10.0]
D:\source\SkyCMS\Common\Features\Sitemap\Queries\GetSitemapQueryHandler.cs(29,34): warning CS8632: The annotation for nullable reference types should only be used in code within a '#nullable' annotations context. [D:\source\SkyCMS\Common\Cosmos.Common.csproj::TargetFramework=net10.0]
D:\source\SkyCMS\Common\Features\Layouts\Queries\GetDefaultLayoutQueryHandler.cs(31,34): warning CS8632: The annotation for nullable reference types should only be used in code within a '#nullable' annotations context. [D:\source\SkyCMS\Common\Cosmos.Common.csproj::TargetFramework=net10.0]
D:\source\SkyCMS\Common\Features\Layouts\Queries\GetLayoutByIdQuery.cs(19,64): warning CS8632: The annotation for nullable reference types should only be used in code within a '#nullable' annotations context. [D:\source\SkyCMS\Common\Cosmos.Common.csproj::TargetFramework=net10.0]
D:\source\SkyCMS\Common\Features\Articles\EditorQueries\GetArticleByIdQueryHandler.cs(25,94): warning CS8632: The annotation for nullable reference types should only be used in code within a '#nullable' annotations context. [D:\source\SkyCMS\Common\Cosmos.Common.csproj::TargetFramework=net10.0]
D:\source\SkyCMS\Common\Features\Layouts\Queries\GetLayoutByIdQueryHandler.cs(24,149): warning CS8632: The annotation for nullable reference types should only be used in code within a '#nullable' annotations context. [D:\source\SkyCMS\Common\Cosmos.Common.csproj::TargetFramework=net10.0]
D:\source\SkyCMS\Common\Features\Articles\EditorQueries\GetArticleByUrlQuery.cs(16,60): warning CS8632: The annotation for nullable reference types should only be used in code within a '#nullable' annotations context. [D:\source\SkyCMS\Common\Cosmos.Common.csproj::TargetFramework=net10.0]
D:\source\SkyCMS\Common\Features\Articles\EditorQueries\GetArticleByUrlQueryHandler.cs(26,96): warning CS8632: The annotation for nullable reference types should only be used in code within a '#nullable' annotations context. [D:\source\SkyCMS\Common\Cosmos.Common.csproj::TargetFramework=net10.0]
D:\source\SkyCMS\Common\Features\Articles\EditorQueries\GetArticleByIdQueryHandler.cs(54,39): warning CS8632: The annotation for nullable reference types should only be used in code within a '#nullable' annotations context. [D:\source\SkyCMS\Common\Cosmos.Common.csproj::TargetFramework=net10.0]
D:\source\SkyCMS\Common\Features\Layouts\Queries\GetLayoutByIdQueryHandler.cs(24,85): warning CS8632: The annotation for nullable reference types should only be used in code within a '#nullable' annotations context. [D:\source\SkyCMS\Common\Cosmos.Common.csproj::TargetFramework=net10.0]
D:\source\SkyCMS\Common\Features\Blogs\Queries\GetBlogPostQueryResult.cs(81,34): warning CS8632: The annotation for nullable reference types should only be used in code within a '#nullable' annotations context. [D:\source\SkyCMS\Common\Cosmos.Common.csproj::TargetFramework=net10.0]
D:\source\SkyCMS\Common\Features\Articles\EditorQueries\GetArticleCatalogEntryQuery.cs(17,63): warning CS8632: The annotation for nullable reference types should only be used in code within a '#nullable' annotations context. [D:\source\SkyCMS\Common\Cosmos.Common.csproj::TargetFramework=net10.0]
D:\source\SkyCMS\Common\Features\Articles\EditorQueries\GetArticleCatalogEntryQueryHandler.cs(22,106): warning CS8632: The annotation for nullable reference types should only be used in code within a '#nullable' annotations context. [D:\source\SkyCMS\Common\Cosmos.Common.csproj::TargetFramework=net10.0]
D:\source\SkyCMS\Common\Features\Articles\EditorQueries\GetArticleByUrlQueryHandler.cs(54,39): warning CS8632: The annotation for nullable reference types should only be used in code within a '#nullable' annotations context. [D:\source\SkyCMS\Common\Cosmos.Common.csproj::TargetFramework=net10.0]
D:\source\SkyCMS\Common\Services\PublishedBlog\IPublishedBlogService.cs(44,27): warning CS8632: The annotation for nullable reference types should only be used in code within a '#nullable' annotations context. [D:\source\SkyCMS\Common\Cosmos.Common.csproj::TargetFramework=net10.0]
D:\source\SkyCMS\Common\Services\PublishedBlog\IPublishedBlogService.cs(57,27): warning CS8632: The annotation for nullable reference types should only be used in code within a '#nullable' annotations context. [D:\source\SkyCMS\Common\Cosmos.Common.csproj::TargetFramework=net10.0]
D:\source\SkyCMS\Common\Features\Layouts\Queries\GetLayoutByIdQueryHandler.cs(30,29): warning CS8632: The annotation for nullable reference types should only be used in code within a '#nullable' annotations context. [D:\source\SkyCMS\Common\Cosmos.Common.csproj::TargetFramework=net10.0]
D:\source\SkyCMS\Common\Features\Articles\EditorQueries\GetArticleCatalogEntryQueryHandler.cs(39,35): warning CS8632: The annotation for nullable reference types should only be used in code within a '#nullable' annotations context. [D:\source\SkyCMS\Common\Cosmos.Common.csproj::TargetFramework=net10.0]
D:\source\SkyCMS\Common\Services\PublishedBlog\IPublishedBlogService.cs(104,27): warning CS8632: The annotation for nullable reference types should only be used in code within a '#nullable' annotations context. [D:\source\SkyCMS\Common\Cosmos.Common.csproj::TargetFramework=net10.0]
D:\source\SkyCMS\Common\Services\PublishedBlog\IPublishedBlogService.cs(120,27): warning CS8632: The annotation for nullable reference types should only be used in code within a '#nullable' annotations context. [D:\source\SkyCMS\Common\Cosmos.Common.csproj::TargetFramework=net10.0]
D:\source\SkyCMS\Common\Features\Blogs\Queries\GetBlogPostQueryResult.cs(93,28): warning CS8632: The annotation for nullable reference types should only be used in code within a '#nullable' annotations context. [D:\source\SkyCMS\Common\Cosmos.Common.csproj::TargetFramework=net10.0]
D:\source\SkyCMS\Common\Features\Blogs\Queries\GetBlogPostQueryResult.cs(98,28): warning CS8632: The annotation for nullable reference types should only be used in code within a '#nullable' annotations context. [D:\source\SkyCMS\Common\Cosmos.Common.csproj::TargetFramework=net10.0]
D:\source\SkyCMS\Common\Features\Articles\EditorQueries\GetArticleCatalogEntryQueryHandler.cs(25,34): warning CS8632: The annotation for nullable reference types should only be used in code within a '#nullable' annotations context. [D:\source\SkyCMS\Common\Cosmos.Common.csproj::TargetFramework=net10.0]
D:\source\SkyCMS\Common\Features\Articles\EditorQueries\GetArticleCatalogEntryQueryHandler.cs(32,91): warning CS8632: The annotation for nullable reference types should only be used in code within a '#nullable' annotations context. [D:\source\SkyCMS\Common\Cosmos.Common.csproj::TargetFramework=net10.0]
D:\source\SkyCMS\Common\Features\Articles\Queries\GetPublishedPageByUrlQueryHandler.cs(19,108): warning CS8632: The annotation for nullable reference types should only be used in code within a '#nullable' annotations context. [D:\source\SkyCMS\Common\Cosmos.Common.csproj::TargetFramework=net10.0]
D:\source\SkyCMS\Common\Features\Articles\Queries\GetPublishedPageByUrlQuery.cs(17,66): warning CS8632: The annotation for nullable reference types should only be used in code within a '#nullable' annotations context. [D:\source\SkyCMS\Common\Cosmos.Common.csproj::TargetFramework=net10.0]
D:\source\SkyCMS\Common\Features\Layouts\Queries\GetLayoutByIdQueryHandler.cs(27,34): warning CS8632: The annotation for nullable reference types should only be used in code within a '#nullable' annotations context. [D:\source\SkyCMS\Common\Cosmos.Common.csproj::TargetFramework=net10.0]
D:\source\SkyCMS\Common\Services\PublishedBlog\PublishedBlogService.cs(40,40): warning CS8632: The annotation for nullable reference types should only be used in code within a '#nullable' annotations context. [D:\source\SkyCMS\Common\Cosmos.Common.csproj::TargetFramework=net10.0]
D:\source\SkyCMS\Common\Features\Articles\Queries\GetPublishedPageHeaderByUrlQuery.cs(16,72): warning CS8632: The annotation for nullable reference types should only be used in code within a '#nullable' annotations context. [D:\source\SkyCMS\Common\Cosmos.Common.csproj::TargetFramework=net10.0]
D:\source\SkyCMS\Common\Features\Articles\EditorQueries\GetArticleRedirectsQueryHandler.cs(29,34): warning CS8632: The annotation for nullable reference types should only be used in code within a '#nullable' annotations context. [D:\source\SkyCMS\Common\Cosmos.Common.csproj::TargetFramework=net10.0]
D:\source\SkyCMS\Common\Features\Articles\Queries\GetPublishedPageByUrlQueryHandler.cs(33,33): warning CS8632: The annotation for nullable reference types should only be used in code within a '#nullable' annotations context. [D:\source\SkyCMS\Common\Cosmos.Common.csproj::TargetFramework=net10.0]
D:\source\SkyCMS\Common\Services\PublishedBlog\PublishedBlogService.cs(61,40): warning CS8632: The annotation for nullable reference types should only be used in code within a '#nullable' annotations context. [D:\source\SkyCMS\Common\Cosmos.Common.csproj::TargetFramework=net10.0]
D:\source\SkyCMS\Common\Features\Articles\EditorQueries\GetArticleRedirectsQueryHandler.cs(36,88): warning CS8632: The annotation for nullable reference types should only be used in code within a '#nullable' annotations context. [D:\source\SkyCMS\Common\Cosmos.Common.csproj::TargetFramework=net10.0]
D:\source\SkyCMS\Common\Services\PublishedBlog\PublishedBlogService.cs(134,40): warning CS8632: The annotation for nullable reference types should only be used in code within a '#nullable' annotations context. [D:\source\SkyCMS\Common\Cosmos.Common.csproj::TargetFramework=net10.0]
D:\source\SkyCMS\Common\Features\Articles\Queries\GetPublishedPageHeaderByUrlQueryHandler.cs(19,120): warning CS8632: The annotation for nullable reference types should only be used in code within a '#nullable' annotations context. [D:\source\SkyCMS\Common\Cosmos.Common.csproj::TargetFramework=net10.0]
D:\source\SkyCMS\Common\Services\PublishedBlog\PublishedBlogService.cs(157,40): warning CS8632: The annotation for nullable reference types should only be used in code within a '#nullable' annotations context. [D:\source\SkyCMS\Common\Cosmos.Common.csproj::TargetFramework=net10.0]
D:\source\SkyCMS\Common\Features\Articles\EditorQueries\GetLastPublishedDateQueryHandler.cs(26,34): warning CS8632: The annotation for nullable reference types should only be used in code within a '#nullable' annotations context. [D:\source\SkyCMS\Common\Cosmos.Common.csproj::TargetFramework=net10.0]
D:\source\SkyCMS\Common\Features\Articles\EditorQueries\GetLastPublishedDateQueryHandler.cs(33,89): warning CS8632: The annotation for nullable reference types should only be used in code within a '#nullable' annotations context. [D:\source\SkyCMS\Common\Cosmos.Common.csproj::TargetFramework=net10.0]
D:\source\SkyCMS\Common\Features\Articles\Queries\GetPublishedPageHeaderByUrlQueryHandler.cs(33,33): warning CS8632: The annotation for nullable reference types should only be used in code within a '#nullable' annotations context. [D:\source\SkyCMS\Common\Cosmos.Common.csproj::TargetFramework=net10.0]
D:\source\SkyCMS\Common\Features\Blogs\Queries\GetBlogStreamQueryHandler.cs(44,51): warning CS8632: The annotation for nullable reference types should only be used in code within a '#nullable' annotations context. [D:\source\SkyCMS\Common\Cosmos.Common.csproj::TargetFramework=net10.0]
D:\source\SkyCMS\Common\Features\Blogs\Queries\GetBlogStreamQueryResult.cs(62,31): warning CS8632: The annotation for nullable reference types should only be used in code within a '#nullable' annotations context. [D:\source\SkyCMS\Common\Cosmos.Common.csproj::TargetFramework=net10.0]
D:\source\SkyCMS\Common\Data\Logic\LayoutHelper.cs(125,40): warning CS8632: The annotation for nullable reference types should only be used in code within a '#nullable' annotations context. [D:\source\SkyCMS\Common\Cosmos.Common.csproj::TargetFramework=net10.0]
D:\source\SkyCMS\Common\Data\ApplicationDbContext.cs(29,55): warning CS8632: The annotation for nullable reference types should only be used in code within a '#nullable' annotations context. [D:\source\SkyCMS\Common\Cosmos.Common.csproj::TargetFramework=net10.0]
D:\source\SkyCMS\Common\Data\ApplicationDbContext.cs(48,42): warning CS8632: The annotation for nullable reference types should only be used in code within a '#nullable' annotations context. [D:\source\SkyCMS\Common\Cosmos.Common.csproj::TargetFramework=net10.0]
D:\source\SkyCMS\Common\Services\Configurations\StorageConfig.cs(23,37): warning CS0618: 'AzureStorageConfig' is obsolete: 'This class is unused and superseded by Cosmos.BlobService configuration. It will be removed in a future version.' [D:\source\SkyCMS\Common\Cosmos.Common.csproj::TargetFramework=net10.0]
D:\source\SkyCMS\Common\Features\Layouts\Queries\GetLayoutByIdQueryHandler.cs(45,47): warning CS8632: The annotation for nullable reference types should only be used in code within a '#nullable' annotations context. [D:\source\SkyCMS\Common\Cosmos.Common.csproj::TargetFramework=net10.0]
D:\source\SkyCMS\Common\Features\Articles\Shared\PublishedPageQueryService.cs(68,71): warning CS8632: The annotation for nullable reference types should only be used in code within a '#nullable' annotations context. [D:\source\SkyCMS\Common\Cosmos.Common.csproj::TargetFramework=net10.0]
D:\source\SkyCMS\Common\Features\Blogs\Queries\GetBlogStreamQueryHandler.cs(63,79): warning CS8632: The annotation for nullable reference types should only be used in code within a '#nullable' annotations context. [D:\source\SkyCMS\Common\Cosmos.Common.csproj::TargetFramework=net10.0]
D:\source\SkyCMS\Common\Features\Articles\EditorQueries\GetArticleRedirectsQueryHandler.cs(52,89): warning CS8632: The annotation for nullable reference types should only be used in code within a '#nullable' annotations context. [D:\source\SkyCMS\Common\Cosmos.Common.csproj::TargetFramework=net10.0]
D:\source\SkyCMS\Common\Features\Blogs\EditorQueries\GetBlogPostNavigationQueryHandler.cs(61,87): warning CS8632: The annotation for nullable reference types should only be used in code within a '#nullable' annotations context. [D:\source\SkyCMS\Common\Cosmos.Common.csproj::TargetFramework=net10.0]
D:\source\SkyCMS\Common\Features\Articles\EditorQueries\GetArticleCatalogEntryQueryHandler.cs(46,67): warning CS8632: The annotation for nullable reference types should only be used in code within a '#nullable' annotations context. [D:\source\SkyCMS\Common\Cosmos.Common.csproj::TargetFramework=net10.0]
D:\source\SkyCMS\Common\Features\Layouts\Queries\GetDefaultLayoutQueryHandler.cs(41,85): warning CS8632: The annotation for nullable reference types should only be used in code within a '#nullable' annotations context. [D:\source\SkyCMS\Common\Cosmos.Common.csproj::TargetFramework=net10.0]
D:\source\SkyCMS\Common\Features\Blogs\Queries\GetBlogPostQueryHandler.cs(64,77): warning CS8632: The annotation for nullable reference types should only be used in code within a '#nullable' annotations context. [D:\source\SkyCMS\Common\Cosmos.Common.csproj::TargetFramework=net10.0]
D:\source\SkyCMS\Common\Features\Blogs\Queries\GetBlogPostNavigationQueryHandler.cs(61,87): warning CS8632: The annotation for nullable reference types should only be used in code within a '#nullable' annotations context. [D:\source\SkyCMS\Common\Cosmos.Common.csproj::TargetFramework=net10.0]
D:\source\SkyCMS\Common\Data\ApplicationDbContext.cs(480,88): warning CS8632: The annotation for nullable reference types should only be used in code within a '#nullable' annotations context. [D:\source\SkyCMS\Common\Cosmos.Common.csproj::TargetFramework=net10.0]
D:\source\SkyCMS\Common\Data\ApplicationDbContext.cs(481,111): warning CS8632: The annotation for nullable reference types should only be used in code within a '#nullable' annotations context. [D:\source\SkyCMS\Common\Cosmos.Common.csproj::TargetFramework=net10.0]
D:\source\SkyCMS\Common\Services\BlogPublishing\BlogStreamRenderingService.cs(34,47): warning SA1309: Field '_db' should not begin with an underscore (https://github.com/DotNetAnalyzers/StyleCopAnalyzers/blob/master/documentation/SA1309.md) [D:\source\SkyCMS\Common\Cosmos.Common.csproj::TargetFramework=net10.0]
D:\source\SkyCMS\Common\Features\Shared\CommandResult.cs(8,1): warning SA1200: Using directive should appear within a namespace declaration (https://github.com/DotNetAnalyzers/StyleCopAnalyzers/blob/master/documentation/SA1200.md) [D:\source\SkyCMS\Common\Cosmos.Common.csproj::TargetFramework=net10.0]
D:\source\SkyCMS\Common\Data\ApplicationDbContext.cs(481,117): warning SA1009: Closing parenthesis should be followed by a space. (https://github.com/DotNetAnalyzers/StyleCopAnalyzers/blob/master/documentation/SA1009.md) [D:\source\SkyCMS\Common\Cosmos.Common.csproj::TargetFramework=net10.0]
D:\source\SkyCMS\Common\Services\CryptoJsDecryption.cs(19,18): warning RCS1102: Make class static (https://josefpihrt.github.io/docs/roslynator/analyzers/RCS1102) [D:\source\SkyCMS\Common\Cosmos.Common.csproj::TargetFramework=net10.0]
D:\source\SkyCMS\Common\Services\CryptoJsDecryption.cs(23,27): warning SA1300: Element 'iv' should begin with an uppercase letter (https://github.com/DotNetAnalyzers/StyleCopAnalyzers/blob/master/documentation/SA1300.md) [D:\source\SkyCMS\Common\Cosmos.Common.csproj::TargetFramework=net10.0]
D:\source\SkyCMS\Common\Services\CryptoJsDecryption.cs(25,27): warning SA1300: Element 'ct' should begin with an uppercase letter (https://github.com/DotNetAnalyzers/StyleCopAnalyzers/blob/master/documentation/SA1300.md) [D:\source\SkyCMS\Common\Cosmos.Common.csproj::TargetFramework=net10.0]
D:\source\SkyCMS\Common\Services\CryptoJsDecryption.cs(34,30): warning SA1201: A method should not follow a class (https://github.com/DotNetAnalyzers/StyleCopAnalyzers/blob/master/documentation/SA1201.md) [D:\source\SkyCMS\Common\Cosmos.Common.csproj::TargetFramework=net10.0]
D:\source\SkyCMS\Common\PubControllerBase.cs(224,72): warning SA1204: Static members should appear before non-static members (https://github.com/DotNetAnalyzers/StyleCopAnalyzers/blob/master/documentation/SA1204.md) [D:\source\SkyCMS\Common\Cosmos.Common.csproj::TargetFramework=net10.0]
D:\source\SkyCMS\Common\Models\DateTimeUtcKindAttribute.cs(16,18): warning RCS1203: Use AttributeUsageAttribute (https://josefpihrt.github.io/docs/roslynator/analyzers/RCS1203) [D:\source\SkyCMS\Common\Cosmos.Common.csproj::TargetFramework=net10.0]
D:\source\SkyCMS\Common\Services\PublishedBlog\PublishedBlogService.cs(28,47): warning SA1309: Field '_dbContext' should not begin with an underscore (https://github.com/DotNetAnalyzers/StyleCopAnalyzers/blob/master/documentation/SA1309.md) [D:\source\SkyCMS\Common\Cosmos.Common.csproj::TargetFramework=net10.0]
D:\source\SkyCMS\Common\Models\LoremIpsum.cs(38,29): warning SA1203: Constant fields should appear before non-constant fields (https://github.com/DotNetAnalyzers/StyleCopAnalyzers/blob/master/documentation/SA1203.md) [D:\source\SkyCMS\Common\Cosmos.Common.csproj::TargetFramework=net10.0]
D:\source\SkyCMS\Common\Models\RedirectUrlAttribute.cs(15,18): warning RCS1203: Use AttributeUsageAttribute (https://josefpihrt.github.io/docs/roslynator/analyzers/RCS1203) [D:\source\SkyCMS\Common\Cosmos.Common.csproj::TargetFramework=net10.0]
D:\source\SkyCMS\Common\Data\SQlite\SQLiteUtils.cs(17,18): warning RCS1102: Make class static (https://josefpihrt.github.io/docs/roslynator/analyzers/RCS1102) [D:\source\SkyCMS\Common\Cosmos.Common.csproj::TargetFramework=net10.0]
D:\source\SkyCMS\Common\Data\ApplicationDbContext.cs(29,57): warning SA1309: Field '_configurationProvider' should not begin with an underscore (https://github.com/DotNetAnalyzers/StyleCopAnalyzers/blob/master/documentation/SA1309.md) [D:\source\SkyCMS\Common\Cosmos.Common.csproj::TargetFramework=net10.0]
D:\source\SkyCMS\Common\Features\Layouts\Queries\GetDefaultLayoutQuery.cs(18,47): warning SA1313: Parameter 'CacheDuration' should begin with lower-case letter (https://github.com/DotNetAnalyzers/StyleCopAnalyzers/blob/master/documentation/SA1313.md) [D:\source\SkyCMS\Common\Cosmos.Common.csproj::TargetFramework=net10.0]
D:\source\SkyCMS\Common\Features\Articles\EditorQueries\GetArticleByArticleNumberQueryHandler.cs(37,19): warning SA1611: The documentation for parameter 'mediator' is missing (https://github.com/DotNetAnalyzers/StyleCopAnalyzers/blob/master/documentation/SA1611.md) [D:\source\SkyCMS\Common\Cosmos.Common.csproj::TargetFramework=net10.0]
D:\source\SkyCMS\Common\HomeControllerBase.cs(183,22): warning RCS1155: Use StringComparison when comparing strings (https://josefpihrt.github.io/docs/roslynator/analyzers/RCS1155) [D:\source\SkyCMS\Common\Cosmos.Common.csproj::TargetFramework=net10.0]
D:\source\SkyCMS\Common\Features\Layouts\Queries\GetLayoutByIdQuery.cs(19,39): warning SA1313: Parameter 'LayoutId' should begin with lower-case letter (https://github.com/DotNetAnalyzers/StyleCopAnalyzers/blob/master/documentation/SA1313.md) [D:\source\SkyCMS\Common\Cosmos.Common.csproj::TargetFramework=net10.0]
D:\source\SkyCMS\Common\Features\Articles\Queries\GetArticlesForUserQuery.cs(20,55): warning SA1313: Parameter 'User' should begin with lower-case letter (https://github.com/DotNetAnalyzers/StyleCopAnalyzers/blob/master/documentation/SA1313.md) [D:\source\SkyCMS\Common\Cosmos.Common.csproj::TargetFramework=net10.0]
D:\source\SkyCMS\Common\Features\Articles\Queries\AuthorizeUserForArticleQuery.cs(20,21): warning SA1313: Parameter 'User' should begin with lower-case letter (https://github.com/DotNetAnalyzers/StyleCopAnalyzers/blob/master/documentation/SA1313.md) [D:\source\SkyCMS\Common\Cosmos.Common.csproj::TargetFramework=net10.0]
D:\source\SkyCMS\Common\Features\Articles\Queries\AuthorizeUserForArticleQuery.cs(21,9): warning SA1313: Parameter 'ArticleNumber' should begin with lower-case letter (https://github.com/DotNetAnalyzers/StyleCopAnalyzers/blob/master/documentation/SA1313.md) [D:\source\SkyCMS\Common\Cosmos.Common.csproj::TargetFramework=net10.0]
D:\source\SkyCMS\Common\Features\Articles\Queries\GetArticleFolderContentsQuery.cs(22,9): warning SA1313: Parameter 'ArticleNumber' should begin with lower-case letter (https://github.com/DotNetAnalyzers/StyleCopAnalyzers/blob/master/documentation/SA1313.md) [D:\source\SkyCMS\Common\Cosmos.Common.csproj::TargetFramework=net10.0]
D:\source\SkyCMS\Common\Features\Articles\Queries\GetArticleFolderContentsQuery.cs(23,12): warning SA1313: Parameter 'Path' should begin with lower-case letter (https://github.com/DotNetAnalyzers/StyleCopAnalyzers/blob/master/documentation/SA1313.md) [D:\source\SkyCMS\Common\Cosmos.Common.csproj::TargetFramework=net10.0]
D:\source\SkyCMS\Common\Features\Articles\EditorQueries\GetArticleByUrlQueryHandler.cs(38,19): warning SA1611: The documentation for parameter 'mediator' is missing (https://github.com/DotNetAnalyzers/StyleCopAnalyzers/blob/master/documentation/SA1611.md) [D:\source\SkyCMS\Common\Cosmos.Common.csproj::TargetFramework=net10.0]
D:\source\SkyCMS\Common\Features\Articles\Queries\BuildArticleViewModelQuery.cs(22,13): warning SA1313: Parameter 'Article' should begin with lower-case letter (https://github.com/DotNetAnalyzers/StyleCopAnalyzers/blob/master/documentation/SA1313.md) [D:\source\SkyCMS\Common\Cosmos.Common.csproj::TargetFramework=net10.0]
D:\source\SkyCMS\Common\Features\Articles\Queries\BuildArticleViewModelQuery.cs(23,12): warning SA1313: Parameter 'LanguageCode' should begin with lower-case letter (https://github.com/DotNetAnalyzers/StyleCopAnalyzers/blob/master/documentation/SA1313.md) [D:\source\SkyCMS\Common\Cosmos.Common.csproj::TargetFramework=net10.0]
D:\source\SkyCMS\Common\Features\Articles\Queries\BuildArticleViewModelQuery.cs(24,10): warning SA1313: Parameter 'IncludeLayout' should begin with lower-case letter (https://github.com/DotNetAnalyzers/StyleCopAnalyzers/blob/master/documentation/SA1313.md) [D:\source\SkyCMS\Common\Cosmos.Common.csproj::TargetFramework=net10.0]
D:\source\SkyCMS\Common\Features\Shared\CommandResult.cs(89,16): warning SA1206: The 'static' modifier should appear before 'new' (https://github.com/DotNetAnalyzers/StyleCopAnalyzers/blob/master/documentation/SA1206.md) [D:\source\SkyCMS\Common\Cosmos.Common.csproj::TargetFramework=net10.0]
D:\source\SkyCMS\Common\Features\Shared\CommandResult.cs(97,16): warning SA1206: The 'static' modifier should appear before 'new' (https://github.com/DotNetAnalyzers/StyleCopAnalyzers/blob/master/documentation/SA1206.md) [D:\source\SkyCMS\Common\Cosmos.Common.csproj::TargetFramework=net10.0]
D:\source\SkyCMS\Common\Services\ContactManagementService.cs(33,47): warning SA1642: Constructor summary documentation should begin with standard text (https://github.com/DotNetAnalyzers/StyleCopAnalyzers/blob/master/documentation/SA1642.md) [D:\source\SkyCMS\Common\Cosmos.Common.csproj::TargetFramework=net10.0]
D:\source\SkyCMS\Common\Features\Articles\Queries\BuildPublishedPageViewModelQuery.cs(24,19): warning SA1313: Parameter 'PublishedPage' should begin with lower-case letter (https://github.com/DotNetAnalyzers/StyleCopAnalyzers/blob/master/documentation/SA1313.md) [D:\source\SkyCMS\Common\Cosmos.Common.csproj::TargetFramework=net10.0]
D:\source\SkyCMS\Common\Features\Articles\Queries\BuildPublishedPageViewModelQuery.cs(25,12): warning SA1313: Parameter 'LanguageCode' should begin with lower-case letter (https://github.com/DotNetAnalyzers/StyleCopAnalyzers/blob/master/documentation/SA1313.md) [D:\source\SkyCMS\Common\Cosmos.Common.csproj::TargetFramework=net10.0]
D:\source\SkyCMS\Common\Features\Articles\Queries\BuildPublishedPageViewModelQuery.cs(26,15): warning SA1313: Parameter 'LayoutCacheDuration' should begin with lower-case letter (https://github.com/DotNetAnalyzers/StyleCopAnalyzers/blob/master/documentation/SA1313.md) [D:\source\SkyCMS\Common\Cosmos.Common.csproj::TargetFramework=net10.0]
D:\source\SkyCMS\Common\Features\Articles\Queries\BuildPublishedPageViewModelQuery.cs(27,10): warning SA1313: Parameter 'IncludeLayout' should begin with lower-case letter (https://github.com/DotNetAnalyzers/StyleCopAnalyzers/blob/master/documentation/SA1313.md) [D:\source\SkyCMS\Common\Cosmos.Common.csproj::TargetFramework=net10.0]
D:\source\SkyCMS\Common\Services\ContactManagementService.cs(63,77): warning RCS1155: Use StringComparison when comparing strings (https://josefpihrt.github.io/docs/roslynator/analyzers/RCS1155) [D:\source\SkyCMS\Common\Cosmos.Common.csproj::TargetFramework=net10.0]
D:\source\SkyCMS\Common\Features\Articles\Queries\AuthorizeUserForArticleQuery.cs(21,22): warning SA1009: Closing parenthesis should not be followed by a space. (https://github.com/DotNetAnalyzers/StyleCopAnalyzers/blob/master/documentation/SA1009.md) [D:\source\SkyCMS\Common\Cosmos.Common.csproj::TargetFramework=net10.0]
D:\source\SkyCMS\Common\Features\Articles\Queries\AuthorizeUserForArticleQueryHandler.cs(25,81): warning SA1009: Closing parenthesis should not be followed by a space. (https://github.com/DotNetAnalyzers/StyleCopAnalyzers/blob/master/documentation/SA1009.md) [D:\source\SkyCMS\Common\Cosmos.Common.csproj::TargetFramework=net10.0]
D:\source\SkyCMS\Common\Features\Articles\Queries\BuildArticleViewModelQuery.cs(24,30): warning SA1009: Closing parenthesis should not be followed by a space. (https://github.com/DotNetAnalyzers/StyleCopAnalyzers/blob/master/documentation/SA1009.md) [D:\source\SkyCMS\Common\Cosmos.Common.csproj::TargetFramework=net10.0]
D:\source\SkyCMS\Common\Features\Articles\Queries\BuildArticleViewModelQueryHandler.cs(22,89): warning SA1009: Closing parenthesis should not be followed by a space. (https://github.com/DotNetAnalyzers/StyleCopAnalyzers/blob/master/documentation/SA1009.md) [D:\source\SkyCMS\Common\Cosmos.Common.csproj::TargetFramework=net10.0]
D:\source\SkyCMS\Common\Features\Articles\Queries\BuildPublishedPageViewModelQuery.cs(27,30): warning SA1009: Closing parenthesis should not be followed by a space. (https://github.com/DotNetAnalyzers/StyleCopAnalyzers/blob/master/documentation/SA1009.md) [D:\source\SkyCMS\Common\Cosmos.Common.csproj::TargetFramework=net10.0]
D:\source\SkyCMS\Common\Features\Articles\Queries\BuildPublishedPageViewModelQueryHandler.cs(22,95): warning SA1009: Closing parenthesis should not be followed by a space. (https://github.com/DotNetAnalyzers/StyleCopAnalyzers/blob/master/documentation/SA1009.md) [D:\source\SkyCMS\Common\Cosmos.Common.csproj::TargetFramework=net10.0]
D:\source\SkyCMS\Common\Features\Articles\Queries\GetArticleFolderContentsQuery.cs(23,21): warning SA1009: Closing parenthesis should not be followed by a space. (https://github.com/DotNetAnalyzers/StyleCopAnalyzers/blob/master/documentation/SA1009.md) [D:\source\SkyCMS\Common\Cosmos.Common.csproj::TargetFramework=net10.0]
D:\source\SkyCMS\Common\Features\Articles\Queries\GetArticleFolderContentsQueryHandler.cs(21,81): warning SA1009: Closing parenthesis should not be followed by a space. (https://github.com/DotNetAnalyzers/StyleCopAnalyzers/blob/master/documentation/SA1009.md) [D:\source\SkyCMS\Common\Cosmos.Common.csproj::TargetFramework=net10.0]
D:\source\SkyCMS\Common\Features\Articles\Queries\GetArticlesForUserQuery.cs(20,59): warning SA1009: Closing parenthesis should not be followed by a space. (https://github.com/DotNetAnalyzers/StyleCopAnalyzers/blob/master/documentation/SA1009.md) [D:\source\SkyCMS\Common\Cosmos.Common.csproj::TargetFramework=net10.0]
D:\source\SkyCMS\Common\Features\Articles\Queries\GetArticlesForUserQueryHandler.cs(25,76): warning SA1009: Closing parenthesis should not be followed by a space. (https://github.com/DotNetAnalyzers/StyleCopAnalyzers/blob/master/documentation/SA1009.md) [D:\source\SkyCMS\Common\Cosmos.Common.csproj::TargetFramework=net10.0]
D:\source\SkyCMS\Common\Features\Blogs\EditorQueries\GetBlogPostNavigationQuery.cs(54,18): warning SA1402: File may only contain a single type (https://github.com/DotNetAnalyzers/StyleCopAnalyzers/blob/master/documentation/SA1402.md) [D:\source\SkyCMS\Common\Cosmos.Common.csproj::TargetFramework=net10.0]
D:\source\SkyCMS\Common\Features\Blogs\EditorQueries\GetBlogPostNavigationQuery.cs(95,18): warning SA1402: File may only contain a single type (https://github.com/DotNetAnalyzers/StyleCopAnalyzers/blob/master/documentation/SA1402.md) [D:\source\SkyCMS\Common\Cosmos.Common.csproj::TargetFramework=net10.0]
D:\source\SkyCMS\Common\Features\Blogs\Queries\BlogPostLink.cs(1,4): warning SA1638: File header file name documentation should match file name. (https://github.com/DotNetAnalyzers/StyleCopAnalyzers/blob/master/documentation/SA1638.md) [D:\source\SkyCMS\Common\Cosmos.Common.csproj::TargetFramework=net10.0]
D:\source\SkyCMS\Common\Features\Blogs\Queries\BlogPostNavigationItem.cs(1,4): warning SA1638: File header file name documentation should match file name. (https://github.com/DotNetAnalyzers/StyleCopAnalyzers/blob/master/documentation/SA1638.md) [D:\source\SkyCMS\Common\Cosmos.Common.csproj::TargetFramework=net10.0]
D:\source\SkyCMS\Common\Features\Blogs\Queries\BlogPostPreview.cs(1,4): warning SA1638: File header file name documentation should match file name. (https://github.com/DotNetAnalyzers/StyleCopAnalyzers/blob/master/documentation/SA1638.md) [D:\source\SkyCMS\Common\Cosmos.Common.csproj::TargetFramework=net10.0]
D:\source\SkyCMS\Common\Features\Blogs\Queries\GetBlogPostNavigationQueryResult.cs(1,4): warning SA1638: File header file name documentation should match file name. (https://github.com/DotNetAnalyzers/StyleCopAnalyzers/blob/master/documentation/SA1638.md) [D:\source\SkyCMS\Common\Cosmos.Common.csproj::TargetFramework=net10.0]
D:\source\SkyCMS\Common\Features\Blogs\Queries\GetBlogPostQueryResult.cs(88,18): warning SA1402: File may only contain a single type (https://github.com/DotNetAnalyzers/StyleCopAnalyzers/blob/master/documentation/SA1402.md) [D:\source\SkyCMS\Common\Cosmos.Common.csproj::TargetFramework=net10.0]
D:\source\SkyCMS\Common\Features\Layouts\Queries\CheckDefaultLayoutExistsQueryHandler.cs(26,116): warning SA1009: Closing parenthesis should not be followed by a space. (https://github.com/DotNetAnalyzers/StyleCopAnalyzers/blob/master/documentation/SA1009.md) [D:\source\SkyCMS\Common\Cosmos.Common.csproj::TargetFramework=net10.0]
D:\source\SkyCMS\Common\Features\Layouts\Queries\GetDefaultLayoutQuery.cs(18,67): warning SA1009: Closing parenthesis should not be followed by a space. (https://github.com/DotNetAnalyzers/StyleCopAnalyzers/blob/master/documentation/SA1009.md) [D:\source\SkyCMS\Common\Cosmos.Common.csproj::TargetFramework=net10.0]
D:\source\SkyCMS\Common\Features\Layouts\Queries\GetDefaultLayoutQueryHandler.cs(28,37): warning SA1009: Closing parenthesis should not be followed by a space. (https://github.com/DotNetAnalyzers/StyleCopAnalyzers/blob/master/documentation/SA1009.md) [D:\source\SkyCMS\Common\Cosmos.Common.csproj::TargetFramework=net10.0]
D:\source\SkyCMS\Common\Features\Layouts\Queries\GetLayoutByIdQuery.cs(19,47): warning SA1009: Closing parenthesis should not be followed by a space. (https://github.com/DotNetAnalyzers/StyleCopAnalyzers/blob/master/documentation/SA1009.md) [D:\source\SkyCMS\Common\Cosmos.Common.csproj::TargetFramework=net10.0]
D:\source\SkyCMS\Common\Features\Layouts\Queries\GetLayoutByIdQueryHandler.cs(24,105): warning SA1009: Closing parenthesis should not be followed by a space. (https://github.com/DotNetAnalyzers/StyleCopAnalyzers/blob/master/documentation/SA1009.md) [D:\source\SkyCMS\Common\Cosmos.Common.csproj::TargetFramework=net10.0]
D:\source\SkyCMS\Common\Features\Shared\Unit.cs(1,4): warning SA1636: The file header copyright text should match the copyright text from the settings. (https://github.com/DotNetAnalyzers/StyleCopAnalyzers/blob/master/documentation/SA1636.md) [D:\source\SkyCMS\Common\Cosmos.Common.csproj::TargetFramework=net10.0]
D:\source\SkyCMS\Common\Features\Sitemap\Queries\GetSitemapQueryHandler.cs(26,102): warning SA1009: Closing parenthesis should not be followed by a space. (https://github.com/DotNetAnalyzers/StyleCopAnalyzers/blob/master/documentation/SA1009.md) [D:\source\SkyCMS\Common\Cosmos.Common.csproj::TargetFramework=net10.0]
D:\source\SkyCMS\Sky.Shared.Razor\Views\Shared\_AuthorInfoPartial.cshtml(27,48): warning CS8600: Converting null literal or possible null value to non-nullable type. [D:\source\SkyCMS\Sky.Shared.Razor\Sky.Shared.Razor.csproj]
D:\source\SkyCMS\Sky.Shared.Razor\Views\Shared\_AuthorInfoPartial.cshtml(42,30): warning CS8600: Converting null literal or possible null value to non-nullable type. [D:\source\SkyCMS\Sky.Shared.Razor\Sky.Shared.Razor.csproj]
D:\source\SkyCMS\Common.Tests\Utilities\ArticleLogicUtilitiesTests.cs(26,26): warning CS8600: Converting null literal or possible null value to non-nullable type. [D:\source\SkyCMS\Common.Tests\Cosmos.Common.Tests.csproj]
D:\source\SkyCMS\Common.Tests\Features\Layouts\Queries\CheckDefaultLayoutExistsQueryHandlerTests.cs(150,27): warning CS8602: Dereference of a possibly null reference. [D:\source\SkyCMS\Common.Tests\Cosmos.Common.Tests.csproj]
D:\source\SkyCMS\Common.Tests\Utilities\ArticleLogicUtilitiesTests.cs(467,27): warning CS8618: Non-nullable property 'Name' must contain a non-null value when exiting constructor. Consider adding the 'required' modifier or declaring the property as nullable. [D:\source\SkyCMS\Common.Tests\Cosmos.Common.Tests.csproj]
D:\source\SkyCMS\Common.Tests\Utilities\ArticleLogicUtilitiesTests.cs(470,29): warning CS8618: Non-nullable property 'Tags' must contain a non-null value when exiting constructor. Consider adding the 'required' modifier or declaring the property as nullable. [D:\source\SkyCMS\Common.Tests\Cosmos.Common.Tests.csproj]
D:\source\SkyCMS\Common.Tests\Features\Layouts\Queries\GetDefaultLayoutQueryHandlerTests.cs(186,27): warning CS8602: Dereference of a possibly null reference. [D:\source\SkyCMS\Common.Tests\Cosmos.Common.Tests.csproj]
D:\source\SkyCMS\Common.Tests\Services\OneTimeTokenProviderTests.cs(217,51): warning CS8602: Dereference of a possibly null reference. [D:\source\SkyCMS\Common.Tests\Cosmos.Common.Tests.csproj]
D:\source\SkyCMS\Common.Tests\Services\OneTimeTokenProviderTests.cs(219,21): warning CS8620: Argument of type 'Func<It.IsAnyType, Exception, string>' cannot be used for parameter 'formatter' of type 'Func<It.IsAnyType, Exception?, string>' in 'void ILogger.Log<IsAnyType>(LogLevel logLevel, EventId eventId, IsAnyType state, Exception? exception, Func<IsAnyType, Exception?, string> formatter)' due to differences in the nullability of reference types. [D:\source\SkyCMS\Common.Tests\Cosmos.Common.Tests.csproj]
D:\source\SkyCMS\Common.Tests\Services\OneTimeTokenProviderTests.cs(243,27): warning CS8602: Dereference of a possibly null reference. [D:\source\SkyCMS\Common.Tests\Cosmos.Common.Tests.csproj]
D:\source\SkyCMS\Common.Tests\Services\CryptoJsDecryptionTests.cs(43,32): warning CS8600: Converting null literal or possible null value to non-nullable type. [D:\source\SkyCMS\Common.Tests\Cosmos.Common.Tests.csproj]
D:\source\SkyCMS\Common.Tests\Services\CryptoJsDecryptionTests.cs(226,36): warning CS8600: Converting null literal or possible null value to non-nullable type. [D:\source\SkyCMS\Common.Tests\Cosmos.Common.Tests.csproj]
D:\source\SkyCMS\Common.Tests\Services\OneTimeTokenProviderTests.cs(398,59): warning CS8625: Cannot convert null literal to non-nullable reference type. [D:\source\SkyCMS\Common.Tests\Cosmos.Common.Tests.csproj]
D:\source\SkyCMS\Common.Tests\Services\OneTimeTokenProviderTests.cs(586,51): warning CS8602: Dereference of a possibly null reference. [D:\source\SkyCMS\Common.Tests\Cosmos.Common.Tests.csproj]
D:\source\SkyCMS\Common.Tests\Services\OneTimeTokenProviderTests.cs(588,21): warning CS8620: Argument of type 'Func<It.IsAnyType, Exception, string>' cannot be used for parameter 'formatter' of type 'Func<It.IsAnyType, Exception?, string>' in 'void ILogger.Log<IsAnyType>(LogLevel logLevel, EventId eventId, IsAnyType state, Exception? exception, Func<IsAnyType, Exception?, string> formatter)' due to differences in the nullability of reference types. [D:\source\SkyCMS\Common.Tests\Cosmos.Common.Tests.csproj]
D:\source\SkyCMS\Common.Tests\Services\OneTimeTokenProviderTests.cs(615,51): warning CS8602: Dereference of a possibly null reference. [D:\source\SkyCMS\Common.Tests\Cosmos.Common.Tests.csproj]
D:\source\SkyCMS\Common.Tests\Services\OneTimeTokenProviderTests.cs(617,21): warning CS8620: Argument of type 'Func<It.IsAnyType, Exception, string>' cannot be used for parameter 'formatter' of type 'Func<It.IsAnyType, Exception?, string>' in 'void ILogger.Log<IsAnyType>(LogLevel logLevel, EventId eventId, IsAnyType state, Exception? exception, Func<IsAnyType, Exception?, string> formatter)' due to differences in the nullability of reference types. [D:\source\SkyCMS\Common.Tests\Cosmos.Common.Tests.csproj]
D:\source\SkyCMS\Common.Tests\Services\OneTimeTokenProviderTests.cs(646,51): warning CS8602: Dereference of a possibly null reference. [D:\source\SkyCMS\Common.Tests\Cosmos.Common.Tests.csproj]
D:\source\SkyCMS\Common.Tests\Services\OneTimeTokenProviderTests.cs(648,21): warning CS8620: Argument of type 'Func<It.IsAnyType, Exception, string>' cannot be used for parameter 'formatter' of type 'Func<It.IsAnyType, Exception?, string>' in 'void ILogger.Log<IsAnyType>(LogLevel logLevel, EventId eventId, IsAnyType state, Exception? exception, Func<IsAnyType, Exception?, string> formatter)' due to differences in the nullability of reference types. [D:\source\SkyCMS\Common.Tests\Cosmos.Common.Tests.csproj]
D:\source\SkyCMS\Common.Tests\Services\OneTimeTokenProviderTests.cs(673,51): warning CS8602: Dereference of a possibly null reference. [D:\source\SkyCMS\Common.Tests\Cosmos.Common.Tests.csproj]
D:\source\SkyCMS\Common.Tests\Services\OneTimeTokenProviderTests.cs(675,21): warning CS8620: Argument of type 'Func<It.IsAnyType, Exception, string>' cannot be used for parameter 'formatter' of type 'Func<It.IsAnyType, Exception?, string>' in 'void ILogger.Log<IsAnyType>(LogLevel logLevel, EventId eventId, IsAnyType state, Exception? exception, Func<IsAnyType, Exception?, string> formatter)' due to differences in the nullability of reference types. [D:\source\SkyCMS\Common.Tests\Cosmos.Common.Tests.csproj]
D:\source\SkyCMS\Common.Tests\Services\OneTimeTokenProviderTests.cs(711,51): warning CS8602: Dereference of a possibly null reference. [D:\source\SkyCMS\Common.Tests\Cosmos.Common.Tests.csproj]
D:\source\SkyCMS\Common.Tests\Services\OneTimeTokenProviderTests.cs(713,21): warning CS8620: Argument of type 'Func<It.IsAnyType, Exception, string>' cannot be used for parameter 'formatter' of type 'Func<It.IsAnyType, Exception?, string>' in 'void ILogger.Log<IsAnyType>(LogLevel logLevel, EventId eventId, IsAnyType state, Exception? exception, Func<IsAnyType, Exception?, string> formatter)' due to differences in the nullability of reference types. [D:\source\SkyCMS\Common.Tests\Cosmos.Common.Tests.csproj]
D:\source\SkyCMS\Common.Tests\DateTimeOffsetToUtcDateTimeTicksConverterTests.cs(74,13): warning MSTEST0032: Review or remove the assertion as its condition is known to be always true (https://learn.microsoft.com/dotnet/core/testing/mstest-analyzers/mstest0032) [D:\source\SkyCMS\Common.Tests\Cosmos.Common.Tests.csproj]
D:\source\SkyCMS\Common.Tests\Services\CryptoJsDecryptionTests.cs(379,17): warning MSTEST0032: Review or remove the assertion as its condition is known to be always true (https://learn.microsoft.com/dotnet/core/testing/mstest-analyzers/mstest0032) [D:\source\SkyCMS\Common.Tests\Cosmos.Common.Tests.csproj]
D:\source\SkyCMS\Common.Tests\Services\CryptoJsDecryptionTests.cs(526,17): warning MSTEST0032: Review or remove the assertion as its condition is known to be always true (https://learn.microsoft.com/dotnet/core/testing/mstest-analyzers/mstest0032) [D:\source\SkyCMS\Common.Tests\Cosmos.Common.Tests.csproj]
D:\source\SkyCMS\Sky.Cms.Api.Shared\Models\ContactFormResponse.cs(23,23): warning CS8618: Non-nullable property 'Message' must contain a non-null value when exiting constructor. Consider adding the 'required' modifier or declaring the property as nullable. [D:\source\SkyCMS\Sky.Cms.Api.Shared\Sky.Cms.Api.Shared.csproj]
D:\source\SkyCMS\Sky.Cms.Api.Shared\Models\ContactFormResponse.cs(28,23): warning CS8618: Non-nullable property 'Error' must contain a non-null value when exiting constructor. Consider adding the 'required' modifier or declaring the property as nullable. [D:\source\SkyCMS\Sky.Cms.Api.Shared\Sky.Cms.Api.Shared.csproj]
D:\source\SkyCMS\Sky.Cms.Api.Shared\Models\CaptchaValidationRequest.cs(18,23): warning CS8618: Non-nullable property 'Token' must contain a non-null value when exiting constructor. Consider adding the 'required' modifier or declaring the property as nullable. [D:\source\SkyCMS\Sky.Cms.Api.Shared\Sky.Cms.Api.Shared.csproj]
D:\source\SkyCMS\Sky.Cms.Api.Shared\Models\CaptchaValidationRequest.cs(23,23): warning CS8618: Non-nullable property 'RemoteIp' must contain a non-null value when exiting constructor. Consider adding the 'required' modifier or declaring the property as nullable. [D:\source\SkyCMS\Sky.Cms.Api.Shared\Sky.Cms.Api.Shared.csproj]
D:\source\SkyCMS\Sky.Cms.Api.Shared\Models\ContactFormRequest.cs(22,23): warning CS8618: Non-nullable property 'Name' must contain a non-null value when exiting constructor. Consider adding the 'required' modifier or declaring the property as nullable. [D:\source\SkyCMS\Sky.Cms.Api.Shared\Sky.Cms.Api.Shared.csproj]
D:\source\SkyCMS\Sky.Cms.Api.Shared\Models\ContactFormRequest.cs(30,23): warning CS8618: Non-nullable property 'Email' must contain a non-null value when exiting constructor. Consider adding the 'required' modifier or declaring the property as nullable. [D:\source\SkyCMS\Sky.Cms.Api.Shared\Sky.Cms.Api.Shared.csproj]
D:\source\SkyCMS\Sky.Cms.Api.Shared\Models\ContactFormRequest.cs(37,23): warning CS8618: Non-nullable property 'Message' must contain a non-null value when exiting constructor. Consider adding the 'required' modifier or declaring the property as nullable. [D:\source\SkyCMS\Sky.Cms.Api.Shared\Sky.Cms.Api.Shared.csproj]
D:\source\SkyCMS\Sky.Cms.Api.Shared\Features\ContactForm\ValidateCaptcha\ValidateCaptchaHandler.cs(54,70): warning CS8604: Possible null reference argument for parameter 'remoteIpAddress' in 'Task<bool> ValidateCaptchaHandler.ValidateTurnstileAsync(string token, string remoteIpAddress, CancellationToken cancellationToken)'. [D:\source\SkyCMS\Sky.Cms.Api.Shared\Sky.Cms.Api.Shared.csproj]
D:\source\SkyCMS\Sky.Cms.Api.Shared\Features\ContactForm\ValidateCaptcha\ValidateCaptchaHandler.cs(55,70): warning CS8604: Possible null reference argument for parameter 'remoteIpAddress' in 'Task<bool> ValidateCaptchaHandler.ValidateReCaptchaAsync(string token, string remoteIpAddress, CancellationToken cancellationToken)'. [D:\source\SkyCMS\Sky.Cms.Api.Shared\Sky.Cms.Api.Shared.csproj]
D:\source\SkyCMS\Sky.Cms.Api.Shared\Controllers\ContactApiController.cs(186,29): warning CS8601: Possible null reference assignment. [D:\source\SkyCMS\Sky.Cms.Api.Shared\Sky.Cms.Api.Shared.csproj]
D:\source\SkyCMS\Publisher\Controllers\StaticProxyController.cs(260,25): warning SA1204: Static members should appear before non-static members (https://github.com/DotNetAnalyzers/StyleCopAnalyzers/blob/master/documentation/SA1204.md) [D:\source\SkyCMS\Publisher\Sky.Publisher.csproj]
D:\source\SkyCMS\Editor\Controllers\BaseController.cs(156,36): warning CS8632: The annotation for nullable reference types should only be used in code within a '#nullable' annotations context. [D:\source\SkyCMS\Editor\Sky.Editor.csproj]
D:\source\SkyCMS\Editor\Controllers\CopilotController.cs(426,60): warning CS8632: The annotation for nullable reference types should only be used in code within a '#nullable' annotations context. [D:\source\SkyCMS\Editor\Sky.Editor.csproj]
D:\source\SkyCMS\Editor\Controllers\CopilotController.cs(426,26): warning CS8632: The annotation for nullable reference types should only be used in code within a '#nullable' annotations context. [D:\source\SkyCMS\Editor\Sky.Editor.csproj]
D:\source\SkyCMS\Editor\Controllers\CopilotController.cs(440,47): warning CS8632: The annotation for nullable reference types should only be used in code within a '#nullable' annotations context. [D:\source\SkyCMS\Editor\Sky.Editor.csproj]
D:\source\SkyCMS\Editor\Controllers\CopilotController.cs(450,46): warning CS8632: The annotation for nullable reference types should only be used in code within a '#nullable' annotations context. [D:\source\SkyCMS\Editor\Sky.Editor.csproj]
D:\source\SkyCMS\Editor\Controllers\BaseController.cs(179,34): warning CS8632: The annotation for nullable reference types should only be used in code within a '#nullable' annotations context. [D:\source\SkyCMS\Editor\Sky.Editor.csproj]
D:\source\SkyCMS\Editor\Controllers\BaseController.cs(268,32): warning CS8632: The annotation for nullable reference types should only be used in code within a '#nullable' annotations context. [D:\source\SkyCMS\Editor\Sky.Editor.csproj]
D:\source\SkyCMS\Editor\Controllers\BaseController.cs(399,93): warning CS8632: The annotation for nullable reference types should only be used in code within a '#nullable' annotations context. [D:\source\SkyCMS\Editor\Sky.Editor.csproj]
D:\source\SkyCMS\Editor\Controllers\CopilotController.cs(475,22): warning CS8632: The annotation for nullable reference types should only be used in code within a '#nullable' annotations context. [D:\source\SkyCMS\Editor\Sky.Editor.csproj]
D:\source\SkyCMS\Editor\Controllers\CopilotController.cs(480,22): warning CS8632: The annotation for nullable reference types should only be used in code within a '#nullable' annotations context. [D:\source\SkyCMS\Editor\Sky.Editor.csproj]
D:\source\SkyCMS\Editor\Controllers\CopilotController.cs(485,22): warning CS8632: The annotation for nullable reference types should only be used in code within a '#nullable' annotations context. [D:\source\SkyCMS\Editor\Sky.Editor.csproj]
D:\source\SkyCMS\Editor\Controllers\CopilotController.cs(490,22): warning CS8632: The annotation for nullable reference types should only be used in code within a '#nullable' annotations context. [D:\source\SkyCMS\Editor\Sky.Editor.csproj]
D:\source\SkyCMS\Editor\Controllers\CopilotController.cs(501,22): warning CS8632: The annotation for nullable reference types should only be used in code within a '#nullable' annotations context. [D:\source\SkyCMS\Editor\Sky.Editor.csproj]
D:\source\SkyCMS\Editor\Controllers\CopilotController.cs(517,22): warning CS8632: The annotation for nullable reference types should only be used in code within a '#nullable' annotations context. [D:\source\SkyCMS\Editor\Sky.Editor.csproj]
D:\source\SkyCMS\Editor\Controllers\CopilotController.cs(522,22): warning CS8632: The annotation for nullable reference types should only be used in code within a '#nullable' annotations context. [D:\source\SkyCMS\Editor\Sky.Editor.csproj]
D:\source\SkyCMS\Editor\Controllers\CopilotController.cs(532,22): warning CS8632: The annotation for nullable reference types should only be used in code within a '#nullable' annotations context. [D:\source\SkyCMS\Editor\Sky.Editor.csproj]
D:\source\SkyCMS\Editor\Controllers\CopilotController.cs(537,22): warning CS8632: The annotation for nullable reference types should only be used in code within a '#nullable' annotations context. [D:\source\SkyCMS\Editor\Sky.Editor.csproj]
D:\source\SkyCMS\Editor\Controllers\CopilotController.cs(542,22): warning CS8632: The annotation for nullable reference types should only be used in code within a '#nullable' annotations context. [D:\source\SkyCMS\Editor\Sky.Editor.csproj]
D:\source\SkyCMS\Editor\Controllers\CopilotController.cs(547,22): warning CS8632: The annotation for nullable reference types should only be used in code within a '#nullable' annotations context. [D:\source\SkyCMS\Editor\Sky.Editor.csproj]
D:\source\SkyCMS\Editor\Controllers\CopilotController.cs(552,22): warning CS8632: The annotation for nullable reference types should only be used in code within a '#nullable' annotations context. [D:\source\SkyCMS\Editor\Sky.Editor.csproj]
D:\source\SkyCMS\Editor\Controllers\CopilotController.cs(557,22): warning CS8632: The annotation for nullable reference types should only be used in code within a '#nullable' annotations context. [D:\source\SkyCMS\Editor\Sky.Editor.csproj]
D:\source\SkyCMS\Editor\Controllers\CopilotController.cs(573,22): warning CS8632: The annotation for nullable reference types should only be used in code within a '#nullable' annotations context. [D:\source\SkyCMS\Editor\Sky.Editor.csproj]
D:\source\SkyCMS\Editor\Controllers\CopilotController.cs(578,22): warning CS8632: The annotation for nullable reference types should only be used in code within a '#nullable' annotations context. [D:\source\SkyCMS\Editor\Sky.Editor.csproj]
D:\source\SkyCMS\Editor\Controllers\CopilotController.cs(594,22): warning CS8632: The annotation for nullable reference types should only be used in code within a '#nullable' annotations context. [D:\source\SkyCMS\Editor\Sky.Editor.csproj]
D:\source\SkyCMS\Editor\Controllers\CopilotController.cs(620,22): warning CS8632: The annotation for nullable reference types should only be used in code within a '#nullable' annotations context. [D:\source\SkyCMS\Editor\Sky.Editor.csproj]
D:\source\SkyCMS\Editor\Controllers\CopilotController.cs(646,36): warning CS8632: The annotation for nullable reference types should only be used in code within a '#nullable' annotations context. [D:\source\SkyCMS\Editor\Sky.Editor.csproj]
D:\source\SkyCMS\Editor\Controllers\CopilotController.cs(651,35): warning CS8632: The annotation for nullable reference types should only be used in code within a '#nullable' annotations context. [D:\source\SkyCMS\Editor\Sky.Editor.csproj]
D:\source\SkyCMS\Editor\Middleware\SetupCompletionFilter.cs(45,34): warning CS8632: The annotation for nullable reference types should only be used in code within a '#nullable' annotations context. [D:\source\SkyCMS\Editor\Sky.Editor.csproj]
D:\source\SkyCMS\Editor\Features\Blogs\CreatePost\CreateBlogPostCommand.cs(41,22): warning CS8632: The annotation for nullable reference types should only be used in code within a '#nullable' annotations context. [D:\source\SkyCMS\Editor\Sky.Editor.csproj]
D:\source\SkyCMS\Editor\Features\Blogs\CreatePost\CreateBlogPostCommand.cs(47,22): warning CS8632: The annotation for nullable reference types should only be used in code within a '#nullable' annotations context. [D:\source\SkyCMS\Editor\Sky.Editor.csproj]
D:\source\SkyCMS\Editor\Controllers\EditorController.cs(1059,112): warning CS8632: The annotation for nullable reference types should only be used in code within a '#nullable' annotations context. [D:\source\SkyCMS\Editor\Sky.Editor.csproj]
D:\source\SkyCMS\Editor\Controllers\EditorController.cs(1820,41): warning CS8632: The annotation for nullable reference types should only be used in code within a '#nullable' annotations context. [D:\source\SkyCMS\Editor\Sky.Editor.csproj]
D:\source\SkyCMS\Editor\Controllers\EditorController.cs(1844,36): warning CS8632: The annotation for nullable reference types should only be used in code within a '#nullable' annotations context. [D:\source\SkyCMS\Editor\Sky.Editor.csproj]
D:\source\SkyCMS\Editor\Controllers\EditorController.cs(1887,44): warning CS8632: The annotation for nullable reference types should only be used in code within a '#nullable' annotations context. [D:\source\SkyCMS\Editor\Sky.Editor.csproj]
D:\source\SkyCMS\Editor\Controllers\EditorController.cs(1900,40): warning CS8632: The annotation for nullable reference types should only be used in code within a '#nullable' annotations context. [D:\source\SkyCMS\Editor\Sky.Editor.csproj]
D:\source\SkyCMS\Editor\Features\Articles\Create\CreateArticleCommand.cs(49,22): warning CS8632: The annotation for nullable reference types should only be used in code within a '#nullable' annotations context. [D:\source\SkyCMS\Editor\Sky.Editor.csproj]
D:\source\SkyCMS\Editor\Features\Articles\Create\CreateArticleCommand.cs(54,22): warning CS8632: The annotation for nullable reference types should only be used in code within a '#nullable' annotations context. [D:\source\SkyCMS\Editor\Sky.Editor.csproj]
D:\source\SkyCMS\Editor\Controllers\EditorController.cs(1937,30): warning CS8632: The annotation for nullable reference types should only be used in code within a '#nullable' annotations context. [D:\source\SkyCMS\Editor\Sky.Editor.csproj]
D:\source\SkyCMS\Editor\Features\Articles\Create\CreateArticleCommand.cs(59,22): warning CS8632: The annotation for nullable reference types should only be used in code within a '#nullable' annotations context. [D:\source\SkyCMS\Editor\Sky.Editor.csproj]
D:\source\SkyCMS\Editor\Features\Articles\Create\CreateArticleCommand.cs(64,22): warning CS8632: The annotation for nullable reference types should only be used in code within a '#nullable' annotations context. [D:\source\SkyCMS\Editor\Sky.Editor.csproj]
D:\source\SkyCMS\Editor\Controllers\EditorController.cs(1963,30): warning CS8632: The annotation for nullable reference types should only be used in code within a '#nullable' annotations context. [D:\source\SkyCMS\Editor\Sky.Editor.csproj]
D:\source\SkyCMS\Editor\Models\DesignerResult.cs(23,22): warning CS8632: The annotation for nullable reference types should only be used in code within a '#nullable' annotations context. [D:\source\SkyCMS\Editor\Sky.Editor.csproj]
D:\source\SkyCMS\Editor\Controllers\EditorController.cs(1975,30): warning CS8632: The annotation for nullable reference types should only be used in code within a '#nullable' annotations context. [D:\source\SkyCMS\Editor\Sky.Editor.csproj]
D:\source\SkyCMS\Editor\Features\Articles\Create\CreateArticleCommand.cs(79,22): warning CS8632: The annotation for nullable reference types should only be used in code within a '#nullable' annotations context. [D:\source\SkyCMS\Editor\Sky.Editor.csproj]
D:\source\SkyCMS\Editor\Features\Articles\Create\CreateArticleCommand.cs(84,22): warning CS8632: The annotation for nullable reference types should only be used in code within a '#nullable' annotations context. [D:\source\SkyCMS\Editor\Sky.Editor.csproj]
D:\source\SkyCMS\Editor\Features\Articles\Create\CreateArticleCommand.cs(89,22): warning CS8632: The annotation for nullable reference types should only be used in code within a '#nullable' annotations context. [D:\source\SkyCMS\Editor\Sky.Editor.csproj]
D:\source\SkyCMS\Editor\Controllers\EditorController.cs(2006,30): warning CS8632: The annotation for nullable reference types should only be used in code within a '#nullable' annotations context. [D:\source\SkyCMS\Editor\Sky.Editor.csproj]
D:\source\SkyCMS\Editor\Controllers\EditorController.cs(2050,30): warning CS8632: The annotation for nullable reference types should only be used in code within a '#nullable' annotations context. [D:\source\SkyCMS\Editor\Sky.Editor.csproj]
D:\source\SkyCMS\Editor\Controllers\EditorController.cs(2105,23): warning CS8632: The annotation for nullable reference types should only be used in code within a '#nullable' annotations context. [D:\source\SkyCMS\Editor\Sky.Editor.csproj]
D:\source\SkyCMS\Editor\Features\Blogs\UpdatePost\UpdateBlogPostCommand.cs(41,22): warning CS8632: The annotation for nullable reference types should only be used in code within a '#nullable' annotations context. [D:\source\SkyCMS\Editor\Sky.Editor.csproj]
D:\source\SkyCMS\Editor\Features\Blogs\UpdatePost\UpdateBlogPostCommand.cs(47,22): warning CS8632: The annotation for nullable reference types should only be used in code within a '#nullable' annotations context. [D:\source\SkyCMS\Editor\Sky.Editor.csproj]
D:\source\SkyCMS\Editor\Controllers\TemplatesController.cs(819,74): warning CS8632: The annotation for nullable reference types should only be used in code within a '#nullable' annotations context. [D:\source\SkyCMS\Editor\Sky.Editor.csproj]
D:\source\SkyCMS\Editor\Controllers\TemplatesController.cs(876,112): warning CS8632: The annotation for nullable reference types should only be used in code within a '#nullable' annotations context. [D:\source\SkyCMS\Editor\Sky.Editor.csproj]
D:\source\SkyCMS\Editor\Features\Shared\MultiTenantMediator.cs(51,55): warning CS8632: The annotation for nullable reference types should only be used in code within a '#nullable' annotations context. [D:\source\SkyCMS\Editor\Sky.Editor.csproj]
D:\source\SkyCMS\Editor\Features\Shared\MultiTenantMediator.cs(65,42): warning CS8632: The annotation for nullable reference types should only be used in code within a '#nullable' annotations context. [D:\source\SkyCMS\Editor\Sky.Editor.csproj]
D:\source\SkyCMS\Editor\Services\Layout\ILayoutFamilyService.cs(31,39): warning CS8632: The annotation for nullable reference types should only be used in code within a '#nullable' annotations context. [D:\source\SkyCMS\Editor\Sky.Editor.csproj]
D:\source\SkyCMS\Editor\Services\Layout\ILayoutFamilyService.cs(38,39): warning CS8632: The annotation for nullable reference types should only be used in code within a '#nullable' annotations context. [D:\source\SkyCMS\Editor\Sky.Editor.csproj]
D:\source\SkyCMS\Editor\Services\Layout\ILayoutFamilyService.cs(51,30): warning CS8632: The annotation for nullable reference types should only be used in code within a '#nullable' annotations context. [D:\source\SkyCMS\Editor\Sky.Editor.csproj]
D:\source\SkyCMS\Editor\Services\Layout\ILayoutFamilyService.cs(59,87): warning CS8632: The annotation for nullable reference types should only be used in code within a '#nullable' annotations context. [D:\source\SkyCMS\Editor\Sky.Editor.csproj]
D:\source\SkyCMS\Editor\Services\Email\TenantAwareEmailSender.cs(64,116): warning CS8632: The annotation for nullable reference types should only be used in code within a '#nullable' annotations context. [D:\source\SkyCMS\Editor\Sky.Editor.csproj]
D:\source\SkyCMS\Editor\Services\Layout\LayoutFamilyInfo.cs(36,41): warning CS8632: The annotation for nullable reference types should only be used in code within a '#nullable' annotations context. [D:\source\SkyCMS\Editor\Sky.Editor.csproj]
D:\source\SkyCMS\Editor\Services\Layout\LayoutFamilyInfo.cs(41,41): warning CS8632: The annotation for nullable reference types should only be used in code within a '#nullable' annotations context. [D:\source\SkyCMS\Editor\Sky.Editor.csproj]
D:\source\SkyCMS\Editor\Services\Layout\LayoutFamilyService.cs(58,52): warning CS8632: The annotation for nullable reference types should only be used in code within a '#nullable' annotations context. [D:\source\SkyCMS\Editor\Sky.Editor.csproj]
D:\source\SkyCMS\Editor\Services\Layout\LayoutFamilyService.cs(75,52): warning CS8632: The annotation for nullable reference types should only be used in code within a '#nullable' annotations context. [D:\source\SkyCMS\Editor\Sky.Editor.csproj]
D:\source\SkyCMS\Editor\Services\Layout\LayoutFamilyService.cs(111,43): warning CS8632: The annotation for nullable reference types should only be used in code within a '#nullable' annotations context. [D:\source\SkyCMS\Editor\Sky.Editor.csproj]
D:\source\SkyCMS\Editor\Services\Layout\LayoutFamilyService.cs(142,100): warning CS8632: The annotation for nullable reference types should only be used in code within a '#nullable' annotations context. [D:\source\SkyCMS\Editor\Sky.Editor.csproj]
D:\source\SkyCMS\Editor\Services\Migrations\MigrationSummary.cs(47,22): warning CS8632: The annotation for nullable reference types should only be used in code within a '#nullable' annotations context. [D:\source\SkyCMS\Editor\Sky.Editor.csproj]
D:\source\SkyCMS\Editor\Services\Migrations\MigrationSummary.cs(52,25): warning CS8632: The annotation for nullable reference types should only be used in code within a '#nullable' annotations context. [D:\source\SkyCMS\Editor\Sky.Editor.csproj]
D:\source\SkyCMS\Editor\Services\Migrations\MigrationSummary.cs(111,22): warning CS8632: The annotation for nullable reference types should only be used in code within a '#nullable' annotations context. [D:\source\SkyCMS\Editor\Sky.Editor.csproj]
D:\source\SkyCMS\Editor\Services\Templates\ITemplateContext.cs(34,38): warning CS8632: The annotation for nullable reference types should only be used in code within a '#nullable' annotations context. [D:\source\SkyCMS\Editor\Sky.Editor.csproj]
D:\source\SkyCMS\Editor\Services\Templates\ITemplateService.cs(175,101): warning CS8632: The annotation for nullable reference types should only be used in code within a '#nullable' annotations context. [D:\source\SkyCMS\Editor\Sky.Editor.csproj]
D:\source\SkyCMS\Editor\Services\Templates\ITemplateService.cs(207,96): warning CS8632: The annotation for nullable reference types should only be used in code within a '#nullable' annotations context. [D:\source\SkyCMS\Editor\Sky.Editor.csproj]
D:\source\SkyCMS\Editor\Services\Templates\TemplateContext.cs(35,45): warning CS8632: The annotation for nullable reference types should only be used in code within a '#nullable' annotations context. [D:\source\SkyCMS\Editor\Sky.Editor.csproj]
D:\source\SkyCMS\Editor\Services\Templates\TemplateContext.cs(25,42): warning CS8632: The annotation for nullable reference types should only be used in code within a '#nullable' annotations context. [D:\source\SkyCMS\Editor\Sky.Editor.csproj]
D:\source\SkyCMS\Editor\Services\Templates\TemplateService.cs(557,23): warning CS8632: The annotation for nullable reference types should only be used in code within a '#nullable' annotations context. [D:\source\SkyCMS\Editor\Sky.Editor.csproj]
D:\source\SkyCMS\Editor\Services\Templates\TemplateService.cs(741,114): warning CS8632: The annotation for nullable reference types should only be used in code within a '#nullable' annotations context. [D:\source\SkyCMS\Editor\Sky.Editor.csproj]
D:\source\SkyCMS\Editor\Services\Templates\TemplateService.cs(896,109): warning CS8632: The annotation for nullable reference types should only be used in code within a '#nullable' annotations context. [D:\source\SkyCMS\Editor\Sky.Editor.csproj]
D:\source\SkyCMS\Editor\Controllers\DocsImportController.cs(311,15): warning CS0618: 'ArticleEditLogic.DeleteArticle(int)' is obsolete: 'Use TrashArticle instead. This method will be removed in version 3.0.' [D:\source\SkyCMS\Editor\Sky.Editor.csproj]
D:\source\SkyCMS\Editor\Domain\Events\DomainEventDispatcher.cs(271,27): warning CS8632: The annotation for nullable reference types should only be used in code within a '#nullable' annotations context. [D:\source\SkyCMS\Editor\Sky.Editor.csproj]
D:\source\SkyCMS\Editor\Domain\Events\DomainEventDispatcher.cs(331,31): warning CS8632: The annotation for nullable reference types should only be used in code within a '#nullable' annotations context. [D:\source\SkyCMS\Editor\Sky.Editor.csproj]
D:\source\SkyCMS\Editor\Program.cs(145,21): warning CS8632: The annotation for nullable reference types should only be used in code within a '#nullable' annotations context. [D:\source\SkyCMS\Editor\Sky.Editor.csproj]
D:\source\SkyCMS\Editor\Program.cs(743,1): warning CS0618: 'ServiceCollectionExtensions.UseCosmosCmsDataProtection(IApplicationBuilder)' is obsolete: 'Per-request data protection discriminator mutation is not supported. This method is now a no-op and will be removed in a future version.' [D:\source\SkyCMS\Editor\Sky.Editor.csproj]
D:\source\SkyCMS\Editor\Features\Articles\Save\SaveArticleHandler.cs(92,20): warning CS8632: The annotation for nullable reference types should only be used in code within a '#nullable' annotations context. [D:\source\SkyCMS\Editor\Sky.Editor.csproj]
D:\source\SkyCMS\Editor\Features\Blogs\DeleteStream\DeleteBlogStreamHandler.cs(118,31): warning CS0618: 'ArticleEditLogic.DeleteArticle(int)' is obsolete: 'Use TrashArticle instead. This method will be removed in version 3.0.' [D:\source\SkyCMS\Editor\Sky.Editor.csproj]
D:\source\SkyCMS\Editor\Features\Blogs\DeleteStream\DeleteBlogStreamHandler.cs(145,23): warning CS0618: 'ArticleEditLogic.DeleteArticle(int)' is obsolete: 'Use TrashArticle instead. This method will be removed in version 3.0.' [D:\source\SkyCMS\Editor\Sky.Editor.csproj]
D:\source\SkyCMS\Editor\Data\Logic\ArticleEditLogic.cs(635,13): warning CS0618: 'IStorageContext.DeleteFile(string)' is obsolete: 'Use DeleteFileAsync instead to avoid blocking. This method will be removed in a future version.' [D:\source\SkyCMS\Editor\Sky.Editor.csproj]
D:\source\SkyCMS\Editor\Features\Articles\Delete\DeleteArticleHandler.cs(138,13): warning CS0618: 'IStorageContext.DeleteFile(string)' is obsolete: 'Use DeleteFileAsync instead to avoid blocking. This method will be removed in a future version.' [D:\source\SkyCMS\Editor\Sky.Editor.csproj]
D:\source\SkyCMS\Editor\Services\Publishing\PublishingService.cs(872,21): warning CS0618: 'IStorageContext.DeleteFile(string)' is obsolete: 'Use DeleteFileAsync instead to avoid blocking. This method will be removed in a future version.' [D:\source\SkyCMS\Editor\Sky.Editor.csproj]
D:\source\SkyCMS\Editor\Controllers\FileManagerController.cs(1281,21): warning CS0618: 'IStorageContext.DeleteFile(string)' is obsolete: 'Use DeleteFileAsync instead to avoid blocking. This method will be removed in a future version.' [D:\source\SkyCMS\Editor\Sky.Editor.csproj]
D:\source\SkyCMS\Editor\Services\StaticFiles\StaticFileService.cs(135,21): warning CS0618: 'IStorageContext.DeleteFile(string)' is obsolete: 'Use DeleteFileAsync instead to avoid blocking. This method will be removed in a future version.' [D:\source\SkyCMS\Editor\Sky.Editor.csproj]
D:\source\SkyCMS\Editor\Controllers\EditorController.cs(1090,26): warning CS8632: The annotation for nullable reference types should only be used in code within a '#nullable' annotations context. [D:\source\SkyCMS\Editor\Sky.Editor.csproj]
D:\source\SkyCMS\Editor\Controllers\EditorController.cs(1606,19): warning CS0618: 'ArticleEditLogic.DeleteArticle(int)' is obsolete: 'Use TrashArticle instead. This method will be removed in version 3.0.' [D:\source\SkyCMS\Editor\Sky.Editor.csproj]
D:\source\SkyCMS\Editor\Controllers\FileManagerController.cs(250,20): warning CS1571: XML comment has a duplicate param tag for 'isNewSession' [D:\source\SkyCMS\Editor\Sky.Editor.csproj]
D:\source\SkyCMS\Editor\Controllers\FileManagerController.cs(253,155): warning CS1573: Parameter 'pageSize' has no matching param tag in the XML comment for 'FileManagerController.Index(string, bool?, string, string, int, int, bool, bool, bool)' (but other parameters do) [D:\source\SkyCMS\Editor\Sky.Editor.csproj]
D:\source\SkyCMS\Editor\Data\Logic\ArticleEditLogic.cs(331,9): warning CS1587: XML comment is not placed on a valid language element [D:\source\SkyCMS\Editor\Sky.Editor.csproj]
D:\source\SkyCMS\Editor\Data\Logic\ArticleEditLogic.cs(318,9): warning CS1587: XML comment is not placed on a valid language element [D:\source\SkyCMS\Editor\Sky.Editor.csproj]
D:\source\SkyCMS\Editor\Data\Logic\ArticleEditLogic.cs(306,9): warning CS1587: XML comment is not placed on a valid language element [D:\source\SkyCMS\Editor\Sky.Editor.csproj]
D:\source\SkyCMS\Editor\Data\Logic\ArticleEditLogic.cs(272,9): warning CS1587: XML comment is not placed on a valid language element [D:\source\SkyCMS\Editor\Sky.Editor.csproj]
D:\source\SkyCMS\Editor\Data\Logic\ArticleEditLogic.cs(250,9): warning CS1587: XML comment is not placed on a valid language element [D:\source\SkyCMS\Editor\Sky.Editor.csproj]
D:\source\SkyCMS\Editor\Data\Logic\ArticleEditLogic.cs(151,9): warning CS1587: XML comment is not placed on a valid language element [D:\source\SkyCMS\Editor\Sky.Editor.csproj]
D:\source\SkyCMS\Editor\Data\Logic\ArticleEditLogic.cs(139,9): warning CS1587: XML comment is not placed on a valid language element [D:\source\SkyCMS\Editor\Sky.Editor.csproj]
D:\source\SkyCMS\Editor\Data\Logic\ArticleEditLogic.cs(400,9): warning CS1587: XML comment is not placed on a valid language element [D:\source\SkyCMS\Editor\Sky.Editor.csproj]
D:\source\SkyCMS\Editor\Data\Logic\ArticleEditLogic.cs(385,9): warning CS1587: XML comment is not placed on a valid language element [D:\source\SkyCMS\Editor\Sky.Editor.csproj]
D:\source\SkyCMS\Editor\Features\Articles\Clone\CloneArticleHandler.cs(64,60): warning CS1591: Missing XML comment for publicly visible type or member 'CloneArticleHandler.HandleAsync(CloneArticleCommand, CancellationToken)' [D:\source\SkyCMS\Editor\Sky.Editor.csproj]
D:\source\SkyCMS\Editor\Features\Articles\Create\CreateArticleValidator.cs(11,45): warning CS1591: Missing XML comment for publicly visible type or member 'CreateArticleValidator.Validate(CreateArticleCommand)' [D:\source\SkyCMS\Editor\Sky.Editor.csproj]
D:\source\SkyCMS\Editor\Features\Templates\Get\GetTemplateQueryHandler.cs(28,27): warning CS1574: XML comment has cref attribute 'AsNoTracking' that could not be resolved [D:\source\SkyCMS\Editor\Sky.Editor.csproj]
D:\source\SkyCMS\Editor\Models\Class.cs(3,18): warning CS1591: Missing XML comment for publicly visible type or member 'Class' [D:\source\SkyCMS\Editor\Sky.Editor.csproj]
D:\source\SkyCMS\Editor\Services\BlogPublishing\IBlogPublishingService.cs(57,130): warning CS1574: XML comment has cref attribute 'BlogPost' that could not be resolved [D:\source\SkyCMS\Editor\Sky.Editor.csproj]
D:\source\SkyCMS\Editor\Services\Layout\ILayoutMigrationService.cs(50,30): warning CS1574: XML comment has cref attribute 'ArgumentException' that could not be resolved [D:\source\SkyCMS\Editor\Sky.Editor.csproj]
D:\source\SkyCMS\Editor\Services\Publishing\PublishingService.cs(114,171): warning CS1574: XML comment has cref attribute 'GenerateBlogStreamHtml(Article)' that could not be resolved [D:\source\SkyCMS\Editor\Sky.Editor.csproj]
D:\source\SkyCMS\Editor\Services\Publishing\PublishingService.cs(121,24): warning CS1574: XML comment has cref attribute 'GenerateBlogStreamHtml(Article)' that could not be resolved [D:\source\SkyCMS\Editor\Sky.Editor.csproj]
D:\source\SkyCMS\Editor\Services\StaticFiles\IStaticFileService.cs(51,41): warning CS1574: XML comment has cref attribute 'StaticWebPages' that could not be resolved [D:\source\SkyCMS\Editor\Sky.Editor.csproj]
D:\source\SkyCMS\Editor\Services\StaticFiles\IStaticFileService.cs(72,41): warning CS1574: XML comment has cref attribute 'StaticWebPages' that could not be resolved [D:\source\SkyCMS\Editor\Sky.Editor.csproj]
D:\source\SkyCMS\Editor\Services\TableOfContents\ITocService.cs(46,43): warning CS1574: XML comment has cref attribute 'StaticWebPages' that could not be resolved [D:\source\SkyCMS\Editor\Sky.Editor.csproj]
D:\source\SkyCMS\Editor\Services\Titles\TitleChangeService.cs(575,89): warning CS1573: Parameter 'urlChanges' has no matching param tag in the XML comment for 'TitleChangeService.CreateRedirectsAsync(List<UrlChange>, string)' (but other parameters do) [D:\source\SkyCMS\Editor\Sky.Editor.csproj]
D:\source\SkyCMS\Editor\Areas\Identity\Pages\Account\AccessDenied.cshtml.cs(15,18): warning SA1649: File name should match first type name. (https://github.com/DotNetAnalyzers/StyleCopAnalyzers/blob/master/documentation/SA1649.md) [D:\source\SkyCMS\Editor\Sky.Editor.csproj]
D:\source\SkyCMS\Editor\Areas\Identity\Pages\Account\ConfirmEmail.cshtml.cs(28,18): warning SA1649: File name should match first type name. (https://github.com/DotNetAnalyzers/StyleCopAnalyzers/blob/master/documentation/SA1649.md) [D:\source\SkyCMS\Editor\Sky.Editor.csproj]
D:\source\SkyCMS\Editor\Areas\Identity\Pages\Account\ConfirmEmailChange.cshtml.cs(22,18): warning SA1649: File name should match first type name. (https://github.com/DotNetAnalyzers/StyleCopAnalyzers/blob/master/documentation/SA1649.md) [D:\source\SkyCMS\Editor\Sky.Editor.csproj]
D:\source\SkyCMS\Editor\Areas\Identity\Pages\Account\ExternalLogin.cshtml.cs(32,18): warning SA1649: File name should match first type name. (https://github.com/DotNetAnalyzers/StyleCopAnalyzers/blob/master/documentation/SA1649.md) [D:\source\SkyCMS\Editor\Sky.Editor.csproj]
D:\source\SkyCMS\Editor\Areas\Identity\Pages\Account\ForgotPassword.cshtml.cs(32,18): warning SA1649: File name should match first type name. (https://github.com/DotNetAnalyzers/StyleCopAnalyzers/blob/master/documentation/SA1649.md) [D:\source\SkyCMS\Editor\Sky.Editor.csproj]
D:\source\SkyCMS\Editor\Areas\Identity\Pages\Account\Lockout.cshtml.cs(17,18): warning SA1649: File name should match first type name. (https://github.com/DotNetAnalyzers/StyleCopAnalyzers/blob/master/documentation/SA1649.md) [D:\source\SkyCMS\Editor\Sky.Editor.csproj]
D:\source\SkyCMS\Editor\Areas\Identity\Pages\Account\Login.cshtml.cs(36,18): warning SA1649: File name should match first type name. (https://github.com/DotNetAnalyzers/StyleCopAnalyzers/blob/master/documentation/SA1649.md) [D:\source\SkyCMS\Editor\Sky.Editor.csproj]
D:\source\SkyCMS\Editor\Areas\Identity\Pages\Account\LoginWith2fa.cshtml.cs(24,18): warning SA1649: File name should match first type name. (https://github.com/DotNetAnalyzers/StyleCopAnalyzers/blob/master/documentation/SA1649.md) [D:\source\SkyCMS\Editor\Sky.Editor.csproj]
D:\source\SkyCMS\Editor\Areas\Identity\Pages\Account\LoginWithRecoveryCode.cshtml.cs(23,18): warning SA1649: File name should match first type name. (https://github.com/DotNetAnalyzers/StyleCopAnalyzers/blob/master/documentation/SA1649.md) [D:\source\SkyCMS\Editor\Sky.Editor.csproj]
D:\source\SkyCMS\Editor\Areas\Identity\Pages\Account\Logout.cshtml.cs(21,18): warning SA1649: File name should match first type name. (https://github.com/DotNetAnalyzers/StyleCopAnalyzers/blob/master/documentation/SA1649.md) [D:\source\SkyCMS\Editor\Sky.Editor.csproj]
D:\source\SkyCMS\Editor\Areas\Identity\Pages\Account\LogoutReady.cshtml.cs(15,18): warning SA1649: File name should match first type name. (https://github.com/DotNetAnalyzers/StyleCopAnalyzers/blob/master/documentation/SA1649.md) [D:\source\SkyCMS\Editor\Sky.Editor.csproj]
D:\source\SkyCMS\Editor\Areas\Identity\Pages\Account\Manage\ChangePassword.cshtml.cs(20,18): warning SA1649: File name should match first type name. (https://github.com/DotNetAnalyzers/StyleCopAnalyzers/blob/master/documentation/SA1649.md) [D:\source\SkyCMS\Editor\Sky.Editor.csproj]
D:\source\SkyCMS\Editor\Areas\Identity\Pages\Account\Manage\DeletePersonalData.cshtml.cs(21,18): warning SA1649: File name should match first type name. (https://github.com/DotNetAnalyzers/StyleCopAnalyzers/blob/master/documentation/SA1649.md) [D:\source\SkyCMS\Editor\Sky.Editor.csproj]
D:\source\SkyCMS\Editor\Areas\Identity\Pages\Account\Manage\Disable2fa.cshtml.cs(20,18): warning SA1649: File name should match first type name. (https://github.com/DotNetAnalyzers/StyleCopAnalyzers/blob/master/documentation/SA1649.md) [D:\source\SkyCMS\Editor\Sky.Editor.csproj]
D:\source\SkyCMS\Editor\Areas\Identity\Pages\Account\Manage\DownloadPersonalData.cshtml.cs(23,18): warning SA1649: File name should match first type name. (https://github.com/DotNetAnalyzers/StyleCopAnalyzers/blob/master/documentation/SA1649.md) [D:\source\SkyCMS\Editor\Sky.Editor.csproj]
D:\source\SkyCMS\Editor\Areas\Identity\Pages\Account\Manage\Email.cshtml.cs(23,18): warning SA1649: File name should match first type name. (https://github.com/DotNetAnalyzers/StyleCopAnalyzers/blob/master/documentation/SA1649.md) [D:\source\SkyCMS\Editor\Sky.Editor.csproj]
D:\source\SkyCMS\Editor\Models\EditorField.cs(44,17): warning SA1201: A enum should not follow a class (https://github.com/DotNetAnalyzers/StyleCopAnalyzers/blob/master/documentation/SA1201.md) [D:\source\SkyCMS\Editor\Sky.Editor.csproj]
D:\source\SkyCMS\Editor\Areas\Identity\Pages\Account\Manage\EnableAuthenticator.cshtml.cs(23,18): warning SA1649: File name should match first type name. (https://github.com/DotNetAnalyzers/StyleCopAnalyzers/blob/master/documentation/SA1649.md) [D:\source\SkyCMS\Editor\Sky.Editor.csproj]
D:\source\SkyCMS\Editor\Models\StatusIndexViewModel.cs(57,17): warning SA1201: A enum should not follow a class (https://github.com/DotNetAnalyzers/StyleCopAnalyzers/blob/master/documentation/SA1201.md) [D:\source\SkyCMS\Editor\Sky.Editor.csproj]
D:\source\SkyCMS\Editor\Areas\Identity\Pages\Account\Manage\ExternalLogins.cshtml.cs(22,18): warning SA1649: File name should match first type name. (https://github.com/DotNetAnalyzers/StyleCopAnalyzers/blob/master/documentation/SA1649.md) [D:\source\SkyCMS\Editor\Sky.Editor.csproj]
D:\source\SkyCMS\Editor\Areas\Identity\Pages\Account\Manage\GenerateRecoveryCodes.cshtml.cs(21,18): warning SA1649: File name should match first type name. (https://github.com/DotNetAnalyzers/StyleCopAnalyzers/blob/master/documentation/SA1649.md) [D:\source\SkyCMS\Editor\Sky.Editor.csproj]
D:\source\SkyCMS\Editor\Areas\Identity\Pages\Account\Manage\Index.cshtml.cs(19,18): warning SA1649: File name should match first type name. (https://github.com/DotNetAnalyzers/StyleCopAnalyzers/blob/master/documentation/SA1649.md) [D:\source\SkyCMS\Editor\Sky.Editor.csproj]
D:\source\SkyCMS\Editor\Hubs\ChatHub.cs(195,27): warning SA1202: 'public' members should come before 'private' members (https://github.com/DotNetAnalyzers/StyleCopAnalyzers/blob/master/documentation/SA1202.md) [D:\source\SkyCMS\Editor\Sky.Editor.csproj]
CSC : warning SA1516: Elements should be separated by blank line (https://github.com/DotNetAnalyzers/StyleCopAnalyzers/blob/master/documentation/SA1516.md) [D:\source\SkyCMS\Editor\Sky.Editor.csproj]
D:\source\SkyCMS\Editor\Areas\Identity\Pages\Account\Manage\PersonalData.cshtml.cs(19,18): warning SA1649: File name should match first type name. (https://github.com/DotNetAnalyzers/StyleCopAnalyzers/blob/master/documentation/SA1649.md) [D:\source\SkyCMS\Editor\Sky.Editor.csproj]
D:\source\SkyCMS\Editor\Areas\Identity\Pages\Account\Manage\ResetAuthenticator.cshtml.cs(19,18): warning SA1649: File name should match first type name. (https://github.com/DotNetAnalyzers/StyleCopAnalyzers/blob/master/documentation/SA1649.md) [D:\source\SkyCMS\Editor\Sky.Editor.csproj]
D:\source\SkyCMS\Editor\Areas\Identity\Pages\Account\Manage\SetPassword.cshtml.cs(19,18): warning SA1649: File name should match first type name. (https://github.com/DotNetAnalyzers/StyleCopAnalyzers/blob/master/documentation/SA1649.md) [D:\source\SkyCMS\Editor\Sky.Editor.csproj]
D:\source\SkyCMS\Editor\Areas\Identity\Pages\Account\Manage\ShowRecoveryCodes.cshtml.cs(16,18): warning SA1649: File name should match first type name. (https://github.com/DotNetAnalyzers/StyleCopAnalyzers/blob/master/documentation/SA1649.md) [D:\source\SkyCMS\Editor\Sky.Editor.csproj]
D:\source\SkyCMS\Editor\Areas\Identity\Pages\Account\Manage\TwoFactorAuthentication.cshtml.cs(19,18): warning SA1649: File name should match first type name. (https://github.com/DotNetAnalyzers/StyleCopAnalyzers/blob/master/documentation/SA1649.md) [D:\source\SkyCMS\Editor\Sky.Editor.csproj]
D:\source\SkyCMS\Editor\Areas\Identity\Pages\Account\Register.cshtml.cs(37,18): warning SA1649: File name should match first type name. (https://github.com/DotNetAnalyzers/StyleCopAnalyzers/blob/master/documentation/SA1649.md) [D:\source\SkyCMS\Editor\Sky.Editor.csproj]
D:\source\SkyCMS\Editor\Data\Logic\LayoutUtilities.cs(100,23): warning SA1201: A property should not follow a method (https://github.com/DotNetAnalyzers/StyleCopAnalyzers/blob/master/documentation/SA1201.md) [D:\source\SkyCMS\Editor\Sky.Editor.csproj]
D:\source\SkyCMS\Editor\Data\Logic\LayoutUtilities.cs(80,39): warning SA1202: 'public' members should come before 'private' members (https://github.com/DotNetAnalyzers/StyleCopAnalyzers/blob/master/documentation/SA1202.md) [D:\source\SkyCMS\Editor\Sky.Editor.csproj]
D:\source\SkyCMS\Editor\Services\MultiDatabaseManagementUtilities.cs(41,16): warning SA1201: A constructor should not follow a property (https://github.com/DotNetAnalyzers/StyleCopAnalyzers/blob/master/documentation/SA1201.md) [D:\source\SkyCMS\Editor\Sky.Editor.csproj]
D:\source\SkyCMS\Editor\Areas\Setup\Pages\Complete.cshtml.cs(35,30): warning SA1203: Constant fields should appear before non-constant fields (https://github.com/DotNetAnalyzers/StyleCopAnalyzers/blob/master/documentation/SA1203.md) [D:\source\SkyCMS\Editor\Sky.Editor.csproj]
D:\source\SkyCMS\Editor\Areas\Setup\Pages\Complete.cshtml.cs(35,30): warning SA1310: Field 'SETUP_CACHE_KEY_PREFIX' should not contain an underscore (https://github.com/DotNetAnalyzers/StyleCopAnalyzers/blob/master/documentation/SA1310.md) [D:\source\SkyCMS\Editor\Sky.Editor.csproj]
D:\source\SkyCMS\Editor\Areas\Setup\Pages\Complete.cshtml.cs(36,30): warning SA1310: Field 'HEADER_ORIGIN_HOSTNAME' should not contain an underscore (https://github.com/DotNetAnalyzers/StyleCopAnalyzers/blob/master/documentation/SA1310.md) [D:\source\SkyCMS\Editor\Sky.Editor.csproj]
D:\source\SkyCMS\Editor\Areas\Identity\Pages\Account\RegisterConfirmation.cshtml.cs(21,18): warning SA1649: File name should match first type name. (https://github.com/DotNetAnalyzers/StyleCopAnalyzers/blob/master/documentation/SA1649.md) [D:\source\SkyCMS\Editor\Sky.Editor.csproj]
D:\source\SkyCMS\Editor\Areas\Identity\Pages\Account\ResendEmailConfirmation.cshtml.cs(31,18): warning SA1649: File name should match first type name. (https://github.com/DotNetAnalyzers/StyleCopAnalyzers/blob/master/documentation/SA1649.md) [D:\source\SkyCMS\Editor\Sky.Editor.csproj]
D:\source\SkyCMS\Editor\Areas\Identity\Pages\Account\ResetPassword.cshtml.cs(32,18): warning SA1649: File name should match first type name. (https://github.com/DotNetAnalyzers/StyleCopAnalyzers/blob/master/documentation/SA1649.md) [D:\source\SkyCMS\Editor\Sky.Editor.csproj]
D:\source\SkyCMS\Editor\Controllers\ContactsController.cs(338,34): warning SA1300: Element 'data' should begin with an uppercase letter (https://github.com/DotNetAnalyzers/StyleCopAnalyzers/blob/master/documentation/SA1300.md) [D:\source\SkyCMS\Editor\Sky.Editor.csproj]
D:\source\SkyCMS\Editor\Middleware\TenantSetupMiddleware.cs(71,25): warning SA1204: Static members should appear before non-static members (https://github.com/DotNetAnalyzers/StyleCopAnalyzers/blob/master/documentation/SA1204.md) [D:\source\SkyCMS\Editor\Sky.Editor.csproj]
D:\source\SkyCMS\Editor\Models\BulkUserCreatedResult.cs(18,13): warning SA1648: inheritdoc should be used with inheriting class (https://github.com/DotNetAnalyzers/StyleCopAnalyzers/blob/master/documentation/SA1648.md) [D:\source\SkyCMS\Editor\Sky.Editor.csproj]
D:\source\SkyCMS\Editor\Models\BulkUserCreatedResult.cs(21,13): warning SA1648: inheritdoc should be used with inheriting class (https://github.com/DotNetAnalyzers/StyleCopAnalyzers/blob/master/documentation/SA1648.md) [D:\source\SkyCMS\Editor\Sky.Editor.csproj]
D:\source\SkyCMS\Editor\Models\BulkUserCreatedResult.cs(24,13): warning SA1648: inheritdoc should be used with inheriting class (https://github.com/DotNetAnalyzers/StyleCopAnalyzers/blob/master/documentation/SA1648.md) [D:\source\SkyCMS\Editor\Sky.Editor.csproj]
D:\source\SkyCMS\Editor\Areas\Setup\Pages\Step1_Storage.cshtml.cs(309,42): warning SA1202: 'public' members should come before 'private' members (https://github.com/DotNetAnalyzers/StyleCopAnalyzers/blob/master/documentation/SA1202.md) [D:\source\SkyCMS\Editor\Sky.Editor.csproj]
D:\source\SkyCMS\Editor\Middleware\SetupCompletionFilter.cs(30,26): warning SA1310: Field 'SETUP_CACHE_KEY_PREFIX' should not contain an underscore (https://github.com/DotNetAnalyzers/StyleCopAnalyzers/blob/master/documentation/SA1310.md) [D:\source\SkyCMS\Editor\Sky.Editor.csproj]
D:\source\SkyCMS\Editor\Middleware\SetupCompletionFilter.cs(31,26): warning SA1310: Field 'HEADER_ORIGIN_HOSTNAME' should not contain an underscore (https://github.com/DotNetAnalyzers/StyleCopAnalyzers/blob/master/documentation/SA1310.md) [D:\source\SkyCMS\Editor\Sky.Editor.csproj]
D:\source\SkyCMS\Editor\Controllers\DeploymentController.cs(60,24): warning SA1203: Constant fields should appear before non-constant fields (https://github.com/DotNetAnalyzers/StyleCopAnalyzers/blob/master/documentation/SA1203.md) [D:\source\SkyCMS\Editor\Sky.Editor.csproj]
D:\source\SkyCMS\Editor\Controllers\DeploymentController.cs(434,27): warning SA1204: Static members should appear before non-static members (https://github.com/DotNetAnalyzers/StyleCopAnalyzers/blob/master/documentation/SA1204.md) [D:\source\SkyCMS\Editor\Sky.Editor.csproj]
D:\source\SkyCMS\Editor\Middleware\SetupMiddlewareExtensions.cs(23,26): warning SA1310: Field 'SETUP_CACHE_KEY_PREFIX' should not contain an underscore (https://github.com/DotNetAnalyzers/StyleCopAnalyzers/blob/master/documentation/SA1310.md) [D:\source\SkyCMS\Editor\Sky.Editor.csproj]
D:\source\SkyCMS\Editor\Middleware\SetupMiddlewareExtensions.cs(24,26): warning SA1310: Field 'HEADER_ORIGIN_HOSTNAME' should not contain an underscore (https://github.com/DotNetAnalyzers/StyleCopAnalyzers/blob/master/documentation/SA1310.md) [D:\source\SkyCMS\Editor\Sky.Editor.csproj]
D:\source\SkyCMS\Editor\Data\MigrationHelper.cs(548,22): warning SA1201: A enum should not follow a method (https://github.com/DotNetAnalyzers/StyleCopAnalyzers/blob/master/documentation/SA1201.md) [D:\source\SkyCMS\Editor\Sky.Editor.csproj]
D:\source\SkyCMS\Editor\Services\Diagnostics\ConfigurationValidator.cs(532,17): warning SA1201: A enum should not follow a class (https://github.com/DotNetAnalyzers/StyleCopAnalyzers/blob/master/documentation/SA1201.md) [D:\source\SkyCMS\Editor\Sky.Editor.csproj]
D:\source\SkyCMS\Editor\Areas\Setup\Pages\Step2_AdminAccount.cshtml.cs(63,21): warning SA1202: 'public' members should come before 'private' members (https://github.com/DotNetAnalyzers/StyleCopAnalyzers/blob/master/documentation/SA1202.md) [D:\source\SkyCMS\Editor\Sky.Editor.csproj]
D:\source\SkyCMS\Editor\Areas\Identity\Pages\Account\ResetPasswordConfirmation.cshtml.cs(17,18): warning SA1649: File name should match first type name. (https://github.com/DotNetAnalyzers/StyleCopAnalyzers/blob/master/documentation/SA1649.md) [D:\source\SkyCMS\Editor\Sky.Editor.csproj]
D:\source\SkyCMS\Editor\Areas\Identity\Pages\Error.cshtml.cs(20,18): warning SA1649: File name should match first type name. (https://github.com/DotNetAnalyzers/StyleCopAnalyzers/blob/master/documentation/SA1649.md) [D:\source\SkyCMS\Editor\Sky.Editor.csproj]
D:\source\SkyCMS\Editor\Areas\Setup\Pages\Complete.cshtml.cs(25,18): warning SA1649: File name should match first type name. (https://github.com/DotNetAnalyzers/StyleCopAnalyzers/blob/master/documentation/SA1649.md) [D:\source\SkyCMS\Editor\Sky.Editor.csproj]
D:\source\SkyCMS\Editor\Areas\Setup\Pages\Index.cshtml.cs(24,18): warning SA1649: File name should match first type name. (https://github.com/DotNetAnalyzers/StyleCopAnalyzers/blob/master/documentation/SA1649.md) [D:\source\SkyCMS\Editor\Sky.Editor.csproj]
D:\source\SkyCMS\Editor\Domain\Events\IDomainEventHandler.cs(17,53): warning SA1127: Generic type constraints should be on their own line (https://github.com/DotNetAnalyzers/StyleCopAnalyzers/blob/master/documentation/SA1127.md) [D:\source\SkyCMS\Editor\Sky.Editor.csproj]
D:\source\SkyCMS\Editor\Areas\Setup\Pages\Step2_AdminAccount.cshtml.cs(80,28): warning SA1116: The parameters should begin on the line after the declaration, whenever the parameter span across multiple lines (https://github.com/DotNetAnalyzers/StyleCopAnalyzers/blob/master/documentation/SA1116.md) [D:\source\SkyCMS\Editor\Sky.Editor.csproj]
D:\source\SkyCMS\Editor\Controllers\BaseController.cs(198,52): warning SA1202: 'protected' members should come before 'private' members (https://github.com/DotNetAnalyzers/StyleCopAnalyzers/blob/master/documentation/SA1202.md) [D:\source\SkyCMS\Editor\Sky.Editor.csproj]
D:\source\SkyCMS\Editor\Controllers\BaseController.cs(237,42): warning SA1202: 'public' members should come before 'protected' members (https://github.com/DotNetAnalyzers/StyleCopAnalyzers/blob/master/documentation/SA1202.md) [D:\source\SkyCMS\Editor\Sky.Editor.csproj]
D:\source\SkyCMS\Editor\Controllers\BaseController.cs(333,33): warning SA1204: Static members should appear before non-static members (https://github.com/DotNetAnalyzers/StyleCopAnalyzers/blob/master/documentation/SA1204.md) [D:\source\SkyCMS\Editor\Sky.Editor.csproj]
D:\source\SkyCMS\Editor\Data\Logic\ArticleEditLogic.cs(355,35): warning SA1202: 'public' members should come before 'private' members (https://github.com/DotNetAnalyzers/StyleCopAnalyzers/blob/master/documentation/SA1202.md) [D:\source\SkyCMS\Editor\Sky.Editor.csproj]
D:\source\SkyCMS\Editor\Models\Class.cs(3,18): warning SA1600: Elements should be documented (https://github.com/DotNetAnalyzers/StyleCopAnalyzers/blob/master/documentation/SA1600.md) [D:\source\SkyCMS\Editor\Sky.Editor.csproj]
D:\source\SkyCMS\Editor\Models\EditImagePostViewModel.cs(18,23): warning SA1300: Element 'name' should begin with an uppercase letter (https://github.com/DotNetAnalyzers/StyleCopAnalyzers/blob/master/documentation/SA1300.md) [D:\source\SkyCMS\Editor\Sky.Editor.csproj]
D:\source\SkyCMS\Editor\Models\EditImagePostViewModel.cs(28,23): warning SA1300: Element 'extension' should begin with an uppercase letter (https://github.com/DotNetAnalyzers/StyleCopAnalyzers/blob/master/documentation/SA1300.md) [D:\source\SkyCMS\Editor\Sky.Editor.csproj]
D:\source\SkyCMS\Editor\Models\EditImagePostViewModel.cs(23,23): warning SA1300: Element 'fullName' should begin with an uppercase letter (https://github.com/DotNetAnalyzers/StyleCopAnalyzers/blob/master/documentation/SA1300.md) [D:\source\SkyCMS\Editor\Sky.Editor.csproj]
D:\source\SkyCMS\Editor\Models\EditImagePostViewModel.cs(33,23): warning SA1300: Element 'mimeType' should begin with an uppercase letter (https://github.com/DotNetAnalyzers/StyleCopAnalyzers/blob/master/documentation/SA1300.md) [D:\source\SkyCMS\Editor\Sky.Editor.csproj]
D:\source\SkyCMS\Editor\Models\EditImagePostViewModel.cs(38,23): warning SA1300: Element 'imageBase64' should begin with an uppercase letter (https://github.com/DotNetAnalyzers/StyleCopAnalyzers/blob/master/documentation/SA1300.md) [D:\source\SkyCMS\Editor\Sky.Editor.csproj]
D:\source\SkyCMS\Editor\Models\EditImagePostViewModel.cs(43,24): warning SA1300: Element 'quantity' should begin with an uppercase letter (https://github.com/DotNetAnalyzers/StyleCopAnalyzers/blob/master/documentation/SA1300.md) [D:\source\SkyCMS\Editor\Sky.Editor.csproj]
D:\source\SkyCMS\Editor\Models\EditImagePostViewModel.cs(48,23): warning SA1300: Element 'width' should begin with an uppercase letter (https://github.com/DotNetAnalyzers/StyleCopAnalyzers/blob/master/documentation/SA1300.md) [D:\source\SkyCMS\Editor\Sky.Editor.csproj]
D:\source\SkyCMS\Editor\Models\EditImagePostViewModel.cs(53,23): warning SA1300: Element 'height' should begin with an uppercase letter (https://github.com/DotNetAnalyzers/StyleCopAnalyzers/blob/master/documentation/SA1300.md) [D:\source\SkyCMS\Editor\Sky.Editor.csproj]
D:\source\SkyCMS\Editor\Models\EditImagePostViewModel.cs(58,23): warning SA1300: Element 'folder' should begin with an uppercase letter (https://github.com/DotNetAnalyzers/StyleCopAnalyzers/blob/master/documentation/SA1300.md) [D:\source\SkyCMS\Editor\Sky.Editor.csproj]
D:\source\SkyCMS\Editor\Areas\Setup\Pages\Step3_Publisher.cshtml.cs(273,27): warning SA1624: Because the property only contains a visible get accessor, the documentation summary text should begin with 'Gets'. (https://github.com/DotNetAnalyzers/StyleCopAnalyzers/blob/master/documentation/SA1624.md) [D:\source\SkyCMS\Editor\Sky.Editor.csproj]
D:\source\SkyCMS\Editor\Areas\Setup\Pages\Step3_Publisher.cshtml.cs(278,27): warning SA1624: Because the property only contains a visible get accessor, the documentation summary text should begin with 'Gets'. (https://github.com/DotNetAnalyzers/StyleCopAnalyzers/blob/master/documentation/SA1624.md) [D:\source\SkyCMS\Editor\Sky.Editor.csproj]
D:\source\SkyCMS\Editor\Areas\Setup\Pages\Step3_Publisher.cshtml.cs(283,27): warning SA1624: Because the property only contains a visible get accessor, the documentation summary text should begin with 'Gets'. (https://github.com/DotNetAnalyzers/StyleCopAnalyzers/blob/master/documentation/SA1624.md) [D:\source\SkyCMS\Editor\Sky.Editor.csproj]
D:\source\SkyCMS\Editor\Models\BlogStreamViewModel.cs(146,20): warning SA1133: Each attribute should be placed in its own set of square brackets. (https://github.com/DotNetAnalyzers/StyleCopAnalyzers/blob/master/documentation/SA1133.md) [D:\source\SkyCMS\Editor\Sky.Editor.csproj]
D:\source\SkyCMS\Editor\Models\FileUploadResult.cs(18,21): warning SA1300: Element 'uploaded' should begin with an uppercase letter (https://github.com/DotNetAnalyzers/StyleCopAnalyzers/blob/master/documentation/SA1300.md) [D:\source\SkyCMS\Editor\Sky.Editor.csproj]
D:\source\SkyCMS\Editor\Models\FileUploadResult.cs(23,23): warning SA1300: Element 'fileUid' should begin with an uppercase letter (https://github.com/DotNetAnalyzers/StyleCopAnalyzers/blob/master/documentation/SA1300.md) [D:\source\SkyCMS\Editor\Sky.Editor.csproj]
D:\source\SkyCMS\Editor\Models\DesignerResult.cs(18,21): warning SA1300: Element 'success' should begin with an uppercase letter (https://github.com/DotNetAnalyzers/StyleCopAnalyzers/blob/master/documentation/SA1300.md) [D:\source\SkyCMS\Editor\Sky.Editor.csproj]
D:\source\SkyCMS\Editor\Models\DesignerResult.cs(23,24): warning SA1300: Element 'message' should begin with an uppercase letter (https://github.com/DotNetAnalyzers/StyleCopAnalyzers/blob/master/documentation/SA1300.md) [D:\source\SkyCMS\Editor\Sky.Editor.csproj]
D:\source\SkyCMS\Editor\Areas\Identity\Pages\Account\Manage\ChangePassword.cshtml.cs(130,17): warning SA1117: The parameters should all be placed on the same line or each parameter should be placed on its own line. (https://github.com/DotNetAnalyzers/StyleCopAnalyzers/blob/master/documentation/SA1117.md) [D:\source\SkyCMS\Editor\Sky.Editor.csproj]
D:\source\SkyCMS\Editor\Services\ThumbnailCreator.cs(23,81): warning CA1416: This call site is reachable on all platforms. 'ImageFormat' is only supported on: 'windows' 6.1 and later. (https://learn.microsoft.com/dotnet/fundamentals/code-analysis/quality-rules/ca1416) [D:\source\SkyCMS\Editor\Sky.Editor.csproj]
D:\source\SkyCMS\Editor\Services\ThumbnailCreator.cs(27,29): warning CA1416: This call site is reachable on all platforms. 'ImageFormat.Jpeg' is only supported on: 'windows' 6.1 and later. (https://learn.microsoft.com/dotnet/fundamentals/code-analysis/quality-rules/ca1416) [D:\source\SkyCMS\Editor\Sky.Editor.csproj]
D:\source\SkyCMS\Editor\Services\ThumbnailCreator.cs(26,28): warning CA1416: This call site is reachable on all platforms. 'ImageFormat.Gif' is only supported on: 'windows' 6.1 and later. (https://learn.microsoft.com/dotnet/fundamentals/code-analysis/quality-rules/ca1416) [D:\source\SkyCMS\Editor\Sky.Editor.csproj]
D:\source\SkyCMS\Editor\Services\ThumbnailCreator.cs(25,28): warning CA1416: This call site is reachable on all platforms. 'ImageFormat.Png' is only supported on: 'windows' 6.1 and later. (https://learn.microsoft.com/dotnet/fundamentals/code-analysis/quality-rules/ca1416) [D:\source\SkyCMS\Editor\Sky.Editor.csproj]
D:\source\SkyCMS\Editor\Services\ThumbnailCreator.cs(25,13): warning CA1416: This call site is reachable on all platforms. 'ImageFormat' is only supported on: 'windows' 6.1 and later. (https://learn.microsoft.com/dotnet/fundamentals/code-analysis/quality-rules/ca1416) [D:\source\SkyCMS\Editor\Sky.Editor.csproj]
D:\source\SkyCMS\Editor\Services\ThumbnailCreator.cs(27,13): warning CA1416: This call site is reachable on all platforms. 'ImageFormat' is only supported on: 'windows' 6.1 and later. (https://learn.microsoft.com/dotnet/fundamentals/code-analysis/quality-rules/ca1416) [D:\source\SkyCMS\Editor\Sky.Editor.csproj]
D:\source\SkyCMS\Editor\Services\ThumbnailCreator.cs(26,13): warning CA1416: This call site is reachable on all platforms. 'ImageFormat' is only supported on: 'windows' 6.1 and later. (https://learn.microsoft.com/dotnet/fundamentals/code-analysis/quality-rules/ca1416) [D:\source\SkyCMS\Editor\Sky.Editor.csproj]
D:\source\SkyCMS\Editor\Models\GrapesJs\page.cs(45,18): warning SA1300: Element 'page' should begin with an uppercase letter (https://github.com/DotNetAnalyzers/StyleCopAnalyzers/blob/master/documentation/SA1300.md) [D:\source\SkyCMS\Editor\Sky.Editor.csproj]
D:\source\SkyCMS\Editor\Models\GrapesJs\page.cs(67,23): warning SA1300: Element 'component' should begin with an uppercase letter (https://github.com/DotNetAnalyzers/StyleCopAnalyzers/blob/master/documentation/SA1300.md) [D:\source\SkyCMS\Editor\Sky.Editor.csproj]
D:\source\SkyCMS\Editor\Models\GrapesJs\page.cs(16,18): warning SA1300: Element 'project' should begin with an uppercase letter (https://github.com/DotNetAnalyzers/StyleCopAnalyzers/blob/master/documentation/SA1300.md) [D:\source\SkyCMS\Editor\Sky.Editor.csproj]
D:\source\SkyCMS\Editor\Controllers\LayoutImportConstants.cs(18,29): warning SA1310: Field 'COSMOS_HEAD_START' should not contain an underscore (https://github.com/DotNetAnalyzers/StyleCopAnalyzers/blob/master/documentation/SA1310.md) [D:\source\SkyCMS\Editor\Sky.Editor.csproj]
D:\source\SkyCMS\Editor\Services\BlogPublishing\BlogPublishingService.cs(72,22): warning SA1300: Element 'userId' should begin with an uppercase letter (https://github.com/DotNetAnalyzers/StyleCopAnalyzers/blob/master/documentation/SA1300.md) [D:\source\SkyCMS\Editor\Sky.Editor.csproj]
D:\source\SkyCMS\Editor\Controllers\LayoutImportConstants.cs(23,29): warning SA1310: Field 'COSMOS_HEAD_END' should not contain an underscore (https://github.com/DotNetAnalyzers/StyleCopAnalyzers/blob/master/documentation/SA1310.md) [D:\source\SkyCMS\Editor\Sky.Editor.csproj]
D:\source\SkyCMS\Editor\Areas\Setup\Pages\Step3_Publisher.cshtml.cs(1,4): warning SA1638: File header file name documentation should match file name. (https://github.com/DotNetAnalyzers/StyleCopAnalyzers/blob/master/documentation/SA1638.md) [D:\source\SkyCMS\Editor\Sky.Editor.csproj]
D:\source\SkyCMS\Editor\Controllers\LayoutImportConstants.cs(28,29): warning SA1310: Field 'COSMOS_BODY_HEADER_START' should not contain an underscore (https://github.com/DotNetAnalyzers/StyleCopAnalyzers/blob/master/documentation/SA1310.md) [D:\source\SkyCMS\Editor\Sky.Editor.csproj]
D:\source\SkyCMS\Editor\Controllers\LayoutImportConstants.cs(33,29): warning SA1310: Field 'COSMOS_BODY_HEADER_END' should not contain an underscore (https://github.com/DotNetAnalyzers/StyleCopAnalyzers/blob/master/documentation/SA1310.md) [D:\source\SkyCMS\Editor\Sky.Editor.csproj]
D:\source\SkyCMS\Editor\Controllers\LayoutImportConstants.cs(43,29): warning SA1310: Field 'COSMOS_BODY_FOOTER_END' should not contain an underscore (https://github.com/DotNetAnalyzers/StyleCopAnalyzers/blob/master/documentation/SA1310.md) [D:\source\SkyCMS\Editor\Sky.Editor.csproj]
D:\source\SkyCMS\Editor\Controllers\LayoutImportConstants.cs(38,29): warning SA1310: Field 'COSMOS_BODY_FOOTER_START' should not contain an underscore (https://github.com/DotNetAnalyzers/StyleCopAnalyzers/blob/master/documentation/SA1310.md) [D:\source\SkyCMS\Editor\Sky.Editor.csproj]
D:\source\SkyCMS\Editor\Features\Articles\Create\CreateArticleHandler.cs(237,31): warning SA1204: Static members should appear before non-static members (https://github.com/DotNetAnalyzers/StyleCopAnalyzers/blob/master/documentation/SA1204.md) [D:\source\SkyCMS\Editor\Sky.Editor.csproj]
D:\source\SkyCMS\Editor\Controllers\HomeController.cs(434,31): warning SA1204: Static members should appear before non-static members (https://github.com/DotNetAnalyzers/StyleCopAnalyzers/blob/master/documentation/SA1204.md) [D:\source\SkyCMS\Editor\Sky.Editor.csproj]
D:\source\SkyCMS\Editor\Models\GrapesJs\page.cs(38,27): warning SA1300: Element 'pages' should begin with an uppercase letter (https://github.com/DotNetAnalyzers/StyleCopAnalyzers/blob/master/documentation/SA1300.md) [D:\source\SkyCMS\Editor\Sky.Editor.csproj]
D:\source\SkyCMS\Editor\Areas\Setup\Pages\Step5_Cdn.cshtml.cs(1,4): warning SA1638: File header file name documentation should match file name. (https://github.com/DotNetAnalyzers/StyleCopAnalyzers/blob/master/documentation/SA1638.md) [D:\source\SkyCMS\Editor\Sky.Editor.csproj]
D:\source\SkyCMS\Editor\Controllers\PageImportConstants.cs(18,29): warning SA1310: Field 'COSMOS_HEAD_START' should not contain an underscore (https://github.com/DotNetAnalyzers/StyleCopAnalyzers/blob/master/documentation/SA1310.md) [D:\source\SkyCMS\Editor\Sky.Editor.csproj]
D:\source\SkyCMS\Editor\Controllers\PageImportConstants.cs(23,29): warning SA1310: Field 'COSMOS_HEAD_END' should not contain an underscore (https://github.com/DotNetAnalyzers/StyleCopAnalyzers/blob/master/documentation/SA1310.md) [D:\source\SkyCMS\Editor\Sky.Editor.csproj]
D:\source\SkyCMS\Editor\Controllers\PageImportConstants.cs(28,29): warning SA1310: Field 'COSMOS_HEAD_SCRIPTS_START' should not contain an underscore (https://github.com/DotNetAnalyzers/StyleCopAnalyzers/blob/master/documentation/SA1310.md) [D:\source\SkyCMS\Editor\Sky.Editor.csproj]
D:\source\SkyCMS\Editor\Controllers\PageImportConstants.cs(33,29): warning SA1310: Field 'COSMOS_HEAD_SCRIPTS_END' should not contain an underscore (https://github.com/DotNetAnalyzers/StyleCopAnalyzers/blob/master/documentation/SA1310.md) [D:\source\SkyCMS\Editor\Sky.Editor.csproj]
D:\source\SkyCMS\Editor\Controllers\PageImportConstants.cs(38,29): warning SA1310: Field 'COSMOS_BODY_HEADER_START' should not contain an underscore (https://github.com/DotNetAnalyzers/StyleCopAnalyzers/blob/master/documentation/SA1310.md) [D:\source\SkyCMS\Editor\Sky.Editor.csproj]
D:\source\SkyCMS\Editor\Controllers\PageImportConstants.cs(43,29): warning SA1310: Field 'COSMOS_BODY_HEADER_END' should not contain an underscore (https://github.com/DotNetAnalyzers/StyleCopAnalyzers/blob/master/documentation/SA1310.md) [D:\source\SkyCMS\Editor\Sky.Editor.csproj]
D:\source\SkyCMS\Editor\Controllers\PageImportConstants.cs(48,29): warning SA1310: Field 'COSMOS_BODY_FOOTER_START' should not contain an underscore (https://github.com/DotNetAnalyzers/StyleCopAnalyzers/blob/master/documentation/SA1310.md) [D:\source\SkyCMS\Editor\Sky.Editor.csproj]
D:\source\SkyCMS\Editor\Controllers\PageImportConstants.cs(53,29): warning SA1310: Field 'COSMOS_BODY_FOOTER_END' should not contain an underscore (https://github.com/DotNetAnalyzers/StyleCopAnalyzers/blob/master/documentation/SA1310.md) [D:\source\SkyCMS\Editor\Sky.Editor.csproj]
D:\source\SkyCMS\Editor\Controllers\PageImportConstants.cs(58,29): warning SA1310: Field 'COSMOS_GOOGLE_TRANSLATE_START' should not contain an underscore (https://github.com/DotNetAnalyzers/StyleCopAnalyzers/blob/master/documentation/SA1310.md) [D:\source\SkyCMS\Editor\Sky.Editor.csproj]
D:\source\SkyCMS\Editor\Controllers\PageImportConstants.cs(63,29): warning SA1310: Field 'COSMOS_GOOGLE_TRANSLATE_END' should not contain an underscore (https://github.com/DotNetAnalyzers/StyleCopAnalyzers/blob/master/documentation/SA1310.md) [D:\source\SkyCMS\Editor\Sky.Editor.csproj]
D:\source\SkyCMS\Editor\Controllers\PageImportConstants.cs(68,29): warning SA1310: Field 'COSMOS_BODY_END_SCRIPTS_START' should not contain an underscore (https://github.com/DotNetAnalyzers/StyleCopAnalyzers/blob/master/documentation/SA1310.md) [D:\source\SkyCMS\Editor\Sky.Editor.csproj]
D:\source\SkyCMS\Editor\Controllers\PageImportConstants.cs(73,29): warning SA1310: Field 'COSMOS_BODY_END_SCRIPTS_END' should not contain an underscore (https://github.com/DotNetAnalyzers/StyleCopAnalyzers/blob/master/documentation/SA1310.md) [D:\source\SkyCMS\Editor\Sky.Editor.csproj]
D:\source\SkyCMS\Editor\Areas\Setup\Pages\Summary.cshtml.cs(25,18): warning SA1649: File name should match first type name. (https://github.com/DotNetAnalyzers/StyleCopAnalyzers/blob/master/documentation/SA1649.md) [D:\source\SkyCMS\Editor\Sky.Editor.csproj]
D:\source\SkyCMS\Editor\Areas\Setup\Pages\Summary.cshtml.cs(239,18): warning SA1402: File may only contain a single type (https://github.com/DotNetAnalyzers/StyleCopAnalyzers/blob/master/documentation/SA1402.md) [D:\source\SkyCMS\Editor\Sky.Editor.csproj]
D:\source\SkyCMS\Editor\Areas\Setup\Pages\Summary.cshtml.cs(270,18): warning SA1402: File may only contain a single type (https://github.com/DotNetAnalyzers/StyleCopAnalyzers/blob/master/documentation/SA1402.md) [D:\source\SkyCMS\Editor\Sky.Editor.csproj]
D:\source\SkyCMS\Editor\Areas\Identity\Pages\Account\Manage\Email.cshtml.cs(98,42): warning SA1202: 'public' members should come before 'private' members (https://github.com/DotNetAnalyzers/StyleCopAnalyzers/blob/master/documentation/SA1202.md) [D:\source\SkyCMS\Editor\Sky.Editor.csproj]
D:\source\SkyCMS\Editor\Areas\Identity\Pages\Account\Manage\Email.cshtml.cs(27,12): warning RCS1139: Add summary element to documentation comment (https://josefpihrt.github.io/docs/roslynator/analyzers/RCS1139) [D:\source\SkyCMS\Editor\Sky.Editor.csproj]
D:\source\SkyCMS\Editor\Areas\Identity\Pages\Account\Manage\Email.cshtml.cs(27,9): warning SA1626: Single-line comments should not use documentation style slashes (https://github.com/DotNetAnalyzers/StyleCopAnalyzers/blob/master/documentation/SA1626.md) [D:\source\SkyCMS\Editor\Sky.Editor.csproj]
D:\source\SkyCMS\Editor\Areas\Identity\Pages\Account\Manage\Email.cshtml.cs(28,9): warning SA1626: Single-line comments should not use documentation style slashes (https://github.com/DotNetAnalyzers/StyleCopAnalyzers/blob/master/documentation/SA1626.md) [D:\source\SkyCMS\Editor\Sky.Editor.csproj]
D:\source\SkyCMS\Editor\Models\UserCreatedViewModel.cs(51,15): warning SA1411: Attribute constructor should not use unnecessary parenthesis (https://github.com/DotNetAnalyzers/StyleCopAnalyzers/blob/master/documentation/SA1411.md) [D:\source\SkyCMS\Editor\Sky.Editor.csproj]
D:\source\SkyCMS\Editor\Controllers\LayoutsController.cs(861,31): warning SA1204: Static members should appear before non-static members (https://github.com/DotNetAnalyzers/StyleCopAnalyzers/blob/master/documentation/SA1204.md) [D:\source\SkyCMS\Editor\Sky.Editor.csproj]
D:\source\SkyCMS\Editor\Controllers\LayoutsController.cs(960,43): warning SA1204: Static members should appear before non-static members (https://github.com/DotNetAnalyzers/StyleCopAnalyzers/blob/master/documentation/SA1204.md) [D:\source\SkyCMS\Editor\Sky.Editor.csproj]
D:\source\SkyCMS\Editor\Controllers\LayoutsController.cs(1214,31): warning SA1204: Static members should appear before non-static members (https://github.com/DotNetAnalyzers/StyleCopAnalyzers/blob/master/documentation/SA1204.md) [D:\source\SkyCMS\Editor\Sky.Editor.csproj]
D:\source\SkyCMS\Editor\Controllers\EditorController.cs(2170,42): warning SA1202: 'public' members should come before 'private' members (https://github.com/DotNetAnalyzers/StyleCopAnalyzers/blob/master/documentation/SA1202.md) [D:\source\SkyCMS\Editor\Sky.Editor.csproj]
D:\source\SkyCMS\Editor\Areas\Setup\Pages\Tenant\Admin.cshtml.cs(19,18): warning SA1649: File name should match first type name. (https://github.com/DotNetAnalyzers/StyleCopAnalyzers/blob/master/documentation/SA1649.md) [D:\source\SkyCMS\Editor\Sky.Editor.csproj]
D:\source\SkyCMS\Editor\Areas\Setup\Pages\Tenant\Complete.cshtml.cs(18,18): warning SA1649: File name should match first type name. (https://github.com/DotNetAnalyzers/StyleCopAnalyzers/blob/master/documentation/SA1649.md) [D:\source\SkyCMS\Editor\Sky.Editor.csproj]
D:\source\SkyCMS\Editor\Services\CDN\AllOrNoneRequiredAttribute.cs(15,18): warning RCS1203: Use AttributeUsageAttribute (https://josefpihrt.github.io/docs/roslynator/analyzers/RCS1203) [D:\source\SkyCMS\Editor\Sky.Editor.csproj]
D:\source\SkyCMS\Editor\Models\UserCreateViewModel.cs(35,15): warning SA1411: Attribute constructor should not use unnecessary parenthesis (https://github.com/DotNetAnalyzers/StyleCopAnalyzers/blob/master/documentation/SA1411.md) [D:\source\SkyCMS\Editor\Sky.Editor.csproj]
D:\source\SkyCMS\Editor\Areas\Setup\Pages\Tenant\Index.cshtml.cs(18,18): warning SA1649: File name should match first type name. (https://github.com/DotNetAnalyzers/StyleCopAnalyzers/blob/master/documentation/SA1649.md) [D:\source\SkyCMS\Editor\Sky.Editor.csproj]
D:\source\SkyCMS\Editor\Authorization\RequireSetupOrAdminAttribute.cs(90,18): warning SA1402: File may only contain a single type (https://github.com/DotNetAnalyzers/StyleCopAnalyzers/blob/master/documentation/SA1402.md) [D:\source\SkyCMS\Editor\Sky.Editor.csproj]
D:\source\SkyCMS\Editor\Authorization\RequireSetupOrAdminAttribute.cs(122,18): warning SA1402: File may only contain a single type (https://github.com/DotNetAnalyzers/StyleCopAnalyzers/blob/master/documentation/SA1402.md) [D:\source\SkyCMS\Editor\Sky.Editor.csproj]
D:\source\SkyCMS\Editor\Areas\Identity\Pages\Account\Manage\EnableAuthenticator.cshtml.cs(197,17): warning SA1117: The parameters should all be placed on the same line or each parameter should be placed on its own line. (https://github.com/DotNetAnalyzers/StyleCopAnalyzers/blob/master/documentation/SA1117.md) [D:\source\SkyCMS\Editor\Sky.Editor.csproj]
D:\source\SkyCMS\Editor\Features\Articles\Save\SaveArticleHandler.cs(282,41): warning SA1204: Static members should appear before non-static members (https://github.com/DotNetAnalyzers/StyleCopAnalyzers/blob/master/documentation/SA1204.md) [D:\source\SkyCMS\Editor\Sky.Editor.csproj]
D:\source\SkyCMS\Editor\Controllers\UsersController.cs(575,42): warning SA1202: 'public' members should come before 'private' members (https://github.com/DotNetAnalyzers/StyleCopAnalyzers/blob/master/documentation/SA1202.md) [D:\source\SkyCMS\Editor\Sky.Editor.csproj]
D:\source\SkyCMS\Editor\Controllers\UsersController.cs(659,42): warning SA1202: 'public' members should come before 'private' members (https://github.com/DotNetAnalyzers/StyleCopAnalyzers/blob/master/documentation/SA1202.md) [D:\source\SkyCMS\Editor\Sky.Editor.csproj]
D:\source\SkyCMS\Editor\Areas\Identity\Pages\Account\Manage\Index.cshtml.cs(77,42): warning SA1202: 'public' members should come before 'private' members (https://github.com/DotNetAnalyzers/StyleCopAnalyzers/blob/master/documentation/SA1202.md) [D:\source\SkyCMS\Editor\Sky.Editor.csproj]
D:\source\SkyCMS\Editor\Services\Html\ArticleHtmlService.cs(88,23): warning SA1202: 'public' members should come before 'private' members (https://github.com/DotNetAnalyzers/StyleCopAnalyzers/blob/master/documentation/SA1202.md) [D:\source\SkyCMS\Editor\Sky.Editor.csproj]
D:\source\SkyCMS\Editor\Services\Migrations\Core\IMigration.cs(91,17): warning SA1201: A enum should not follow a class (https://github.com/DotNetAnalyzers/StyleCopAnalyzers/blob/master/documentation/SA1201.md) [D:\source\SkyCMS\Editor\Sky.Editor.csproj]
D:\source\SkyCMS\Editor\Areas\Identity\Pages\Account\Manage\SetPassword.cshtml.cs(116,17): warning SA1117: The parameters should all be placed on the same line or each parameter should be placed on its own line. (https://github.com/DotNetAnalyzers/StyleCopAnalyzers/blob/master/documentation/SA1117.md) [D:\source\SkyCMS\Editor\Sky.Editor.csproj]
D:\source\SkyCMS\Editor\Services\Layouts\LayoutImportService.cs(30,30): warning SA1310: Field 'CATALOG_CACHE_KEY' should not contain an underscore (https://github.com/DotNetAnalyzers/StyleCopAnalyzers/blob/master/documentation/SA1310.md) [D:\source\SkyCMS\Editor\Sky.Editor.csproj]
D:\source\SkyCMS\Editor\Services\CDN\FastlyCdnDriver.cs(181,27): warning SA1300: Element 'status' should begin with an uppercase letter (https://github.com/DotNetAnalyzers/StyleCopAnalyzers/blob/master/documentation/SA1300.md) [D:\source\SkyCMS\Editor\Sky.Editor.csproj]
D:\source\SkyCMS\Editor\Services\CDN\FastlyCdnDriver.cs(183,27): warning SA1300: Element 'id' should begin with an uppercase letter (https://github.com/DotNetAnalyzers/StyleCopAnalyzers/blob/master/documentation/SA1300.md) [D:\source\SkyCMS\Editor\Sky.Editor.csproj]
D:\source\SkyCMS\Editor\Services\CDN\FastlyCdnDriver.cs(191,27): warning SA1300: Element 'status' should begin with an uppercase letter (https://github.com/DotNetAnalyzers/StyleCopAnalyzers/blob/master/documentation/SA1300.md) [D:\source\SkyCMS\Editor\Sky.Editor.csproj]
D:\source\SkyCMS\Editor\Services\Migrations\MigrationService.cs(252,30): warning SA1202: 'internal' members should come before 'private' members (https://github.com/DotNetAnalyzers/StyleCopAnalyzers/blob/master/documentation/SA1202.md) [D:\source\SkyCMS\Editor\Sky.Editor.csproj]
D:\source\SkyCMS\Editor\Services\Migrations\MigrationService.cs(493,29): warning SA1204: Static members should appear before non-static members (https://github.com/DotNetAnalyzers/StyleCopAnalyzers/blob/master/documentation/SA1204.md) [D:\source\SkyCMS\Editor\Sky.Editor.csproj]
D:\source\SkyCMS\Editor\Services\Publishing\StorageParallelismHelper.cs(190,22): warning SA1201: A enum should not follow a method (https://github.com/DotNetAnalyzers/StyleCopAnalyzers/blob/master/documentation/SA1201.md) [D:\source\SkyCMS\Editor\Sky.Editor.csproj]
D:\source\SkyCMS\Editor\Services\Titles\UrlChange.cs(29,16): warning SA1206: The 'required' modifier should appear before 'public' (https://github.com/DotNetAnalyzers/StyleCopAnalyzers/blob/master/documentation/SA1206.md) [D:\source\SkyCMS\Editor\Sky.Editor.csproj]
D:\source\SkyCMS\Editor\Services\Titles\UrlChange.cs(39,16): warning SA1206: The 'required' modifier should appear before 'public' (https://github.com/DotNetAnalyzers/StyleCopAnalyzers/blob/master/documentation/SA1206.md) [D:\source\SkyCMS\Editor\Sky.Editor.csproj]
D:\source\SkyCMS\Editor\Services\Titles\UrlChange.cs(44,16): warning SA1206: The 'required' modifier should appear before 'public' (https://github.com/DotNetAnalyzers/StyleCopAnalyzers/blob/master/documentation/SA1206.md) [D:\source\SkyCMS\Editor\Sky.Editor.csproj]
D:\source\SkyCMS\Editor\Services\Titles\UrlChange.cs(24,16): warning SA1206: The 'required' modifier should appear before 'public' (https://github.com/DotNetAnalyzers/StyleCopAnalyzers/blob/master/documentation/SA1206.md) [D:\source\SkyCMS\Editor\Sky.Editor.csproj]
D:\source\SkyCMS\Editor\Services\Publishing\PublishingService.cs(106,33): warning SA1201: A field should not follow a constructor (https://github.com/DotNetAnalyzers/StyleCopAnalyzers/blob/master/documentation/SA1201.md) [D:\source\SkyCMS\Editor\Sky.Editor.csproj]
D:\source\SkyCMS\Editor\Services\Publishing\PublishingService.cs(209,44): warning SA1202: 'public' members should come before 'private' members (https://github.com/DotNetAnalyzers/StyleCopAnalyzers/blob/master/documentation/SA1202.md) [D:\source\SkyCMS\Editor\Sky.Editor.csproj]
D:\source\SkyCMS\Editor\Services\Publishing\PublishingService.cs(688,27): warning SA1202: 'public' members should come before 'private' members (https://github.com/DotNetAnalyzers/StyleCopAnalyzers/blob/master/documentation/SA1202.md) [D:\source\SkyCMS\Editor\Sky.Editor.csproj]
D:\source\SkyCMS\Editor\Services\Publishing\PublishingService.cs(675,29): warning SA1204: Static members should appear before non-static members (https://github.com/DotNetAnalyzers/StyleCopAnalyzers/blob/master/documentation/SA1204.md) [D:\source\SkyCMS\Editor\Sky.Editor.csproj]
D:\source\SkyCMS\Editor\Services\Publishing\PublishingService.cs(108,22): warning SA1300: Element 'userId' should begin with an uppercase letter (https://github.com/DotNetAnalyzers/StyleCopAnalyzers/blob/master/documentation/SA1300.md) [D:\source\SkyCMS\Editor\Sky.Editor.csproj]
D:\source\SkyCMS\Editor\Services\Templates\TemplateService.cs(606,54): warning SA1202: 'public' members should come before 'private' members (https://github.com/DotNetAnalyzers/StyleCopAnalyzers/blob/master/documentation/SA1202.md) [D:\source\SkyCMS\Editor\Sky.Editor.csproj]
D:\source\SkyCMS\Editor\Services\Setup\SetupService.cs(823,27): warning SA1202: 'public' members should come before 'private' members (https://github.com/DotNetAnalyzers/StyleCopAnalyzers/blob/master/documentation/SA1202.md) [D:\source\SkyCMS\Editor\Sky.Editor.csproj]
D:\source\SkyCMS\Editor\Services\Setup\SetupService.cs(950,27): warning SA1202: 'public' members should come before 'private' members (https://github.com/DotNetAnalyzers/StyleCopAnalyzers/blob/master/documentation/SA1202.md) [D:\source\SkyCMS\Editor\Sky.Editor.csproj]
D:\source\SkyCMS\Editor\Services\Setup\SetupService.cs(1211,27): warning SA1202: 'public' members should come before 'private' members (https://github.com/DotNetAnalyzers/StyleCopAnalyzers/blob/master/documentation/SA1202.md) [D:\source\SkyCMS\Editor\Sky.Editor.csproj]
D:\source\SkyCMS\Editor\Services\ViewRenderingService.cs(60,34): warning SA1116: The parameters should begin on the line after the declaration, whenever the parameter span across multiple lines (https://github.com/DotNetAnalyzers/StyleCopAnalyzers/blob/master/documentation/SA1116.md) [D:\source\SkyCMS\Editor\Sky.Editor.csproj]
D:\source\SkyCMS\Editor\Services\ViewRenderingService.cs(34,13): warning SA1614: Element parameter documentation should have text (https://github.com/DotNetAnalyzers/StyleCopAnalyzers/blob/master/documentation/SA1614.md) [D:\source\SkyCMS\Editor\Sky.Editor.csproj]
D:\source\SkyCMS\Editor\Services\ViewRenderingService.cs(35,13): warning SA1614: Element parameter documentation should have text (https://github.com/DotNetAnalyzers/StyleCopAnalyzers/blob/master/documentation/SA1614.md) [D:\source\SkyCMS\Editor\Sky.Editor.csproj]
D:\source\SkyCMS\Editor\Services\MultiDatabaseManagementUtilities.cs(107,31): warning SA1116: The parameters should begin on the line after the declaration, whenever the parameter span across multiple lines (https://github.com/DotNetAnalyzers/StyleCopAnalyzers/blob/master/documentation/SA1116.md) [D:\source\SkyCMS\Editor\Sky.Editor.csproj]
D:\source\SkyCMS\Editor\Services\MultiDatabaseManagementUtilities.cs(123,39): warning SA1116: The parameters should begin on the line after the declaration, whenever the parameter span across multiple lines (https://github.com/DotNetAnalyzers/StyleCopAnalyzers/blob/master/documentation/SA1116.md) [D:\source\SkyCMS\Editor\Sky.Editor.csproj]
D:\source\SkyCMS\Editor\Services\MultiDatabaseManagementUtilities.cs(143,43): warning SA1116: The parameters should begin on the line after the declaration, whenever the parameter span across multiple lines (https://github.com/DotNetAnalyzers/StyleCopAnalyzers/blob/master/documentation/SA1116.md) [D:\source\SkyCMS\Editor\Sky.Editor.csproj]
D:\source\SkyCMS\Editor\Services\MultiDatabaseManagementUtilities.cs(108,37): warning SA1117: The parameters should all be placed on the same line or each parameter should be placed on its own line. (https://github.com/DotNetAnalyzers/StyleCopAnalyzers/blob/master/documentation/SA1117.md) [D:\source\SkyCMS\Editor\Sky.Editor.csproj]
D:\source\SkyCMS\Editor\Services\MultiDatabaseManagementUtilities.cs(124,45): warning SA1117: The parameters should all be placed on the same line or each parameter should be placed on its own line. (https://github.com/DotNetAnalyzers/StyleCopAnalyzers/blob/master/documentation/SA1117.md) [D:\source\SkyCMS\Editor\Sky.Editor.csproj]
D:\source\SkyCMS\Editor\Services\MultiDatabaseManagementUtilities.cs(144,45): warning SA1117: The parameters should all be placed on the same line or each parameter should be placed on its own line. (https://github.com/DotNetAnalyzers/StyleCopAnalyzers/blob/master/documentation/SA1117.md) [D:\source\SkyCMS\Editor\Sky.Editor.csproj]
D:\source\SkyCMS\Editor\Data\Logic\LayoutUtilities.cs(232,28): warning SA1618: The documentation for type parameter 'T' is missing (https://github.com/DotNetAnalyzers/StyleCopAnalyzers/blob/master/documentation/SA1618.md) [D:\source\SkyCMS\Editor\Sky.Editor.csproj]
D:\source\SkyCMS\Editor\Services\ThumbnailCreator.cs(50,32): warning CA1416: This call site is reachable on all platforms. 'Image.FromStream(Stream)' is only supported on: 'windows' 6.1 and later. (https://learn.microsoft.com/dotnet/fundamentals/code-analysis/quality-rules/ca1416) [D:\source\SkyCMS\Editor\Sky.Editor.csproj]
D:\source\SkyCMS\Editor\Services\ThumbnailCreator.cs(66,25): warning CA1416: This call site is reachable on all platforms. 'Image.Save(Stream, ImageFormat)' is only supported on: 'windows' 6.1 and later. (https://learn.microsoft.com/dotnet/fundamentals/code-analysis/quality-rules/ca1416) [D:\source\SkyCMS\Editor\Sky.Editor.csproj]
D:\source\SkyCMS\Editor\Services\ThumbnailCreator.cs(66,54): warning CA1416: This call site is reachable on all platforms. 'ImageFormat' is only supported on: 'windows' 6.1 and later. (https://learn.microsoft.com/dotnet/fundamentals/code-analysis/quality-rules/ca1416) [D:\source\SkyCMS\Editor\Sky.Editor.csproj]
D:\source\SkyCMS\Editor\Services\ThumbnailCreator.cs(55,29): warning CA1416: This call site is reachable on all platforms. 'Image.Width' is only supported on: 'windows' 6.1 and later. (https://learn.microsoft.com/dotnet/fundamentals/code-analysis/quality-rules/ca1416) [D:\source\SkyCMS\Editor\Sky.Editor.csproj]
D:\source\SkyCMS\Editor\Services\ThumbnailCreator.cs(60,40): warning CA1416: This call site is reachable on all platforms. 'Bitmap' is only supported on: 'windows' 6.1 and later. (https://learn.microsoft.com/dotnet/fundamentals/code-analysis/quality-rules/ca1416) [D:\source\SkyCMS\Editor\Sky.Editor.csproj]
D:\source\SkyCMS\Editor\Services\ThumbnailCreator.cs(54,30): warning CA1416: This call site is reachable on all platforms. 'Image.Height' is only supported on: 'windows' 6.1 and later. (https://learn.microsoft.com/dotnet/fundamentals/code-analysis/quality-rules/ca1416) [D:\source\SkyCMS\Editor\Sky.Editor.csproj]
D:\source\SkyCMS\Editor\Services\ThumbnailCreator.cs(87,21): warning CA1416: This call site is reachable on all platforms. 'Image.Save(Stream, ImageFormat)' is only supported on: 'windows' 6.1 and later. (https://learn.microsoft.com/dotnet/fundamentals/code-analysis/quality-rules/ca1416) [D:\source\SkyCMS\Editor\Sky.Editor.csproj]
D:\source\SkyCMS\Editor\Services\ThumbnailCreator.cs(88,45): warning CA1416: This call site is reachable on all platforms. 'ImageFormat' is only supported on: 'windows' 6.1 and later. (https://learn.microsoft.com/dotnet/fundamentals/code-analysis/quality-rules/ca1416) [D:\source\SkyCMS\Editor\Sky.Editor.csproj]
D:\source\SkyCMS\Editor\Services\ThumbnailCreator.cs(83,32): warning CA1416: This call site is reachable on all platforms. 'Image.FromStream(Stream)' is only supported on: 'windows' 6.1 and later. (https://learn.microsoft.com/dotnet/fundamentals/code-analysis/quality-rules/ca1416) [D:\source\SkyCMS\Editor\Sky.Editor.csproj]
D:\source\SkyCMS\Editor\Hubs\ChatHub.cs(59,13): warning SA1614: Element parameter documentation should have text (https://github.com/DotNetAnalyzers/StyleCopAnalyzers/blob/master/documentation/SA1614.md) [D:\source\SkyCMS\Editor\Sky.Editor.csproj]
D:\source\SkyCMS\Editor\Hubs\ChatHub.cs(60,13): warning SA1614: Element parameter documentation should have text (https://github.com/DotNetAnalyzers/StyleCopAnalyzers/blob/master/documentation/SA1614.md) [D:\source\SkyCMS\Editor\Sky.Editor.csproj]
D:\source\SkyCMS\Editor\Hubs\ChatHub.cs(54,9): warning SA1124: Do not use regions (https://github.com/DotNetAnalyzers/StyleCopAnalyzers/blob/master/documentation/SA1124.md) [D:\source\SkyCMS\Editor\Sky.Editor.csproj]
D:\source\SkyCMS\Editor\Hubs\ChatHub.cs(71,13): warning SA1614: Element parameter documentation should have text (https://github.com/DotNetAnalyzers/StyleCopAnalyzers/blob/master/documentation/SA1614.md) [D:\source\SkyCMS\Editor\Sky.Editor.csproj]
D:\source\SkyCMS\Editor\Hubs\ChatHub.cs(82,13): warning SA1614: Element parameter documentation should have text (https://github.com/DotNetAnalyzers/StyleCopAnalyzers/blob/master/documentation/SA1614.md) [D:\source\SkyCMS\Editor\Sky.Editor.csproj]
D:\source\SkyCMS\Editor\Hubs\ChatHub.cs(98,13): warning SA1614: Element parameter documentation should have text (https://github.com/DotNetAnalyzers/StyleCopAnalyzers/blob/master/documentation/SA1614.md) [D:\source\SkyCMS\Editor\Sky.Editor.csproj]
D:\source\SkyCMS\Editor\Hubs\ChatHub.cs(92,9): warning SA1124: Do not use regions (https://github.com/DotNetAnalyzers/StyleCopAnalyzers/blob/master/documentation/SA1124.md) [D:\source\SkyCMS\Editor\Sky.Editor.csproj]
D:\source\SkyCMS\Editor\Services\ThumbnailCreator.cs(102,17): warning CA1416: This call site is reachable on all platforms. 'Graphics.InterpolationMode' is only supported on: 'windows' 6.1 and later. (https://learn.microsoft.com/dotnet/fundamentals/code-analysis/quality-rules/ca1416) [D:\source\SkyCMS\Editor\Sky.Editor.csproj]
D:\source\SkyCMS\Editor\Services\ThumbnailCreator.cs(104,50): warning CA1416: This call site is reachable on all platforms. 'Image.Width' is only supported on: 'windows' 6.1 and later. (https://learn.microsoft.com/dotnet/fundamentals/code-analysis/quality-rules/ca1416) [D:\source\SkyCMS\Editor\Sky.Editor.csproj]
D:\source\SkyCMS\Editor\Services\ThumbnailCreator.cs(104,69): warning CA1416: This call site is reachable on all platforms. 'Image.Height' is only supported on: 'windows' 6.1 and later. (https://learn.microsoft.com/dotnet/fundamentals/code-analysis/quality-rules/ca1416) [D:\source\SkyCMS\Editor\Sky.Editor.csproj]
D:\source\SkyCMS\Editor\Services\ThumbnailCreator.cs(101,17): warning CA1416: This call site is reachable on all platforms. 'Graphics.PixelOffsetMode' is only supported on: 'windows' 6.1 and later. (https://learn.microsoft.com/dotnet/fundamentals/code-analysis/quality-rules/ca1416) [D:\source\SkyCMS\Editor\Sky.Editor.csproj]
D:\source\SkyCMS\Editor\Services\ThumbnailCreator.cs(96,35): warning CA1416: This call site is reachable on all platforms. 'Graphics.FromImage(Image)' is only supported on: 'windows' 6.1 and later. (https://learn.microsoft.com/dotnet/fundamentals/code-analysis/quality-rules/ca1416) [D:\source\SkyCMS\Editor\Sky.Editor.csproj]
D:\source\SkyCMS\Editor\Services\ThumbnailCreator.cs(100,42): warning CA1416: This call site is reachable on all platforms. 'SmoothingMode.AntiAlias' is only supported on: 'windows' 6.1 and later. (https://learn.microsoft.com/dotnet/fundamentals/code-analysis/quality-rules/ca1416) [D:\source\SkyCMS\Editor\Sky.Editor.csproj]
D:\source\SkyCMS\Editor\Services\ThumbnailCreator.cs(98,44): warning CA1416: This call site is reachable on all platforms. 'CompositingMode.SourceCopy' is only supported on: 'windows' 6.1 and later. (https://learn.microsoft.com/dotnet/fundamentals/code-analysis/quality-rules/ca1416) [D:\source\SkyCMS\Editor\Sky.Editor.csproj]
D:\source\SkyCMS\Editor\Services\ThumbnailCreator.cs(99,17): warning CA1416: This call site is reachable on all platforms. 'Graphics.CompositingQuality' is only supported on: 'windows' 6.1 and later. (https://learn.microsoft.com/dotnet/fundamentals/code-analysis/quality-rules/ca1416) [D:\source\SkyCMS\Editor\Sky.Editor.csproj]
D:\source\SkyCMS\Editor\Services\ThumbnailCreator.cs(101,44): warning CA1416: This call site is reachable on all platforms. 'PixelOffsetMode.HighQuality' is only supported on: 'windows' 6.1 and later. (https://learn.microsoft.com/dotnet/fundamentals/code-analysis/quality-rules/ca1416) [D:\source\SkyCMS\Editor\Sky.Editor.csproj]
D:\source\SkyCMS\Editor\Services\ThumbnailCreator.cs(100,17): warning CA1416: This call site is reachable on all platforms. 'Graphics.SmoothingMode' is only supported on: 'windows' 6.1 and later. (https://learn.microsoft.com/dotnet/fundamentals/code-analysis/quality-rules/ca1416) [D:\source\SkyCMS\Editor\Sky.Editor.csproj]
D:\source\SkyCMS\Editor\Services\ThumbnailCreator.cs(102,46): warning CA1416: This call site is reachable on all platforms. 'InterpolationMode.HighQualityBicubic' is only supported on: 'windows' 6.1 and later. (https://learn.microsoft.com/dotnet/fundamentals/code-analysis/quality-rules/ca1416) [D:\source\SkyCMS\Editor\Sky.Editor.csproj]
D:\source\SkyCMS\Editor\Services\ThumbnailCreator.cs(99,47): warning CA1416: This call site is reachable on all platforms. 'CompositingQuality.HighQuality' is only supported on: 'windows' 6.1 and later. (https://learn.microsoft.com/dotnet/fundamentals/code-analysis/quality-rules/ca1416) [D:\source\SkyCMS\Editor\Sky.Editor.csproj]
D:\source\SkyCMS\Editor\Services\ThumbnailCreator.cs(98,17): warning CA1416: This call site is reachable on all platforms. 'Graphics.CompositingMode' is only supported on: 'windows' 6.1 and later. (https://learn.microsoft.com/dotnet/fundamentals/code-analysis/quality-rules/ca1416) [D:\source\SkyCMS\Editor\Sky.Editor.csproj]
D:\source\SkyCMS\Editor\Services\ThumbnailCreator.cs(104,17): warning CA1416: This call site is reachable on all platforms. 'Graphics.DrawImage(Image, int, int, int, int)' is only supported on: 'windows' 6.1 and later. (https://learn.microsoft.com/dotnet/fundamentals/code-analysis/quality-rules/ca1416) [D:\source\SkyCMS\Editor\Sky.Editor.csproj]
D:\source\SkyCMS\Editor\Hubs\ChatHub.cs(110,13): warning SA1614: Element parameter documentation should have text (https://github.com/DotNetAnalyzers/StyleCopAnalyzers/blob/master/documentation/SA1614.md) [D:\source\SkyCMS\Editor\Sky.Editor.csproj]
D:\source\SkyCMS\Editor\Hubs\ChatHub.cs(111,13): warning SA1614: Element parameter documentation should have text (https://github.com/DotNetAnalyzers/StyleCopAnalyzers/blob/master/documentation/SA1614.md) [D:\source\SkyCMS\Editor\Sky.Editor.csproj]
D:\source\SkyCMS\Editor\Areas\Identity\Pages\Account\RegisterConfirmation.cshtml.cs(56,13): warning SA1614: Element parameter documentation should have text (https://github.com/DotNetAnalyzers/StyleCopAnalyzers/blob/master/documentation/SA1614.md) [D:\source\SkyCMS\Editor\Sky.Editor.csproj]
D:\source\SkyCMS\Editor\Areas\Identity\Pages\Account\RegisterConfirmation.cshtml.cs(57,13): warning SA1614: Element parameter documentation should have text (https://github.com/DotNetAnalyzers/StyleCopAnalyzers/blob/master/documentation/SA1614.md) [D:\source\SkyCMS\Editor\Sky.Editor.csproj]
D:\source\SkyCMS\Editor\Domain\Events\IDomainEventHandler.cs(23,9): warning SA1615: Element return value should be documented (https://github.com/DotNetAnalyzers/StyleCopAnalyzers/blob/master/documentation/SA1615.md) [D:\source\SkyCMS\Editor\Sky.Editor.csproj]
D:\source\SkyCMS\Editor\Domain\Events\IDomainEventHandler.cs(34,9): warning SA1615: Element return value should be documented (https://github.com/DotNetAnalyzers/StyleCopAnalyzers/blob/master/documentation/SA1615.md) [D:\source\SkyCMS\Editor\Sky.Editor.csproj]
D:\source\SkyCMS\Editor\Hubs\ChatHub.cs(123,13): warning SA1614: Element parameter documentation should have text (https://github.com/DotNetAnalyzers/StyleCopAnalyzers/blob/master/documentation/SA1614.md) [D:\source\SkyCMS\Editor\Sky.Editor.csproj]
D:\source\SkyCMS\Editor\Hubs\ChatHub.cs(124,13): warning SA1614: Element parameter documentation should have text (https://github.com/DotNetAnalyzers/StyleCopAnalyzers/blob/master/documentation/SA1614.md) [D:\source\SkyCMS\Editor\Sky.Editor.csproj]
D:\source\SkyCMS\Editor\Hubs\ChatHub.cs(136,13): warning SA1614: Element parameter documentation should have text (https://github.com/DotNetAnalyzers/StyleCopAnalyzers/blob/master/documentation/SA1614.md) [D:\source\SkyCMS\Editor\Sky.Editor.csproj]
D:\source\SkyCMS\Editor\Hubs\ChatHub.cs(137,13): warning SA1614: Element parameter documentation should have text (https://github.com/DotNetAnalyzers/StyleCopAnalyzers/blob/master/documentation/SA1614.md) [D:\source\SkyCMS\Editor\Sky.Editor.csproj]
D:\source\SkyCMS\Editor\Domain\Events\Handlers\TitleChangedEventHandler.cs(58,35): warning SA1116: The parameters should begin on the line after the declaration, whenever the parameter span across multiple lines (https://github.com/DotNetAnalyzers/StyleCopAnalyzers/blob/master/documentation/SA1116.md) [D:\source\SkyCMS\Editor\Sky.Editor.csproj]
D:\source\SkyCMS\Editor\Domain\Events\Handlers\TitleChangedEventHandler.cs(59,39): warning SA1117: The parameters should all be placed on the same line or each parameter should be placed on its own line. (https://github.com/DotNetAnalyzers/StyleCopAnalyzers/blob/master/documentation/SA1117.md) [D:\source\SkyCMS\Editor\Sky.Editor.csproj]
D:\source\SkyCMS\Editor\Services\Titles\TitleChangeService.cs(341,21): warning RCS1155: Use StringComparison when comparing strings (https://josefpihrt.github.io/docs/roslynator/analyzers/RCS1155) [D:\source\SkyCMS\Editor\Sky.Editor.csproj]
D:\source\SkyCMS\Editor\Services\Titles\TitleChangeService.cs(344,21): warning RCS1155: Use StringComparison when comparing strings (https://josefpihrt.github.io/docs/roslynator/analyzers/RCS1155) [D:\source\SkyCMS\Editor\Sky.Editor.csproj]
D:\source\SkyCMS\Editor\Boot\MultiTenant.cs(212,47): warning SA1116: The parameters should begin on the line after the declaration, whenever the parameter span across multiple lines (https://github.com/DotNetAnalyzers/StyleCopAnalyzers/blob/master/documentation/SA1116.md) [D:\source\SkyCMS\Editor\Sky.Editor.csproj]
D:\source\SkyCMS\Editor\Boot\MultiTenant.cs(213,55): warning SA1117: The parameters should all be placed on the same line or each parameter should be placed on its own line. (https://github.com/DotNetAnalyzers/StyleCopAnalyzers/blob/master/documentation/SA1117.md) [D:\source\SkyCMS\Editor\Sky.Editor.csproj]
D:\source\SkyCMS\Editor\Services\ThumbnailCreator.cs(140,47): warning SA1407: Arithmetic expressions should declare precedence (https://github.com/DotNetAnalyzers/StyleCopAnalyzers/blob/master/documentation/SA1407.md) [D:\source\SkyCMS\Editor\Sky.Editor.csproj]
D:\source\SkyCMS\Editor\Services\ThumbnailCreator.cs(146,47): warning SA1407: Arithmetic expressions should declare precedence (https://github.com/DotNetAnalyzers/StyleCopAnalyzers/blob/master/documentation/SA1407.md) [D:\source\SkyCMS\Editor\Sky.Editor.csproj]
D:\source\SkyCMS\Editor\Services\ThumbnailCreator.cs(169,31): warning SA1116: The parameters should begin on the line after the declaration, whenever the parameter span across multiple lines (https://github.com/DotNetAnalyzers/StyleCopAnalyzers/blob/master/documentation/SA1116.md) [D:\source\SkyCMS\Editor\Sky.Editor.csproj]
D:\source\SkyCMS\Editor\Services\ThumbnailCreator.cs(174,13): warning CA1416: This call site is reachable on all platforms. 'Graphics.Dispose()' is only supported on: 'windows' 6.1 and later. (https://learn.microsoft.com/dotnet/fundamentals/code-analysis/quality-rules/ca1416) [D:\source\SkyCMS\Editor\Sky.Editor.csproj]
D:\source\SkyCMS\Editor\Services\ThumbnailCreator.cs(169,13): warning CA1416: This call site is reachable on all platforms. 'Graphics.DrawImage(Image, Rectangle, Rectangle, GraphicsUnit)' is only supported on: 'windows' 6.1 and later. (https://learn.microsoft.com/dotnet/fundamentals/code-analysis/quality-rules/ca1416) [D:\source\SkyCMS\Editor\Sky.Editor.csproj]
D:\source\SkyCMS\Editor\Services\ThumbnailCreator.cs(110,31): warning CA1416: This call site is reachable on all platforms. 'Image.Width' is only supported on: 'windows' 6.1 and later. (https://learn.microsoft.com/dotnet/fundamentals/code-analysis/quality-rules/ca1416) [D:\source\SkyCMS\Editor\Sky.Editor.csproj]
D:\source\SkyCMS\Editor\Services\ThumbnailCreator.cs(165,13): warning CA1416: This call site is reachable on all platforms. 'Graphics.InterpolationMode' is only supported on: 'windows' 6.1 and later. (https://learn.microsoft.com/dotnet/fundamentals/code-analysis/quality-rules/ca1416) [D:\source\SkyCMS\Editor\Sky.Editor.csproj]
D:\source\SkyCMS\Editor\Services\ThumbnailCreator.cs(166,13): warning CA1416: This call site is reachable on all platforms. 'Graphics.CompositingQuality' is only supported on: 'windows' 6.1 and later. (https://learn.microsoft.com/dotnet/fundamentals/code-analysis/quality-rules/ca1416) [D:\source\SkyCMS\Editor\Sky.Editor.csproj]
D:\source\SkyCMS\Editor\Services\ThumbnailCreator.cs(166,42): warning CA1416: This call site is reachable on all platforms. 'CompositingQuality.HighQuality' is only supported on: 'windows' 6.1 and later. (https://learn.microsoft.com/dotnet/fundamentals/code-analysis/quality-rules/ca1416) [D:\source\SkyCMS\Editor\Sky.Editor.csproj]
D:\source\SkyCMS\Editor\Services\ThumbnailCreator.cs(164,13): warning CA1416: This call site is reachable on all platforms. 'Graphics.Clear(Color)' is only supported on: 'windows' 6.1 and later. (https://learn.microsoft.com/dotnet/fundamentals/code-analysis/quality-rules/ca1416) [D:\source\SkyCMS\Editor\Sky.Editor.csproj]
D:\source\SkyCMS\Editor\Services\ThumbnailCreator.cs(161,17): warning CA1416: This call site is reachable on all platforms. 'PixelFormat.Format32bppRgb' is only supported on: 'windows' 6.1 and later. (https://learn.microsoft.com/dotnet/fundamentals/code-analysis/quality-rules/ca1416) [D:\source\SkyCMS\Editor\Sky.Editor.csproj]
D:\source\SkyCMS\Editor\Services\ThumbnailCreator.cs(158,27): warning CA1416: This call site is reachable on all platforms. 'Bitmap' is only supported on: 'windows' 6.1 and later. (https://learn.microsoft.com/dotnet/fundamentals/code-analysis/quality-rules/ca1416) [D:\source\SkyCMS\Editor\Sky.Editor.csproj]
D:\source\SkyCMS\Editor\Services\ThumbnailCreator.cs(167,13): warning CA1416: This call site is reachable on all platforms. 'Graphics.SmoothingMode' is only supported on: 'windows' 6.1 and later. (https://learn.microsoft.com/dotnet/fundamentals/code-analysis/quality-rules/ca1416) [D:\source\SkyCMS\Editor\Sky.Editor.csproj]
D:\source\SkyCMS\Editor\Services\ThumbnailCreator.cs(163,27): warning CA1416: This call site is reachable on all platforms. 'Graphics.FromImage(Image)' is only supported on: 'windows' 6.1 and later. (https://learn.microsoft.com/dotnet/fundamentals/code-analysis/quality-rules/ca1416) [D:\source\SkyCMS\Editor\Sky.Editor.csproj]
D:\source\SkyCMS\Editor\Services\ThumbnailCreator.cs(165,41): warning CA1416: This call site is reachable on all platforms. 'InterpolationMode.HighQualityBicubic' is only supported on: 'windows' 6.1 and later. (https://learn.microsoft.com/dotnet/fundamentals/code-analysis/quality-rules/ca1416) [D:\source\SkyCMS\Editor\Sky.Editor.csproj]
D:\source\SkyCMS\Editor\Services\ThumbnailCreator.cs(172,17): warning CA1416: This call site is reachable on all platforms. 'GraphicsUnit.Pixel' is only supported on: 'windows' 6.1 and later. (https://learn.microsoft.com/dotnet/fundamentals/code-analysis/quality-rules/ca1416) [D:\source\SkyCMS\Editor\Sky.Editor.csproj]
D:\source\SkyCMS\Editor\Services\ThumbnailCreator.cs(167,37): warning CA1416: This call site is reachable on all platforms. 'SmoothingMode.AntiAlias' is only supported on: 'windows' 6.1 and later. (https://learn.microsoft.com/dotnet/fundamentals/code-analysis/quality-rules/ca1416) [D:\source\SkyCMS\Editor\Sky.Editor.csproj]
D:\source\SkyCMS\Editor\Services\ThumbnailCreator.cs(111,32): warning CA1416: This call site is reachable on all platforms. 'Image.Height' is only supported on: 'windows' 6.1 and later. (https://learn.microsoft.com/dotnet/fundamentals/code-analysis/quality-rules/ca1416) [D:\source\SkyCMS\Editor\Sky.Editor.csproj]
D:\source\SkyCMS\Editor\Hubs\ChatHub.cs(207,13): warning SA1614: Element parameter documentation should have text (https://github.com/DotNetAnalyzers/StyleCopAnalyzers/blob/master/documentation/SA1614.md) [D:\source\SkyCMS\Editor\Sky.Editor.csproj]
D:\source\SkyCMS\Editor\Services\ImageResizer.cs(21,13): warning SA1614: Element parameter documentation should have text (https://github.com/DotNetAnalyzers/StyleCopAnalyzers/blob/master/documentation/SA1614.md) [D:\source\SkyCMS\Editor\Sky.Editor.csproj]
D:\source\SkyCMS\Editor\Services\ImageResizer.cs(22,13): warning SA1614: Element parameter documentation should have text (https://github.com/DotNetAnalyzers/StyleCopAnalyzers/blob/master/documentation/SA1614.md) [D:\source\SkyCMS\Editor\Sky.Editor.csproj]
D:\source\SkyCMS\Editor\Services\ImageResizer.cs(23,13): warning SA1616: Element return value documentation should have text (https://github.com/DotNetAnalyzers/StyleCopAnalyzers/blob/master/documentation/SA1616.md) [D:\source\SkyCMS\Editor\Sky.Editor.csproj]
D:\source\SkyCMS\Editor\Services\HtmlUtilities.cs(21,13): warning SA1614: Element parameter documentation should have text (https://github.com/DotNetAnalyzers/StyleCopAnalyzers/blob/master/documentation/SA1614.md) [D:\source\SkyCMS\Editor\Sky.Editor.csproj]
D:\source\SkyCMS\Editor\Services\HtmlUtilities.cs(22,13): warning SA1616: Element return value documentation should have text (https://github.com/DotNetAnalyzers/StyleCopAnalyzers/blob/master/documentation/SA1616.md) [D:\source\SkyCMS\Editor\Sky.Editor.csproj]
D:\source\SkyCMS\Editor\Models\GridPagerPartialViewModel.cs(21,13): warning SA1614: Element parameter documentation should have text (https://github.com/DotNetAnalyzers/StyleCopAnalyzers/blob/master/documentation/SA1614.md) [D:\source\SkyCMS\Editor\Sky.Editor.csproj]
D:\source\SkyCMS\Editor\Models\GridPagerPartialViewModel.cs(22,13): warning SA1614: Element parameter documentation should have text (https://github.com/DotNetAnalyzers/StyleCopAnalyzers/blob/master/documentation/SA1614.md) [D:\source\SkyCMS\Editor\Sky.Editor.csproj]
D:\source\SkyCMS\Editor\Models\GridPagerPartialViewModel.cs(23,13): warning SA1614: Element parameter documentation should have text (https://github.com/DotNetAnalyzers/StyleCopAnalyzers/blob/master/documentation/SA1614.md) [D:\source\SkyCMS\Editor\Sky.Editor.csproj]
D:\source\SkyCMS\Editor\Models\GridPagerPartialViewModel.cs(24,13): warning SA1614: Element parameter documentation should have text (https://github.com/DotNetAnalyzers/StyleCopAnalyzers/blob/master/documentation/SA1614.md) [D:\source\SkyCMS\Editor\Sky.Editor.csproj]
D:\source\SkyCMS\Editor\Models\GridPagerPartialViewModel.cs(25,13): warning SA1614: Element parameter documentation should have text (https://github.com/DotNetAnalyzers/StyleCopAnalyzers/blob/master/documentation/SA1614.md) [D:\source\SkyCMS\Editor\Sky.Editor.csproj]
D:\source\SkyCMS\Editor\Models\GridPagerPartialViewModel.cs(26,13): warning SA1614: Element parameter documentation should have text (https://github.com/DotNetAnalyzers/StyleCopAnalyzers/blob/master/documentation/SA1614.md) [D:\source\SkyCMS\Editor\Sky.Editor.csproj]
D:\source\SkyCMS\Editor\Models\GridPagerPartialViewModel.cs(27,13): warning SA1614: Element parameter documentation should have text (https://github.com/DotNetAnalyzers/StyleCopAnalyzers/blob/master/documentation/SA1614.md) [D:\source\SkyCMS\Editor\Sky.Editor.csproj]
D:\source\SkyCMS\Editor\Models\GridPagerPartialViewModel.cs(28,13): warning SA1614: Element parameter documentation should have text (https://github.com/DotNetAnalyzers/StyleCopAnalyzers/blob/master/documentation/SA1614.md) [D:\source\SkyCMS\Editor\Sky.Editor.csproj]
D:\source\SkyCMS\Editor\Models\GridPagerPartialViewModel.cs(29,13): warning SA1614: Element parameter documentation should have text (https://github.com/DotNetAnalyzers/StyleCopAnalyzers/blob/master/documentation/SA1614.md) [D:\source\SkyCMS\Editor\Sky.Editor.csproj]
D:\source\SkyCMS\Editor\Hubs\ChatHub.cs(255,13): warning SA1614: Element parameter documentation should have text (https://github.com/DotNetAnalyzers/StyleCopAnalyzers/blob/master/documentation/SA1614.md) [D:\source\SkyCMS\Editor\Sky.Editor.csproj]
D:\source\SkyCMS\Editor\Controllers\DeploymentController.cs(145,35): warning SA1116: The parameters should begin on the line after the declaration, whenever the parameter span across multiple lines (https://github.com/DotNetAnalyzers/StyleCopAnalyzers/blob/master/documentation/SA1116.md) [D:\source\SkyCMS\Editor\Sky.Editor.csproj]
D:\source\SkyCMS\Editor\Controllers\DeploymentController.cs(146,32): warning SA1117: The parameters should all be placed on the same line or each parameter should be placed on its own line. (https://github.com/DotNetAnalyzers/StyleCopAnalyzers/blob/master/documentation/SA1117.md) [D:\source\SkyCMS\Editor\Sky.Editor.csproj]
D:\source\SkyCMS\Editor\Hubs\ChatHub.cs(288,13): warning SA1614: Element parameter documentation should have text (https://github.com/DotNetAnalyzers/StyleCopAnalyzers/blob/master/documentation/SA1614.md) [D:\source\SkyCMS\Editor\Sky.Editor.csproj]
D:\source\SkyCMS\Editor\Areas\Identity\Pages\Account\Manage\TwoFactorAuthentication.cshtml.cs(31,13): warning SA1614: Element parameter documentation should have text (https://github.com/DotNetAnalyzers/StyleCopAnalyzers/blob/master/documentation/SA1614.md) [D:\source\SkyCMS\Editor\Sky.Editor.csproj]
D:\source\SkyCMS\Editor\Areas\Identity\Pages\Account\Manage\TwoFactorAuthentication.cshtml.cs(32,13): warning SA1614: Element parameter documentation should have text (https://github.com/DotNetAnalyzers/StyleCopAnalyzers/blob/master/documentation/SA1614.md) [D:\source\SkyCMS\Editor\Sky.Editor.csproj]
D:\source\SkyCMS\Editor\Areas\Identity\Pages\Account\Manage\TwoFactorAuthentication.cshtml.cs(33,13): warning SA1614: Element parameter documentation should have text (https://github.com/DotNetAnalyzers/StyleCopAnalyzers/blob/master/documentation/SA1614.md) [D:\source\SkyCMS\Editor\Sky.Editor.csproj]
D:\source\SkyCMS\Editor\Controllers\ContactsController.cs(270,21): warning SA1117: The parameters should all be placed on the same line or each parameter should be placed on its own line. (https://github.com/DotNetAnalyzers/StyleCopAnalyzers/blob/master/documentation/SA1117.md) [D:\source\SkyCMS\Editor\Sky.Editor.csproj]
D:\source\SkyCMS\Editor\Extensions\LayoutQueryExtensions.cs(21,81): warning SA1611: The documentation for parameter 'query' is missing (https://github.com/DotNetAnalyzers/StyleCopAnalyzers/blob/master/documentation/SA1611.md) [D:\source\SkyCMS\Editor\Sky.Editor.csproj]
D:\source\SkyCMS\Editor\Extensions\LayoutQueryExtensions.cs(21,92): warning SA1611: The documentation for parameter 'layoutNumber' is missing (https://github.com/DotNetAnalyzers/StyleCopAnalyzers/blob/master/documentation/SA1611.md) [D:\source\SkyCMS\Editor\Sky.Editor.csproj]
D:\source\SkyCMS\Editor\Extensions\LayoutQueryExtensions.cs(21,23): warning SA1615: Element return value should be documented (https://github.com/DotNetAnalyzers/StyleCopAnalyzers/blob/master/documentation/SA1615.md) [D:\source\SkyCMS\Editor\Sky.Editor.csproj]
D:\source\SkyCMS\Editor\Controllers\UsersController.cs(484,71): warning SA1116: The parameters should begin on the line after the declaration, whenever the parameter span across multiple lines (https://github.com/DotNetAnalyzers/StyleCopAnalyzers/blob/master/documentation/SA1116.md) [D:\source\SkyCMS\Editor\Sky.Editor.csproj]
D:\source\SkyCMS\Editor\Areas\Identity\Pages\Account\Manage\ShowRecoveryCodes.cshtml.cs(33,13): warning SA1616: Element return value documentation should have text (https://github.com/DotNetAnalyzers/StyleCopAnalyzers/blob/master/documentation/SA1616.md) [D:\source\SkyCMS\Editor\Sky.Editor.csproj]
D:\source\SkyCMS\Editor\Extensions\LayoutQueryExtensions.cs(29,81): warning SA1611: The documentation for parameter 'query' is missing (https://github.com/DotNetAnalyzers/StyleCopAnalyzers/blob/master/documentation/SA1611.md) [D:\source\SkyCMS\Editor\Sky.Editor.csproj]
D:\source\SkyCMS\Editor\Extensions\LayoutQueryExtensions.cs(29,23): warning SA1615: Element return value should be documented (https://github.com/DotNetAnalyzers/StyleCopAnalyzers/blob/master/documentation/SA1615.md) [D:\source\SkyCMS\Editor\Sky.Editor.csproj]
D:\source\SkyCMS\Editor\Areas\Identity\Pages\Account\Manage\SetPassword.cshtml.cs(28,13): warning SA1614: Element parameter documentation should have text (https://github.com/DotNetAnalyzers/StyleCopAnalyzers/blob/master/documentation/SA1614.md) [D:\source\SkyCMS\Editor\Sky.Editor.csproj]
D:\source\SkyCMS\Editor\Areas\Identity\Pages\Account\Manage\SetPassword.cshtml.cs(29,13): warning SA1614: Element parameter documentation should have text (https://github.com/DotNetAnalyzers/StyleCopAnalyzers/blob/master/documentation/SA1614.md) [D:\source\SkyCMS\Editor\Sky.Editor.csproj]
D:\source\SkyCMS\Editor\Services\HtmlUtilities.cs(45,13): warning SA1614: Element parameter documentation should have text (https://github.com/DotNetAnalyzers/StyleCopAnalyzers/blob/master/documentation/SA1614.md) [D:\source\SkyCMS\Editor\Sky.Editor.csproj]
D:\source\SkyCMS\Editor\Services\HtmlUtilities.cs(46,13): warning SA1614: Element parameter documentation should have text (https://github.com/DotNetAnalyzers/StyleCopAnalyzers/blob/master/documentation/SA1614.md) [D:\source\SkyCMS\Editor\Sky.Editor.csproj]
D:\source\SkyCMS\Editor\Services\HtmlUtilities.cs(47,13): warning SA1614: Element parameter documentation should have text (https://github.com/DotNetAnalyzers/StyleCopAnalyzers/blob/master/documentation/SA1614.md) [D:\source\SkyCMS\Editor\Sky.Editor.csproj]
D:\source\SkyCMS\Editor\Services\HtmlUtilities.cs(48,13): warning SA1616: Element return value documentation should have text (https://github.com/DotNetAnalyzers/StyleCopAnalyzers/blob/master/documentation/SA1616.md) [D:\source\SkyCMS\Editor\Sky.Editor.csproj]
D:\source\SkyCMS\Editor\Services\HtmlUtilities.cs(49,13): warning SA1627: The documentation text within the \'exception\' tag should not be empty. (https://github.com/DotNetAnalyzers/StyleCopAnalyzers/blob/master/documentation/SA1627.md) [D:\source\SkyCMS\Editor\Sky.Editor.csproj]
D:\source\SkyCMS\Editor\Extensions\LayoutQueryExtensions.cs(39,76): warning SA1611: The documentation for parameter 'query' is missing (https://github.com/DotNetAnalyzers/StyleCopAnalyzers/blob/master/documentation/SA1611.md) [D:\source\SkyCMS\Editor\Sky.Editor.csproj]
D:\source\SkyCMS\Editor\Extensions\LayoutQueryExtensions.cs(39,23): warning SA1615: Element return value should be documented (https://github.com/DotNetAnalyzers/StyleCopAnalyzers/blob/master/documentation/SA1615.md) [D:\source\SkyCMS\Editor\Sky.Editor.csproj]
D:\source\SkyCMS\Editor\Domain\Events\DomainEventDispatcher.cs(139,22): warning SA1615: Element return value should be documented (https://github.com/DotNetAnalyzers/StyleCopAnalyzers/blob/master/documentation/SA1615.md) [D:\source\SkyCMS\Editor\Sky.Editor.csproj]
D:\source\SkyCMS\Editor\Extensions\LayoutQueryExtensions.cs(47,73): warning SA1611: The documentation for parameter 'query' is missing (https://github.com/DotNetAnalyzers/StyleCopAnalyzers/blob/master/documentation/SA1611.md) [D:\source\SkyCMS\Editor\Sky.Editor.csproj]
D:\source\SkyCMS\Editor\Extensions\LayoutQueryExtensions.cs(47,23): warning SA1615: Element return value should be documented (https://github.com/DotNetAnalyzers/StyleCopAnalyzers/blob/master/documentation/SA1615.md) [D:\source\SkyCMS\Editor\Sky.Editor.csproj]
D:\source\SkyCMS\Editor\Extensions\LayoutQueryExtensions.cs(55,90): warning SA1611: The documentation for parameter 'query' is missing (https://github.com/DotNetAnalyzers/StyleCopAnalyzers/blob/master/documentation/SA1611.md) [D:\source\SkyCMS\Editor\Sky.Editor.csproj]
D:\source\SkyCMS\Editor\Extensions\LayoutQueryExtensions.cs(55,23): warning SA1615: Element return value should be documented (https://github.com/DotNetAnalyzers/StyleCopAnalyzers/blob/master/documentation/SA1615.md) [D:\source\SkyCMS\Editor\Sky.Editor.csproj]
D:\source\SkyCMS\Editor\Domain\Events\DomainEventDispatcher.cs(217,22): warning SA1615: Element return value should be documented (https://github.com/DotNetAnalyzers/StyleCopAnalyzers/blob/master/documentation/SA1615.md) [D:\source\SkyCMS\Editor\Sky.Editor.csproj]
D:\source\SkyCMS\Editor\Areas\Identity\Pages\Account\Manage\ResetAuthenticator.cshtml.cs(29,13): warning SA1614: Element parameter documentation should have text (https://github.com/DotNetAnalyzers/StyleCopAnalyzers/blob/master/documentation/SA1614.md) [D:\source\SkyCMS\Editor\Sky.Editor.csproj]
D:\source\SkyCMS\Editor\Areas\Identity\Pages\Account\Manage\ResetAuthenticator.cshtml.cs(30,13): warning SA1614: Element parameter documentation should have text (https://github.com/DotNetAnalyzers/StyleCopAnalyzers/blob/master/documentation/SA1614.md) [D:\source\SkyCMS\Editor\Sky.Editor.csproj]
D:\source\SkyCMS\Editor\Areas\Identity\Pages\Account\Manage\ResetAuthenticator.cshtml.cs(31,13): warning SA1614: Element parameter documentation should have text (https://github.com/DotNetAnalyzers/StyleCopAnalyzers/blob/master/documentation/SA1614.md) [D:\source\SkyCMS\Editor\Sky.Editor.csproj]
D:\source\SkyCMS\Editor\Controllers\UsersController.cs(635,13): warning SA1614: Element parameter documentation should have text (https://github.com/DotNetAnalyzers/StyleCopAnalyzers/blob/master/documentation/SA1614.md) [D:\source\SkyCMS\Editor\Sky.Editor.csproj]
D:\source\SkyCMS\Editor\Extensions\LayoutQueryExtensions.cs(63,80): warning SA1611: The documentation for parameter 'query' is missing (https://github.com/DotNetAnalyzers/StyleCopAnalyzers/blob/master/documentation/SA1611.md) [D:\source\SkyCMS\Editor\Sky.Editor.csproj]
D:\source\SkyCMS\Editor\Extensions\LayoutQueryExtensions.cs(63,23): warning SA1615: Element return value should be documented (https://github.com/DotNetAnalyzers/StyleCopAnalyzers/blob/master/documentation/SA1615.md) [D:\source\SkyCMS\Editor\Sky.Editor.csproj]
D:\source\SkyCMS\Editor\Extensions\LayoutQueryExtensions.cs(71,83): warning SA1611: The documentation for parameter 'query' is missing (https://github.com/DotNetAnalyzers/StyleCopAnalyzers/blob/master/documentation/SA1611.md) [D:\source\SkyCMS\Editor\Sky.Editor.csproj]
D:\source\SkyCMS\Editor\Extensions\LayoutQueryExtensions.cs(71,23): warning SA1615: Element return value should be documented (https://github.com/DotNetAnalyzers/StyleCopAnalyzers/blob/master/documentation/SA1615.md) [D:\source\SkyCMS\Editor\Sky.Editor.csproj]
D:\source\SkyCMS\Editor\Middleware\TenantSetupMiddleware.cs(76,91): warning SA1611: The documentation for parameter 'builder' is missing (https://github.com/DotNetAnalyzers/StyleCopAnalyzers/blob/master/documentation/SA1611.md) [D:\source\SkyCMS\Editor\Sky.Editor.csproj]
D:\source\SkyCMS\Editor\Middleware\TenantSetupMiddleware.cs(76,23): warning SA1615: Element return value should be documented (https://github.com/DotNetAnalyzers/StyleCopAnalyzers/blob/master/documentation/SA1615.md) [D:\source\SkyCMS\Editor\Sky.Editor.csproj]
D:\source\SkyCMS\Editor\Middleware\TenantSetupMiddleware.cs(26,54): warning SA1611: The documentation for parameter 'next' is missing (https://github.com/DotNetAnalyzers/StyleCopAnalyzers/blob/master/documentation/SA1611.md) [D:\source\SkyCMS\Editor\Sky.Editor.csproj]
D:\source\SkyCMS\Editor\Areas\Identity\Pages\Account\Manage\PersonalData.cshtml.cs(28,13): warning SA1614: Element parameter documentation should have text (https://github.com/DotNetAnalyzers/StyleCopAnalyzers/blob/master/documentation/SA1614.md) [D:\source\SkyCMS\Editor\Sky.Editor.csproj]
D:\source\SkyCMS\Editor\Areas\Identity\Pages\Account\Manage\PersonalData.cshtml.cs(29,13): warning SA1614: Element parameter documentation should have text (https://github.com/DotNetAnalyzers/StyleCopAnalyzers/blob/master/documentation/SA1614.md) [D:\source\SkyCMS\Editor\Sky.Editor.csproj]
D:\source\SkyCMS\Editor\Controllers\UsersController.cs(674,42): warning RCS1155: Use StringComparison when comparing strings (https://josefpihrt.github.io/docs/roslynator/analyzers/RCS1155) [D:\source\SkyCMS\Editor\Sky.Editor.csproj]
D:\source\SkyCMS\Editor\Controllers\UsersController.cs(659,58): warning SA1611: The documentation for parameter 'text' is missing (https://github.com/DotNetAnalyzers/StyleCopAnalyzers/blob/master/documentation/SA1611.md) [D:\source\SkyCMS\Editor\Sky.Editor.csproj]
D:\source\SkyCMS\Editor\Middleware\TenantSetupMiddleware.cs(34,51): warning SA1611: The documentation for parameter 'context' is missing (https://github.com/DotNetAnalyzers/StyleCopAnalyzers/blob/master/documentation/SA1611.md) [D:\source\SkyCMS\Editor\Sky.Editor.csproj]
D:\source\SkyCMS\Editor\Areas\Identity\Pages\Account\Manage\ManageNavPages.cs(62,13): warning SA1614: Element parameter documentation should have text (https://github.com/DotNetAnalyzers/StyleCopAnalyzers/blob/master/documentation/SA1614.md) [D:\source\SkyCMS\Editor\Sky.Editor.csproj]
D:\source\SkyCMS\Editor\Areas\Identity\Pages\Account\Manage\ManageNavPages.cs(63,13): warning SA1616: Element return value documentation should have text (https://github.com/DotNetAnalyzers/StyleCopAnalyzers/blob/master/documentation/SA1616.md) [D:\source\SkyCMS\Editor\Sky.Editor.csproj]
D:\source\SkyCMS\Editor\Middleware\TenantSetupMiddleware.cs(34,22): warning SA1615: Element return value should be documented (https://github.com/DotNetAnalyzers/StyleCopAnalyzers/blob/master/documentation/SA1615.md) [D:\source\SkyCMS\Editor\Sky.Editor.csproj]
D:\source\SkyCMS\Editor\Areas\Identity\Pages\Account\Manage\ManageNavPages.cs(72,13): warning SA1614: Element parameter documentation should have text (https://github.com/DotNetAnalyzers/StyleCopAnalyzers/blob/master/documentation/SA1614.md) [D:\source\SkyCMS\Editor\Sky.Editor.csproj]
D:\source\SkyCMS\Editor\Areas\Identity\Pages\Account\Manage\ManageNavPages.cs(73,13): warning SA1616: Element return value documentation should have text (https://github.com/DotNetAnalyzers/StyleCopAnalyzers/blob/master/documentation/SA1616.md) [D:\source\SkyCMS\Editor\Sky.Editor.csproj]
D:\source\SkyCMS\Editor\Controllers\RolesController.cs(222,42): warning RCS1155: Use StringComparison when comparing strings (https://josefpihrt.github.io/docs/roslynator/analyzers/RCS1155) [D:\source\SkyCMS\Editor\Sky.Editor.csproj]
D:\source\SkyCMS\Editor\Areas\Identity\Pages\Account\Manage\ManageNavPages.cs(82,13): warning SA1614: Element parameter documentation should have text (https://github.com/DotNetAnalyzers/StyleCopAnalyzers/blob/master/documentation/SA1614.md) [D:\source\SkyCMS\Editor\Sky.Editor.csproj]
D:\source\SkyCMS\Editor\Areas\Identity\Pages\Account\Manage\ManageNavPages.cs(83,13): warning SA1616: Element return value documentation should have text (https://github.com/DotNetAnalyzers/StyleCopAnalyzers/blob/master/documentation/SA1616.md) [D:\source\SkyCMS\Editor\Sky.Editor.csproj]
D:\source\SkyCMS\Editor\Areas\Identity\Pages\Account\Manage\ManageNavPages.cs(92,13): warning SA1614: Element parameter documentation should have text (https://github.com/DotNetAnalyzers/StyleCopAnalyzers/blob/master/documentation/SA1614.md) [D:\source\SkyCMS\Editor\Sky.Editor.csproj]
D:\source\SkyCMS\Editor\Areas\Identity\Pages\Account\Manage\ManageNavPages.cs(93,13): warning SA1616: Element return value documentation should have text (https://github.com/DotNetAnalyzers/StyleCopAnalyzers/blob/master/documentation/SA1616.md) [D:\source\SkyCMS\Editor\Sky.Editor.csproj]
D:\source\SkyCMS\Editor\Areas\Identity\Pages\Account\Manage\ManageNavPages.cs(112,13): warning SA1614: Element parameter documentation should have text (https://github.com/DotNetAnalyzers/StyleCopAnalyzers/blob/master/documentation/SA1614.md) [D:\source\SkyCMS\Editor\Sky.Editor.csproj]
D:\source\SkyCMS\Editor\Areas\Identity\Pages\Account\Manage\ManageNavPages.cs(113,13): warning SA1616: Element return value documentation should have text (https://github.com/DotNetAnalyzers/StyleCopAnalyzers/blob/master/documentation/SA1616.md) [D:\source\SkyCMS\Editor\Sky.Editor.csproj]
D:\source\SkyCMS\Editor\Areas\Identity\Pages\Account\Manage\ManageNavPages.cs(122,13): warning SA1614: Element parameter documentation should have text (https://github.com/DotNetAnalyzers/StyleCopAnalyzers/blob/master/documentation/SA1614.md) [D:\source\SkyCMS\Editor\Sky.Editor.csproj]
D:\source\SkyCMS\Editor\Areas\Identity\Pages\Account\Manage\ManageNavPages.cs(123,13): warning SA1616: Element return value documentation should have text (https://github.com/DotNetAnalyzers/StyleCopAnalyzers/blob/master/documentation/SA1616.md) [D:\source\SkyCMS\Editor\Sky.Editor.csproj]
D:\source\SkyCMS\Editor\Areas\Identity\Pages\Account\Manage\ManageNavPages.cs(132,13): warning SA1614: Element parameter documentation should have text (https://github.com/DotNetAnalyzers/StyleCopAnalyzers/blob/master/documentation/SA1614.md) [D:\source\SkyCMS\Editor\Sky.Editor.csproj]
D:\source\SkyCMS\Editor\Areas\Identity\Pages\Account\Manage\ManageNavPages.cs(133,13): warning SA1616: Element return value documentation should have text (https://github.com/DotNetAnalyzers/StyleCopAnalyzers/blob/master/documentation/SA1616.md) [D:\source\SkyCMS\Editor\Sky.Editor.csproj]
D:\source\SkyCMS\Editor\Features\Articles\Clone\CloneArticleHandler.cs(64,60): warning SA1600: Elements should be documented (https://github.com/DotNetAnalyzers/StyleCopAnalyzers/blob/master/documentation/SA1600.md) [D:\source\SkyCMS\Editor\Sky.Editor.csproj]
D:\source\SkyCMS\Editor\Controllers\UsersController.cs(714,73): warning SA1313: Parameter 'Id' should begin with lower-case letter (https://github.com/DotNetAnalyzers/StyleCopAnalyzers/blob/master/documentation/SA1313.md) [D:\source\SkyCMS\Editor\Sky.Editor.csproj]
D:\source\SkyCMS\Editor\Features\Articles\Clone\CloneArticleHandler.cs(131,37): warning SA1116: The parameters should begin on the line after the declaration, whenever the parameter span across multiple lines (https://github.com/DotNetAnalyzers/StyleCopAnalyzers/blob/master/documentation/SA1116.md) [D:\source\SkyCMS\Editor\Sky.Editor.csproj]
D:\source\SkyCMS\Editor\Areas\Identity\Pages\Account\Manage\Index.cshtml.cs(28,13): warning SA1614: Element parameter documentation should have text (https://github.com/DotNetAnalyzers/StyleCopAnalyzers/blob/master/documentation/SA1614.md) [D:\source\SkyCMS\Editor\Sky.Editor.csproj]
D:\source\SkyCMS\Editor\Areas\Identity\Pages\Account\Manage\Index.cshtml.cs(29,13): warning SA1614: Element parameter documentation should have text (https://github.com/DotNetAnalyzers/StyleCopAnalyzers/blob/master/documentation/SA1614.md) [D:\source\SkyCMS\Editor\Sky.Editor.csproj]
D:\source\SkyCMS\Editor\Areas\Identity\Pages\Account\Manage\Index.cshtml.cs(58,13): warning SA1614: Element parameter documentation should have text (https://github.com/DotNetAnalyzers/StyleCopAnalyzers/blob/master/documentation/SA1614.md) [D:\source\SkyCMS\Editor\Sky.Editor.csproj]
D:\source\SkyCMS\Editor\Features\Articles\CreateHomePage\CreateHomePageHandler.cs(37,34): warning SA1611: The documentation for parameter 'dbContext' is missing (https://github.com/DotNetAnalyzers/StyleCopAnalyzers/blob/master/documentation/SA1611.md) [D:\source\SkyCMS\Editor\Sky.Editor.csproj]
D:\source\SkyCMS\Editor\Features\Articles\CreateHomePage\CreateHomePageHandler.cs(38,26): warning SA1611: The documentation for parameter 'slugService' is missing (https://github.com/DotNetAnalyzers/StyleCopAnalyzers/blob/master/documentation/SA1611.md) [D:\source\SkyCMS\Editor\Sky.Editor.csproj]
D:\source\SkyCMS\Editor\Features\Articles\CreateHomePage\CreateHomePageHandler.cs(39,32): warning SA1611: The documentation for parameter 'publishingService' is missing (https://github.com/DotNetAnalyzers/StyleCopAnalyzers/blob/master/documentation/SA1611.md) [D:\source\SkyCMS\Editor\Sky.Editor.csproj]
D:\source\SkyCMS\Editor\Features\Articles\CreateHomePage\CreateHomePageHandler.cs(40,29): warning SA1611: The documentation for parameter 'catalogService' is missing (https://github.com/DotNetAnalyzers/StyleCopAnalyzers/blob/master/documentation/SA1611.md) [D:\source\SkyCMS\Editor\Sky.Editor.csproj]
D:\source\SkyCMS\Editor\Features\Articles\CreateHomePage\CreateHomePageHandler.cs(41,20): warning SA1611: The documentation for parameter 'clock' is missing (https://github.com/DotNetAnalyzers/StyleCopAnalyzers/blob/master/documentation/SA1611.md) [D:\source\SkyCMS\Editor\Sky.Editor.csproj]
D:\source\SkyCMS\Editor\Features\Articles\CreateHomePage\CreateHomePageHandler.cs(42,44): warning SA1611: The documentation for parameter 'logger' is missing (https://github.com/DotNetAnalyzers/StyleCopAnalyzers/blob/master/documentation/SA1611.md) [D:\source\SkyCMS\Editor\Sky.Editor.csproj]
D:\source\SkyCMS\Editor\Areas\Identity\Pages\Account\Manage\GenerateRecoveryCodes.cshtml.cs(30,13): warning SA1614: Element parameter documentation should have text (https://github.com/DotNetAnalyzers/StyleCopAnalyzers/blob/master/documentation/SA1614.md) [D:\source\SkyCMS\Editor\Sky.Editor.csproj]
D:\source\SkyCMS\Editor\Areas\Identity\Pages\Account\Manage\GenerateRecoveryCodes.cshtml.cs(31,13): warning SA1614: Element parameter documentation should have text (https://github.com/DotNetAnalyzers/StyleCopAnalyzers/blob/master/documentation/SA1614.md) [D:\source\SkyCMS\Editor\Sky.Editor.csproj]
D:\source\SkyCMS\Editor\Areas\Identity\Pages\Account\Manage\GenerateRecoveryCodes.cshtml.cs(56,13): warning SA1627: The documentation text within the \'exception\' tag should not be empty. (https://github.com/DotNetAnalyzers/StyleCopAnalyzers/blob/master/documentation/SA1627.md) [D:\source\SkyCMS\Editor\Sky.Editor.csproj]
D:\source\SkyCMS\Editor\Controllers\UsersController.cs(885,13): warning SA1616: Element return value documentation should have text (https://github.com/DotNetAnalyzers/StyleCopAnalyzers/blob/master/documentation/SA1616.md) [D:\source\SkyCMS\Editor\Sky.Editor.csproj]
D:\source\SkyCMS\Editor\Controllers\UsersController.cs(894,13): warning SA1616: Element return value documentation should have text (https://github.com/DotNetAnalyzers/StyleCopAnalyzers/blob/master/documentation/SA1616.md) [D:\source\SkyCMS\Editor\Sky.Editor.csproj]
D:\source\SkyCMS\Editor\Areas\Identity\Pages\Account\Manage\GenerateRecoveryCodes.cshtml.cs(80,13): warning SA1627: The documentation text within the \'exception\' tag should not be empty. (https://github.com/DotNetAnalyzers/StyleCopAnalyzers/blob/master/documentation/SA1627.md) [D:\source\SkyCMS\Editor\Sky.Editor.csproj]
D:\source\SkyCMS\Editor\Data\Logic\ArticleEditLogic.cs(142,26): warning RCS1263: Parameter 'articleNumber' could not be found (https://josefpihrt.github.io/docs/roslynator/analyzers/RCS1263) [D:\source\SkyCMS\Editor\Sky.Editor.csproj]
D:\source\SkyCMS\Editor\Data\Logic\ArticleEditLogic.cs(154,26): warning RCS1263: Parameter 'articleNumber' could not be found (https://josefpihrt.github.io/docs/roslynator/analyzers/RCS1263) [D:\source\SkyCMS\Editor\Sky.Editor.csproj]
D:\source\SkyCMS\Editor\Data\Logic\ArticleEditLogic.cs(155,26): warning RCS1263: Parameter 'versionNumber' could not be found (https://josefpihrt.github.io/docs/roslynator/analyzers/RCS1263) [D:\source\SkyCMS\Editor\Sky.Editor.csproj]
D:\source\SkyCMS\Editor\Data\Logic\ArticleEditLogic.cs(253,26): warning RCS1263: Parameter 'id' could not be found (https://josefpihrt.github.io/docs/roslynator/analyzers/RCS1263) [D:\source\SkyCMS\Editor\Sky.Editor.csproj]
D:\source\SkyCMS\Editor\Data\Logic\ArticleEditLogic.cs(254,26): warning RCS1263: Parameter 'userId' could not be found (https://josefpihrt.github.io/docs/roslynator/analyzers/RCS1263) [D:\source\SkyCMS\Editor\Sky.Editor.csproj]
D:\source\SkyCMS\Editor\Data\Logic\ArticleEditLogic.cs(275,26): warning RCS1263: Parameter 'urlPath' could not be found (https://josefpihrt.github.io/docs/roslynator/analyzers/RCS1263) [D:\source\SkyCMS\Editor\Sky.Editor.csproj]
D:\source\SkyCMS\Editor\Data\Logic\ArticleEditLogic.cs(276,26): warning RCS1263: Parameter 'controllerName' could not be found (https://josefpihrt.github.io/docs/roslynator/analyzers/RCS1263) [D:\source\SkyCMS\Editor\Sky.Editor.csproj]
D:\source\SkyCMS\Editor\Data\Logic\ArticleEditLogic.cs(277,26): warning RCS1263: Parameter 'userId' could not be found (https://josefpihrt.github.io/docs/roslynator/analyzers/RCS1263) [D:\source\SkyCMS\Editor\Sky.Editor.csproj]
D:\source\SkyCMS\Editor\Data\Logic\ArticleEditLogic.cs(309,26): warning RCS1263: Parameter 'urlPath' could not be found (https://josefpihrt.github.io/docs/roslynator/analyzers/RCS1263) [D:\source\SkyCMS\Editor\Sky.Editor.csproj]
D:\source\SkyCMS\Editor\Data\Logic\ArticleEditLogic.cs(321,26): warning RCS1263: Parameter 'urlPath' could not be found (https://josefpihrt.github.io/docs/roslynator/analyzers/RCS1263) [D:\source\SkyCMS\Editor\Sky.Editor.csproj]
D:\source\SkyCMS\Editor\Data\Logic\ArticleEditLogic.cs(322,26): warning RCS1263: Parameter 'publishedOnly' could not be found (https://josefpihrt.github.io/docs/roslynator/analyzers/RCS1263) [D:\source\SkyCMS\Editor\Sky.Editor.csproj]
D:\source\SkyCMS\Editor\Data\Logic\ArticleEditLogic.cs(355,66): warning SA1611: The documentation for parameter 'article' is missing (https://github.com/DotNetAnalyzers/StyleCopAnalyzers/blob/master/documentation/SA1611.md) [D:\source\SkyCMS\Editor\Sky.Editor.csproj]
D:\source\SkyCMS\Editor\Data\Logic\ArticleEditLogic.cs(355,94): warning SA1611: The documentation for parameter 'renderer' is missing (https://github.com/DotNetAnalyzers/StyleCopAnalyzers/blob/master/documentation/SA1611.md) [D:\source\SkyCMS\Editor\Sky.Editor.csproj]
D:\source\SkyCMS\Editor\Data\Logic\ArticleEditLogic.cs(142,26): warning SA1612: The parameter 'articleNumber' does not exist. (https://github.com/DotNetAnalyzers/StyleCopAnalyzers/blob/master/documentation/SA1612.md) [D:\source\SkyCMS\Editor\Sky.Editor.csproj]
D:\source\SkyCMS\Editor\Areas\Identity\Pages\Account\Manage\ExternalLogins.cshtml.cs(31,13): warning SA1614: Element parameter documentation should have text (https://github.com/DotNetAnalyzers/StyleCopAnalyzers/blob/master/documentation/SA1614.md) [D:\source\SkyCMS\Editor\Sky.Editor.csproj]
D:\source\SkyCMS\Editor\Areas\Identity\Pages\Account\Manage\ExternalLogins.cshtml.cs(32,13): warning SA1614: Element parameter documentation should have text (https://github.com/DotNetAnalyzers/StyleCopAnalyzers/blob/master/documentation/SA1614.md) [D:\source\SkyCMS\Editor\Sky.Editor.csproj]
D:\source\SkyCMS\Editor\Features\Articles\CreateVersion\CreateArticleVersionHandler.cs(31,34): warning SA1611: The documentation for parameter 'dbContext' is missing (https://github.com/DotNetAnalyzers/StyleCopAnalyzers/blob/master/documentation/SA1611.md) [D:\source\SkyCMS\Editor\Sky.Editor.csproj]
D:\source\SkyCMS\Editor\Features\Articles\CreateVersion\CreateArticleVersionHandler.cs(32,50): warning SA1611: The documentation for parameter 'logger' is missing (https://github.com/DotNetAnalyzers/StyleCopAnalyzers/blob/master/documentation/SA1611.md) [D:\source\SkyCMS\Editor\Sky.Editor.csproj]
D:\source\SkyCMS\Editor\Areas\Identity\Pages\Account\Manage\ExternalLogins.cshtml.cs(85,13): warning SA1614: Element parameter documentation should have text (https://github.com/DotNetAnalyzers/StyleCopAnalyzers/blob/master/documentation/SA1614.md) [D:\source\SkyCMS\Editor\Sky.Editor.csproj]
D:\source\SkyCMS\Editor\Areas\Identity\Pages\Account\Manage\ExternalLogins.cshtml.cs(86,13): warning SA1614: Element parameter documentation should have text (https://github.com/DotNetAnalyzers/StyleCopAnalyzers/blob/master/documentation/SA1614.md) [D:\source\SkyCMS\Editor\Sky.Editor.csproj]
D:\source\SkyCMS\Editor\Areas\Identity\Pages\Account\Manage\ExternalLogins.cshtml.cs(111,13): warning SA1614: Element parameter documentation should have text (https://github.com/DotNetAnalyzers/StyleCopAnalyzers/blob/master/documentation/SA1614.md) [D:\source\SkyCMS\Editor\Sky.Editor.csproj]
D:\source\SkyCMS\Editor\Areas\Identity\Pages\Account\Manage\ExternalLogins.cshtml.cs(122,21): warning SA1117: The parameters should all be placed on the same line or each parameter should be placed on its own line. (https://github.com/DotNetAnalyzers/StyleCopAnalyzers/blob/master/documentation/SA1117.md) [D:\source\SkyCMS\Editor\Sky.Editor.csproj]
D:\source\SkyCMS\Editor\Services\Templates\TemplateService.cs(142,43): warning SA1116: The parameters should begin on the line after the declaration, whenever the parameter span across multiple lines (https://github.com/DotNetAnalyzers/StyleCopAnalyzers/blob/master/documentation/SA1116.md) [D:\source\SkyCMS\Editor\Sky.Editor.csproj]
D:\source\SkyCMS\Editor\Services\Templates\TemplateService.cs(164,37): warning SA1116: The parameters should begin on the line after the declaration, whenever the parameter span across multiple lines (https://github.com/DotNetAnalyzers/StyleCopAnalyzers/blob/master/documentation/SA1116.md) [D:\source\SkyCMS\Editor\Sky.Editor.csproj]
D:\source\SkyCMS\Editor\Services\Templates\TemplateService.cs(143,39): warning SA1117: The parameters should all be placed on the same line or each parameter should be placed on its own line. (https://github.com/DotNetAnalyzers/StyleCopAnalyzers/blob/master/documentation/SA1117.md) [D:\source\SkyCMS\Editor\Sky.Editor.csproj]
D:\source\SkyCMS\Editor\Services\Templates\TemplateService.cs(174,39): warning SA1117: The parameters should all be placed on the same line or each parameter should be placed on its own line. (https://github.com/DotNetAnalyzers/StyleCopAnalyzers/blob/master/documentation/SA1117.md) [D:\source\SkyCMS\Editor\Sky.Editor.csproj]
D:\source\SkyCMS\Editor\Features\Articles\CreateVersion\CreateArticleVersionHandler.cs(41,117): warning SA1611: The documentation for parameter 'command' is missing (https://github.com/DotNetAnalyzers/StyleCopAnalyzers/blob/master/documentation/SA1611.md) [D:\source\SkyCMS\Editor\Sky.Editor.csproj]
D:\source\SkyCMS\Editor\Features\Articles\CreateVersion\CreateArticleVersionHandler.cs(41,144): warning SA1611: The documentation for parameter 'cancellationToken' is missing (https://github.com/DotNetAnalyzers/StyleCopAnalyzers/blob/master/documentation/SA1611.md) [D:\source\SkyCMS\Editor\Sky.Editor.csproj]
D:\source\SkyCMS\Editor\Features\Articles\CreateVersion\CreateArticleVersionHandler.cs(41,22): warning SA1615: Element return value should be documented (https://github.com/DotNetAnalyzers/StyleCopAnalyzers/blob/master/documentation/SA1615.md) [D:\source\SkyCMS\Editor\Sky.Editor.csproj]
D:\source\SkyCMS\Editor\Areas\Identity\Pages\Account\Manage\ExternalLogins.cshtml.cs(130,13): warning SA1627: The documentation text within the \'exception\' tag should not be empty. (https://github.com/DotNetAnalyzers/StyleCopAnalyzers/blob/master/documentation/SA1627.md) [D:\source\SkyCMS\Editor\Sky.Editor.csproj]
D:\source\SkyCMS\Editor\Areas\Identity\Pages\Account\Manage\ManageNavPages.cs(102,13): warning SA1614: Element parameter documentation should have text (https://github.com/DotNetAnalyzers/StyleCopAnalyzers/blob/master/documentation/SA1614.md) [D:\source\SkyCMS\Editor\Sky.Editor.csproj]
D:\source\SkyCMS\Editor\Areas\Identity\Pages\Account\Manage\ManageNavPages.cs(103,13): warning SA1616: Element return value documentation should have text (https://github.com/DotNetAnalyzers/StyleCopAnalyzers/blob/master/documentation/SA1616.md) [D:\source\SkyCMS\Editor\Sky.Editor.csproj]
D:\source\SkyCMS\Editor\Data\Logic\ArticleEditLogic.cs(425,29): warning RCS1155: Use StringComparison when comparing strings (https://josefpihrt.github.io/docs/roslynator/analyzers/RCS1155) [D:\source\SkyCMS\Editor\Sky.Editor.csproj]
D:\source\SkyCMS\Editor\Data\Logic\ArticleEditLogic.cs(403,26): warning RCS1263: Parameter 'article' could not be found (https://josefpihrt.github.io/docs/roslynator/analyzers/RCS1263) [D:\source\SkyCMS\Editor\Sky.Editor.csproj]
D:\source\SkyCMS\Editor\Areas\Identity\Pages\Account\Manage\ManageNavPages.cs(142,13): warning SA1614: Element parameter documentation should have text (https://github.com/DotNetAnalyzers/StyleCopAnalyzers/blob/master/documentation/SA1614.md) [D:\source\SkyCMS\Editor\Sky.Editor.csproj]
D:\source\SkyCMS\Editor\Areas\Identity\Pages\Account\Manage\ManageNavPages.cs(143,13): warning SA1614: Element parameter documentation should have text (https://github.com/DotNetAnalyzers/StyleCopAnalyzers/blob/master/documentation/SA1614.md) [D:\source\SkyCMS\Editor\Sky.Editor.csproj]
D:\source\SkyCMS\Editor\Areas\Identity\Pages\Account\Manage\ManageNavPages.cs(144,13): warning SA1616: Element return value documentation should have text (https://github.com/DotNetAnalyzers/StyleCopAnalyzers/blob/master/documentation/SA1616.md) [D:\source\SkyCMS\Editor\Sky.Editor.csproj]
D:\source\SkyCMS\Editor\Areas\Identity\Pages\Account\Manage\EnableAuthenticator.cshtml.cs(34,13): warning SA1614: Element parameter documentation should have text (https://github.com/DotNetAnalyzers/StyleCopAnalyzers/blob/master/documentation/SA1614.md) [D:\source\SkyCMS\Editor\Sky.Editor.csproj]
D:\source\SkyCMS\Editor\Areas\Identity\Pages\Account\Manage\EnableAuthenticator.cshtml.cs(35,13): warning SA1614: Element parameter documentation should have text (https://github.com/DotNetAnalyzers/StyleCopAnalyzers/blob/master/documentation/SA1614.md) [D:\source\SkyCMS\Editor\Sky.Editor.csproj]
D:\source\SkyCMS\Editor\Areas\Identity\Pages\Account\Manage\EnableAuthenticator.cshtml.cs(36,13): warning SA1614: Element parameter documentation should have text (https://github.com/DotNetAnalyzers/StyleCopAnalyzers/blob/master/documentation/SA1614.md) [D:\source\SkyCMS\Editor\Sky.Editor.csproj]
D:\source\SkyCMS\Editor\Areas\Identity\Pages\Account\ConfirmEmailChange.cshtml.cs(31,13): warning SA1614: Element parameter documentation should have text (https://github.com/DotNetAnalyzers/StyleCopAnalyzers/blob/master/documentation/SA1614.md) [D:\source\SkyCMS\Editor\Sky.Editor.csproj]
D:\source\SkyCMS\Editor\Areas\Identity\Pages\Account\ConfirmEmailChange.cshtml.cs(32,13): warning SA1614: Element parameter documentation should have text (https://github.com/DotNetAnalyzers/StyleCopAnalyzers/blob/master/documentation/SA1614.md) [D:\source\SkyCMS\Editor\Sky.Editor.csproj]
D:\source\SkyCMS\Editor\Features\Articles\Create\CreateArticleValidator.cs(11,45): warning SA1600: Elements should be documented (https://github.com/DotNetAnalyzers/StyleCopAnalyzers/blob/master/documentation/SA1600.md) [D:\source\SkyCMS\Editor\Sky.Editor.csproj]
D:\source\SkyCMS\Editor\Features\Articles\CreateHomePage\CreateHomePageHandler.cs(69,33): warning RCS1155: Use StringComparison when comparing strings (https://josefpihrt.github.io/docs/roslynator/analyzers/RCS1155) [D:\source\SkyCMS\Editor\Sky.Editor.csproj]
D:\source\SkyCMS\Editor\Controllers\BaseController.cs(183,17): warning SA1503: Braces should not be omitted (https://github.com/DotNetAnalyzers/StyleCopAnalyzers/blob/master/documentation/SA1503.md) [D:\source\SkyCMS\Editor\Sky.Editor.csproj]
D:\source\SkyCMS\Editor\Controllers\TemplatesController.cs(121,38): warning RCS1155: Use StringComparison when comparing strings (https://josefpihrt.github.io/docs/roslynator/analyzers/RCS1155) [D:\source\SkyCMS\Editor\Sky.Editor.csproj]
D:\source\SkyCMS\Editor\Controllers\TemplatesController.cs(121,91): warning RCS1155: Use StringComparison when comparing strings (https://josefpihrt.github.io/docs/roslynator/analyzers/RCS1155) [D:\source\SkyCMS\Editor\Sky.Editor.csproj]
D:\source\SkyCMS\Editor\Areas\Identity\Pages\Account\Manage\EnableAuthenticator.cshtml.cs(142,13): warning SA1614: Element parameter documentation should have text (https://github.com/DotNetAnalyzers/StyleCopAnalyzers/blob/master/documentation/SA1614.md) [D:\source\SkyCMS\Editor\Sky.Editor.csproj]
D:\source\SkyCMS\Editor\Data\MigrationHelper.cs(276,47): warning SA1116: The parameters should begin on the line after the declaration, whenever the parameter span across multiple lines (https://github.com/DotNetAnalyzers/StyleCopAnalyzers/blob/master/documentation/SA1116.md) [D:\source\SkyCMS\Editor\Sky.Editor.csproj]
D:\source\SkyCMS\Editor\Data\MigrationHelper.cs(301,47): warning SA1116: The parameters should begin on the line after the declaration, whenever the parameter span across multiple lines (https://github.com/DotNetAnalyzers/StyleCopAnalyzers/blob/master/documentation/SA1116.md) [D:\source\SkyCMS\Editor\Sky.Editor.csproj]
D:\source\SkyCMS\Editor\Data\MigrationHelper.cs(329,47): warning SA1116: The parameters should begin on the line after the declaration, whenever the parameter span across multiple lines (https://github.com/DotNetAnalyzers/StyleCopAnalyzers/blob/master/documentation/SA1116.md) [D:\source\SkyCMS\Editor\Sky.Editor.csproj]
D:\source\SkyCMS\Editor\Data\MigrationHelper.cs(277,55): warning SA1117: The parameters should all be placed on the same line or each parameter should be placed on its own line. (https://github.com/DotNetAnalyzers/StyleCopAnalyzers/blob/master/documentation/SA1117.md) [D:\source\SkyCMS\Editor\Sky.Editor.csproj]
D:\source\SkyCMS\Editor\Data\MigrationHelper.cs(330,60): warning SA1117: The parameters should all be placed on the same line or each parameter should be placed on its own line. (https://github.com/DotNetAnalyzers/StyleCopAnalyzers/blob/master/documentation/SA1117.md) [D:\source\SkyCMS\Editor\Sky.Editor.csproj]
D:\source\SkyCMS\Editor\Features\Templates\GetList\GetTemplateListQueryHandler.cs(80,54): warning RCS1155: Use StringComparison when comparing strings (https://josefpihrt.github.io/docs/roslynator/analyzers/RCS1155) [D:\source\SkyCMS\Editor\Sky.Editor.csproj]
D:\source\SkyCMS\Editor\Features\Templates\GetList\GetTemplateListQueryHandler.cs(81,53): warning RCS1155: Use StringComparison when comparing strings (https://josefpihrt.github.io/docs/roslynator/analyzers/RCS1155) [D:\source\SkyCMS\Editor\Sky.Editor.csproj]
D:\source\SkyCMS\Editor\Controllers\LayoutImportConstants.cs(1,4): warning SA1638: File header file name documentation should match file name. (https://github.com/DotNetAnalyzers/StyleCopAnalyzers/blob/master/documentation/SA1638.md) [D:\source\SkyCMS\Editor\Sky.Editor.csproj]
D:\source\SkyCMS\Editor\Areas\Identity\Pages\Account\Manage\Email.cshtml.cs(35,13): warning SA1614: Element parameter documentation should have text (https://github.com/DotNetAnalyzers/StyleCopAnalyzers/blob/master/documentation/SA1614.md) [D:\source\SkyCMS\Editor\Sky.Editor.csproj]
D:\source\SkyCMS\Editor\Areas\Identity\Pages\Account\Manage\Email.cshtml.cs(36,13): warning SA1614: Element parameter documentation should have text (https://github.com/DotNetAnalyzers/StyleCopAnalyzers/blob/master/documentation/SA1614.md) [D:\source\SkyCMS\Editor\Sky.Editor.csproj]
D:\source\SkyCMS\Editor\Areas\Identity\Pages\Account\Manage\Email.cshtml.cs(41,13): warning SA1115: The parameter should begin on the line after the previous parameter. (https://github.com/DotNetAnalyzers/StyleCopAnalyzers/blob/master/documentation/SA1115.md) [D:\source\SkyCMS\Editor\Sky.Editor.csproj]
D:\source\SkyCMS\Editor\Areas\Identity\Pages\Account\Manage\Email.cshtml.cs(79,13): warning SA1614: Element parameter documentation should have text (https://github.com/DotNetAnalyzers/StyleCopAnalyzers/blob/master/documentation/SA1614.md) [D:\source\SkyCMS\Editor\Sky.Editor.csproj]
D:\source\SkyCMS\Editor\Controllers\PageImportConstants.cs(1,4): warning SA1638: File header file name documentation should match file name. (https://github.com/DotNetAnalyzers/StyleCopAnalyzers/blob/master/documentation/SA1638.md) [D:\source\SkyCMS\Editor\Sky.Editor.csproj]
D:\source\SkyCMS\Editor\Features\Templates\GetEditable\GetEditablePageDesignVersionHandler.cs(35,34): warning SA1611: The documentation for parameter 'dbContext' is missing (https://github.com/DotNetAnalyzers/StyleCopAnalyzers/blob/master/documentation/SA1611.md) [D:\source\SkyCMS\Editor\Sky.Editor.csproj]
D:\source\SkyCMS\Editor\Features\Templates\GetEditable\GetEditablePageDesignVersionHandler.cs(36,33): warning SA1611: The documentation for parameter 'htmlService' is missing (https://github.com/DotNetAnalyzers/StyleCopAnalyzers/blob/master/documentation/SA1611.md) [D:\source\SkyCMS\Editor\Sky.Editor.csproj]
D:\source\SkyCMS\Editor\Features\Templates\GetEditable\GetEditablePageDesignVersionHandler.cs(37,20): warning SA1611: The documentation for parameter 'clock' is missing (https://github.com/DotNetAnalyzers/StyleCopAnalyzers/blob/master/documentation/SA1611.md) [D:\source\SkyCMS\Editor\Sky.Editor.csproj]
D:\source\SkyCMS\Editor\Features\Templates\GetEditable\GetEditablePageDesignVersionHandler.cs(38,58): warning SA1611: The documentation for parameter 'logger' is missing (https://github.com/DotNetAnalyzers/StyleCopAnalyzers/blob/master/documentation/SA1611.md) [D:\source\SkyCMS\Editor\Sky.Editor.csproj]
D:\source\SkyCMS\Editor\Features\Articles\Restore\RestoreArticleValidator.cs(27,61): warning SA1611: The documentation for parameter 'dbContext' is missing (https://github.com/DotNetAnalyzers/StyleCopAnalyzers/blob/master/documentation/SA1611.md) [D:\source\SkyCMS\Editor\Sky.Editor.csproj]
D:\source\SkyCMS\Editor\Features\Articles\Restore\RestoreArticleValidator.cs(35,76): warning SA1611: The documentation for parameter 'command' is missing (https://github.com/DotNetAnalyzers/StyleCopAnalyzers/blob/master/documentation/SA1611.md) [D:\source\SkyCMS\Editor\Sky.Editor.csproj]
D:\source\SkyCMS\Editor\Features\Articles\Restore\RestoreArticleValidator.cs(35,16): warning SA1615: Element return value should be documented (https://github.com/DotNetAnalyzers/StyleCopAnalyzers/blob/master/documentation/SA1615.md) [D:\source\SkyCMS\Editor\Sky.Editor.csproj]
D:\source\SkyCMS\Editor\Areas\Identity\Pages\Account\Manage\DownloadPersonalData.cshtml.cs(32,13): warning SA1614: Element parameter documentation should have text (https://github.com/DotNetAnalyzers/StyleCopAnalyzers/blob/master/documentation/SA1614.md) [D:\source\SkyCMS\Editor\Sky.Editor.csproj]
D:\source\SkyCMS\Editor\Areas\Identity\Pages\Account\Manage\DownloadPersonalData.cshtml.cs(33,13): warning SA1614: Element parameter documentation should have text (https://github.com/DotNetAnalyzers/StyleCopAnalyzers/blob/master/documentation/SA1614.md) [D:\source\SkyCMS\Editor\Sky.Editor.csproj]
D:\source\SkyCMS\Editor\Features\Articles\Restore\RestoreArticleValidator.cs(51,35): warning SA1611: The documentation for parameter 'command' is missing (https://github.com/DotNetAnalyzers/StyleCopAnalyzers/blob/master/documentation/SA1611.md) [D:\source\SkyCMS\Editor\Sky.Editor.csproj]
D:\source\SkyCMS\Editor\Features\Articles\Restore\RestoreArticleValidator.cs(52,31): warning SA1611: The documentation for parameter 'ct' is missing (https://github.com/DotNetAnalyzers/StyleCopAnalyzers/blob/master/documentation/SA1611.md) [D:\source\SkyCMS\Editor\Sky.Editor.csproj]
D:\source\SkyCMS\Editor\Features\Articles\Restore\RestoreArticleValidator.cs(50,22): warning SA1615: Element return value should be documented (https://github.com/DotNetAnalyzers/StyleCopAnalyzers/blob/master/documentation/SA1615.md) [D:\source\SkyCMS\Editor\Sky.Editor.csproj]
D:\source\SkyCMS\Editor\Features\Articles\Restore\RestoreArticleHandler.cs(32,34): warning SA1611: The documentation for parameter 'dbContext' is missing (https://github.com/DotNetAnalyzers/StyleCopAnalyzers/blob/master/documentation/SA1611.md) [D:\source\SkyCMS\Editor\Sky.Editor.csproj]
D:\source\SkyCMS\Editor\Features\Articles\Restore\RestoreArticleHandler.cs(33,26): warning SA1611: The documentation for parameter 'slugService' is missing (https://github.com/DotNetAnalyzers/StyleCopAnalyzers/blob/master/documentation/SA1611.md) [D:\source\SkyCMS\Editor\Sky.Editor.csproj]
D:\source\SkyCMS\Editor\Features\Articles\Restore\RestoreArticleHandler.cs(34,44): warning SA1611: The documentation for parameter 'logger' is missing (https://github.com/DotNetAnalyzers/StyleCopAnalyzers/blob/master/documentation/SA1611.md) [D:\source\SkyCMS\Editor\Sky.Editor.csproj]
D:\source\SkyCMS\Editor\Features\Articles\Delete\DeleteArticleValidator.cs(26,60): warning SA1611: The documentation for parameter 'dbContext' is missing (https://github.com/DotNetAnalyzers/StyleCopAnalyzers/blob/master/documentation/SA1611.md) [D:\source\SkyCMS\Editor\Sky.Editor.csproj]
D:\source\SkyCMS\Editor\Areas\Identity\Pages\Account\Manage\DownloadPersonalData.cshtml.cs(54,35): warning SA1116: The parameters should begin on the line after the declaration, whenever the parameter span across multiple lines (https://github.com/DotNetAnalyzers/StyleCopAnalyzers/blob/master/documentation/SA1116.md) [D:\source\SkyCMS\Editor\Sky.Editor.csproj]
D:\source\SkyCMS\Editor\Features\Articles\Delete\DeleteArticleValidator.cs(34,75): warning SA1611: The documentation for parameter 'command' is missing (https://github.com/DotNetAnalyzers/StyleCopAnalyzers/blob/master/documentation/SA1611.md) [D:\source\SkyCMS\Editor\Sky.Editor.csproj]
D:\source\SkyCMS\Editor\Features\Articles\Delete\DeleteArticleValidator.cs(34,16): warning SA1615: Element return value should be documented (https://github.com/DotNetAnalyzers/StyleCopAnalyzers/blob/master/documentation/SA1615.md) [D:\source\SkyCMS\Editor\Sky.Editor.csproj]
D:\source\SkyCMS\Editor\Features\Articles\Delete\DeleteArticleValidator.cs(50,34): warning SA1611: The documentation for parameter 'command' is missing (https://github.com/DotNetAnalyzers/StyleCopAnalyzers/blob/master/documentation/SA1611.md) [D:\source\SkyCMS\Editor\Sky.Editor.csproj]
D:\source\SkyCMS\Editor\Features\Articles\Delete\DeleteArticleValidator.cs(51,31): warning SA1611: The documentation for parameter 'ct' is missing (https://github.com/DotNetAnalyzers/StyleCopAnalyzers/blob/master/documentation/SA1611.md) [D:\source\SkyCMS\Editor\Sky.Editor.csproj]
D:\source\SkyCMS\Editor\Features\Articles\Delete\DeleteArticleValidator.cs(49,22): warning SA1615: Element return value should be documented (https://github.com/DotNetAnalyzers/StyleCopAnalyzers/blob/master/documentation/SA1615.md) [D:\source\SkyCMS\Editor\Sky.Editor.csproj]
D:\source\SkyCMS\Editor\Services\Templates\TemplateService.cs(494,57): warning SA1503: Braces should not be omitted (https://github.com/DotNetAnalyzers/StyleCopAnalyzers/blob/master/documentation/SA1503.md) [D:\source\SkyCMS\Editor\Sky.Editor.csproj]
D:\source\SkyCMS\Editor\Areas\Identity\Pages\Account\Manage\Disable2fa.cshtml.cs(29,13): warning SA1614: Element parameter documentation should have text (https://github.com/DotNetAnalyzers/StyleCopAnalyzers/blob/master/documentation/SA1614.md) [D:\source\SkyCMS\Editor\Sky.Editor.csproj]
D:\source\SkyCMS\Editor\Areas\Identity\Pages\Account\Manage\Disable2fa.cshtml.cs(30,13): warning SA1614: Element parameter documentation should have text (https://github.com/DotNetAnalyzers/StyleCopAnalyzers/blob/master/documentation/SA1614.md) [D:\source\SkyCMS\Editor\Sky.Editor.csproj]
D:\source\SkyCMS\Editor\Areas\Identity\Pages\Account\Manage\Disable2fa.cshtml.cs(49,13): warning SA1627: The documentation text within the \'exception\' tag should not be empty. (https://github.com/DotNetAnalyzers/StyleCopAnalyzers/blob/master/documentation/SA1627.md) [D:\source\SkyCMS\Editor\Sky.Editor.csproj]
D:\source\SkyCMS\Editor\Features\Articles\Publish\PublishArticleHandler.cs(35,34): warning SA1611: The documentation for parameter 'dbContext' is missing (https://github.com/DotNetAnalyzers/StyleCopAnalyzers/blob/master/documentation/SA1611.md) [D:\source\SkyCMS\Editor\Sky.Editor.csproj]
D:\source\SkyCMS\Editor\Features\Articles\Publish\PublishArticleHandler.cs(36,20): warning SA1611: The documentation for parameter 'clock' is missing (https://github.com/DotNetAnalyzers/StyleCopAnalyzers/blob/master/documentation/SA1611.md) [D:\source\SkyCMS\Editor\Sky.Editor.csproj]
D:\source\SkyCMS\Editor\Features\Articles\Publish\PublishArticleHandler.cs(37,32): warning SA1611: The documentation for parameter 'publishingService' is missing (https://github.com/DotNetAnalyzers/StyleCopAnalyzers/blob/master/documentation/SA1611.md) [D:\source\SkyCMS\Editor\Sky.Editor.csproj]
D:\source\SkyCMS\Editor\Features\Articles\Publish\PublishArticleHandler.cs(38,29): warning SA1611: The documentation for parameter 'catalogService' is missing (https://github.com/DotNetAnalyzers/StyleCopAnalyzers/blob/master/documentation/SA1611.md) [D:\source\SkyCMS\Editor\Sky.Editor.csproj]
D:\source\SkyCMS\Editor\Features\Articles\Publish\PublishArticleHandler.cs(39,44): warning SA1611: The documentation for parameter 'logger' is missing (https://github.com/DotNetAnalyzers/StyleCopAnalyzers/blob/master/documentation/SA1611.md) [D:\source\SkyCMS\Editor\Sky.Editor.csproj]
D:\source\SkyCMS\Editor\Features\Articles\Restore\RestoreArticleHandler.cs(44,82): warning SA1611: The documentation for parameter 'command' is missing (https://github.com/DotNetAnalyzers/StyleCopAnalyzers/blob/master/documentation/SA1611.md) [D:\source\SkyCMS\Editor\Sky.Editor.csproj]
D:\source\SkyCMS\Editor\Features\Articles\Restore\RestoreArticleHandler.cs(44,109): warning SA1611: The documentation for parameter 'cancellationToken' is missing (https://github.com/DotNetAnalyzers/StyleCopAnalyzers/blob/master/documentation/SA1611.md) [D:\source\SkyCMS\Editor\Sky.Editor.csproj]
D:\source\SkyCMS\Editor\Areas\Identity\Pages\Account\Manage\Disable2fa.cshtml.cs(71,13): warning SA1627: The documentation text within the \'exception\' tag should not be empty. (https://github.com/DotNetAnalyzers/StyleCopAnalyzers/blob/master/documentation/SA1627.md) [D:\source\SkyCMS\Editor\Sky.Editor.csproj]
D:\source\SkyCMS\Editor\Features\Articles\Restore\RestoreArticleHandler.cs(44,22): warning SA1615: Element return value should be documented (https://github.com/DotNetAnalyzers/StyleCopAnalyzers/blob/master/documentation/SA1615.md) [D:\source\SkyCMS\Editor\Sky.Editor.csproj]
D:\source\SkyCMS\Editor\Features\Articles\Publish\PublishArticleHandler.cs(51,105): warning SA1611: The documentation for parameter 'command' is missing (https://github.com/DotNetAnalyzers/StyleCopAnalyzers/blob/master/documentation/SA1611.md) [D:\source\SkyCMS\Editor\Sky.Editor.csproj]
D:\source\SkyCMS\Editor\Features\Articles\Publish\PublishArticleHandler.cs(51,132): warning SA1611: The documentation for parameter 'cancellationToken' is missing (https://github.com/DotNetAnalyzers/StyleCopAnalyzers/blob/master/documentation/SA1611.md) [D:\source\SkyCMS\Editor\Sky.Editor.csproj]
D:\source\SkyCMS\Editor\Features\Articles\Publish\PublishArticleHandler.cs(51,22): warning SA1615: Element return value should be documented (https://github.com/DotNetAnalyzers/StyleCopAnalyzers/blob/master/documentation/SA1615.md) [D:\source\SkyCMS\Editor\Sky.Editor.csproj]
D:\source\SkyCMS\Editor\Areas\Identity\Pages\Account\Manage\DeletePersonalData.cshtml.cs(31,13): warning SA1614: Element parameter documentation should have text (https://github.com/DotNetAnalyzers/StyleCopAnalyzers/blob/master/documentation/SA1614.md) [D:\source\SkyCMS\Editor\Sky.Editor.csproj]
D:\source\SkyCMS\Editor\Areas\Identity\Pages\Account\Manage\DeletePersonalData.cshtml.cs(32,13): warning SA1614: Element parameter documentation should have text (https://github.com/DotNetAnalyzers/StyleCopAnalyzers/blob/master/documentation/SA1614.md) [D:\source\SkyCMS\Editor\Sky.Editor.csproj]
D:\source\SkyCMS\Editor\Areas\Identity\Pages\Account\Manage\DeletePersonalData.cshtml.cs(33,13): warning SA1614: Element parameter documentation should have text (https://github.com/DotNetAnalyzers/StyleCopAnalyzers/blob/master/documentation/SA1614.md) [D:\source\SkyCMS\Editor\Sky.Editor.csproj]
D:\source\SkyCMS\Editor\Areas\Identity\Pages\Account\Manage\DeletePersonalData.cshtml.cs(75,13): warning SA1627: The documentation text within the \'exception\' tag should not be empty. (https://github.com/DotNetAnalyzers/StyleCopAnalyzers/blob/master/documentation/SA1627.md) [D:\source\SkyCMS\Editor\Sky.Editor.csproj]
D:\source\SkyCMS\Editor\Controllers\TemplatesController.cs(196,43): warning RCS1155: Use StringComparison when comparing strings (https://josefpihrt.github.io/docs/roslynator/analyzers/RCS1155) [D:\source\SkyCMS\Editor\Sky.Editor.csproj]
D:\source\SkyCMS\Editor\Controllers\EditorController.cs(284,85): warning RCS1155: Use StringComparison when comparing strings (https://josefpihrt.github.io/docs/roslynator/analyzers/RCS1155) [D:\source\SkyCMS\Editor\Sky.Editor.csproj]
D:\source\SkyCMS\Editor\Controllers\EditorController.cs(284,138): warning RCS1155: Use StringComparison when comparing strings (https://josefpihrt.github.io/docs/roslynator/analyzers/RCS1155) [D:\source\SkyCMS\Editor\Sky.Editor.csproj]
D:\source\SkyCMS\Editor\Areas\Identity\Pages\Account\LoginWithRecoveryCode.cshtml.cs(32,13): warning SA1614: Element parameter documentation should have text (https://github.com/DotNetAnalyzers/StyleCopAnalyzers/blob/master/documentation/SA1614.md) [D:\source\SkyCMS\Editor\Sky.Editor.csproj]
D:\source\SkyCMS\Editor\Areas\Identity\Pages\Account\LoginWithRecoveryCode.cshtml.cs(33,13): warning SA1614: Element parameter documentation should have text (https://github.com/DotNetAnalyzers/StyleCopAnalyzers/blob/master/documentation/SA1614.md) [D:\source\SkyCMS\Editor\Sky.Editor.csproj]
D:\source\SkyCMS\Editor\Areas\Identity\Pages\Account\LoginWithRecoveryCode.cshtml.cs(34,43): warning SA1116: The parameters should begin on the line after the declaration, whenever the parameter span across multiple lines (https://github.com/DotNetAnalyzers/StyleCopAnalyzers/blob/master/documentation/SA1116.md) [D:\source\SkyCMS\Editor\Sky.Editor.csproj]
D:\source\SkyCMS\Editor\Areas\Identity\Pages\Account\LoginWithRecoveryCode.cshtml.cs(55,13): warning SA1614: Element parameter documentation should have text (https://github.com/DotNetAnalyzers/StyleCopAnalyzers/blob/master/documentation/SA1614.md) [D:\source\SkyCMS\Editor\Sky.Editor.csproj]
D:\source\SkyCMS\Editor\Areas\Identity\Pages\Account\LoginWithRecoveryCode.cshtml.cs(57,13): warning SA1627: The documentation text within the \'exception\' tag should not be empty. (https://github.com/DotNetAnalyzers/StyleCopAnalyzers/blob/master/documentation/SA1627.md) [D:\source\SkyCMS\Editor\Sky.Editor.csproj]
D:\source\SkyCMS\Editor\Areas\Identity\Pages\Account\LoginWith2fa.cshtml.cs(36,13): warning SA1614: Element parameter documentation should have text (https://github.com/DotNetAnalyzers/StyleCopAnalyzers/blob/master/documentation/SA1614.md) [D:\source\SkyCMS\Editor\Sky.Editor.csproj]
D:\source\SkyCMS\Editor\Areas\Identity\Pages\Account\LoginWithRecoveryCode.cshtml.cs(75,13): warning SA1614: Element parameter documentation should have text (https://github.com/DotNetAnalyzers/StyleCopAnalyzers/blob/master/documentation/SA1614.md) [D:\source\SkyCMS\Editor\Sky.Editor.csproj]
D:\source\SkyCMS\Editor\Areas\Identity\Pages\Account\LoginWithRecoveryCode.cshtml.cs(77,13): warning SA1627: The documentation text within the \'exception\' tag should not be empty. (https://github.com/DotNetAnalyzers/StyleCopAnalyzers/blob/master/documentation/SA1627.md) [D:\source\SkyCMS\Editor\Sky.Editor.csproj]
D:\source\SkyCMS\Editor\Features\Articles\Publish\PublishArticleValidator.cs(57,35): warning SA1611: The documentation for parameter 'command' is missing (https://github.com/DotNetAnalyzers/StyleCopAnalyzers/blob/master/documentation/SA1611.md) [D:\source\SkyCMS\Editor\Sky.Editor.csproj]
D:\source\SkyCMS\Editor\Features\Articles\Publish\PublishArticleValidator.cs(58,31): warning SA1611: The documentation for parameter 'ct' is missing (https://github.com/DotNetAnalyzers/StyleCopAnalyzers/blob/master/documentation/SA1611.md) [D:\source\SkyCMS\Editor\Sky.Editor.csproj]
D:\source\SkyCMS\Editor\Features\Articles\Publish\PublishArticleValidator.cs(56,22): warning SA1615: Element return value should be documented (https://github.com/DotNetAnalyzers/StyleCopAnalyzers/blob/master/documentation/SA1615.md) [D:\source\SkyCMS\Editor\Sky.Editor.csproj]
D:\source\SkyCMS\Editor\Areas\Identity\Pages\Account\LoginWith2fa.cshtml.cs(63,13): warning SA1614: Element parameter documentation should have text (https://github.com/DotNetAnalyzers/StyleCopAnalyzers/blob/master/documentation/SA1614.md) [D:\source\SkyCMS\Editor\Sky.Editor.csproj]
D:\source\SkyCMS\Editor\Areas\Identity\Pages\Account\LoginWith2fa.cshtml.cs(64,13): warning SA1614: Element parameter documentation should have text (https://github.com/DotNetAnalyzers/StyleCopAnalyzers/blob/master/documentation/SA1614.md) [D:\source\SkyCMS\Editor\Sky.Editor.csproj]
D:\source\SkyCMS\Editor\Areas\Identity\Pages\Account\LoginWith2fa.cshtml.cs(66,13): warning SA1627: The documentation text within the \'exception\' tag should not be empty. (https://github.com/DotNetAnalyzers/StyleCopAnalyzers/blob/master/documentation/SA1627.md) [D:\source\SkyCMS\Editor\Sky.Editor.csproj]
D:\source\SkyCMS\Editor\Areas\Identity\Pages\Account\LoginWith2fa.cshtml.cs(86,13): warning SA1614: Element parameter documentation should have text (https://github.com/DotNetAnalyzers/StyleCopAnalyzers/blob/master/documentation/SA1614.md) [D:\source\SkyCMS\Editor\Sky.Editor.csproj]
D:\source\SkyCMS\Editor\Areas\Identity\Pages\Account\LoginWith2fa.cshtml.cs(87,13): warning SA1614: Element parameter documentation should have text (https://github.com/DotNetAnalyzers/StyleCopAnalyzers/blob/master/documentation/SA1614.md) [D:\source\SkyCMS\Editor\Sky.Editor.csproj]
D:\source\SkyCMS\Editor\Areas\Identity\Pages\Account\LoginWith2fa.cshtml.cs(89,13): warning SA1627: The documentation text within the \'exception\' tag should not be empty. (https://github.com/DotNetAnalyzers/StyleCopAnalyzers/blob/master/documentation/SA1627.md) [D:\source\SkyCMS\Editor\Sky.Editor.csproj]
D:\source\SkyCMS\Editor\Areas\Identity\Pages\Account\LoginWith2fa.cshtml.cs(109,21): warning SA1117: The parameters should all be placed on the same line or each parameter should be placed on its own line. (https://github.com/DotNetAnalyzers/StyleCopAnalyzers/blob/master/documentation/SA1117.md) [D:\source\SkyCMS\Editor\Sky.Editor.csproj]
D:\source\SkyCMS\Editor\Areas\Identity\Pages\Account\ExternalLogin.cshtml.cs(88,13): warning SA1616: Element return value documentation should have text (https://github.com/DotNetAnalyzers/StyleCopAnalyzers/blob/master/documentation/SA1616.md) [D:\source\SkyCMS\Editor\Sky.Editor.csproj]
D:\source\SkyCMS\Editor\Services\Templates\TemplateService.cs(857,44): warning SA1503: Braces should not be omitted (https://github.com/DotNetAnalyzers/StyleCopAnalyzers/blob/master/documentation/SA1503.md) [D:\source\SkyCMS\Editor\Sky.Editor.csproj]
D:\source\SkyCMS\Editor\Areas\Identity\Pages\Account\ExternalLogin.cshtml.cs(97,13): warning SA1614: Element parameter documentation should have text (https://github.com/DotNetAnalyzers/StyleCopAnalyzers/blob/master/documentation/SA1614.md) [D:\source\SkyCMS\Editor\Sky.Editor.csproj]
D:\source\SkyCMS\Editor\Areas\Identity\Pages\Account\ExternalLogin.cshtml.cs(98,13): warning SA1614: Element parameter documentation should have text (https://github.com/DotNetAnalyzers/StyleCopAnalyzers/blob/master/documentation/SA1614.md) [D:\source\SkyCMS\Editor\Sky.Editor.csproj]
D:\source\SkyCMS\Editor\Areas\Identity\Pages\Account\ExternalLogin.cshtml.cs(99,13): warning SA1616: Element return value documentation should have text (https://github.com/DotNetAnalyzers/StyleCopAnalyzers/blob/master/documentation/SA1616.md) [D:\source\SkyCMS\Editor\Sky.Editor.csproj]
D:\source\SkyCMS\Editor\Areas\Identity\Pages\Account\ExternalLogin.cshtml.cs(122,13): warning SA1614: Element parameter documentation should have text (https://github.com/DotNetAnalyzers/StyleCopAnalyzers/blob/master/documentation/SA1614.md) [D:\source\SkyCMS\Editor\Sky.Editor.csproj]
D:\source\SkyCMS\Editor\Areas\Identity\Pages\Account\ExternalLogin.cshtml.cs(123,13): warning SA1614: Element parameter documentation should have text (https://github.com/DotNetAnalyzers/StyleCopAnalyzers/blob/master/documentation/SA1614.md) [D:\source\SkyCMS\Editor\Sky.Editor.csproj]
D:\source\SkyCMS\Editor\Areas\Identity\Pages\Account\ExternalLogin.cshtml.cs(148,21): warning SA1117: The parameters should all be placed on the same line or each parameter should be placed on its own line. (https://github.com/DotNetAnalyzers/StyleCopAnalyzers/blob/master/documentation/SA1117.md) [D:\source\SkyCMS\Editor\Sky.Editor.csproj]
D:\source\SkyCMS\Editor\Controllers\TemplatesController.cs(377,54): warning SA1116: The parameters should begin on the line after the declaration, whenever the parameter span across multiple lines (https://github.com/DotNetAnalyzers/StyleCopAnalyzers/blob/master/documentation/SA1116.md) [D:\source\SkyCMS\Editor\Sky.Editor.csproj]
D:\source\SkyCMS\Editor\Controllers\TemplatesController.cs(396,50): warning SA1116: The parameters should begin on the line after the declaration, whenever the parameter span across multiple lines (https://github.com/DotNetAnalyzers/StyleCopAnalyzers/blob/master/documentation/SA1116.md) [D:\source\SkyCMS\Editor\Sky.Editor.csproj]
D:\source\SkyCMS\Editor\Areas\Identity\Pages\Account\ExternalLogin.cshtml.cs(187,13): warning SA1614: Element parameter documentation should have text (https://github.com/DotNetAnalyzers/StyleCopAnalyzers/blob/master/documentation/SA1614.md) [D:\source\SkyCMS\Editor\Sky.Editor.csproj]
D:\source\SkyCMS\Editor\Areas\Identity\Pages\Account\ExternalLogin.cshtml.cs(234,29): warning SA1117: The parameters should all be placed on the same line or each parameter should be placed on its own line. (https://github.com/DotNetAnalyzers/StyleCopAnalyzers/blob/master/documentation/SA1117.md) [D:\source\SkyCMS\Editor\Sky.Editor.csproj]
D:\source\SkyCMS\Editor\Areas\Setup\Pages\Step2_AdminAccount.cshtml.cs(140,35): warning SA1116: The parameters should begin on the line after the declaration, whenever the parameter span across multiple lines (https://github.com/DotNetAnalyzers/StyleCopAnalyzers/blob/master/documentation/SA1116.md) [D:\source\SkyCMS\Editor\Sky.Editor.csproj]
D:\source\SkyCMS\Editor\Areas\Setup\Pages\Step2_AdminAccount.cshtml.cs(160,45): warning SA1116: The parameters should begin on the line after the declaration, whenever the parameter span across multiple lines (https://github.com/DotNetAnalyzers/StyleCopAnalyzers/blob/master/documentation/SA1116.md) [D:\source\SkyCMS\Editor\Sky.Editor.csproj]
D:\source\SkyCMS\Editor\Areas\Setup\Pages\Step2_AdminAccount.cshtml.cs(141,26): warning SA1117: The parameters should all be placed on the same line or each parameter should be placed on its own line. (https://github.com/DotNetAnalyzers/StyleCopAnalyzers/blob/master/documentation/SA1117.md) [D:\source\SkyCMS\Editor\Sky.Editor.csproj]
D:\source\SkyCMS\Editor\Areas\Setup\Pages\Step2_AdminAccount.cshtml.cs(161,38): warning SA1117: The parameters should all be placed on the same line or each parameter should be placed on its own line. (https://github.com/DotNetAnalyzers/StyleCopAnalyzers/blob/master/documentation/SA1117.md) [D:\source\SkyCMS\Editor\Sky.Editor.csproj]
D:\source\SkyCMS\Editor\Controllers\FileManagerController.cs(227,134): warning RCS1155: Use StringComparison when comparing strings (https://josefpihrt.github.io/docs/roslynator/analyzers/RCS1155) [D:\source\SkyCMS\Editor\Sky.Editor.csproj]
D:\source\SkyCMS\Editor\Services\Migrations\Definitions\M002_AddIdentityPasskeys.cs(54,30): warning SA1117: The parameters should all be placed on the same line or each parameter should be placed on its own line. (https://github.com/DotNetAnalyzers/StyleCopAnalyzers/blob/master/documentation/SA1117.md) [D:\source\SkyCMS\Editor\Sky.Editor.csproj]
D:\source\SkyCMS\Editor\Services\Migrations\Definitions\M002_AddIdentityPasskeys.cs(80,30): warning SA1117: The parameters should all be placed on the same line or each parameter should be placed on its own line. (https://github.com/DotNetAnalyzers/StyleCopAnalyzers/blob/master/documentation/SA1117.md) [D:\source\SkyCMS\Editor\Sky.Editor.csproj]
D:\source\SkyCMS\Editor\Services\ReservedPaths\ReservedPaths.cs(41,54): warning RCS1155: Use StringComparison when comparing strings (https://josefpihrt.github.io/docs/roslynator/analyzers/RCS1155) [D:\source\SkyCMS\Editor\Sky.Editor.csproj]
D:\source\SkyCMS\Editor\Services\Migrations\Definitions\M002_AddIdentityPasskeys.cs(170,17): warning SA1118: The parameter spans multiple lines (https://github.com/DotNetAnalyzers/StyleCopAnalyzers/blob/master/documentation/SA1118.md) [D:\source\SkyCMS\Editor\Sky.Editor.csproj]
D:\source\SkyCMS\Editor\Services\Migrations\Definitions\M002_AddIdentityPasskeys.cs(199,21): warning SA1118: The parameter spans multiple lines (https://github.com/DotNetAnalyzers/StyleCopAnalyzers/blob/master/documentation/SA1118.md) [D:\source\SkyCMS\Editor\Sky.Editor.csproj]
D:\source\SkyCMS\Editor\Services\Migrations\Definitions\M002_AddIdentityPasskeys.cs(216,21): warning SA1118: The parameter spans multiple lines (https://github.com/DotNetAnalyzers/StyleCopAnalyzers/blob/master/documentation/SA1118.md) [D:\source\SkyCMS\Editor\Sky.Editor.csproj]
D:\source\SkyCMS\Editor\Services\Migrations\Definitions\M002_AddIdentityPasskeys.cs(227,21): warning SA1118: The parameter spans multiple lines (https://github.com/DotNetAnalyzers/StyleCopAnalyzers/blob/master/documentation/SA1118.md) [D:\source\SkyCMS\Editor\Sky.Editor.csproj]
D:\source\SkyCMS\Editor\Areas\Setup\Pages\Step1_Storage.cshtml.cs(148,35): warning SA1116: The parameters should begin on the line after the declaration, whenever the parameter span across multiple lines (https://github.com/DotNetAnalyzers/StyleCopAnalyzers/blob/master/documentation/SA1116.md) [D:\source\SkyCMS\Editor\Sky.Editor.csproj]
D:\source\SkyCMS\Editor\Areas\Setup\Pages\Step1_Storage.cshtml.cs(168,45): warning SA1116: The parameters should begin on the line after the declaration, whenever the parameter span across multiple lines (https://github.com/DotNetAnalyzers/StyleCopAnalyzers/blob/master/documentation/SA1116.md) [D:\source\SkyCMS\Editor\Sky.Editor.csproj]
D:\source\SkyCMS\Editor\Areas\Setup\Pages\Step1_Storage.cshtml.cs(149,26): warning SA1117: The parameters should all be placed on the same line or each parameter should be placed on its own line. (https://github.com/DotNetAnalyzers/StyleCopAnalyzers/blob/master/documentation/SA1117.md) [D:\source\SkyCMS\Editor\Sky.Editor.csproj]
D:\source\SkyCMS\Editor\Areas\Setup\Pages\Step1_Storage.cshtml.cs(169,38): warning SA1117: The parameters should all be placed on the same line or each parameter should be placed on its own line. (https://github.com/DotNetAnalyzers/StyleCopAnalyzers/blob/master/documentation/SA1117.md) [D:\source\SkyCMS\Editor\Sky.Editor.csproj]
D:\source\SkyCMS\Editor\Services\Migrations\Definitions\M001_AddLayoutNumber.cs(71,30): warning SA1117: The parameters should all be placed on the same line or each parameter should be placed on its own line. (https://github.com/DotNetAnalyzers/StyleCopAnalyzers/blob/master/documentation/SA1117.md) [D:\source\SkyCMS\Editor\Sky.Editor.csproj]
D:\source\SkyCMS\Editor\Services\Migrations\Definitions\M001_AddLayoutNumber.cs(97,30): warning SA1117: The parameters should all be placed on the same line or each parameter should be placed on its own line. (https://github.com/DotNetAnalyzers/StyleCopAnalyzers/blob/master/documentation/SA1117.md) [D:\source\SkyCMS\Editor\Sky.Editor.csproj]
D:\source\SkyCMS\Editor\Services\Migrations\Definitions\M001_AddLayoutNumber.cs(103,39): warning SA1116: The parameters should begin on the line after the declaration, whenever the parameter span across multiple lines (https://github.com/DotNetAnalyzers/StyleCopAnalyzers/blob/master/documentation/SA1116.md) [D:\source\SkyCMS\Editor\Sky.Editor.csproj]
D:\source\SkyCMS\Editor\Services\Migrations\Definitions\M001_AddLayoutNumber.cs(104,30): warning SA1117: The parameters should all be placed on the same line or each parameter should be placed on its own line. (https://github.com/DotNetAnalyzers/StyleCopAnalyzers/blob/master/documentation/SA1117.md) [D:\source\SkyCMS\Editor\Sky.Editor.csproj]
D:\source\SkyCMS\Editor\Controllers\FileManagerController.cs(253,155): warning SA1611: The documentation for parameter 'pageSize' is missing (https://github.com/DotNetAnalyzers/StyleCopAnalyzers/blob/master/documentation/SA1611.md) [D:\source\SkyCMS\Editor\Sky.Editor.csproj]
D:\source\SkyCMS\Editor\Controllers\FileManagerController.cs(247,26): warning SA1612: The parameter documentation for 'isNewSession' should be at position 9. (https://github.com/DotNetAnalyzers/StyleCopAnalyzers/blob/master/documentation/SA1612.md) [D:\source\SkyCMS\Editor\Sky.Editor.csproj]
D:\source\SkyCMS\Editor\Controllers\FileManagerController.cs(250,13): warning SA1625: Element documentation should not be copied and pasted (https://github.com/DotNetAnalyzers/StyleCopAnalyzers/blob/master/documentation/SA1625.md) [D:\source\SkyCMS\Editor\Sky.Editor.csproj]
D:\source\SkyCMS\Editor\Data\ApplicationDbContextFactory.cs(1,1): warning SA1633: The file header is missing or not located at the top of the file. (https://github.com/DotNetAnalyzers/StyleCopAnalyzers/blob/master/documentation/SA1633.md) [D:\source\SkyCMS\Editor\Sky.Editor.csproj]
D:\source\SkyCMS\Editor\Services\Migrations\MigrationService.cs(171,35): warning SA1116: The parameters should begin on the line after the declaration, whenever the parameter span across multiple lines (https://github.com/DotNetAnalyzers/StyleCopAnalyzers/blob/master/documentation/SA1116.md) [D:\source\SkyCMS\Editor\Sky.Editor.csproj]
D:\source\SkyCMS\Editor\Services\Migrations\MigrationService.cs(190,39): warning SA1116: The parameters should begin on the line after the declaration, whenever the parameter span across multiple lines (https://github.com/DotNetAnalyzers/StyleCopAnalyzers/blob/master/documentation/SA1116.md) [D:\source\SkyCMS\Editor\Sky.Editor.csproj]
D:\source\SkyCMS\Editor\Services\Migrations\MigrationService.cs(195,33): warning SA1116: The parameters should begin on the line after the declaration, whenever the parameter span across multiple lines (https://github.com/DotNetAnalyzers/StyleCopAnalyzers/blob/master/documentation/SA1116.md) [D:\source\SkyCMS\Editor\Sky.Editor.csproj]
D:\source\SkyCMS\Editor\Services\Migrations\MigrationService.cs(172,40): warning SA1117: The parameters should all be placed on the same line or each parameter should be placed on its own line. (https://github.com/DotNetAnalyzers/StyleCopAnalyzers/blob/master/documentation/SA1117.md) [D:\source\SkyCMS\Editor\Sky.Editor.csproj]
D:\source\SkyCMS\Editor\Services\Migrations\MigrationService.cs(197,44): warning SA1117: The parameters should all be placed on the same line or each parameter should be placed on its own line. (https://github.com/DotNetAnalyzers/StyleCopAnalyzers/blob/master/documentation/SA1117.md) [D:\source\SkyCMS\Editor\Sky.Editor.csproj]
D:\source\SkyCMS\Editor\Services\Publishing\PublishingService.cs(550,39): warning SA1116: The parameters should begin on the line after the declaration, whenever the parameter span across multiple lines (https://github.com/DotNetAnalyzers/StyleCopAnalyzers/blob/master/documentation/SA1116.md) [D:\source\SkyCMS\Editor\Sky.Editor.csproj]
D:\source\SkyCMS\Editor\Services\Publishing\PublishingService.cs(559,37): warning SA1116: The parameters should begin on the line after the declaration, whenever the parameter span across multiple lines (https://github.com/DotNetAnalyzers/StyleCopAnalyzers/blob/master/documentation/SA1116.md) [D:\source\SkyCMS\Editor\Sky.Editor.csproj]
D:\source\SkyCMS\Editor\Services\Publishing\PublishingService.cs(543,38): warning SA1117: The parameters should all be placed on the same line or each parameter should be placed on its own line. (https://github.com/DotNetAnalyzers/StyleCopAnalyzers/blob/master/documentation/SA1117.md) [D:\source\SkyCMS\Editor\Sky.Editor.csproj]
D:\source\SkyCMS\Editor\Services\Publishing\PublishingService.cs(552,34): warning SA1117: The parameters should all be placed on the same line or each parameter should be placed on its own line. (https://github.com/DotNetAnalyzers/StyleCopAnalyzers/blob/master/documentation/SA1117.md) [D:\source\SkyCMS\Editor\Sky.Editor.csproj]
D:\source\SkyCMS\Editor\Services\Publishing\PublishingService.cs(561,34): warning SA1117: The parameters should all be placed on the same line or each parameter should be placed on its own line. (https://github.com/DotNetAnalyzers/StyleCopAnalyzers/blob/master/documentation/SA1117.md) [D:\source\SkyCMS\Editor\Sky.Editor.csproj]
D:\source\SkyCMS\Editor\Services\Publishing\PublishingService.cs(579,48): warning SA1108: Block statements should not contain embedded comments (https://github.com/DotNetAnalyzers/StyleCopAnalyzers/blob/master/documentation/SA1108.md) [D:\source\SkyCMS\Editor\Sky.Editor.csproj]
D:\source\SkyCMS\Editor\Services\Setup\SetupService.cs(780,21): warning SA1503: Braces should not be omitted (https://github.com/DotNetAnalyzers/StyleCopAnalyzers/blob/master/documentation/SA1503.md) [D:\source\SkyCMS\Editor\Sky.Editor.csproj]
D:\source\SkyCMS\Editor\Services\Publishing\IPublishingService.cs(42,9): warning SA1614: Element parameter documentation should have text (https://github.com/DotNetAnalyzers/StyleCopAnalyzers/blob/master/documentation/SA1614.md) [D:\source\SkyCMS\Editor\Sky.Editor.csproj]
D:\source\SkyCMS\Editor\Services\Setup\SetupService.cs(1715,87): warning RCS1155: Use StringComparison when comparing strings (https://josefpihrt.github.io/docs/roslynator/analyzers/RCS1155) [D:\source\SkyCMS\Editor\Sky.Editor.csproj]
D:\source\SkyCMS\Editor\Areas\Setup\Pages\Step3_Publisher.cshtml.cs(178,35): warning SA1116: The parameters should begin on the line after the declaration, whenever the parameter span across multiple lines (https://github.com/DotNetAnalyzers/StyleCopAnalyzers/blob/master/documentation/SA1116.md) [D:\source\SkyCMS\Editor\Sky.Editor.csproj]
D:\source\SkyCMS\Editor\Areas\Setup\Pages\Step3_Publisher.cshtml.cs(198,45): warning SA1116: The parameters should begin on the line after the declaration, whenever the parameter span across multiple lines (https://github.com/DotNetAnalyzers/StyleCopAnalyzers/blob/master/documentation/SA1116.md) [D:\source\SkyCMS\Editor\Sky.Editor.csproj]
D:\source\SkyCMS\Editor\Areas\Setup\Pages\Step3_Publisher.cshtml.cs(179,26): warning SA1117: The parameters should all be placed on the same line or each parameter should be placed on its own line. (https://github.com/DotNetAnalyzers/StyleCopAnalyzers/blob/master/documentation/SA1117.md) [D:\source\SkyCMS\Editor\Sky.Editor.csproj]
D:\source\SkyCMS\Editor\Areas\Setup\Pages\Step3_Publisher.cshtml.cs(199,38): warning SA1117: The parameters should all be placed on the same line or each parameter should be placed on its own line. (https://github.com/DotNetAnalyzers/StyleCopAnalyzers/blob/master/documentation/SA1117.md) [D:\source\SkyCMS\Editor\Sky.Editor.csproj]
D:\source\SkyCMS\Editor\Data\Logic\LayoutUtilities.cs(285,18): warning SA1402: File may only contain a single type (https://github.com/DotNetAnalyzers/StyleCopAnalyzers/blob/master/documentation/SA1402.md) [D:\source\SkyCMS\Editor\Sky.Editor.csproj]
D:\source\SkyCMS\Editor\Data\Logic\LayoutUtilities.cs(316,18): warning SA1402: File may only contain a single type (https://github.com/DotNetAnalyzers/StyleCopAnalyzers/blob/master/documentation/SA1402.md) [D:\source\SkyCMS\Editor\Sky.Editor.csproj]
D:\source\SkyCMS\Editor\Data\Logic\LayoutUtilities.cs(343,18): warning SA1402: File may only contain a single type (https://github.com/DotNetAnalyzers/StyleCopAnalyzers/blob/master/documentation/SA1402.md) [D:\source\SkyCMS\Editor\Sky.Editor.csproj]
D:\source\SkyCMS\Editor\Data\Logic\LayoutUtilities.cs(354,18): warning SA1402: File may only contain a single type (https://github.com/DotNetAnalyzers/StyleCopAnalyzers/blob/master/documentation/SA1402.md) [D:\source\SkyCMS\Editor\Sky.Editor.csproj]
D:\source\SkyCMS\Editor\Areas\Setup\Pages\Step4_Email.cshtml.cs(276,35): warning SA1116: The parameters should begin on the line after the declaration, whenever the parameter span across multiple lines (https://github.com/DotNetAnalyzers/StyleCopAnalyzers/blob/master/documentation/SA1116.md) [D:\source\SkyCMS\Editor\Sky.Editor.csproj]
D:\source\SkyCMS\Editor\Areas\Setup\Pages\Step4_Email.cshtml.cs(277,26): warning SA1117: The parameters should all be placed on the same line or each parameter should be placed on its own line. (https://github.com/DotNetAnalyzers/StyleCopAnalyzers/blob/master/documentation/SA1117.md) [D:\source\SkyCMS\Editor\Sky.Editor.csproj]
D:\source\SkyCMS\Editor\Services\Setup\MultiTenantSetupService.cs(47,34): warning SA1611: The documentation for parameter 'applicationDbContext' is missing (https://github.com/DotNetAnalyzers/StyleCopAnalyzers/blob/master/documentation/SA1611.md) [D:\source\SkyCMS\Editor\Sky.Editor.csproj]
D:\source\SkyCMS\Editor\Services\Setup\MultiTenantSetupService.cs(48,36): warning SA1611: The documentation for parameter 'configDbContext' is missing (https://github.com/DotNetAnalyzers/StyleCopAnalyzers/blob/master/documentation/SA1611.md) [D:\source\SkyCMS\Editor\Sky.Editor.csproj]
D:\source\SkyCMS\Editor\Services\Setup\MultiTenantSetupService.cs(49,39): warning SA1611: The documentation for parameter 'userManager' is missing (https://github.com/DotNetAnalyzers/StyleCopAnalyzers/blob/master/documentation/SA1611.md) [D:\source\SkyCMS\Editor\Sky.Editor.csproj]
D:\source\SkyCMS\Editor\Services\Setup\MultiTenantSetupService.cs(50,39): warning SA1611: The documentation for parameter 'roleManager' is missing (https://github.com/DotNetAnalyzers/StyleCopAnalyzers/blob/master/documentation/SA1611.md) [D:\source\SkyCMS\Editor\Sky.Editor.csproj]
D:\source\SkyCMS\Editor\Services\Setup\MultiTenantSetupService.cs(51,34): warning SA1611: The documentation for parameter 'layoutImportService' is missing (https://github.com/DotNetAnalyzers/StyleCopAnalyzers/blob/master/documentation/SA1611.md) [D:\source\SkyCMS\Editor\Sky.Editor.csproj]
D:\source\SkyCMS\Editor\Services\Setup\MultiTenantSetupService.cs(52,30): warning SA1611: The documentation for parameter 'articleEditLogic' is missing (https://github.com/DotNetAnalyzers/StyleCopAnalyzers/blob/master/documentation/SA1611.md) [D:\source\SkyCMS\Editor\Sky.Editor.csproj]
D:\source\SkyCMS\Editor\Services\Setup\MultiTenantSetupService.cs(53,28): warning SA1611: The documentation for parameter 'mediator' is missing (https://github.com/DotNetAnalyzers/StyleCopAnalyzers/blob/master/documentation/SA1611.md) [D:\source\SkyCMS\Editor\Sky.Editor.csproj]
D:\source\SkyCMS\Editor\Services\Setup\MultiTenantSetupService.cs(54,28): warning SA1611: The documentation for parameter 'configuration' is missing (https://github.com/DotNetAnalyzers/StyleCopAnalyzers/blob/master/documentation/SA1611.md) [D:\source\SkyCMS\Editor\Sky.Editor.csproj]
D:\source\SkyCMS\Editor\Services\Setup\MultiTenantSetupService.cs(55,46): warning SA1611: The documentation for parameter 'logger' is missing (https://github.com/DotNetAnalyzers/StyleCopAnalyzers/blob/master/documentation/SA1611.md) [D:\source\SkyCMS\Editor\Sky.Editor.csproj]
D:\source\SkyCMS\Editor\Areas\Setup\Pages\Step5_Cdn.cshtml.cs(249,35): warning SA1116: The parameters should begin on the line after the declaration, whenever the parameter span across multiple lines (https://github.com/DotNetAnalyzers/StyleCopAnalyzers/blob/master/documentation/SA1116.md) [D:\source\SkyCMS\Editor\Sky.Editor.csproj]
D:\source\SkyCMS\Editor\Areas\Setup\Pages\Step5_Cdn.cshtml.cs(250,26): warning SA1117: The parameters should all be placed on the same line or each parameter should be placed on its own line. (https://github.com/DotNetAnalyzers/StyleCopAnalyzers/blob/master/documentation/SA1117.md) [D:\source\SkyCMS\Editor\Sky.Editor.csproj]
D:\source\SkyCMS\Editor\Areas\Setup\Pages\Step4_Email.cshtml.cs(181,35): warning SA1116: The parameters should begin on the line after the declaration, whenever the parameter span across multiple lines (https://github.com/DotNetAnalyzers/StyleCopAnalyzers/blob/master/documentation/SA1116.md) [D:\source\SkyCMS\Editor\Sky.Editor.csproj]
D:\source\SkyCMS\Editor\Areas\Setup\Pages\Step4_Email.cshtml.cs(182,32): warning SA1117: The parameters should all be placed on the same line or each parameter should be placed on its own line. (https://github.com/DotNetAnalyzers/StyleCopAnalyzers/blob/master/documentation/SA1117.md) [D:\source\SkyCMS\Editor\Sky.Editor.csproj]
D:\source\SkyCMS\Editor\Services\Setup\MultiTenantSetupService.cs(278,51): warning RCS1155: Use StringComparison when comparing strings (https://josefpihrt.github.io/docs/roslynator/analyzers/RCS1155) [D:\source\SkyCMS\Editor\Sky.Editor.csproj]
D:\source\SkyCMS\Editor\Areas\Setup\Pages\Tenant\Index.cshtml.cs(25,52): warning SA1611: The documentation for parameter 'setupService' is missing (https://github.com/DotNetAnalyzers/StyleCopAnalyzers/blob/master/documentation/SA1611.md) [D:\source\SkyCMS\Editor\Sky.Editor.csproj]
D:\source\SkyCMS\Editor\Areas\Setup\Pages\Tenant\Index.cshtml.cs(38,22): warning SA1615: Element return value should be documented (https://github.com/DotNetAnalyzers/StyleCopAnalyzers/blob/master/documentation/SA1615.md) [D:\source\SkyCMS\Editor\Sky.Editor.csproj]
D:\source\SkyCMS\Editor\Areas\Setup\Pages\Tenant\Complete.cshtml.cs(25,55): warning SA1611: The documentation for parameter 'setupService' is missing (https://github.com/DotNetAnalyzers/StyleCopAnalyzers/blob/master/documentation/SA1611.md) [D:\source\SkyCMS\Editor\Sky.Editor.csproj]
D:\source\SkyCMS\Editor\Areas\Setup\Pages\Tenant\Complete.cshtml.cs(48,22): warning SA1615: Element return value should be documented (https://github.com/DotNetAnalyzers/StyleCopAnalyzers/blob/master/documentation/SA1615.md) [D:\source\SkyCMS\Editor\Sky.Editor.csproj]
D:\source\SkyCMS\Editor\Areas\Setup\Pages\Tenant\Admin.cshtml.cs(26,52): warning SA1611: The documentation for parameter 'setupService' is missing (https://github.com/DotNetAnalyzers/StyleCopAnalyzers/blob/master/documentation/SA1611.md) [D:\source\SkyCMS\Editor\Sky.Editor.csproj]
D:\source\SkyCMS\Editor\Areas\Setup\Pages\Tenant\Admin.cshtml.cs(65,22): warning SA1615: Element return value should be documented (https://github.com/DotNetAnalyzers/StyleCopAnalyzers/blob/master/documentation/SA1615.md) [D:\source\SkyCMS\Editor\Sky.Editor.csproj]
D:\source\SkyCMS\Editor\Areas\Setup\Pages\Tenant\Admin.cshtml.cs(86,22): warning SA1615: Element return value should be documented (https://github.com/DotNetAnalyzers/StyleCopAnalyzers/blob/master/documentation/SA1615.md) [D:\source\SkyCMS\Editor\Sky.Editor.csproj]
D:\source\SkyCMS\Editor\Data\Migrations\Sqlite\20260105143022_InitialCreate_Sqlite.cs(1,1): warning SA1633: The file header is missing or not located at the top of the file. (https://github.com/DotNetAnalyzers/StyleCopAnalyzers/blob/master/documentation/SA1633.md) [D:\source\SkyCMS\Editor\Sky.Editor.csproj]
D:\source\SkyCMS\Editor\Controllers\EditorController.cs(1385,46): warning RCS1155: Use StringComparison when comparing strings (https://josefpihrt.github.io/docs/roslynator/analyzers/RCS1155) [D:\source\SkyCMS\Editor\Sky.Editor.csproj]
D:\source\SkyCMS\Editor\Controllers\EditorController.cs(1399,26): warning RCS1155: Use StringComparison when comparing strings (https://josefpihrt.github.io/docs/roslynator/analyzers/RCS1155) [D:\source\SkyCMS\Editor\Sky.Editor.csproj]
D:\source\SkyCMS\Editor\Controllers\EditorController.cs(1400,26): warning RCS1155: Use StringComparison when comparing strings (https://josefpihrt.github.io/docs/roslynator/analyzers/RCS1155) [D:\source\SkyCMS\Editor\Sky.Editor.csproj]
D:\source\SkyCMS\Editor\Controllers\EditorController.cs(1746,38): warning RCS1155: Use StringComparison when comparing strings (https://josefpihrt.github.io/docs/roslynator/analyzers/RCS1155) [D:\source\SkyCMS\Editor\Sky.Editor.csproj]
D:\source\SkyCMS\Editor\Controllers\EditorController.cs(1746,91): warning RCS1155: Use StringComparison when comparing strings (https://josefpihrt.github.io/docs/roslynator/analyzers/RCS1155) [D:\source\SkyCMS\Editor\Sky.Editor.csproj]
D:\source\SkyCMS\Editor\Controllers\EditorController.cs(1848,75): warning RCS1155: Use StringComparison when comparing strings (https://josefpihrt.github.io/docs/roslynator/analyzers/RCS1155) [D:\source\SkyCMS\Editor\Sky.Editor.csproj]
D:\source\SkyCMS\Editor\Controllers\EditorController.cs(1851,71): warning RCS1155: Use StringComparison when comparing strings (https://josefpihrt.github.io/docs/roslynator/analyzers/RCS1155) [D:\source\SkyCMS\Editor\Sky.Editor.csproj]
D:\source\SkyCMS\Editor\Data\Migrations\Sqlite\20260105185839_AddPageDesignVersionEntity_Sqlite.cs(1,1): warning SA1633: The file header is missing or not located at the top of the file. (https://github.com/DotNetAnalyzers/StyleCopAnalyzers/blob/master/documentation/SA1633.md) [D:\source\SkyCMS\Editor\Sky.Editor.csproj]
D:\source\SkyCMS\Editor\Data\Migrations\SqlServer\20260105143022_InitialCreate_SqlServer.cs(1,1): warning SA1633: The file header is missing or not located at the top of the file. (https://github.com/DotNetAnalyzers/StyleCopAnalyzers/blob/master/documentation/SA1633.md) [D:\source\SkyCMS\Editor\Sky.Editor.csproj]
D:\source\SkyCMS\Editor\Data\Migrations\SqlServer\20260105185745_AddPageDesignVersionEntity_SqlServer.cs(1,1): warning SA1633: The file header is missing or not located at the top of the file. (https://github.com/DotNetAnalyzers/StyleCopAnalyzers/blob/master/documentation/SA1633.md) [D:\source\SkyCMS\Editor\Sky.Editor.csproj]
D:\source\SkyCMS\Editor\Domain\Events\CacheDomainEvents.cs(15,25): warning SA1649: File name should match first type name. (https://github.com/DotNetAnalyzers/StyleCopAnalyzers/blob/master/documentation/SA1649.md) [D:\source\SkyCMS\Editor\Sky.Editor.csproj]
D:\source\SkyCMS\Editor\Domain\Events\CacheDomainEvents.cs(35,25): warning SA1402: File may only contain a single type (https://github.com/DotNetAnalyzers/StyleCopAnalyzers/blob/master/documentation/SA1402.md) [D:\source\SkyCMS\Editor\Sky.Editor.csproj]
D:\source\SkyCMS\Editor\Domain\Events\CacheDomainEvents.cs(55,25): warning SA1402: File may only contain a single type (https://github.com/DotNetAnalyzers/StyleCopAnalyzers/blob/master/documentation/SA1402.md) [D:\source\SkyCMS\Editor\Sky.Editor.csproj]
D:\source\SkyCMS\Editor\Domain\Events\CacheDomainEvents.cs(75,25): warning SA1402: File may only contain a single type (https://github.com/DotNetAnalyzers/StyleCopAnalyzers/blob/master/documentation/SA1402.md) [D:\source\SkyCMS\Editor\Sky.Editor.csproj]
D:\source\SkyCMS\Editor\Domain\Events\IDomainEvent.cs(42,25): warning SA1402: File may only contain a single type (https://github.com/DotNetAnalyzers/StyleCopAnalyzers/blob/master/documentation/SA1402.md) [D:\source\SkyCMS\Editor\Sky.Editor.csproj]
D:\source\SkyCMS\Editor\Domain\Events\IDomainEvent.cs(69,25): warning SA1402: File may only contain a single type (https://github.com/DotNetAnalyzers/StyleCopAnalyzers/blob/master/documentation/SA1402.md) [D:\source\SkyCMS\Editor\Sky.Editor.csproj]
D:\source\SkyCMS\Editor\Domain\Events\IDomainEvent.cs(103,25): warning SA1402: File may only contain a single type (https://github.com/DotNetAnalyzers/StyleCopAnalyzers/blob/master/documentation/SA1402.md) [D:\source\SkyCMS\Editor\Sky.Editor.csproj]
D:\source\SkyCMS\Editor\Domain\Events\IDomainEvent.cs(130,25): warning SA1402: File may only contain a single type (https://github.com/DotNetAnalyzers/StyleCopAnalyzers/blob/master/documentation/SA1402.md) [D:\source\SkyCMS\Editor\Sky.Editor.csproj]
D:\source\SkyCMS\Editor\Features\Articles\CreateHomePage\CreateHomePageCommand.cs(1,4): warning SA1636: The file header copyright text should match the copyright text from the settings. (https://github.com/DotNetAnalyzers/StyleCopAnalyzers/blob/master/documentation/SA1636.md) [D:\source\SkyCMS\Editor\Sky.Editor.csproj]
D:\source\SkyCMS\Editor\Features\Articles\CreateHomePage\CreateHomePageHandler.cs(1,4): warning SA1636: The file header copyright text should match the copyright text from the settings. (https://github.com/DotNetAnalyzers/StyleCopAnalyzers/blob/master/documentation/SA1636.md) [D:\source\SkyCMS\Editor\Sky.Editor.csproj]
D:\source\SkyCMS\Editor\Features\Articles\CreateVersion\CreateArticleVersionCommand.cs(1,4): warning SA1636: The file header copyright text should match the copyright text from the settings. (https://github.com/DotNetAnalyzers/StyleCopAnalyzers/blob/master/documentation/SA1636.md) [D:\source\SkyCMS\Editor\Sky.Editor.csproj]
D:\source\SkyCMS\Editor\Features\Articles\CreateVersion\CreateArticleVersionCommand.cs(32,18): warning SA1402: File may only contain a single type (https://github.com/DotNetAnalyzers/StyleCopAnalyzers/blob/master/documentation/SA1402.md) [D:\source\SkyCMS\Editor\Sky.Editor.csproj]
D:\source\SkyCMS\Editor\Features\Articles\CreateVersion\CreateArticleVersionHandler.cs(1,4): warning SA1636: The file header copyright text should match the copyright text from the settings. (https://github.com/DotNetAnalyzers/StyleCopAnalyzers/blob/master/documentation/SA1636.md) [D:\source\SkyCMS\Editor\Sky.Editor.csproj]
D:\source\SkyCMS\Editor\Features\Articles\Create\CreateArticleHandler.cs(1,1): warning SA1633: The file header is missing or not located at the top of the file. (https://github.com/DotNetAnalyzers/StyleCopAnalyzers/blob/master/documentation/SA1633.md) [D:\source\SkyCMS\Editor\Sky.Editor.csproj]
D:\source\SkyCMS\Editor\Features\Articles\Create\CreateArticleValidator.cs(1,1): warning SA1633: The file header is missing or not located at the top of the file. (https://github.com/DotNetAnalyzers/StyleCopAnalyzers/blob/master/documentation/SA1633.md) [D:\source\SkyCMS\Editor\Sky.Editor.csproj]
D:\source\SkyCMS\Editor\Features\Articles\Delete\DeleteArticleCommand.cs(1,4): warning SA1636: The file header copyright text should match the copyright text from the settings. (https://github.com/DotNetAnalyzers/StyleCopAnalyzers/blob/master/documentation/SA1636.md) [D:\source\SkyCMS\Editor\Sky.Editor.csproj]
D:\source\SkyCMS\Editor\Features\Articles\Delete\DeleteArticleHandler.cs(1,4): warning SA1636: The file header copyright text should match the copyright text from the settings. (https://github.com/DotNetAnalyzers/StyleCopAnalyzers/blob/master/documentation/SA1636.md) [D:\source\SkyCMS\Editor\Sky.Editor.csproj]
D:\source\SkyCMS\Editor\Features\Articles\Publish\PublishArticleCommand.cs(1,4): warning SA1636: The file header copyright text should match the copyright text from the settings. (https://github.com/DotNetAnalyzers/StyleCopAnalyzers/blob/master/documentation/SA1636.md) [D:\source\SkyCMS\Editor\Sky.Editor.csproj]
D:\source\SkyCMS\Editor\Features\Articles\Publish\PublishArticleCommand.cs(32,18): warning SA1402: File may only contain a single type (https://github.com/DotNetAnalyzers/StyleCopAnalyzers/blob/master/documentation/SA1402.md) [D:\source\SkyCMS\Editor\Sky.Editor.csproj]
D:\source\SkyCMS\Editor\Features\Articles\Publish\PublishArticleHandler.cs(1,4): warning SA1636: The file header copyright text should match the copyright text from the settings. (https://github.com/DotNetAnalyzers/StyleCopAnalyzers/blob/master/documentation/SA1636.md) [D:\source\SkyCMS\Editor\Sky.Editor.csproj]
D:\source\SkyCMS\Editor\Features\Articles\Restore\RestoreArticleCommand.cs(1,4): warning SA1636: The file header copyright text should match the copyright text from the settings. (https://github.com/DotNetAnalyzers/StyleCopAnalyzers/blob/master/documentation/SA1636.md) [D:\source\SkyCMS\Editor\Sky.Editor.csproj]
D:\source\SkyCMS\Editor\Features\Articles\Restore\RestoreArticleHandler.cs(1,4): warning SA1636: The file header copyright text should match the copyright text from the settings. (https://github.com/DotNetAnalyzers/StyleCopAnalyzers/blob/master/documentation/SA1636.md) [D:\source\SkyCMS\Editor\Sky.Editor.csproj]
D:\source\SkyCMS\Editor\Features\Articles\Trash\TrashArticleCommand.cs(1,4): warning SA1636: The file header copyright text should match the copyright text from the settings. (https://github.com/DotNetAnalyzers/StyleCopAnalyzers/blob/master/documentation/SA1636.md) [D:\source\SkyCMS\Editor\Sky.Editor.csproj]
D:\source\SkyCMS\Editor\Features\Articles\Trash\TrashArticleHandler.cs(1,4): warning SA1636: The file header copyright text should match the copyright text from the settings. (https://github.com/DotNetAnalyzers/StyleCopAnalyzers/blob/master/documentation/SA1636.md) [D:\source\SkyCMS\Editor\Sky.Editor.csproj]
D:\source\SkyCMS\Editor\Features\Articles\Trash\TrashArticleValidator.cs(1,4): warning SA1636: The file header copyright text should match the copyright text from the settings. (https://github.com/DotNetAnalyzers/StyleCopAnalyzers/blob/master/documentation/SA1636.md) [D:\source\SkyCMS\Editor\Sky.Editor.csproj]
D:\source\SkyCMS\Editor\Features\Blogs\CreatePost\CreateBlogPostCommand.cs(72,18): warning SA1402: File may only contain a single type (https://github.com/DotNetAnalyzers/StyleCopAnalyzers/blob/master/documentation/SA1402.md) [D:\source\SkyCMS\Editor\Sky.Editor.csproj]
D:\source\SkyCMS\Editor\Features\Blogs\DeletePost\DeleteBlogPostCommand.cs(39,18): warning SA1402: File may only contain a single type (https://github.com/DotNetAnalyzers/StyleCopAnalyzers/blob/master/documentation/SA1402.md) [D:\source\SkyCMS\Editor\Sky.Editor.csproj]
D:\source\SkyCMS\Editor\Features\Blogs\UpdatePost\UpdateBlogPostCommand.cs(66,18): warning SA1402: File may only contain a single type (https://github.com/DotNetAnalyzers/StyleCopAnalyzers/blob/master/documentation/SA1402.md) [D:\source\SkyCMS\Editor\Sky.Editor.csproj]
D:\source\SkyCMS\Editor\Features\Shared\MultiTenantMediator.cs(197,63): warning SA1009: Closing parenthesis should be followed by a space. (https://github.com/DotNetAnalyzers/StyleCopAnalyzers/blob/master/documentation/SA1009.md) [D:\source\SkyCMS\Editor\Sky.Editor.csproj]
D:\source\SkyCMS\Editor\Features\Templates\GetList\GetTemplateListQueryResult.cs(32,18): warning SA1402: File may only contain a single type (https://github.com/DotNetAnalyzers/StyleCopAnalyzers/blob/master/documentation/SA1402.md) [D:\source\SkyCMS\Editor\Sky.Editor.csproj]
D:\source\SkyCMS\Editor\Hubs\PublishingProgressHub.cs(1,4): warning SA1636: The file header copyright text should match the copyright text from the settings. (https://github.com/DotNetAnalyzers/StyleCopAnalyzers/blob/master/documentation/SA1636.md) [D:\source\SkyCMS\Editor\Sky.Editor.csproj]
D:\source\SkyCMS\Editor\Middleware\TenantSetupMiddleware.cs(71,25): warning SA1402: File may only contain a single type (https://github.com/DotNetAnalyzers/StyleCopAnalyzers/blob/master/documentation/SA1402.md) [D:\source\SkyCMS\Editor\Sky.Editor.csproj]
D:\source\SkyCMS\Editor\Models\BlogEntryListItem.cs(1,4): warning SA1638: File header file name documentation should match file name. (https://github.com/DotNetAnalyzers/StyleCopAnalyzers/blob/master/documentation/SA1638.md) [D:\source\SkyCMS\Editor\Sky.Editor.csproj]
D:\source\SkyCMS\Editor\Models\BlogStreamViewModel.cs(1,4): warning SA1638: File header file name documentation should match file name. (https://github.com/DotNetAnalyzers/StyleCopAnalyzers/blob/master/documentation/SA1638.md) [D:\source\SkyCMS\Editor\Sky.Editor.csproj]
D:\source\SkyCMS\Editor\Models\BlogStreamViewModel.cs(84,18): warning SA1402: File may only contain a single type (https://github.com/DotNetAnalyzers/StyleCopAnalyzers/blob/master/documentation/SA1402.md) [D:\source\SkyCMS\Editor\Sky.Editor.csproj]
D:\source\SkyCMS\Editor\Models\BlogStreamViewModel.cs(124,18): warning SA1402: File may only contain a single type (https://github.com/DotNetAnalyzers/StyleCopAnalyzers/blob/master/documentation/SA1402.md) [D:\source\SkyCMS\Editor\Sky.Editor.csproj]
D:\source\SkyCMS\Editor\Models\Class.cs(1,1): warning SA1633: The file header is missing or not located at the top of the file. (https://github.com/DotNetAnalyzers/StyleCopAnalyzers/blob/master/documentation/SA1633.md) [D:\source\SkyCMS\Editor\Sky.Editor.csproj]
D:\source\SkyCMS\Editor\Models\EditCodePostModel.cs(1,4): warning SA1638: File header file name documentation should match file name. (https://github.com/DotNetAnalyzers/StyleCopAnalyzers/blob/master/documentation/SA1638.md) [D:\source\SkyCMS\Editor\Sky.Editor.csproj]
D:\source\SkyCMS\Editor\Models\EditImagePostViewModel.cs(13,18): warning SA1649: File name should match first type name. (https://github.com/DotNetAnalyzers/StyleCopAnalyzers/blob/master/documentation/SA1649.md) [D:\source\SkyCMS\Editor\Sky.Editor.csproj]
D:\source\SkyCMS\Editor\Models\EditorResponse.cs(48,18): warning SA1402: File may only contain a single type (https://github.com/DotNetAnalyzers/StyleCopAnalyzers/blob/master/documentation/SA1402.md) [D:\source\SkyCMS\Editor\Sky.Editor.csproj]
D:\source\SkyCMS\Editor\Models\GrapesJs\page.cs(16,18): warning SA1649: File name should match first type name. (https://github.com/DotNetAnalyzers/StyleCopAnalyzers/blob/master/documentation/SA1649.md) [D:\source\SkyCMS\Editor\Sky.Editor.csproj]
D:\source\SkyCMS\Editor\Models\GrapesJs\page.cs(16,18): warning SA1402: File may only contain a single type (https://github.com/DotNetAnalyzers/StyleCopAnalyzers/blob/master/documentation/SA1402.md) [D:\source\SkyCMS\Editor\Sky.Editor.csproj]
D:\source\SkyCMS\Editor\Models\InstallDatabaseResultsModel.cs(13,18): warning SA1649: File name should match first type name. (https://github.com/DotNetAnalyzers/StyleCopAnalyzers/blob/master/documentation/SA1649.md) [D:\source\SkyCMS\Editor\Sky.Editor.csproj]
D:\source\SkyCMS\Editor\Models\SignalVerifyResultModel.cs(15,18): warning SA1649: File name should match first type name. (https://github.com/DotNetAnalyzers/StyleCopAnalyzers/blob/master/documentation/SA1649.md) [D:\source\SkyCMS\Editor\Sky.Editor.csproj]
D:\source\SkyCMS\Editor\Models\StatusIndexViewModel.cs(27,18): warning SA1402: File may only contain a single type (https://github.com/DotNetAnalyzers/StyleCopAnalyzers/blob/master/documentation/SA1402.md) [D:\source\SkyCMS\Editor\Sky.Editor.csproj]
D:\source\SkyCMS\Editor\Models\TestEmailMessageViewModel.cs(1,4): warning SA1638: File header file name documentation should match file name. (https://github.com/DotNetAnalyzers/StyleCopAnalyzers/blob/master/documentation/SA1638.md) [D:\source\SkyCMS\Editor\Sky.Editor.csproj]
D:\source\SkyCMS\Editor\Models\UsersInRoleViewModel.cs(44,18): warning SA1402: File may only contain a single type (https://github.com/DotNetAnalyzers/StyleCopAnalyzers/blob/master/documentation/SA1402.md) [D:\source\SkyCMS\Editor\Sky.Editor.csproj]
D:\source\SkyCMS\Editor\Pages\Diagnostics\Index.cshtml.cs(19,18): warning SA1649: File name should match first type name. (https://github.com/DotNetAnalyzers/StyleCopAnalyzers/blob/master/documentation/SA1649.md) [D:\source\SkyCMS\Editor\Sky.Editor.csproj]
D:\source\SkyCMS\Editor\Services\Diagnostics\ConfigurationValidator.cs(470,18): warning SA1402: File may only contain a single type (https://github.com/DotNetAnalyzers/StyleCopAnalyzers/blob/master/documentation/SA1402.md) [D:\source\SkyCMS\Editor\Sky.Editor.csproj]
D:\source\SkyCMS\Editor\Services\Diagnostics\ConfigurationValidator.cs(496,18): warning SA1402: File may only contain a single type (https://github.com/DotNetAnalyzers/StyleCopAnalyzers/blob/master/documentation/SA1402.md) [D:\source\SkyCMS\Editor\Sky.Editor.csproj]
D:\source\SkyCMS\Editor\Services\Email\DatabaseEmailConfigurationSource.cs(49,18): warning SA1402: File may only contain a single type (https://github.com/DotNetAnalyzers/StyleCopAnalyzers/blob/master/documentation/SA1402.md) [D:\source\SkyCMS\Editor\Sky.Editor.csproj]
D:\source\SkyCMS\Editor\Services\IMultiDatabaseManagementUtilities.cs(1,1): warning SA1633: The file header is missing or not located at the top of the file. (https://github.com/DotNetAnalyzers/StyleCopAnalyzers/blob/master/documentation/SA1633.md) [D:\source\SkyCMS\Editor\Sky.Editor.csproj]
D:\source\SkyCMS\Editor\Services\Layouts\LayoutTemplateService.cs(1,1): warning SA1633: The file header is missing or not located at the top of the file. (https://github.com/DotNetAnalyzers/StyleCopAnalyzers/blob/master/documentation/SA1633.md) [D:\source\SkyCMS\Editor\Sky.Editor.csproj]
D:\source\SkyCMS\Editor\Services\Layout\IntegrityCheckResult.cs(46,18): warning SA1402: File may only contain a single type (https://github.com/DotNetAnalyzers/StyleCopAnalyzers/blob/master/documentation/SA1402.md) [D:\source\SkyCMS\Editor\Sky.Editor.csproj]
D:\source\SkyCMS\Editor\Services\Layout\LayoutFamilyInfo.cs(1,4): warning SA1638: File header file name documentation should match file name. (https://github.com/DotNetAnalyzers/StyleCopAnalyzers/blob/master/documentation/SA1638.md) [D:\source\SkyCMS\Editor\Sky.Editor.csproj]
D:\source\SkyCMS\Editor\Services\Layout\LayoutFamilyInfo.cs(57,18): warning SA1402: File may only contain a single type (https://github.com/DotNetAnalyzers/StyleCopAnalyzers/blob/master/documentation/SA1402.md) [D:\source\SkyCMS\Editor\Sky.Editor.csproj]
D:\source\SkyCMS\Editor\Services\Layout\LayoutFamilyInfo.cs(83,18): warning SA1402: File may only contain a single type (https://github.com/DotNetAnalyzers/StyleCopAnalyzers/blob/master/documentation/SA1402.md) [D:\source\SkyCMS\Editor\Sky.Editor.csproj]
D:\source\SkyCMS\Editor\Services\Migrations\MigrationSummary.cs(91,18): warning SA1402: File may only contain a single type (https://github.com/DotNetAnalyzers/StyleCopAnalyzers/blob/master/documentation/SA1402.md) [D:\source\SkyCMS\Editor\Sky.Editor.csproj]
D:\source\SkyCMS\Editor\Services\Publishing\IPublishingProgressReporter.cs(1,1): warning SA1633: The file header is missing or not located at the top of the file. (https://github.com/DotNetAnalyzers/StyleCopAnalyzers/blob/master/documentation/SA1633.md) [D:\source\SkyCMS\Editor\Sky.Editor.csproj]
D:\source\SkyCMS\Editor\Services\ReservedPaths\IReservedPaths.cs(1,1): warning SA1633: The file header is missing or not located at the top of the file. (https://github.com/DotNetAnalyzers/StyleCopAnalyzers/blob/master/documentation/SA1633.md) [D:\source\SkyCMS\Editor\Sky.Editor.csproj]
D:\source\SkyCMS\Editor\Services\Scheduling\IArticleScheduler.cs(1,4): warning SA1638: File header file name documentation should match file name. (https://github.com/DotNetAnalyzers/StyleCopAnalyzers/blob/master/documentation/SA1638.md) [D:\source\SkyCMS\Editor\Sky.Editor.csproj]
D:\source\SkyCMS\Editor\Services\Scheduling\ITenantArticleLogicFactory.cs(1,1): warning SA1633: The file header is missing or not located at the top of the file. (https://github.com/DotNetAnalyzers/StyleCopAnalyzers/blob/master/documentation/SA1633.md) [D:\source\SkyCMS\Editor\Sky.Editor.csproj]
D:\source\SkyCMS\Editor\Services\Setup\ISetupCheckService.cs(1,4): warning SA1638: File header file name documentation should match file name. (https://github.com/DotNetAnalyzers/StyleCopAnalyzers/blob/master/documentation/SA1638.md) [D:\source\SkyCMS\Editor\Sky.Editor.csproj]
D:\source\SkyCMS\Editor\Services\Setup\SetupCheckService.cs(1,4): warning SA1638: File header file name documentation should match file name. (https://github.com/DotNetAnalyzers/StyleCopAnalyzers/blob/master/documentation/SA1638.md) [D:\source\SkyCMS\Editor\Sky.Editor.csproj]
D:\source\SkyCMS\Editor\Services\Templates\Models\ArticlePreviewItem.cs(1,4): warning SA1638: File header file name documentation should match file name. (https://github.com/DotNetAnalyzers/StyleCopAnalyzers/blob/master/documentation/SA1638.md) [D:\source\SkyCMS\Editor\Sky.Editor.csproj]
D:\source\SkyCMS\Editor\Services\Templates\Models\ArticlePublishResult.cs(1,4): warning SA1638: File header file name documentation should match file name. (https://github.com/DotNetAnalyzers/StyleCopAnalyzers/blob/master/documentation/SA1638.md) [D:\source\SkyCMS\Editor\Sky.Editor.csproj]
D:\source\SkyCMS\Editor\Services\Templates\Models\TemplateApplicationPreview.cs(1,4): warning SA1638: File header file name documentation should match file name. (https://github.com/DotNetAnalyzers/StyleCopAnalyzers/blob/master/documentation/SA1638.md) [D:\source\SkyCMS\Editor\Sky.Editor.csproj]
D:\source\SkyCMS\Editor\Services\Templates\Models\TemplateApplicationResult.cs(1,4): warning SA1638: File header file name documentation should match file name. (https://github.com/DotNetAnalyzers/StyleCopAnalyzers/blob/master/documentation/SA1638.md) [D:\source\SkyCMS\Editor\Sky.Editor.csproj]
D:\source\SkyCMS\Editor\Services\Templates\Models\TemplateBatchApplicationResult.cs(1,4): warning SA1638: File header file name documentation should match file name. (https://github.com/DotNetAnalyzers/StyleCopAnalyzers/blob/master/documentation/SA1638.md) [D:\source\SkyCMS\Editor\Sky.Editor.csproj]
D:\source\SkyCMS\Editor\Services\Templates\Models\TemplateBatchPublishResult.cs(1,4): warning SA1638: File header file name documentation should match file name. (https://github.com/DotNetAnalyzers/StyleCopAnalyzers/blob/master/documentation/SA1638.md) [D:\source\SkyCMS\Editor\Sky.Editor.csproj]
D:\source\SkyCMS\Editor\Services\ViewRenderingService.cs(29,22): warning SA1649: File name should match first type name. (https://github.com/DotNetAnalyzers/StyleCopAnalyzers/blob/master/documentation/SA1649.md) [D:\source\SkyCMS\Editor\Sky.Editor.csproj]
D:\source\SkyCMS\Tests\Services\RateLimiting\ContactApiRateLimitingTests.cs(239,60): warning CS8632: The annotation for nullable reference types should only be used in code within a '#nullable' annotations context. [D:\source\SkyCMS\Tests\Sky.Tests.csproj]
D:\source\SkyCMS\Tests\Editor\Services\Email\EmailConfigurationServiceTests.cs(27,38): warning CS8632: The annotation for nullable reference types should only be used in code within a '#nullable' annotations context. [D:\source\SkyCMS\Tests\Sky.Tests.csproj]
D:\source\SkyCMS\Tests\Infrastructure\SkyCmsTestBase.cs(969,41): warning CS8625: Cannot convert null literal to non-nullable reference type. [D:\source\SkyCMS\Tests\Sky.Tests.csproj]
D:\source\SkyCMS\Tests\Infrastructure\SkyCmsTestBase.cs(970,40): warning CS8625: Cannot convert null literal to non-nullable reference type. [D:\source\SkyCMS\Tests\Sky.Tests.csproj]
D:\source\SkyCMS\Tests\DynamicConfig\SingleTenantConfigurationProviderExtendedTests.cs(26,78): warning CS8632: The annotation for nullable reference types should only be used in code within a '#nullable' annotations context. [D:\source\SkyCMS\Tests\Sky.Tests.csproj]
D:\source\SkyCMS\Tests\DynamicConfig\SingleTenantConfigurationProviderExtendedTests.cs(248,78): warning CS8632: The annotation for nullable reference types should only be used in code within a '#nullable' annotations context. [D:\source\SkyCMS\Tests\Sky.Tests.csproj]
D:\source\SkyCMS\Tests\DynamicConfig\SingleTenantConfigurationProviderExtendedTests.cs(282,49): warning CS8632: The annotation for nullable reference types should only be used in code within a '#nullable' annotations context. [D:\source\SkyCMS\Tests\Sky.Tests.csproj]
D:\source\SkyCMS\Tests\DynamicConfig\IPAddressRangeExtraTests.cs(90,92): warning CS8632: The annotation for nullable reference types should only be used in code within a '#nullable' annotations context. [D:\source\SkyCMS\Tests\Sky.Tests.csproj]
D:\source\SkyCMS\Tests\DynamicConfig\IPAddressRangeExtraTests.cs(125,92): warning CS8632: The annotation for nullable reference types should only be used in code within a '#nullable' annotations context. [D:\source\SkyCMS\Tests\Sky.Tests.csproj]
D:\source\SkyCMS\Tests\DynamicConfig\IPAddressRangeExtraTests.cs(155,92): warning CS8632: The annotation for nullable reference types should only be used in code within a '#nullable' annotations context. [D:\source\SkyCMS\Tests\Sky.Tests.csproj]
D:\source\SkyCMS\Tests\DynamicConfig\DynamicConfigurationProviderTests.cs(287,40): warning CS8620: Argument of type 'Dictionary<string, string>' cannot be used for parameter 'initialData' of type 'IEnumerable<KeyValuePair<string, string?>>' in 'IConfigurationBuilder MemoryConfigurationBuilderExtensions.AddInMemoryCollection(IConfigurationBuilder configurationBuilder, IEnumerable<KeyValuePair<string, string?>>? initialData)' due to differences in the nullability of reference types. [D:\source\SkyCMS\Tests\Sky.Tests.csproj]
D:\source\SkyCMS\Tests\DynamicConfig\DynamicConfigurationProviderRangeTests.cs(73,65): warning CS8632: The annotation for nullable reference types should only be used in code within a '#nullable' annotations context. [D:\source\SkyCMS\Tests\Sky.Tests.csproj]
D:\source\SkyCMS\Tests\DynamicConfig\DynamicConfigurationProviderRangeTests.cs(109,65): warning CS8632: The annotation for nullable reference types should only be used in code within a '#nullable' annotations context. [D:\source\SkyCMS\Tests\Sky.Tests.csproj]
D:\source\SkyCMS\Tests\DynamicConfig\DomainMiddlewareTests.cs(173,31): warning CS8600: Converting null literal or possible null value to non-nullable type. [D:\source\SkyCMS\Tests\Sky.Tests.csproj]
D:\source\SkyCMS\Tests\DynamicConfig\DomainMiddlewareTests.cs(185,21): warning CS8620: Argument of type 'Func<It.IsAnyType, Exception, string>' cannot be used for parameter 'formatter' of type 'Func<It.IsAnyType, Exception?, string>' in 'void ILogger.Log<IsAnyType>(LogLevel logLevel, EventId eventId, IsAnyType state, Exception? exception, Func<IsAnyType, Exception?, string> formatter)' due to differences in the nullability of reference types. [D:\source\SkyCMS\Tests\Sky.Tests.csproj]
D:\source\SkyCMS\Tests\DynamicConfig\DynamicConfigurationProviderConfigTests.cs(447,17): warning CS8602: Dereference of a possibly null reference. [D:\source\SkyCMS\Tests\Sky.Tests.csproj]
D:\source\SkyCMS\Tests\DynamicConfig\DynamicConfigurationProviderConfigTests.cs(547,82): warning CS8620: Argument of type 'Dictionary<string, string>' cannot be used for parameter 'initialData' of type 'IEnumerable<KeyValuePair<string, string?>>' in 'IConfigurationBuilder MemoryConfigurationBuilderExtensions.AddInMemoryCollection(IConfigurationBuilder configurationBuilder, IEnumerable<KeyValuePair<string, string?>>? initialData)' due to differences in the nullability of reference types. [D:\source\SkyCMS\Tests\Sky.Tests.csproj]
D:\source\SkyCMS\Tests\Editor\Services\Copilot\CopilotProxyOptionsServiceTests.cs(221,51): warning CS8632: The annotation for nullable reference types should only be used in code within a '#nullable' annotations context. [D:\source\SkyCMS\Tests\Sky.Tests.csproj]
D:\source\SkyCMS\Tests\Services\Publishing\PublishingServiceErrorHandlingTests.cs(146,21): warning CS8620: Argument of type 'Func<It.IsAnyType, Exception, string>' cannot be used for parameter 'formatter' of type 'Func<It.IsAnyType, Exception?, string>' in 'void ILogger.Log<IsAnyType>(LogLevel logLevel, EventId eventId, IsAnyType state, Exception? exception, Func<IsAnyType, Exception?, string> formatter)' due to differences in the nullability of reference types. [D:\source\SkyCMS\Tests\Sky.Tests.csproj]
D:\source\SkyCMS\Tests\Infrastructure\SkyCmsTestBase.cs(548,85): warning CS8631: The type 'Cosmos.Common.Features.Articles.EditorQueries.GetArticleByIdQuery' cannot be used as type parameter 'TQuery' in the generic type or method 'IQueryHandler<TQuery, TResult>'. Nullability of type argument 'Cosmos.Common.Features.Articles.EditorQueries.GetArticleByIdQuery' doesn't match constraint type 'Cosmos.Common.Features.Shared.IQuery<Cosmos.Common.Models.ArticleViewModel>'. [D:\source\SkyCMS\Tests\Sky.Tests.csproj]
D:\source\SkyCMS\Tests\Infrastructure\SkyCmsTestBase.cs(555,85): warning CS8631: The type 'Cosmos.Common.Features.Articles.EditorQueries.GetArticleByArticleNumberQuery' cannot be used as type parameter 'TQuery' in the generic type or method 'IQueryHandler<TQuery, TResult>'. Nullability of type argument 'Cosmos.Common.Features.Articles.EditorQueries.GetArticleByArticleNumberQuery' doesn't match constraint type 'Cosmos.Common.Features.Shared.IQuery<Cosmos.Common.Models.ArticleViewModel>'. [D:\source\SkyCMS\Tests\Sky.Tests.csproj]
D:\source\SkyCMS\Tests\Infrastructure\SkyCmsTestBase.cs(567,85): warning CS8631: The type 'Cosmos.Common.Features.Articles.EditorQueries.GetArticleCatalogEntryQuery' cannot be used as type parameter 'TQuery' in the generic type or method 'IQueryHandler<TQuery, TResult>'. Nullability of type argument 'Cosmos.Common.Features.Articles.EditorQueries.GetArticleCatalogEntryQuery' doesn't match constraint type 'Cosmos.Common.Features.Shared.IQuery<Cosmos.Common.Data.CatalogEntry>'. [D:\source\SkyCMS\Tests\Sky.Tests.csproj]
D:\source\SkyCMS\Tests\Infrastructure\SkyCmsTestBase.cs(210,40): warning CS8620: Argument of type 'Dictionary<string, string>' cannot be used for parameter 'initialData' of type 'IEnumerable<KeyValuePair<string, string?>>' in 'IConfigurationBuilder MemoryConfigurationBuilderExtensions.AddInMemoryCollection(IConfigurationBuilder configurationBuilder, IEnumerable<KeyValuePair<string, string?>>? initialData)' due to differences in the nullability of reference types. [D:\source\SkyCMS\Tests\Sky.Tests.csproj]
D:\source\SkyCMS\Tests\Infrastructure\SkyCmsTestBase.cs(274,31): warning CS8600: Converting null literal or possible null value to non-nullable type. [D:\source\SkyCMS\Tests\Sky.Tests.csproj]
D:\source\SkyCMS\Tests\Infrastructure\SkyCmsTestBase.cs(276,31): warning CS8600: Converting null literal or possible null value to non-nullable type. [D:\source\SkyCMS\Tests\Sky.Tests.csproj]
D:\source\SkyCMS\Tests\Infrastructure\SkyCmsTestBase.cs(549,17): warning CS8619: Nullability of reference types in value of type 'GetArticleByIdQueryHandler' doesn't match target type 'IQueryHandler<GetArticleByIdQuery, ArticleViewModel>'. [D:\source\SkyCMS\Tests\Sky.Tests.csproj]
D:\source\SkyCMS\Tests\Infrastructure\SkyCmsTestBase.cs(556,17): warning CS8619: Nullability of reference types in value of type 'GetArticleByArticleNumberQueryHandler' doesn't match target type 'IQueryHandler<GetArticleByArticleNumberQuery, ArticleViewModel>'. [D:\source\SkyCMS\Tests\Sky.Tests.csproj]
D:\source\SkyCMS\Tests\Infrastructure\SkyCmsTestBase.cs(568,17): warning CS8619: Nullability of reference types in value of type 'GetArticleCatalogEntryQueryHandler' doesn't match target type 'IQueryHandler<GetArticleCatalogEntryQuery, CatalogEntry>'. [D:\source\SkyCMS\Tests\Sky.Tests.csproj]
D:\source\SkyCMS\Tests\Services\Publishing\PublishingServiceErrorHandlingTests.cs(193,21): warning CS8620: Argument of type 'Func<It.IsAnyType, Exception, string>' cannot be used for parameter 'formatter' of type 'Func<It.IsAnyType, Exception?, string>' in 'void ILogger.Log<IsAnyType>(LogLevel logLevel, EventId eventId, IsAnyType state, Exception? exception, Func<IsAnyType, Exception?, string> formatter)' due to differences in the nullability of reference types. [D:\source\SkyCMS\Tests\Sky.Tests.csproj]
D:\source\SkyCMS\Tests\Infrastructure\SkyCmsTestBase.cs(1005,21): warning CS8604: Possible null reference argument for parameter 'sharedCache' in 'Task<TenantTestContext> SkyCmsTestBase.CreateTenantContextAsync(string tenantDomain, string sharedDatabaseName = null, IMemoryCache sharedCache = null)'. [D:\source\SkyCMS\Tests\Sky.Tests.csproj]
D:\source\SkyCMS\Tests\Services\Publishing\PublishingServiceErrorHandlingTests.cs(242,21): warning CS8620: Argument of type 'Func<It.IsAnyType, Exception, string>' cannot be used for parameter 'formatter' of type 'Func<It.IsAnyType, Exception?, string>' in 'void ILogger.Log<IsAnyType>(LogLevel logLevel, EventId eventId, IsAnyType state, Exception? exception, Func<IsAnyType, Exception?, string> formatter)' due to differences in the nullability of reference types. [D:\source\SkyCMS\Tests\Sky.Tests.csproj]
D:\source\SkyCMS\Tests\Editor\Services\Email\TenantAwareEmailSenderTests.cs(79,47): warning CS8602: Dereference of a possibly null reference. [D:\source\SkyCMS\Tests\Sky.Tests.csproj]
D:\source\SkyCMS\Tests\Editor\Services\Email\TenantAwareEmailSenderTests.cs(81,17): warning CS8620: Argument of type 'Func<It.IsAnyType, Exception, string>' cannot be used for parameter 'formatter' of type 'Func<It.IsAnyType, Exception?, string>' in 'void ILogger.Log<IsAnyType>(LogLevel logLevel, EventId eventId, IsAnyType state, Exception? exception, Func<IsAnyType, Exception?, string> formatter)' due to differences in the nullability of reference types. [D:\source\SkyCMS\Tests\Sky.Tests.csproj]
D:\source\SkyCMS\Tests\Infrastructure\SkyCmsTestBase.cs(70,40): warning CS8618: Non-nullable field 'Db' must contain a non-null value when exiting constructor. Consider adding the 'required' modifier or declaring the field as nullable. [D:\source\SkyCMS\Tests\Sky.Tests.csproj]
D:\source\SkyCMS\Tests\Services\Publishing\PublishingServiceTests_Extended.cs(420,27): warning CS8602: Dereference of a possibly null reference. [D:\source\SkyCMS\Tests\Sky.Tests.csproj]
D:\source\SkyCMS\Tests\Services\Publishing\PublishingServiceTests_Extended.cs(421,27): warning CS8602: Dereference of a possibly null reference. [D:\source\SkyCMS\Tests\Sky.Tests.csproj]
D:\source\SkyCMS\Tests\Services\Publishing\PublishingServiceTests_Extended.cs(422,30): warning CS8602: Dereference of a possibly null reference. [D:\source\SkyCMS\Tests\Sky.Tests.csproj]
D:\source\SkyCMS\Tests\Infrastructure\SkyCmsTestBase.cs(1060,17): warning CS8603: Possible null reference return. [D:\source\SkyCMS\Tests\Sky.Tests.csproj]
D:\source\SkyCMS\Tests\Services\Publishing\PublishingServiceErrorHandlingTests.cs(413,51): warning CS8602: Dereference of a possibly null reference. [D:\source\SkyCMS\Tests\Sky.Tests.csproj]
D:\source\SkyCMS\Tests\Services\Publishing\PublishingServiceErrorHandlingTests.cs(422,51): warning CS8602: Dereference of a possibly null reference. [D:\source\SkyCMS\Tests\Sky.Tests.csproj]
D:\source\SkyCMS\Tests\Services\Publishing\PublishingServiceErrorHandlingTests.cs(474,51): warning CS8602: Dereference of a possibly null reference. [D:\source\SkyCMS\Tests\Sky.Tests.csproj]
D:\source\SkyCMS\Tests\Services\Publishing\PublishingServiceErrorHandlingTests.cs(474,112): warning CS8602: Dereference of a possibly null reference. [D:\source\SkyCMS\Tests\Sky.Tests.csproj]
D:\source\SkyCMS\Tests\Services\Publishing\PublishingServiceErrorHandlingTests.cs(629,83): warning CS8600: Converting null literal or possible null value to non-nullable type. [D:\source\SkyCMS\Tests\Sky.Tests.csproj]
D:\source\SkyCMS\Tests\Services\Publishing\PublishingServiceErrorHandlingTests.cs(669,20): warning CS8605: Unboxing a possibly null value. [D:\source\SkyCMS\Tests\Sky.Tests.csproj]
D:\source\SkyCMS\Tests\Services\Publishing\PublishingServiceErrorHandlingTests.cs(680,20): warning CS8600: Converting null literal or possible null value to non-nullable type. [D:\source\SkyCMS\Tests\Sky.Tests.csproj]
D:\source\SkyCMS\Tests\Services\Publishing\PublishingServiceErrorHandlingTests.cs(680,20): warning CS8603: Possible null reference return. [D:\source\SkyCMS\Tests\Sky.Tests.csproj]
D:\source\SkyCMS\Tests\Services\Publishing\PublishingServiceErrorHandlingTests.cs(691,20): warning CS8600: Converting null literal or possible null value to non-nullable type. [D:\source\SkyCMS\Tests\Sky.Tests.csproj]
D:\source\SkyCMS\Tests\Services\Publishing\PublishingServiceErrorHandlingTests.cs(691,20): warning CS8603: Possible null reference return. [D:\source\SkyCMS\Tests\Sky.Tests.csproj]
D:\source\SkyCMS\Tests\Services\Publishing\PublishingServiceTests_Extended.cs(41,34): warning CS8618: Non-nullable field '_serviceProvider' must contain a non-null value when exiting constructor. Consider adding the 'required' modifier or declaring the field as nullable. [D:\source\SkyCMS\Tests\Sky.Tests.csproj]
D:\source\SkyCMS\Tests\Services\Publishing\PublishingServiceTests_Extended.cs(42,42): warning CS8618: Non-nullable field '_mockViewRenderService' must contain a non-null value when exiting constructor. Consider adding the 'required' modifier or declaring the field as nullable. [D:\source\SkyCMS\Tests\Sky.Tests.csproj]
D:\source\SkyCMS\Tests\Controllers\HomeControllerTests.cs(68,17): warning CS8625: Cannot convert null literal to non-nullable reference type. [D:\source\SkyCMS\Tests\Sky.Tests.csproj]
D:\source\SkyCMS\Tests\Controllers\HomeControllerTests.cs(69,17): warning CS8625: Cannot convert null literal to non-nullable reference type. [D:\source\SkyCMS\Tests\Sky.Tests.csproj]
D:\source\SkyCMS\Tests\Controllers\HomeControllerTests.cs(70,17): warning CS8625: Cannot convert null literal to non-nullable reference type. [D:\source\SkyCMS\Tests\Sky.Tests.csproj]
D:\source\SkyCMS\Tests\Controllers\HomeControllerTests.cs(71,17): warning CS8625: Cannot convert null literal to non-nullable reference type. [D:\source\SkyCMS\Tests\Sky.Tests.csproj]
D:\source\SkyCMS\Tests\Controllers\HomeControllerTests.cs(76,13): warning CS8620: Argument of type 'ISetup<IMediator, Task<ArticleViewModel>>' cannot be used for parameter 'mock' of type 'IReturns<IMediator, Task<ArticleViewModel?>>' in 'IReturnsResult<IMediator> GeneratedReturnsExtensions.ReturnsAsync<IQuery<ArticleViewModel>, CancellationToken, IMediator, ArticleViewModel?>(IReturns<IMediator, Task<ArticleViewModel?>> mock, Func<IQuery<ArticleViewModel>, CancellationToken, ArticleViewModel?> valueFunction)' due to differences in the nullability of reference types. [D:\source\SkyCMS\Tests\Sky.Tests.csproj]
D:\source\SkyCMS\Tests\Editor\Services\Email\TenantAwareEmailSenderTests.cs(341,47): warning CS8602: Dereference of a possibly null reference. [D:\source\SkyCMS\Tests\Sky.Tests.csproj]
D:\source\SkyCMS\Tests\Editor\Services\Email\TenantAwareEmailSenderTests.cs(343,17): warning CS8620: Argument of type 'Func<It.IsAnyType, Exception, string>' cannot be used for parameter 'formatter' of type 'Func<It.IsAnyType, Exception?, string>' in 'void ILogger.Log<IsAnyType>(LogLevel logLevel, EventId eventId, IsAnyType state, Exception? exception, Func<IsAnyType, Exception?, string> formatter)' due to differences in the nullability of reference types. [D:\source\SkyCMS\Tests\Sky.Tests.csproj]
D:\source\SkyCMS\Tests\Controllers\HomeControllerTests.cs(604,59): warning CS8604: Possible null reference argument for parameter 'user' in 'Task<bool> UserManager<IdentityUser>.IsInRoleAsync(IdentityUser user, string role)'. [D:\source\SkyCMS\Tests\Sky.Tests.csproj]
D:\source\SkyCMS\Tests\Controllers\HomeControllerTests.cs(628,62): warning CS8604: Possible null reference argument for parameter 'user' in 'Task<bool> UserManager<IdentityUser>.IsInRoleAsync(IdentityUser user, string role)'. [D:\source\SkyCMS\Tests\Sky.Tests.csproj]
D:\source\SkyCMS\Tests\Controllers\HomeControllerTests.cs(40,32): warning CS8618: Non-nullable field 'homeController' must contain a non-null value when exiting constructor. Consider adding the 'required' modifier or declaring the field as nullable. [D:\source\SkyCMS\Tests\Sky.Tests.csproj]
D:\source\SkyCMS\Tests\Editor\Services\Email\TenantAwareEmailSenderTests.cs(428,17): warning CS8620: Argument of type 'Func<It.IsAnyType, Exception, string>' cannot be used for parameter 'formatter' of type 'Func<It.IsAnyType, Exception?, string>' in 'void ILogger.Log<IsAnyType>(LogLevel logLevel, EventId eventId, IsAnyType state, Exception? exception, Func<IsAnyType, Exception?, string> formatter)' due to differences in the nullability of reference types. [D:\source\SkyCMS\Tests\Sky.Tests.csproj]
    997 Warning(s)
    0 Error(s)

Time Elapsed 00:01:15.41
